{
  "lastRun": "2026-08-05T02:00:33.214Z",
  "status": "complete",
  "cereghiniD": 1,
  "ghislottiD": 2,
  "zennaroD": 1,
  "rossonis": 1,
  "camillaPlayer": 1,
  "camillaMatch": 1,
  "bralloToday": 12,
  "bralloTodayWithTime": 12,
  "todayRows": [
    {
      "playerId": "carlo-ghislotti",
      "playerName": "Carlo Ghislotti",
      "time": "08:00",
      "opponent": "Saccenti Giovanni",
      "partner": "Ghislotti Carlo",
      "status": "scheduled",
      "source": "manual-user-confirmed-aug5-precise"
    },
    {
      "playerId": "carlo-ghislotti",
      "playerName": "Carlo Ghislotti",
      "time": "11:30",
      "opponent": "Ferioli Pietro / Bosco Filippo",
      "partner": "Castellana Amerigo / Ghislotti Carlo",
      "status": "scheduled",
      "source": "manual-user-confirmed-aug5-additions"
    },
    {
      "playerId": "carlo-ghislotti",
      "playerName": "Carlo Ghislotti",
      "time": "11:30",
      "opponent": "Ferrari Pietro / Puci Francesco",
      "partner": "Castellana Amerigo / Ghislotti Carlo",
      "status": "scheduled",
      "source": "manual-user-confirmed-aug5-additions"
    },
    {
      "playerId": "noemi-paganini",
      "playerName": "Noemi Paganini",
      "time": "11:30",
      "opponent": "Panizzi Greta",
      "partner": "Paganini Noemi",
      "status": "scheduled",
      "source": "manual-user-confirmed-aug5-precise"
    },
    {
      "playerId": "camilla-lingeri",
      "playerName": "Camilla Lingeri",
      "time": "12:30",
      "opponent": "Basso Chiara",
      "partner": "Lingeri Camilla",
      "status": "scheduled",
      "source": "manual-user-confirmed-aug5-additions"
    },
    {
      "playerId": "daniele-gelli",
      "playerName": "Daniele Gelli",
      "time": "12:30",
      "opponent": "Greco Giovanni",
      "partner": "Gelli Daniele",
      "status": "scheduled",
      "source": "manual-user-confirmed-aug5-precise"
    },
    {
      "playerId": "aila-zennaro",
      "playerName": "Aila Zennaro",
      "time": "13:00",
      "opponent": "Tagliaferri Dalila",
      "partner": "Zennaro Aila",
      "status": "scheduled",
      "source": "manual-user-confirmed-aug5-precise"
    },
    {
      "playerId": "virginia-cereghini",
      "playerName": "Virginia Cereghini",
      "time": "13:00",
      "opponent": "Paganelli Sara",
      "partner": "Cereghini Virginia",
      "status": "scheduled",
      "source": "manual-user-confirmed-aug5-precise"
    },
    {
      "playerId": "filippo-vitali",
      "playerName": "Filippo Vitali",
      "time": "16:00",
      "opponent": "Russomando Leonardo",
      "partner": "Vitali Filippo",
      "status": "scheduled",
      "source": "manual-user-confirmed-aug5-precise"
    },
    {
      "playerId": "virginia-rossoni",
      "playerName": "Virginia Rossoni",
      "time": "17:30",
      "opponent": "Naclerio Melissa",
      "partner": "Rossoni Virginia",
      "status": "scheduled",
      "source": "manual-user-confirmed-aug5-additions"
    },
    {
      "playerId": "aila-zennaro",
      "playerName": "Aila Zennaro",
      "time": "19:00",
      "opponent": "Pandolfo Angelica / Lanza Anna Sofia",
      "partner": "Pizzi Domitilla Patrizia / Zennaro Aila",
      "status": "scheduled",
      "source": "manual-user-confirmed-aug5-additions"
    },
    {
      "playerId": "virginia-cereghini",
      "playerName": "Virginia Cereghini",
      "time": "19:00",
      "opponent": "Ferri Ambra Anna / Cagno Viola",
      "partner": "Amigo Benedetta / Cereghini Virginia",
      "status": "scheduled",
      "source": "manual-user-confirmed-aug5-additions"
    }
  ]
}
{
  "generatedAt": "2026-08-05T02:00:33.399Z",
  "today": "2026-08-05",
  "currentPlayers": 19,
  "formerPlayers": 4,
  "duplicateFormerPlayers": 0,
  "currentFormerOverlap": [],
  "mainTabPlayers": 19,
  "formerTabPlayers": 4,
  "tournaments": 198,
  "tournamentsBySource": {
    "fitp-puc": 176,
    "itf": 2,
    "tennis-europe": 20
  },
  "matches": 370,
  "matchesSinceCoverage": 370,
  "todayMatches": 12,
  "todayCurrentMatches": 12,
  "todayFormerMatches": 0,
  "matchesWithTime": 15,
  "matchesWithOpponentClub": 0,
  "losses": 120,
  "bralloMatches": 28,
  "bralloTodayMatches": 12,
  "bralloTimedMatches": 12,
  "te": {
    "lastRun": "2026-08-05T00:11:33.368Z",
    "status": "complete",
    "source": "official Tennis Europe only: player profiles and confirmed official TE tournament URLs",
    "coverageFrom": "2025-12-18",
    "profilesChecked": 21,
    "pagesChecked": 0,
    "entriesFound": 18,
    "errors": []
  },
  "fitp": {
    "lastRun": "2026-08-05T00:19:14.526Z",
    "status": "complete",
    "coverageFrom": "2025-12-18",
    "competitionsChecked": 81,
    "sectionsChecked": 513,
    "sectionsWithMatches": 509,
    "monitoredMatches": 366,
    "createdOrUpdatedMatches": 366,
    "newMatches": 28,
    "updatedResults": 329,
    "opponentClubsApplied": 0,
    "errors": []
  },
  "todayAgenda": {
    "lastRun": "2026-08-05T00:21:37.628Z",
    "date": "2026-08-05",
    "competitionId": "8E872D3D-3E4E-4014-9606-ACADE6000B3F",
    "matchesMovedToToday": 13,
    "status": "complete"
  },
  "duplicateTournamentRows": 0
}
