{
  "lastRun": "2026-08-05T00:49:50.042Z",
  "status": "complete",
  "competitionId": "8E872D3D-3E4E-4014-9606-ACADE6000B3F",
  "date": "2026-08-05",
  "files": [
    "oraridigioco_20260803.pdf",
    "oraridigioco_20260804.pdf",
    "oraridigioco_20260805.pdf",
    "orariodigioco_20260802.pdf"
  ],
  "processed": [
    "oraridigioco_20260805.pdf"
  ],
  "downloaded": 1,
  "parsed": 1,
  "updated": 14,
  "withTime": 14,
  "withCourt": 0,
  "bralloToday": 16,
  "bralloTodayWithTime": 10,
  "hits": [
    {
      "player": "Carlo Ghislotti",
      "time": "08:00",
      "court": null,
      "line": "SCABURRI LEONARDO                                                                                                                                                                                                                     GHISLOTTI "
    },
    {
      "player": "Noemi Paganini",
      "time": "11:30",
      "court": null,
      "line": "4                                                   vs                                                                                                                                                                                          "
    },
    {
      "player": "Noemi Paganini",
      "time": "11:30",
      "court": null,
      "line": "MARCHIONE TOMMASO -              FERRARI PIETRO - PUCI 11:30                     MONCADA GIUDITTA                                                                                                                                               "
    },
    {
      "player": "Noemi Paganini",
      "time": "11:30",
      "court": null,
      "line": "11:30                     MONCADA GIUDITTA                                                                                                                                                                                                      "
    },
    {
      "player": "Daniele Gelli",
      "time": "12:30",
      "court": null,
      "line": "5                                                   vs                                                                                                                                                                                          "
    },
    {
      "player": "Daniele Gelli",
      "time": "12:30",
      "court": null,
      "line": "ROSSINI GIULIETTA - MOLLI 12:30                        LINGERI CAMILLA                                                                                                                                                                          "
    },
    {
      "player": "Daniele Gelli",
      "time": "12:30",
      "court": null,
      "line": "12:30                        LINGERI CAMILLA                                                                                                                                                                                                    "
    },
    {
      "player": "Aila Zennaro",
      "time": "13:00",
      "court": null,
      "line": "OLIARO EMILIO                         CECCHI ALESSANDRO             DOMENGHINI ACHILLE                ZANAGA' NICOLO'                 CABIBEL ADAM                    ZENNARO AILA              PAMPAGNIN THEA                    SCAGLIONE DAVI"
    },
    {
      "player": "Virginia Cereghini",
      "time": "13:00",
      "court": null,
      "line": "OLIARO EMILIO                         CECCHI ALESSANDRO             DOMENGHINI ACHILLE                ZANAGA' NICOLO'                 CABIBEL ADAM                    ZENNARO AILA              PAMPAGNIN THEA                    SCAGLIONE DAVI"
    },
    {
      "player": "Virginia Cereghini",
      "time": "13:00",
      "court": null,
      "line": "6                                                                                                               vs                                       vs                         vs                              vs                          "
    },
    {
      "player": "Virginia Cereghini",
      "time": "13:00",
      "court": null,
      "line": "13:00                                                                                    PILATI TOMMASO                          DEL GIUDICE FILIPPO               CABIBEL LOUIS                   ROCCA MARCO                  ACETO GABRIELE  "
    },
    {
      "player": "Virginia Rossoni",
      "time": "17:30",
      "court": null,
      "line": "9                                                   vs                                                                                                                                                                                          "
    },
    {
      "player": "Virginia Rossoni",
      "time": "17:30",
      "court": null,
      "line": "DALMASSO NICOLO' - ZANNOU                                                                                                                                                                                                                TAGLIAF"
    },
    {
      "player": "Virginia Rossoni",
      "time": "17:30",
      "court": null,
      "line": "17:30                                                                                                                                                                                                                                           "
    }
  ],
  "errors": []
}
{
  "generatedAt": "2026-08-05T00:49:51.338Z",
  "today": "2026-08-05",
  "currentPlayers": 18,
  "formerPlayers": 4,
  "duplicateFormerPlayers": 0,
  "currentFormerOverlap": [],
  "mainTabPlayers": 18,
  "formerTabPlayers": 4,
  "tournaments": 198,
  "tournamentsBySource": {
    "fitp-puc": 176,
    "itf": 2,
    "tennis-europe": 20
  },
  "matches": 369,
  "matchesSinceCoverage": 369,
  "todayMatches": 16,
  "todayCurrentMatches": 14,
  "todayFormerMatches": 2,
  "matchesWithTime": 13,
  "matchesWithOpponentClub": 0,
  "losses": 120,
  "bralloMatches": 27,
  "bralloTodayMatches": 16,
  "bralloTimedMatches": 10,
  "te": {
    "lastRun": "2026-08-05T00:11:33.368Z",
    "status": "complete",
    "source": "official Tennis Europe only: player profiles and confirmed official TE tournament URLs",
    "coverageFrom": "2025-12-18",
    "profilesChecked": 21,
    "pagesChecked": 0,
    "entriesFound": 18,
    "errors": []
  },
  "fitp": {
    "lastRun": "2026-08-05T00:19:14.526Z",
    "status": "complete",
    "coverageFrom": "2025-12-18",
    "competitionsChecked": 81,
    "sectionsChecked": 513,
    "sectionsWithMatches": 509,
    "monitoredMatches": 366,
    "createdOrUpdatedMatches": 366,
    "newMatches": 28,
    "updatedResults": 329,
    "opponentClubsApplied": 0,
    "errors": []
  },
  "todayAgenda": {
    "lastRun": "2026-08-05T00:21:37.628Z",
    "date": "2026-08-05",
    "competitionId": "8E872D3D-3E4E-4014-9606-ACADE6000B3F",
    "matchesMovedToToday": 13,
    "status": "complete"
  },
  "duplicateTournamentRows": 0
}
