{
  "generatedAt": "2026-08-11T00:55:50.680Z",
  "hidden": {},
  "attempts": [
    {
      "path": "/cookiewall/Accept",
      "post": {
        "status": 200,
        "location": "",
        "setCookie": "st=l=2057&exp=46610.1221255208; expires=Wed, 11-Aug-2027 00:55:51 GMT; path=/; secure",
        "text": "Tennis Europe Menu Tennis Europe Back to Tennis Europe Home Tournaments Players Ranking Menu Tennis Europe Search Search Please fill in at least 3 characters Log In Menu Log In 404 - Page not found We can't seem to find the page you are looking for. Try one of the following links: Home Tournaments Players Ranking Partners Account Sign up Log in Contact Contact us Help Centre Social media Home See what's new Cookies"
      },
      "after": {
        "status": 302,
        "location": "/cookiewall/?returnurl=%2Ftournaments",
        "title": "Object moved",
        "text": "Object moved Object moved to here .",
        "setCookie": "",
        "cookieWall": true,
        "hasTournament": true
      }
    },
    {
      "path": "/cookiewall/Accept",
      "post": {
        "status": 200,
        "location": "",
        "setCookie": "st=l=2057&exp=46610.1221291435; expires=Wed, 11-Aug-2027 00:55:51 GMT; path=/; secure",
        "text": "Tennis Europe Menu Tennis Europe Back to Tennis Europe Home Tournaments Players Ranking Menu Tennis Europe Search Search Please fill in at least 3 characters Log In Menu Log In 404 - Page not found We can't seem to find the page you are looking for. Try one of the following links: Home Tournaments Players Ranking Partners Account Sign up Log in Contact Contact us Help Centre Social media Home See what's new Cookies"
      },
      "after": {
        "status": 302,
        "location": "/cookiewall/?returnurl=%2Ftournaments",
        "title": "Object moved",
        "text": "Object moved Object moved to here .",
        "setCookie": "",
        "cookieWall": true,
        "hasTournament": true
      }
    },
    {
      "path": "/cookiewall/Accept",
      "post": {
        "status": 200,
        "location": "",
        "setCookie": "st=l=2057&exp=46610.1221327546; expires=Wed, 11-Aug-2027 00:55:52 GMT; path=/; secure",
        "text": "Tennis Europe Menu Tennis Europe Back to Tennis Europe Home Tournaments Players Ranking Menu Tennis Europe Search Search Please fill in at least 3 characters Log In Menu Log In 404 - Page not found We can't seem to find the page you are looking for. Try one of the following links: Home Tournaments Players Ranking Partners Account Sign up Log in Contact Contact us Help Centre Social media Home See what's new Cookies"
      },
      "after": {
        "status": 302,
        "location": "/cookiewall/?returnurl=%2Ftournaments",
        "title": "Object moved",
        "text": "Object moved Object moved to here .",
        "setCookie": "",
        "cookieWall": true,
        "hasTournament": true
      }
    },
    {
      "path": "/cookiewall/Accept",
      "post": {
        "status": 200,
        "location": "",
        "setCookie": "st=l=2057&exp=46610.1221354745; expires=Wed, 11-Aug-2027 00:55:52 GMT; path=/; secure",
        "text": "Tennis Europe Menu Tennis Europe Back to Tennis Europe Home Tournaments Players Ranking Menu Tennis Europe Search Search Please fill in at least 3 characters Log In Menu Log In 404 - Page not found We can't seem to find the page you are looking for. Try one of the following links: Home Tournaments Players Ranking Partners Account Sign up Log in Contact Contact us Help Centre Social media Home See what's new Cookies"
      },
      "after": {
        "status": 302,
        "location": "/cookiewall/?returnurl=%2Ftournaments",
        "title": "Object moved",
        "text": "Object moved Object moved to here .",
        "setCookie": "",
        "cookieWall": true,
        "hasTournament": true
      }
    },
    {
      "path": "/cookiewall/Save",
      "post": {
        "status": 302,
        "location": "/tournaments",
        "setCookie": "st=l=2057&exp=46610.1221380093&c=1&cp=1; expires=Wed, 11-Aug-2027 00:55:52 GMT; path=/; secure",
        "text": "Object moved Object moved to here ."
      },
      "after": {
        "status": 200,
        "location": "",
        "title": "Tennis Europe",
        "text": "Tennis Europe Menu Tennis Europe Back to Tennis Europe Home Tournaments Players Ranking Menu Tennis Europe Log In Menu Search for tournaments Log In Tournaments Search for tournaments Go or quickly to Previous week This week Next week Entry open Advanced search My tournaments When you sign up for tournaments you can conveniently access them here. Keep up with relevant dates and information. Use the search bar to find a tournament and sign up for one now! You can create a favourite tournament or draw by clicking on the . Partners Account Sign up Log in Contact Contact us Help Centre Social media Home See what's new Cookies",
        "setCookie": "",
        "cookieWall": true,
        "hasTournament": true
      }
    },
    {
      "path": "/cookiewall/Save",
      "post": {
        "status": 302,
        "location": "/tournaments",
        "setCookie": "st=l=2057&exp=46610.1221407176&c=1&cp=1; expires=Wed, 11-Aug-2027 00:55:52 GMT; path=/; secure",
        "text": "Object moved Object moved to here ."
      },
      "after": {
        "status": 200,
        "location": "",
        "title": "Tennis Europe",
        "text": "Tennis Europe Menu Tennis Europe Back to Tennis Europe Home Tournaments Players Ranking Menu Tennis Europe Log In Menu Search for tournaments Log In Tournaments Search for tournaments Go or quickly to Previous week This week Next week Entry open Advanced search My tournaments When you sign up for tournaments you can conveniently access them here. Keep up with relevant dates and information. Use the search bar to find a tournament and sign up for one now! You can create a favourite tournament or draw by clicking on the . Partners Account Sign up Log in Contact Contact us Help Centre Social media Home See what's new Cookies",
        "setCookie": "",
        "cookieWall": true,
        "hasTournament": true
      }
    },
    {
      "path": "/cookiewall/Save",
      "post": {
        "status": 302,
        "location": "/",
        "setCookie": "st=l=2057&exp=46610.1221445139&c=1&cp=1; expires=Wed, 11-Aug-2027 00:55:53 GMT; path=/; secure",
        "text": "Object moved Object moved to here ."
      },
      "after": {
        "status": 200,
        "location": "",
        "title": "Tennis Europe",
        "text": "Tennis Europe Menu Tennis Europe Back to Tennis Europe Home Tournaments Players Ranking Menu Tennis Europe Log In Menu Search for tournaments Log In Tournaments Search for tournaments Go or quickly to Previous week This week Next week Entry open Advanced search My tournaments When you sign up for tournaments you can conveniently access them here. Keep up with relevant dates and information. Use the search bar to find a tournament and sign up for one now! You can create a favourite tournament or draw by clicking on the . Partners Account Sign up Log in Contact Contact us Help Centre Social media Home See what's new Cookies",
        "setCookie": "",
        "cookieWall": true,
        "hasTournament": true
      }
    },
    {
      "path": "/cookiewall/Save",
      "post": {
        "status": 302,
        "location": "/",
        "setCookie": "st=l=2057&exp=46610.1221472222&c=1&cp=1; expires=Wed, 11-Aug-2027 00:55:53 GMT; path=/; secure",
        "text": "Object moved Object moved to here ."
      },
      "after": {
        "status": 200,
        "location": "",
        "title": "Tennis Europe",
        "text": "Tennis Europe Menu Tennis Europe Back to Tennis Europe Home Tournaments Players Ranking Menu Tennis Europe Log In Menu Search for tournaments Log In Tournaments Search for tournaments Go or quickly to Previous week This week Next week Entry open Advanced search My tournaments When you sign up for tournaments you can conveniently access them here. Keep up with relevant dates and information. Use the search bar to find a tournament and sign up for one now! You can create a favourite tournament or draw by clicking on the . Partners Account Sign up Log in Contact Contact us Help Centre Social media Home See what's new Cookies",
        "setCookie": "",
        "cookieWall": true,
        "hasTournament": true
      }
    },
    {
      "path": "/cookiewall",
      "post": {
        "status": 200,
        "location": "",
        "setCookie": "st=l=2057&exp=46610.1221499421; expires=Wed, 11-Aug-2027 00:55:53 GMT; path=/; secure",
        "text": "Tennis Europe We request permission for the use of cookies and similar technologies, and want to inform you about their use on our website. We collect and process personal data for the following purposes: Basic functionality, Basic analytics, Personalized ads, Social media . You can find more information about the processing of personal data in our Privacy Statement . of &#\" data-val-visualtextinputvalidator-regexpattern=\"^(?!(.|\\n)*&lt;[a-zA-Z!\\/?])(?!(.|\\n)*&#)(.|\\n)*$\" id=\"ReturnUrl\" name=\"Re"
      },
      "after": {
        "status": 302,
        "location": "/cookiewall/?returnurl=%2Ftournaments",
        "title": "Object moved",
        "text": "Object moved Object moved to here .",
        "setCookie": "",
        "cookieWall": true,
        "hasTournament": true
      }
    },
    {
      "path": "/cookiewall",
      "post": {
        "status": 200,
        "location": "",
        "setCookie": "st=l=2057&exp=46610.1221519329; expires=Wed, 11-Aug-2027 00:55:53 GMT; path=/; secure",
        "text": "Tennis Europe We request permission for the use of cookies and similar technologies, and want to inform you about their use on our website. We collect and process personal data for the following purposes: Basic functionality, Basic analytics, Personalized ads, Social media . You can find more information about the processing of personal data in our Privacy Statement . of &#\" data-val-visualtextinputvalidator-regexpattern=\"^(?!(.|\\n)*&lt;[a-zA-Z!\\/?])(?!(.|\\n)*&#)(.|\\n)*$\" id=\"ReturnUrl\" name=\"Re"
      },
      "after": {
        "status": 302,
        "location": "/cookiewall/?returnurl=%2Ftournaments",
        "title": "Object moved",
        "text": "Object moved Object moved to here .",
        "setCookie": "",
        "cookieWall": true,
        "hasTournament": true
      }
    },
    {
      "path": "/cookiewall",
      "post": {
        "status": 200,
        "location": "",
        "setCookie": "st=l=2057&exp=46610.1221540972; expires=Wed, 11-Aug-2027 00:55:54 GMT; path=/; secure",
        "text": "Tennis Europe We request permission for the use of cookies and similar technologies, and want to inform you about their use on our website. We collect and process personal data for the following purposes: Basic functionality, Basic analytics, Personalized ads, Social media . You can find more information about the processing of personal data in our Privacy Statement . of &#\" data-val-visualtextinputvalidator-regexpattern=\"^(?!(.|\\n)*&lt;[a-zA-Z!\\/?])(?!(.|\\n)*&#)(.|\\n)*$\" id=\"ReturnUrl\" name=\"Re"
      },
      "after": {
        "status": 302,
        "location": "/cookiewall/?returnurl=%2Ftournaments",
        "title": "Object moved",
        "text": "Object moved Object moved to here .",
        "setCookie": "",
        "cookieWall": true,
        "hasTournament": true
      }
    },
    {
      "path": "/cookiewall",
      "post": {
        "status": 200,
        "location": "",
        "setCookie": "st=l=2057&exp=46610.122156088; expires=Wed, 11-Aug-2027 00:55:54 GMT; path=/; secure",
        "text": "Tennis Europe We request permission for the use of cookies and similar technologies, and want to inform you about their use on our website. We collect and process personal data for the following purposes: Basic functionality, Basic analytics, Personalized ads, Social media . You can find more information about the processing of personal data in our Privacy Statement . of &#\" data-val-visualtextinputvalidator-regexpattern=\"^(?!(.|\\n)*&lt;[a-zA-Z!\\/?])(?!(.|\\n)*&#)(.|\\n)*$\" id=\"ReturnUrl\" name=\"Re"
      },
      "after": {
        "status": 302,
        "location": "/cookiewall/?returnurl=%2Ftournaments",
        "title": "Object moved",
        "text": "Object moved Object moved to here .",
        "setCookie": "",
        "cookieWall": true,
        "hasTournament": true
      }
    },
    {
      "path": "/cookiewall/Index",
      "post": {
        "status": 200,
        "location": "",
        "setCookie": "st=l=2057&exp=46610.1221580787; expires=Wed, 11-Aug-2027 00:55:54 GMT; path=/; secure",
        "text": "Tennis Europe We request permission for the use of cookies and similar technologies, and want to inform you about their use on our website. We collect and process personal data for the following purposes: Basic functionality, Basic analytics, Personalized ads, Social media . You can find more information about the processing of personal data in our Privacy Statement . of &#\" data-val-visualtextinputvalidator-regexpattern=\"^(?!(.|\\n)*&lt;[a-zA-Z!\\/?])(?!(.|\\n)*&#)(.|\\n)*$\" id=\"ReturnUrl\" name=\"Re"
      },
      "after": {
        "status": 302,
        "location": "/cookiewall/?returnurl=%2Ftournaments",
        "title": "Object moved",
        "text": "Object moved Object moved to here .",
        "setCookie": "",
        "cookieWall": true,
        "hasTournament": true
      }
    },
    {
      "path": "/cookiewall/Index",
      "post": {
        "status": 200,
        "location": "",
        "setCookie": "st=l=2057&exp=46610.1221602431; expires=Wed, 11-Aug-2027 00:55:54 GMT; path=/; secure",
        "text": "Tennis Europe We request permission for the use of cookies and similar technologies, and want to inform you about their use on our website. We collect and process personal data for the following purposes: Basic functionality, Basic analytics, Personalized ads, Social media . You can find more information about the processing of personal data in our Privacy Statement . of &#\" data-val-visualtextinputvalidator-regexpattern=\"^(?!(.|\\n)*&lt;[a-zA-Z!\\/?])(?!(.|\\n)*&#)(.|\\n)*$\" id=\"ReturnUrl\" name=\"Re"
      },
      "after": {
        "status": 302,
        "location": "/cookiewall/?returnurl=%2Ftournaments",
        "title": "Object moved",
        "text": "Object moved Object moved to here .",
        "setCookie": "",
        "cookieWall": true,
        "hasTournament": true
      }
    },
    {
      "path": "/cookiewall/Index",
      "post": {
        "status": 200,
        "location": "",
        "setCookie": "st=l=2057&exp=46610.1221622338; expires=Wed, 11-Aug-2027 00:55:54 GMT; path=/; secure",
        "text": "Tennis Europe We request permission for the use of cookies and similar technologies, and want to inform you about their use on our website. We collect and process personal data for the following purposes: Basic functionality, Basic analytics, Personalized ads, Social media . You can find more information about the processing of personal data in our Privacy Statement . of &#\" data-val-visualtextinputvalidator-regexpattern=\"^(?!(.|\\n)*&lt;[a-zA-Z!\\/?])(?!(.|\\n)*&#)(.|\\n)*$\" id=\"ReturnUrl\" name=\"Re"
      },
      "after": {
        "status": 302,
        "location": "/cookiewall/?returnurl=%2Ftournaments",
        "title": "Object moved",
        "text": "Object moved Object moved to here .",
        "setCookie": "",
        "cookieWall": true,
        "hasTournament": true
      }
    },
    {
      "path": "/cookiewall/Index",
      "post": {
        "status": 200,
        "location": "",
        "setCookie": "st=l=2057&exp=46610.1221644097; expires=Wed, 11-Aug-2027 00:55:55 GMT; path=/; secure",
        "text": "Tennis Europe We request permission for the use of cookies and similar technologies, and want to inform you about their use on our website. We collect and process personal data for the following purposes: Basic functionality, Basic analytics, Personalized ads, Social media . You can find more information about the processing of personal data in our Privacy Statement . of &#\" data-val-visualtextinputvalidator-regexpattern=\"^(?!(.|\\n)*&lt;[a-zA-Z!\\/?])(?!(.|\\n)*&#)(.|\\n)*$\" id=\"ReturnUrl\" name=\"Re"
      },
      "after": {
        "status": 302,
        "location": "/cookiewall/?returnurl=%2Ftournaments",
        "title": "Object moved",
        "text": "Object moved Object moved to here .",
        "setCookie": "",
        "cookieWall": true,
        "hasTournament": true
      }
    }
  ]
}
teCookieAcceptExit=0
