startedAt=2026-08-11T21:12:40Z
sourceSha=24ec3e6a45c9eee556c67aec9910f2e3cd0f05a9
runId=31536785981
mode=consume-existing-source_fitp_tournaments
{
  "version": "cw-v3-agenda-first",
  "generatedAt": "2026-08-11T21:12:40.064Z",
  "status": "fitp_individual_entries_complete_from_puc_any_list_card_strict_with_player_driven_candidate_rescue",
  "source": "FITP INDIVIDUAL TOURNAMENTS ONLY: cod_fonte=1. Reliable tournament map first, plus general player-driven P.U.C. candidate rescue for every tracked FITP player using card/name/aliases, then official P.U.C. detail participant confirmation. A tournament is valid only if the player appears in at least one Participants list. Matching uses membership card first; exact full name only when no P.U.C. card is available, preventing homonym/card-mismatch false positives. Team championships/cod_fonte=3 excluded for a future independent engine. TE/ITF excluded; no OOP; no results.",
  "coverageFrom": "2025-12-18",
  "tournamentsInput": 5495,
  "baseTournamentsInput": 5494,
  "allFitpTournamentsInput": 5494,
  "excludedTeamChampionships": 0,
  "playerDrivenCandidateTournaments": 0,
  "detailsChecked": 5495,
  "detailsWithDraws": 5492,
  "detailsWithParticipants": 15055,
  "participantsScanned": 381614,
  "participantsWithCard": 381614,
  "entriesFound": 301,
  "playersWithEntries": 20,
  "homonymRejected": 1,
  "verifiedCompetitionIds": [
    "25C6CC33-AE3A-447E-A55B-FBE66FBAFC80",
    "B3110C9E-C6E4-4DE6-A9A3-BAB9B1341D47"
  ],
  "verifiedCompetitionEntryRescues": 1,
  "playerDrivenCandidateRescues": 0,
  "playerDrivenCandidatesConfirmed": 0,
  "byPlayer": {
    "francesco-renzulli": 18,
    "nikola-kerkenyakov": 11,
    "carlo-ghislotti": 13,
    "matilde-mainetti": 9,
    "aila-zennaro": 11,
    "virginia-cereghini": 7,
    "martina-danesi": 10,
    "filippo-vitali": 18,
    "nicholas-scappa": 8,
    "noemi-paganini": 11,
    "camilla-lingeri": 34,
    "daniele-gelli": 17,
    "francesco-bocchio": 26,
    "gregorio-puccio": 23,
    "virginia-rossoni": 15,
    "matteo-bocchio": 23,
    "giulia-scozzafava": 6,
    "edoardo-grimoldi": 12,
    "anna-gambarini": 16,
    "alessio-nava": 13
  },
  "byMatchMethod": {
    "membership_card": 301
  },
  "byDiscoveryMethod": {
    "fitp_individual_tournament_map_then_official_detail_any_list_card_strict_confirmation": 300,
    "fitp_verified_competition_detail_rescue_card_strict_confirmation": 1
  },
  "errors": []
}
fitpEntriesExit=0
{
  "version": "cw-v3-agenda-first",
  "generatedAt": "2026-08-11T21:24:06.798Z",
  "status": "entries_engine_merged_ex_novo_discoveries_with_validated_te_acceptance_lists",
  "coverageFrom": "2025-12-18",
  "checks": {
    "players": 20,
    "tournamentEntries": 332,
    "tournaments": 332,
    "byCircuit": {
      "fitp": 301,
      "tennis-europe": 30,
      "itf": 1
    },
    "warnings": 0,
    "tennisEuropeVisible": 30,
    "tennisEuropeAcceptanceConfirmed": 1,
    "diagnostics": "yellow"
  },
  "engines": {
    "discoverFitp": {
      "status": "fitp_individual_entries_complete_from_puc_any_list_card_strict_with_player_driven_candidate_rescue"
    },
    "discoverTennisEurope": {
      "status": "tennis_europe_acceptance_list_engine_complete_multievent_acceptance_applied_started_draw_rules_applied",
      "calendarMerge": "enabled_for_dated_official_acceptance_list_entries"
    },
    "discoverItf": {
      "status": "seeded_pending_live_itf_scan"
    },
    "entries": {
      "status": "built",
      "file": "src/v3/entries-engine.mjs",
      "method": "merge FITP + validated dated TE acceptance list/profile entries + ITF; no v1/v2/data.json"
    },
    "ordersOfPlay": {
      "status": "active"
    },
    "results": {
      "status": "active"
    }
  },
  "warnings": []
}
calendarMergeExit=0
finishedAt=2026-08-11T21:24:06Z
