startedAt=2026-08-14T09:36:14Z
sourceSha=fcc2b64051bfe7d1a03c2eec26330c9d77c36e6a
runId=31788660314
province=77
{
  "version": "cw-v3-fitp-province-shard",
  "generatedAt": "2026-08-14T09:36:14.107Z",
  "status": "fitp_province_shard_with_unresolved_saturations",
  "provinceId": "77",
  "source": "One visible GitHub Actions shard per FITP province. Each province shard runs rotating logical windows with 21-day overlap except first historical window; saturated branches auto-split.",
  "coverageFrom": "2025-12-18",
  "coverageUntil": "2028-08-13",
  "branches": 46,
  "queries": 46,
  "tournamentsFound": 13,
  "unresolvedSaturations": 14,
  "regression": {
    "feniceBresciaLomb370": false,
    "rossoniKinderImperia": false,
    "navaKinderMilano3": false
  },
  "errors": []
}
exitCode=2
finishedAt=2026-08-14T09:36:22Z
