startedAt=2026-08-15T13:38:42Z
sourceSha=1df8c6e3277d42a749940177ece1612b45e54883
runId=31887750924
province=1
{
  "version": "cw-v3-fitp-province-shard",
  "generatedAt": "2026-08-15T13:38:42.409Z",
  "status": "fitp_province_shard_complete",
  "provinceId": "1",
  "source": "One visible GitHub Actions shard per FITP province. Each province shard runs rotating logical windows with 21-day overlap except first historical window; saturated branches auto-split.",
  "coverageFrom": "2025-12-18",
  "coverageUntil": "2028-08-14",
  "branches": 8,
  "queries": 8,
  "tournamentsFound": 0,
  "unresolvedSaturations": 0,
  "regression": {
    "feniceBresciaLomb370": false,
    "rossoniKinderImperia": false,
    "navaKinderMilano3": false
  },
  "errors": []
}
exitCode=0
finishedAt=2026-08-15T13:38:43Z
