startedAt=2026-08-15T11:41:37Z
sourceSha=a004ffa1c4efcc1cf781efee4d33eedf9230a7d4
runId=31882606721
province=69
{
  "version": "cw-v3-fitp-province-shard",
  "generatedAt": "2026-08-15T11:41:37.889Z",
  "status": "fitp_province_shard_with_unresolved_saturations",
  "provinceId": "69",
  "source": "One visible GitHub Actions shard per FITP province. Each province shard runs rotating logical windows with 21-day overlap except first historical window; saturated branches auto-split.",
  "coverageFrom": "2025-12-18",
  "coverageUntil": "2028-08-14",
  "branches": 54,
  "queries": 54,
  "tournamentsFound": 22,
  "unresolvedSaturations": 20,
  "regression": {
    "feniceBresciaLomb370": false,
    "rossoniKinderImperia": false,
    "navaKinderMilano3": false
  },
  "errors": []
}
exitCode=2
finishedAt=2026-08-15T11:41:52Z
