{
  "version": "cw-v3-agenda-first",
  "generatedAt": "2026-08-08T20:42:52.711Z",
  "status": "fitp_individual_tournament_discovery_broadened_complete",
  "source": "FITP individual tournaments only: official P.U.C. list, id_disciplina=4332 tennis, cod_fonte=1 Tornei FITP. Broadened multi-axis sweep: dense date windows, region/competition/category/type public filters, no player keywords, no team championships, no draws, no OOP, no results.",
  "coverageFrom": "2025-12-18",
  "coverageUntil": "2028-08-07",
  "queries": 4434,
  "tournamentsFound": 1467,
  "bySource": {
    "TORNEI FITP": 1467
  },
  "byStatus": {
    "finished": 506,
    "active_or_open": 216,
    "upcoming": 745
  },
  "quality": {
    "specs": 3210,
    "failedQueries": 0,
    "emptyQueries": 2058,
    "uniqueAccepted": 1467,
    "excluded": 446,
    "usesPlayerKeywords": false,
    "usesDraws": false,
    "usesOrderOfPlay": false,
    "usesResults": false,
    "individualOnly": true,
    "teamChampionshipsIncluded": false,
    "broadenedSweep": true,
    "byMode": {
      "daily": 3,
      "2d": 273,
      "3d": 374,
      "5d": 444,
      "7d": 433,
      "10d": 250,
      "14d": 107,
      "freetext_LOMB": 175,
      "freetext_LOMB.": 175,
      "freetext_RODEO": 107,
      "freetext_4.1": 65,
      "freetext_SF": 138,
      "freetext_U10": 200,
      "freetext_3.1": 73,
      "freetext_SM": 188,
      "freetext_VEN": 97,
      "freetext_VENETO": 73,
      "freetext_U14": 200,
      "freetext_U18": 200,
      "freetext_U12": 200,
      "freetext_U16": 200,
      "freetext_OPEN": 174,
      "freetext_3.3": 26,
      "freetext_4.5": 6,
      "freetext_3.4": 14,
      "freetext_TOS": 78,
      "freetext_TOS - T.": 78,
      "freetext_TORNEO": 130,
      "freetext_LIM. 3": 11,
      "freetext_LIM. 4": 11,
      "freetext_LIM. 2": 11,
      "freetext_MEMORIAL": 132,
      "freetext_3.5": 14,
      "freetext_CIRCUITO": 78,
      "freetext_GIOVANILE": 47,
      "freetext_CAM": 87,
      "freetext_CAMPIONATI ITALIANI": 19,
      "freetext_QUALIFICAZIONE": 10,
      "freetext_ITALGAS": 17,
      "freetext_3.2": 2,
      "freetext_MAR": 62,
      "31d": 23,
      "21d": 57,
      "freetext_4.4": 8,
      "freetext_MASTER": 41,
      "freetext_TROFEO": 111,
      "62d": 6,
      "freetext_SAR": 31,
      "freetext_EMILIA": 5,
      "freetext_4.3": 10,
      "freetext_2.5": 14,
      "freetext_SIC": 8,
      "freetext_DF": 11,
      "freetext_U.12": 7,
      "freetext_CAL": 25,
      "freetext_CALABRIA": 14,
      "freetext_BASILICATA": 7,
      "freetext_BAS": 13,
      "freetext_NEXT GEN": 21,
      "freetext_ABR": 41,
      "freetext_ABRUZZO": 41,
      "freetext_COPPA": 12,
      "freetext_DM": 22,
      "freetext_TN": 26,
      "freetext_KINDER": 1,
      "freetext_TENNIS TROPHY": 3,
      "freetext_JUNIOR NEXT GEN": 7,
      "freetext_U.10": 4,
      "freetext_UMB": 26,
      "freetext_UMBRIA": 21,
      "freetext_SARDEGNA": 6,
      "freetext_LOMBARDIA": 5,
      "freetext_2.6": 9,
      "freetext_CAMPIONATI REGIONALI": 8,
      "freetext_REGIONALI": 8,
      "freetext_LIGURIA": 1,
      "freetext_LIG": 7,
      "freetext_2.7": 5,
      "freetext_MOL": 5,
      "freetext_EMILIA ROMAGNA": 3,
      "freetext_LAZ": 4,
      "freetext_LAZIO": 3,
      "freetext_MARCHE": 2,
      "freetext_MOLISE": 3,
      "freetext_2.8": 2,
      "freetext_PIE": 10,
      "freetext_PIEMONTE": 1,
      "freetext_SICILIA": 4,
      "freetext_U.14": 2,
      "freetext_TOSCANA": 2,
      "freetext_4.2": 1,
      "freetext_U.16": 1,
      "freetext_4.NC": 1
    }
  },
  "errors": []
}
exitCode=0
