startedAt=2026-08-14T18:30:17Z
sourceSha=96043b48c584bc8e6b7a087666abf2ee518c082b
runId=31828900864
province=40
{
  "version": "cw-v3-fitp-province-shard",
  "generatedAt": "2026-08-14T18:30:17.964Z",
  "status": "fitp_province_shard_with_unresolved_saturations",
  "provinceId": "40",
  "source": "One visible GitHub Actions shard per FITP province. Each province shard runs rotating logical windows with 21-day overlap except first historical window; saturated branches auto-split.",
  "coverageFrom": "2025-12-18",
  "coverageUntil": "2028-08-13",
  "branches": 64,
  "queries": 64,
  "tournamentsFound": 61,
  "unresolvedSaturations": 28,
  "regression": {
    "feniceBresciaLomb370": false,
    "rossoniKinderImperia": false,
    "navaKinderMilano3": false
  },
  "errors": []
}
exitCode=2
finishedAt=2026-08-14T18:30:31Z
