{
  "generatedAt": "2026-08-10T20:31:06.964Z",
  "tournamentsInput": 5483,
  "detailsChecked": 5483,
  "playersInput": 20,
  "hitsFound": 355,
  "playersWithClubSuggestions": 7,
  "byPlayer": {
    "francesco-renzulli": {
      "playerName": "Francesco Leone Renzulli",
      "membershipCard": "2013549772",
      "currentClub": "",
      "clubs": {},
      "examples": [
        {
          "playerId": "francesco-renzulli",
          "playerName": "Francesco Leone Renzulli",
          "membershipCard": "2013549772",
          "club": "",
          "rawClub": "",
          "ranking": "3.3",
          "competitionId": "861100C9-F7BD-4491-9BE2-2D7EC86D61E7",
          "tournamentName": "LOMB. 1512  TENNIS CLUB LECCO - RODEO DI NATALE - Singolare Maschile LIM. 3.5 - 3.1",
          "draw": "Singolare Maschile LIM. 3.5 - 3.1",
          "rawKeys": [
            "Code",
            "MembershipCard",
            "Name",
            "Ranking",
            "SubscriptionDate",
            "Surname"
          ]
        }
      ],
      "suggestedClub": "",
      "clubOptions": []
    },
    "nikola-kerkenyakov": {
      "playerName": "Nikola Nikolaev Kerkenyakov",
      "membershipCard": "7578095942",
      "currentClub": "",
      "clubs": {},
      "examples": [
        {
          "playerId": "nikola-kerkenyakov",
          "playerName": "Nikola Nikolaev Kerkenyakov",
          "membershipCard": "7578095942",
          "club": "",
          "rawClub": "",
          "ranking": "3.2",
          "competitionId": "861100C9-F7BD-4491-9BE2-2D7EC86D61E7",
          "tournamentName": "LOMB. 1512  TENNIS CLUB LECCO - RODEO DI NATALE - Singolare Maschile LIM. 3.5 - 3.1",
          "draw": "Singolare Maschile LIM. 3.5 - 3.1",
          "rawKeys": [
            "Code",
            "MembershipCard",
            "Name",
            "Ranking",
            "SubscriptionDate",
            "Surname"
          ]
        }
      ],
      "suggestedClub": "",
      "clubOptions": []
    },
    "carlo-ghislotti": {
      "playerName": "Carlo Ghislotti",
      "membershipCard": "3720010090",
      "currentClub": "",
      "clubs": {},
      "examples": [
        {
          "playerId": "carlo-ghislotti",
          "playerName": "Carlo Ghislotti",
          "membershipCard": "3720010090",
          "club": "",
          "rawClub": "",
          "ranking": "4.NC",
          "competitionId": "F847E379-B57E-44A7-A628-6F6510CE3F12",
          "tournamentName": "VENETO 476 - TORNEO DI NATALE ATV",
          "draw": "Singolare Maschile Under 10",
          "rawKeys": [
            "Code",
            "MembershipCard",
            "Name",
            "Ranking",
            "SubscriptionDate",
            "Surname"
          ]
        }
      ],
      "suggestedClub": "",
      "clubOptions": []
    },
    "matilde-mainetti": {
      "playerName": "Matilde Mainetti",
      "membershipCard": "9435737938",
      "currentClub": "Tennis Club Lecco",
      "clubs": {},
      "examples": [
        {
          "playerId": "matilde-mainetti",
          "playerName": "Matilde Mainetti",
          "membershipCard": "9435737938",
          "club": "",
          "rawClub": "",
          "ranking": "4.1",
          "competitionId": "0ECB6D03-0B20-4368-8B22-862523F042AD",
          "tournamentName": "LOMB. 1513 B&I TENNIS TEAM - TORNEO RODEO U.12/16 SM/SF - ARCENE",
          "draw": "Singolare Femminile Under 16",
          "rawKeys": [
            "Code",
            "MembershipCard",
            "Name",
            "Ranking",
            "SubscriptionDate",
            "Surname"
          ]
        }
      ],
      "suggestedClub": "Tennis Club Lecco",
      "clubOptions": []
    },
    "aila-zennaro": {
      "playerName": "Aila Zennaro",
      "membershipCard": "2497118991",
      "currentClub": "Tennis Club Lecco",
      "clubs": {},
      "examples": [
        {
          "playerId": "aila-zennaro",
          "playerName": "Aila Zennaro",
          "membershipCard": "2497118991",
          "club": "",
          "rawClub": "",
          "ranking": "3.1",
          "competitionId": "8A01485F-5583-4B23-9175-920DABE056A6",
          "tournamentName": "LOMB. 1454 CIRCOLO TENNIS GIUSSANO -  TORNEO SARANNO FAMOSI MEMORIAL GIUSEPPE BALLABIO - U.10/12/14/16 SM/SF",
          "draw": "Singolare Femminile Under 14",
          "rawKeys": [
            "Code",
            "MembershipCard",
            "Name",
            "Ranking",
            "SubscriptionDate",
            "Surname"
          ]
        }
      ],
      "suggestedClub": "Tennis Club Lecco",
      "clubOptions": []
    },
    "virginia-cereghini": {
      "playerName": "Virginia Cereghini",
      "membershipCard": "3987201066",
      "currentClub": "",
      "clubs": {},
      "examples": [
        {
          "playerId": "virginia-cereghini",
          "playerName": "Virginia Cereghini",
          "membershipCard": "3987201066",
          "club": "",
          "rawClub": "",
          "ranking": "3.2",
          "competitionId": "8A01485F-5583-4B23-9175-920DABE056A6",
          "tournamentName": "LOMB. 1454 CIRCOLO TENNIS GIUSSANO -  TORNEO SARANNO FAMOSI MEMORIAL GIUSEPPE BALLABIO - U.10/12/14/16 SM/SF",
          "draw": "Singolare Femminile Under 14",
          "rawKeys": [
            "Code",
            "MembershipCard",
            "Name",
            "Ranking",
            "SubscriptionDate",
            "Surname"
          ]
        }
      ],
      "suggestedClub": "",
      "clubOptions": []
    },
    "martina-danesi": {
      "playerName": "Martina Danesi",
      "membershipCard": "9879449037",
      "currentClub": "Tennis Club Lecco",
      "clubs": {},
      "examples": [
        {
          "playerId": "martina-danesi",
          "playerName": "Martina Danesi",
          "membershipCard": "9879449037",
          "club": "",
          "rawClub": "",
          "ranking": "2.7",
          "competitionId": "8A01485F-5583-4B23-9175-920DABE056A6",
          "tournamentName": "LOMB. 1454 CIRCOLO TENNIS GIUSSANO -  TORNEO SARANNO FAMOSI MEMORIAL GIUSEPPE BALLABIO - U.10/12/14/16 SM/SF",
          "draw": "Singolare Femminile Under 16",
          "rawKeys": [
            "Code",
            "MembershipCard",
            "Name",
            "Ranking",
            "SubscriptionDate",
            "Surname"
          ]
        }
      ],
      "suggestedClub": "Tennis Club Lecco",
      "clubOptions": []
    },
    "filippo-vitali": {
      "playerName": "Filippo Vitali",
      "membershipCard": "4246777481",
      "currentClub": "Tennis Club Lecco",
      "clubs": {},
      "examples": [
        {
          "playerId": "filippo-vitali",
          "playerName": "Filippo Vitali",
          "membershipCard": "4246777481",
          "club": "",
          "rawClub": "",
          "ranking": "3.5",
          "competitionId": "8A01485F-5583-4B23-9175-920DABE056A6",
          "tournamentName": "LOMB. 1454 CIRCOLO TENNIS GIUSSANO -  TORNEO SARANNO FAMOSI MEMORIAL GIUSEPPE BALLABIO - U.10/12/14/16 SM/SF",
          "draw": "Singolare Maschile Under 12",
          "rawKeys": [
            "Code",
            "MembershipCard",
            "Name",
            "Ranking",
            "SubscriptionDate",
            "Surname"
          ]
        }
      ],
      "suggestedClub": "Tennis Club Lecco",
      "clubOptions": []
    },
    "nicholas-scappa": {
      "playerName": "Nicholas Scappa",
      "membershipCard": "1251334128",
      "currentClub": "",
      "clubs": {},
      "examples": [
        {
          "playerId": "nicholas-scappa",
          "playerName": "Nicholas Scappa",
          "membershipCard": "1251334128",
          "club": "",
          "rawClub": "",
          "ranking": "4.NC",
          "competitionId": "8A01485F-5583-4B23-9175-920DABE056A6",
          "tournamentName": "LOMB. 1454 CIRCOLO TENNIS GIUSSANO -  TORNEO SARANNO FAMOSI MEMORIAL GIUSEPPE BALLABIO - U.10/12/14/16 SM/SF",
          "draw": "Singolare Maschile Under 10",
          "rawKeys": [
            "Code",
            "MembershipCard",
            "Name",
            "Ranking",
            "SubscriptionDate",
            "Surname"
          ]
        }
      ],
      "suggestedClub": "",
      "clubOptions": []
    },
    "noemi-paganini": {
      "playerName": "Noemi Paganini",
      "membershipCard": "9160631796",
      "currentClub": "",
      "clubs": {},
      "examples": [
        {
          "playerId": "noemi-paganini",
          "playerName": "Noemi Paganini",
          "membershipCard": "9160631796",
          "club": "",
          "rawClub": "",
          "ranking": "4.NC",
          "competitionId": "8A01485F-5583-4B23-9175-920DABE056A6",
          "tournamentName": "LOMB. 1454 CIRCOLO TENNIS GIUSSANO -  TORNEO SARANNO FAMOSI MEMORIAL GIUSEPPE BALLABIO - U.10/12/14/16 SM/SF",
          "draw": "Singolare Femminile Under 10",
          "rawKeys": [
            "Code",
            "MembershipCard",
            "Name",
            "Ranking",
            "SubscriptionDate",
            "Surname"
          ]
        }
      ],
      "suggestedClub": "",
      "clubOptions": []
    },
    "camilla-lingeri": {
      "playerName": "Camilla Lingeri",
      "membershipCard": "5579495592",
      "currentClub": "",
      "clubs": {},
      "examples": [
        {
          "playerId": "camilla-lingeri",
          "playerName": "Camilla Lingeri",
          "membershipCard": "5579495592",
          "club": "",
          "rawClub": "",
          "ranking": "4.NC",
          "competitionId": "8A01485F-5583-4B23-9175-920DABE056A6",
          "tournamentName": "LOMB. 1454 CIRCOLO TENNIS GIUSSANO -  TORNEO SARANNO FAMOSI MEMORIAL GIUSEPPE BALLABIO - U.10/12/14/16 SM/SF",
          "draw": "Singolare Femminile Under 10",
          "rawKeys": [
            "Code",
            "MembershipCard",
            "Name",
            "Ranking",
            "SubscriptionDate",
            "Surname"
          ]
        }
      ],
      "suggestedClub": "",
      "clubOptions": []
    },
    "daniele-gelli": {
      "playerName": "Daniele Gelli",
      "membershipCard": "6175391929",
      "currentClub": "Tennis Club Lecco",
      "clubs": {},
      "examples": [
        {
          "playerId": "daniele-gelli",
          "playerName": "Daniele Gelli",
          "membershipCard": "6175391929",
          "club": "",
          "rawClub": "",
          "ranking": "4.NC",
          "competitionId": "FFCFE1AA-8F5C-4848-BC91-BFABB73FC917",
          "tournamentName": "LOMB. 27 L'OASI DI FUORI MILANO - TORNEO GIOVANI FAMOSI DELL'OASI - U.12 LIM. 4.NC - 3.1 /  U.14 LIM. 4.NC - 2.7 / U.16 LIM. 4.NC - 2.6 SM ",
          "draw": "Singolare Maschile Under 12 LIM. 4.NC - 3.1",
          "rawKeys": [
            "Code",
            "MembershipCard",
            "Name",
            "Ranking",
            "SubscriptionDate",
            "Surname"
          ]
        }
      ],
      "suggestedClub": "Tennis Club Lecco",
      "clubOptions": []
    },
    "francesco-bocchio": {
      "playerName": "Francesco Bocchio",
      "membershipCard": "6475599506",
      "currentClub": "",
      "clubs": {},
      "examples": [
        {
          "playerId": "francesco-bocchio",
          "playerName": "Francesco Bocchio",
          "membershipCard": "6475599506",
          "club": "",
          "rawClub": "",
          "ranking": "4.NC",
          "competitionId": "475FCE5B-C371-413E-85F3-F8374300D5F0",
          "tournamentName": "LOMB. 13 CIRCOLO TENNIS CANTU' - RODEO - U.12/14 SM/SF",
          "draw": "Singolare Maschile Under 12",
          "rawKeys": [
            "Code",
            "MembershipCard",
            "Name",
            "Ranking",
            "SubscriptionDate",
            "Surname"
          ]
        }
      ],
      "suggestedClub": "",
      "clubOptions": []
    },
    "gregorio-puccio": {
      "playerName": "Gregorio Puccio",
      "membershipCard": "9884776584",
      "currentClub": "Tennis Club Lecco",
      "clubs": {},
      "examples": [
        {
          "playerId": "gregorio-puccio",
          "playerName": "Gregorio Puccio",
          "membershipCard": "9884776584",
          "club": "",
          "rawClub": "",
          "ranking": "4.1",
          "competitionId": "9C0DF4EA-6EE4-4D9A-AE52-BD3E27EAEF48",
          "tournamentName": "LOMB. 71 BITETENNIS - RODEO -  U.12/16 LIM. 4.NC - 1 SM/SF",
          "draw": "Singolare Maschile Under 12 LIM. 4.NC - 1",
          "rawKeys": [
            "Code",
            "MembershipCard",
            "Name",
            "Ranking",
            "SubscriptionDate",
            "Surname"
          ]
        }
      ],
      "suggestedClub": "Tennis Club Lecco",
      "clubOptions": []
    },
    "virginia-rossoni": {
      "playerName": "Virginia Rossoni",
      "membershipCard": "6701107987",
      "currentClub": "",
      "clubs": {},
      "examples": [
        {
          "playerId": "virginia-rossoni",
          "playerName": "Virginia Rossoni",
          "membershipCard": "6701107987",
          "club": "",
          "rawClub": "",
          "ranking": "4.NC",
          "competitionId": "B7430513-9A90-44E4-BAD1-7ACA1597DC92",
          "tournamentName": "LOMB. 90 TENNIS CLUB LECCO - RODEO - U.10/14 SM/SF",
          "draw": "Singolare Femminile Under 10",
          "rawKeys": [
            "Code",
            "MembershipCard",
            "Name",
            "Ranking",
            "SubscriptionDate",
            "Surname"
          ]
        }
      ],
      "suggestedClub": "",
      "clubOptions": []
    },
    "matteo-bocchio": {
      "playerName": "Matteo Bocchio",
      "membershipCard": "2536336523",
      "currentClub": "",
      "clubs": {},
      "examples": [
        {
          "playerId": "matteo-bocchio",
          "playerName": "Matteo Bocchio",
          "membershipCard": "2536336523",
          "club": "",
          "rawClub": "",
          "ranking": "4.NC",
          "competitionId": "B7430513-9A90-44E4-BAD1-7ACA1597DC92",
          "tournamentName": "LOMB. 90 TENNIS CLUB LECCO - RODEO - U.10/14 SM/SF",
          "draw": "Singolare Maschile Under 10",
          "rawKeys": [
            "Code",
            "MembershipCard",
            "Name",
            "Ranking",
            "SubscriptionDate",
            "Surname"
          ]
        }
      ],
      "suggestedClub": "",
      "clubOptions": []
    },
    "giulia-scozzafava": {
      "playerName": "Giulia Scozzafava",
      "membershipCard": "0415960509",
      "currentClub": "",
      "clubs": {},
      "examples": [
        {
          "playerId": "giulia-scozzafava",
          "playerName": "Giulia Scozzafava",
          "membershipCard": "0415960509",
          "club": "",
          "rawClub": "",
          "ranking": "2.8",
          "competitionId": "B7430513-9A90-44E4-BAD1-7ACA1597DC92",
          "tournamentName": "LOMB. 90 TENNIS CLUB LECCO - RODEO - U.10/14 SM/SF",
          "draw": "Singolare Femminile Under 14",
          "rawKeys": [
            "Code",
            "MembershipCard",
            "Name",
            "Ranking",
            "SubscriptionDate",
            "Surname"
          ]
        }
      ],
      "suggestedClub": "",
      "clubOptions": []
    },
    "anna-gambarini": {
      "playerName": "Anna Gambarini",
      "membershipCard": "3876473411",
      "currentClub": "Tennis Club Lecco",
      "clubs": {},
      "examples": [
        {
          "playerId": "anna-gambarini",
          "playerName": "Anna Gambarini",
          "membershipCard": "3876473411",
          "club": "",
          "rawClub": "",
          "ranking": "4.NC",
          "competitionId": "FB7CDBB2-F118-41C9-B781-549FA0553673",
          "tournamentName": "LOMB. 110 TENNIS ACADEMY BRUSAPORTO FILE  - RODEO TENNIS ACADEMY MANENTI & MALGAROLI - U.12/16 SM/SF ",
          "draw": "Singolare Femminile Under 12",
          "rawKeys": [
            "Code",
            "MembershipCard",
            "Name",
            "Ranking",
            "SubscriptionDate",
            "Surname"
          ]
        }
      ],
      "suggestedClub": "Tennis Club Lecco",
      "clubOptions": []
    },
    "edoardo-grimoldi": {
      "playerName": "Edoardo Grimoldi",
      "membershipCard": "8553826467",
      "currentClub": "",
      "clubs": {},
      "examples": [
        {
          "playerId": "edoardo-grimoldi",
          "playerName": "Edoardo Grimoldi",
          "membershipCard": "8553826467",
          "club": "",
          "rawClub": "",
          "ranking": "4.NC",
          "competitionId": "34EA8F7F-C6A6-481C-AA58-CFFB932206F2",
          "tournamentName": "LOMB. 104 HIGH TENNIS SCHOOL - RODEO - U.12/14/16 SM/SF",
          "draw": "Singolare Maschile Under 12",
          "rawKeys": [
            "Code",
            "MembershipCard",
            "Name",
            "Ranking",
            "SubscriptionDate",
            "Surname"
          ]
        }
      ],
      "suggestedClub": "",
      "clubOptions": []
    },
    "alessio-nava": {
      "playerName": "Alessio Nava",
      "membershipCard": "9076909095",
      "currentClub": "",
      "clubs": {},
      "examples": [
        {
          "playerId": "alessio-nava",
          "playerName": "Alessio Nava",
          "membershipCard": "9076909095",
          "club": "",
          "rawClub": "",
          "ranking": "4.NC",
          "competitionId": "666F1E9F-0B4A-41F5-93CA-8F82819719D0",
          "tournamentName": "LOMB. 174 TENNIS CLUB LECCO - RODEO - U.10/12/16 SM/SF",
          "draw": "Singolare Maschile Under 10",
          "rawKeys": [
            "Code",
            "MembershipCard",
            "Name",
            "Ranking",
            "SubscriptionDate",
            "Surname"
          ]
        }
      ],
      "suggestedClub": "",
      "clubOptions": []
    }
  },
  "errors": []
}
diagnosticExit=0
