startedAt=2026-08-15T09:45:57Z
sourceSha=c23bc307df61fa2ad36c0eceecf7d23c6a798457
runId=31877752174
province=93
{
  "version": "cw-v3-fitp-province-shard",
  "generatedAt": "2026-08-15T09:45:57.710Z",
  "status": "fitp_province_shard_with_unresolved_saturations",
  "provinceId": "93",
  "source": "One visible GitHub Actions shard per FITP province. Each province shard runs rotating logical windows with 21-day overlap except first historical window; saturated branches auto-split.",
  "coverageFrom": "2025-12-18",
  "coverageUntil": "2028-08-14",
  "branches": 44,
  "queries": 44,
  "tournamentsFound": 31,
  "unresolvedSaturations": 13,
  "regression": {
    "feniceBresciaLomb370": false,
    "rossoniKinderImperia": false,
    "navaKinderMilano3": false
  },
  "errors": []
}
exitCode=2
finishedAt=2026-08-15T09:46:03Z
