startedAt=2026-08-13T16:16:38Z
sourceSha=088eab759f61d5ccf0bafafa1b408b89c3c9816c
runId=31719745871
province=90
{
  "version": "cw-v3-fitp-province-shard",
  "generatedAt": "2026-08-13T16:16:38.898Z",
  "status": "fitp_province_shard_complete",
  "provinceId": "90",
  "source": "One visible GitHub Actions shard per FITP province. Each province shard runs rotating logical windows with 21-day overlap except first historical window; saturated branches auto-split.",
  "coverageFrom": "2025-12-18",
  "coverageUntil": "2028-08-12",
  "branches": 8,
  "queries": 8,
  "tournamentsFound": 44,
  "unresolvedSaturations": 0,
  "regression": {
    "feniceBresciaLomb370": false,
    "rossoniKinderImperia": false,
    "navaKinderMilano3": false
  },
  "errors": []
}
exitCode=0
finishedAt=2026-08-13T16:16:41Z
