{
  "generatedAt": "2026-08-08T18:31:06.368Z",
  "status": "fitp_entries_exposure_audit_complete",
  "assumption": "If a tournament is present on public P.U.C., its public entry list is treated as exposed in dettaglio.Tournaments[].Participants; empty/missing Participants is audited as a source exposure anomaly, not silently accepted.",
  "tournamentsInput": 1014,
  "tournamentsAudited": 569,
  "competitionsWithAnyParticipants": 541,
  "competitionsWithNoParticipants": 28,
  "totalDrawLists": 1185,
  "emptyDrawLists": 0,
  "participantsScanned": 20412,
  "playersWithEntries": 8,
  "entriesFound": 14,
  "playersZero": [
    {
      "playerId": "aila-zennaro",
      "playerName": "Aila Zennaro",
      "membershipCard": "2497118991",
      "nameNearMatches": 4
    },
    {
      "playerId": "alessio-nava",
      "playerName": "Alessio Nava",
      "membershipCard": "9076909095",
      "nameNearMatches": 19
    },
    {
      "playerId": "carlo-ghislotti",
      "playerName": "Carlo Ghislotti",
      "membershipCard": "3720010090",
      "nameNearMatches": 1
    },
    {
      "playerId": "daniele-gelli",
      "playerName": "Daniele Gelli",
      "membershipCard": "6175391929",
      "nameNearMatches": 5
    },
    {
      "playerId": "filippo-vitali",
      "playerName": "Filippo Vitali",
      "membershipCard": "4246777481",
      "nameNearMatches": 18
    },
    {
      "playerId": "giulia-scozzafava",
      "playerName": "Giulia Scozzafava",
      "membershipCard": "0415960509",
      "nameNearMatches": 1
    },
    {
      "playerId": "matilde-mainetti",
      "playerName": "Matilde Mainetti",
      "membershipCard": "9435737938",
      "nameNearMatches": 0
    },
    {
      "playerId": "nicholas-scappa",
      "playerName": "Nicholas Scappa",
      "membershipCard": "1251334128",
      "nameNearMatches": 0
    },
    {
      "playerId": "nikola-kerkenyakov",
      "playerName": "Nikola Nikolaev Kerkenyakov",
      "membershipCard": "7578095942",
      "nameNearMatches": 0
    },
    {
      "playerId": "virginia-cereghini",
      "playerName": "Virginia Cereghini",
      "membershipCard": "3987201066",
      "nameNearMatches": 1
    },
    {
      "playerId": "virginia-rossoni",
      "playerName": "Virginia Rossoni",
      "membershipCard": "6701107987",
      "nameNearMatches": 4
    }
  ],
  "errors": [
    {
      "competitionId": "CFA060A7-EA2D-46CE-83E2-208017415A71",
      "status": 204,
      "text": ""
    },
    {
      "competitionId": "E5689E7B-1839-453F-B0F0-191267843562",
      "status": 204,
      "text": ""
    },
    {
      "competitionId": "E23C90CD-306D-432C-B704-25FFF71490B4",
      "status": 204,
      "text": ""
    },
    {
      "competitionId": "832D5FF2-E931-43FD-83FF-2A75451D3BA0",
      "status": 204,
      "text": ""
    },
    {
      "competitionId": "D23E0563-553D-4A98-8A64-2D0E2E3D6469",
      "status": 204,
      "text": ""
    },
    {
      "competitionId": "2C5E2A6F-4230-46CB-82D6-3CAE8FA7409B",
      "status": 204,
      "text": ""
    },
    {
      "competitionId": "08D8F108-3265-477D-B6C1-3CD6CBEA067C",
      "status": 204,
      "text": ""
    },
    {
      "competitionId": "CBAF8E9D-9BDE-4D7B-B630-418C80D0AB6F",
      "status": 204,
      "text": ""
    },
    {
      "competitionId": "0BCCC815-DA97-4C8F-A336-376F12BB66C4",
      "status": 204,
      "text": ""
    },
    {
      "competitionId": "02054110-C27E-4187-84F8-44BC90220424",
      "status": 204,
      "text": ""
    },
    {
      "competitionId": "D6096528-0FE9-49D3-B433-2D0AF489E36A",
      "status": 204,
      "text": ""
    },
    {
      "competitionId": "C4BB5AB3-04D3-4AD9-8DDB-0D22DD21C7D7",
      "status": 204,
      "text": ""
    },
    {
      "competitionId": "85A2B119-2F04-443D-A3C8-0CA5F07F768F",
      "status": 204,
      "text": ""
    },
    {
      "competitionId": "CEBA3809-1F44-4CF8-9000-30193A9047D7",
      "status": 204,
      "text": ""
    },
    {
      "competitionId": "7B5D63F7-BC5A-442F-A72D-28F7DB248029",
      "status": 204,
      "text": ""
    },
    {
      "competitionId": "C7839B30-CF09-4DA6-BC88-16FAE345DC3C",
      "status": 204,
      "text": ""
    },
    {
      "competitionId": "40ABB213-0928-4617-9EBD-47301A88DB96",
      "status": 204,
      "text": ""
    },
    {
      "competitionId": "4D378410-F67B-40C6-A414-3541B057B848",
      "status": 204,
      "text": ""
    },
    {
      "competitionId": "2A25523A-E4A5-453C-9AC1-1DE457AF3543",
      "status": 204,
      "text": ""
    },
    {
      "competitionId": "9EA1BEDE-5722-41AA-9E88-3F7E581D056C",
      "status": 204,
      "text": ""
    },
    {
      "competitionId": "118AE667-FFDD-46D8-964F-24B9045A36CE",
      "status": 204,
      "text": ""
    },
    {
      "competitionId": "8EBEEC17-A4D6-4499-9DE0-3EC3B1834558",
      "status": 204,
      "text": ""
    },
    {
      "competitionId": "747950D0-28C7-459F-BEDD-0596ED3E1EE2",
      "status": 204,
      "text": ""
    },
    {
      "competitionId": "A1AA4A4E-29E0-40C8-A723-2E4AF0774C76",
      "status": 204,
      "text": ""
    },
    {
      "competitionId": "68194108-379B-4B81-8696-1658AA5C17FB",
      "status": 204,
      "text": ""
    },
    {
      "competitionId": "75866641-9964-42F8-841F-446C3C1257B7",
      "status": 204,
      "text": ""
    },
    {
      "competitionId": "948DD367-A4BE-4834-A208-4BE460BDE04C",
      "status": 204,
      "text": ""
    },
    {
      "competitionId": "C6C61DA1-E6F1-4EE8-B2F6-41AD8D298566",
      "status": 204,
      "text": ""
    },
    {
      "competitionId": "753F5C4F-8826-49DB-8D6A-2794C9099C12",
      "status": 204,
      "text": ""
    },
    {
      "competitionId": "B4C44AF1-A3D0-4ABD-A132-3B59ED327667",
      "status": 204,
      "text": ""
    },
    {
      "competitionId": "70A7F470-DF14-4449-829B-02393B77F23D",
      "status": 204,
      "text": ""
    },
    {
      "competitionId": "CA08FEFD-05DA-43D7-A2E3-4F22C8197252",
      "status": 204,
      "text": ""
    },
    {
      "competitionId": "723BEAB1-9979-4E29-95DB-2D6D930B80FD",
      "status": 204,
      "text": ""
    },
    {
      "competitionId": "A13A9882-2D1A-4B93-934D-4F1363C1F7BD",
      "status": 204,
      "text": ""
    },
    {
      "competitionId": "37284726-A12F-4450-8A49-3D63C7C89B78",
      "status": 204,
      "text": ""
    },
    {
      "competitionId": "A90A08D8-EAF6-4889-956C-3C98838D222C",
      "status": 204,
      "text": ""
    },
    {
      "competitionId": "A83BA63B-3F87-4C91-825B-02DC5EFC8E44",
      "status": 204,
      "text": ""
    },
    {
      "competitionId": "54C7CEDC-296E-4015-B41C-076AE164DBB0",
      "status": 204,
      "text": ""
    },
    {
      "competitionId": "75C75799-EA51-4884-8998-33F5BEAF27FF",
      "status": 204,
      "text": ""
    },
    {
      "competitionId": "98084955-AC53-4B30-84FE-4D99C800D067",
      "status": 204,
      "text": ""
    },
    {
      "competitionId": "F2DC4602-EEDF-4A41-B3D5-43BEB7743E0F",
      "status": 204,
      "text": ""
    },
    {
      "competitionId": "8EA47E96-86BA-4ADC-B3DC-206AA7529826",
      "status": 204,
      "text": ""
    },
    {
      "competitionId": "37E83616-46BC-4DC0-9CF5-0A7E68224E73",
      "status": 204,
      "text": ""
    },
    {
      "competitionId": "0E5B69BC-947A-4089-A462-17080E4895F7",
      "status": 204,
      "text": ""
    },
    {
      "competitionId": "9F66C4DE-7563-453A-892C-1CEC5AAC0B86",
      "status": 204,
      "text": ""
    },
    {
      "competitionId": "9D935E3C-1C13-4E45-9212-3CB657D35F02",
      "status": 204,
      "text": ""
    },
    {
      "competitionId": "B0307CF1-21B3-4CD0-B937-330C2AC842DC",
      "status": 204,
      "text": ""
    },
    {
      "competitionId": "950FE289-59FC-40C4-BA44-08A5317BF9D0",
      "status": 204,
      "text": ""
    },
    {
      "competitionId": "E37D23B7-290A-491F-8A59-12E1896A80B4",
      "status": 204,
      "text": ""
    },
    {
      "competitionId": "439908C8-E04B-4DAE-A106-1CE5A15704DE",
      "status": 204,
      "text": ""
    },
    {
      "competitionId": "875C5C10-4D68-4A3F-821B-00A455811D03",
      "status": 204,
      "text": ""
    },
    {
      "competitionId": "EBDCD482-8DA2-4B70-8FCC-3F7650A94FD5",
      "status": 204,
      "text": ""
    },
    {
      "competitionId": "E63DD697-22DA-4283-95DF-14C8799D93DA",
      "status": 204,
      "text": ""
    },
    {
      "competitionId": "7663871A-F6D3-47D2-BEF4-32A61737EFEF",
      "status": 204,
      "text": ""
    },
    {
      "competitionId": "CA9E1DCE-F537-4BBB-92B6-2277941062E5",
      "status": 204,
      "text": ""
    },
    {
      "competitionId": "E46B2A53-E79D-4F52-8A57-59E194590845",
      "status": 204,
      "text": ""
    },
    {
      "competitionId": "0BCD28B7-9A6A-4686-882B-277FC9F58652",
      "status": 204,
      "text": ""
    },
    {
      "competitionId": "0022EFC7-5682-4192-B091-025725462735",
      "status": 204,
      "text": ""
    },
    {
      "competitionId": "B3B63FBA-44AA-495B-8806-066501C1590C",
      "status": 204,
      "text": ""
    },
    {
      "competitionId": "313CEFFD-B462-4581-8266-3CC92BDDF7EB",
      "status": 204,
      "text": ""
    },
    {
      "competitionId": "ECA5A86C-E09A-44EA-BD76-492BF29D7BED",
      "status": 204,
      "text": ""
    },
    {
      "competitionId": "370C4C44-179E-4838-A417-0BC5C6152521",
      "status": 204,
      "text": ""
    },
    {
      "competitionId": "D9BF7512-14EF-4C53-BA0E-35B471193C6F",
      "status": 204,
      "text": ""
    },
    {
      "competitionId": "F168FEDD-7571-4448-9224-34738CA4B378",
      "status": 204,
      "text": ""
    },
    {
      "competitionId": "10C61FC3-D4AC-4B8B-8434-5AB06DF1F809",
      "status": 204,
      "text": ""
    },
    {
      "competitionId": "EC78AC8B-5D4D-468B-9EE6-5BE7D808746B",
      "status": 204,
      "text": ""
    },
    {
      "competitionId": "B644EF69-5759-4F17-BD76-481A3E3F3028",
      "status": 204,
      "text": ""
    },
    {
      "competitionId": "D48F8FA7-05D6-40A0-B863-478741A9FD56",
      "status": 204,
      "text": ""
    },
    {
      "competitionId": "18BBBA98-1117-4DD4-878A-30AFB9B1164D",
      "status": 204,
      "text": ""
    },
    {
      "competitionId": "27AE55DC-6596-4A8F-AC33-367D864443BA",
      "status": 204,
      "text": ""
    },
    {
      "competitionId": "1B6B9932-C60F-461D-9D6E-48470DC7DD7A",
      "status": 204,
      "text": ""
    },
    {
      "competitionId": "A99D2E2A-623F-4CB8-8ADD-279F93FA58A6",
      "status": 204,
      "text": ""
    },
    {
      "competitionId": "6A32F37C-70DC-42E8-AC04-4E3564D17022",
      "status": 204,
      "text": ""
    },
    {
      "competitionId": "4BF49461-655D-4D2D-88AA-2EEA19AF562C",
      "status": 204,
      "text": ""
    },
    {
      "competitionId": "268F5873-388C-4BF3-8FEE-0F1CD45BCEEB",
      "status": 204,
      "text": ""
    },
    {
      "competitionId": "1A993923-5D83-4642-81A7-4F70FE837406",
      "status": 204,
      "text": ""
    },
    {
      "competitionId": "A6C0BC07-37EC-49A9-A5F7-3E0A3EF16229",
      "status": 204,
      "text": ""
    },
    {
      "competitionId": "02A63A89-C4F5-4360-B71A-1CFC8CA8AF68",
      "status": 204,
      "text": ""
    },
    {
      "competitionId": "DB93DD90-C314-46FF-9EB7-13ECC751566E",
      "status": 204,
      "text": ""
    },
    {
      "competitionId": "E17CE4C7-7E3C-41EA-938A-4424D0AE724B",
      "status": 204,
      "text": ""
    },
    {
      "competitionId": "4E1DF394-3B5B-4A03-9E70-03C27AFEE319",
      "status": 204,
      "text": ""
    },
    {
      "competitionId": "616C5ACC-CB80-44F6-A67B-595DB0ACA3BD",
      "status": 204,
      "text": ""
    },
    {
      "competitionId": "448E2A36-DEA3-44D4-BED2-4CAB209D0F23",
      "status": 204,
      "text": ""
    },
    {
      "competitionId": "A6DFB806-17FE-45ED-B2EF-3910560EED56",
      "status": 204,
      "text": ""
    },
    {
      "competitionId": "93141A40-5D4E-45E7-92D1-364A91E8039A",
      "status": 204,
      "text": ""
    },
    {
      "competitionId": "F99D44EC-5498-4D89-A328-3CFD3F039C28",
      "status": 204,
      "text": ""
    },
    {
      "competitionId": "B7DD4640-10D4-420A-A1B2-22D14B59941E",
      "status": 204,
      "text": ""
    },
    {
      "competitionId": "12B9FC3F-0207-44A3-9541-598EF6C73AB0",
      "status": 204,
      "text": ""
    },
    {
      "competitionId": "8F839982-5D64-45AF-93FB-0B708028552E",
      "status": 204,
      "text": ""
    },
    {
      "competitionId": "32C3EAEB-9DC3-4903-95BE-323FD8C29A96",
      "status": 204,
      "text": ""
    },
    {
      "competitionId": "789F64C1-951F-4B78-85A7-05D15944135D",
      "status": 204,
      "text": ""
    },
    {
      "competitionId": "23172D14-F08B-4B99-A4E1-33C92164E2AD",
      "status": 204,
      "text": ""
    },
    {
      "competitionId": "D1F048B8-24D6-4A89-935A-464D8EA9C4DF",
      "status": 204,
      "text": ""
    },
    {
      "competitionId": "E128FA10-D73B-47BD-8972-2B7126FA63D7",
      "status": 204,
      "text": ""
    },
    {
      "competitionId": "F5A393D1-40E0-4159-9624-5ADFDCDE05E3",
      "status": 204,
      "text": ""
    },
    {
      "competitionId": "EAF3BB11-3F88-4E61-A487-57A029FB911E",
      "status": 204,
      "text": ""
    },
    {
      "competitionId": "F5337131-0701-4105-9D45-09918914B541",
      "status": 204,
      "text": ""
    },
    {
      "competitionId": "DAADDE74-15A6-4875-B117-26F744FF1125",
      "status": 204,
      "text": ""
    },
    {
      "competitionId": "6A0EBE59-A217-4F29-88EC-651EEC4DDFCC",
      "status": 204,
      "text": ""
    },
    {
      "competitionId": "6C4BCA63-1C74-4644-B149-13C8838BAEC3",
      "status": 204,
      "text": ""
    }
  ]
}
