{
  "version": "cw-v3-agenda-first",
  "generatedAt": "2026-08-07T20:09:08.604Z",
  "status": "orders_of_play_engine_built_from_v3_entries_and_official_agenda_sources",
  "checks": {
    "entries": 181,
    "matches": 332,
    "agenda": 40,
    "byCircuit": {
      "fitp": 40
    },
    "rejectedWithoutEntry": 82,
    "timedAgenda": 1
  },
  "engines": {
    "entries": {
      "status": "built"
    },
    "ordersOfPlay": {
      "status": "built",
      "file": "src/v3/orders-of-play-engine.mjs",
      "method": "v3 entries -> official/confirmed OOP agenda; no v1/v2 UI dependency"
    },
    "results": {
      "status": "pending"
    }
  },
  "rejected": [
    {
      "playerId": "pietro-sala",
      "playerName": "Pietro Sala",
      "tournamentName": "Luxury Padel - OPEN 5000",
      "reason": "match without v3 tournament entry"
    },
    {
      "playerId": "pietro-sala",
      "playerName": "Pietro Sala",
      "tournamentName": "Luxury Padel - OPEN 5000",
      "reason": "match without v3 tournament entry"
    },
    {
      "playerId": "pietro-sala",
      "playerName": "Pietro Sala",
      "tournamentName": "Luxury Padel - OPEN 5000",
      "reason": "match without v3 tournament entry"
    },
    {
      "playerId": "manuel-natale",
      "playerName": "Manuel Natale",
      "tournamentName": "LOMB. 1444  TENNIS CESANO MADERNO - RODEO DI NATALE ATC - Singolare Maschile Under 14",
      "reason": "match without v3 tournament entry"
    },
    {
      "playerId": "manuel-natale",
      "playerName": "Manuel Natale",
      "tournamentName": "LOMB. 1444  TENNIS CESANO MADERNO - RODEO DI NATALE ATC - Singolare Maschile Under 14",
      "reason": "match without v3 tournament entry"
    },
    {
      "playerId": "niccolo-zanaga",
      "playerName": "Niccolò Zanaga",
      "tournamentName": "LOMB. 1444  TENNIS CESANO MADERNO - RODEO DI NATALE ATC - Singolare Maschile Under 14",
      "reason": "match without v3 tournament entry"
    },
    {
      "playerId": "niccolo-zanaga",
      "playerName": "Niccolò Zanaga",
      "tournamentName": "LOMB. 1444  TENNIS CESANO MADERNO - RODEO DI NATALE ATC - Singolare Maschile Under 14",
      "reason": "match without v3 tournament entry"
    },
    {
      "playerId": "martina-busa",
      "playerName": "Martina Busa",
      "tournamentName": "LOMB. 90 TENNIS CLUB LECCO - RODEO - U.10/14 SM/SF",
      "reason": "match without v3 tournament entry"
    },
    {
      "playerId": "martina-busa",
      "playerName": "Martina Busa",
      "tournamentName": "LOMB. 90 TENNIS CLUB LECCO - RODEO - U.10/14 SM/SF",
      "reason": "match without v3 tournament entry"
    },
    {
      "playerId": "martina-busa",
      "playerName": "Martina Busa",
      "tournamentName": "LOMB. 90 TENNIS CLUB LECCO - RODEO - U.10/14 SM/SF",
      "reason": "match without v3 tournament entry"
    },
    {
      "playerId": "martina-busa",
      "playerName": "Martina Busa",
      "tournamentName": "LOMB. 90 TENNIS CLUB LECCO - RODEO - U.10/14 SM/SF",
      "reason": "match without v3 tournament entry"
    },
    {
      "playerId": "manuel-natale",
      "playerName": "Manuel Natale",
      "tournamentName": "LOMB. 90 TENNIS CLUB LECCO - RODEO - U.10/14 SM/SF",
      "reason": "match without v3 tournament entry"
    },
    {
      "playerId": "niccolo-zanaga",
      "playerName": "Niccolò Zanaga",
      "tournamentName": "LOMB. 90 TENNIS CLUB LECCO - RODEO - U.10/14 SM/SF",
      "reason": "match without v3 tournament entry"
    },
    {
      "playerId": "manuel-natale",
      "playerName": "Manuel Natale",
      "tournamentName": "LOMB. 90 TENNIS CLUB LECCO - RODEO - U.10/14 SM/SF",
      "reason": "match without v3 tournament entry"
    },
    {
      "playerId": "niccolo-zanaga",
      "playerName": "Niccolò Zanaga",
      "tournamentName": "LOMB. 90 TENNIS CLUB LECCO - RODEO - U.10/14 SM/SF",
      "reason": "match without v3 tournament entry"
    },
    {
      "playerId": "niccolo-zanaga",
      "playerName": "Niccolò Zanaga",
      "tournamentName": "LOMB. 90 TENNIS CLUB LECCO - RODEO - U.10/14 SM/SF",
      "reason": "match without v3 tournament entry"
    },
    {
      "playerId": "manuel-natale",
      "playerName": "Manuel Natale",
      "tournamentName": "LOMB. 97 TENNIS E SPORTS OPEN - RODEO - U.12/14 SM",
      "reason": "match without v3 tournament entry"
    },
    {
      "playerId": "manuel-natale",
      "playerName": "Manuel Natale",
      "tournamentName": "LOMB. 97 TENNIS E SPORTS OPEN - RODEO - U.12/14 SM",
      "reason": "match without v3 tournament entry"
    },
    {
      "playerId": "manuel-natale",
      "playerName": "Manuel Natale",
      "tournamentName": "LOMB. 97 TENNIS E SPORTS OPEN - RODEO - U.12/14 SM",
      "reason": "match without v3 tournament entry"
    },
    {
      "playerId": "manuel-natale",
      "playerName": "Manuel Natale",
      "tournamentName": "LOMB. 111 TENNIS A-RETE - RODEO - U.12/14 SM/SF",
      "reason": "match without v3 tournament entry"
    },
    {
      "playerId": "niccolo-zanaga",
      "playerName": "Niccolò Zanaga",
      "tournamentName": "LOMB. 111 TENNIS A-RETE - RODEO - U.12/14 SM/SF",
      "reason": "match without v3 tournament entry"
    },
    {
      "playerId": "manuel-natale",
      "playerName": "Manuel Natale",
      "tournamentName": "LOMB. 111 TENNIS A-RETE - RODEO - U.12/14 SM/SF",
      "reason": "match without v3 tournament entry"
    },
    {
      "playerId": "niccolo-zanaga",
      "playerName": "Niccolò Zanaga",
      "tournamentName": "LOMB. 111 TENNIS A-RETE - RODEO - U.12/14 SM/SF",
      "reason": "match without v3 tournament entry"
    },
    {
      "playerId": "martina-busa",
      "playerName": "Martina Busa",
      "tournamentName": "LOMB. 174 TENNIS CLUB LECCO - RODEO - U.10/12/16 SM/SF",
      "reason": "match without v3 tournament entry"
    },
    {
      "playerId": "martina-busa",
      "playerName": "Martina Busa",
      "tournamentName": "LOMB. 174 TENNIS CLUB LECCO - RODEO - U.10/12/16 SM/SF",
      "reason": "match without v3 tournament entry"
    },
    {
      "playerId": "martina-busa",
      "playerName": "Martina Busa",
      "tournamentName": "LOMB. 174 TENNIS CLUB LECCO - RODEO - U.10/12/16 SM/SF",
      "reason": "match without v3 tournament entry"
    },
    {
      "playerId": "manuel-natale",
      "playerName": "Manuel Natale",
      "tournamentName": "RODEO UNDER 12/14 FEMMINILE E MASCHILE",
      "reason": "match without v3 tournament entry"
    },
    {
      "playerId": "manuel-natale",
      "playerName": "Manuel Natale",
      "tournamentName": "RODEO UNDER 12/14 FEMMINILE E MASCHILE",
      "reason": "match without v3 tournament entry"
    },
    {
      "playerId": "matteo-bocchio",
      "playerName": "Matteo Bocchio",
      "tournamentName": "LOMB. 327  SPORTING BORGO BAGNOLO - RODEO - U.10 SM / U.14 LIM. 4.NC - 4.1 SF / U.16 LIM. 4.NC - 4.1 SM ",
      "reason": "match without v3 tournament entry"
    },
    {
      "playerId": "matteo-bocchio",
      "playerName": "Matteo Bocchio",
      "tournamentName": "LOMB. 327  SPORTING BORGO BAGNOLO - RODEO - U.10 SM / U.14 LIM. 4.NC - 4.1 SF / U.16 LIM. 4.NC - 4.1 SM ",
      "reason": "match without v3 tournament entry"
    },
    {
      "playerId": "matteo-bocchio",
      "playerName": "Matteo Bocchio",
      "tournamentName": "LOMB. 327  SPORTING BORGO BAGNOLO - RODEO - U.10 SM / U.14 LIM. 4.NC - 4.1 SF / U.16 LIM. 4.NC - 4.1 SM ",
      "reason": "match without v3 tournament entry"
    },
    {
      "playerId": "matteo-bocchio",
      "playerName": "Matteo Bocchio",
      "tournamentName": "LOMB. 327  SPORTING BORGO BAGNOLO - RODEO - U.10 SM / U.14 LIM. 4.NC - 4.1 SF / U.16 LIM. 4.NC - 4.1 SM ",
      "reason": "match without v3 tournament entry"
    },
    {
      "playerId": "matteo-bocchio",
      "playerName": "Matteo Bocchio",
      "tournamentName": "LOMB. 327  SPORTING BORGO BAGNOLO - RODEO - U.10 SM / U.14 LIM. 4.NC - 4.1 SF / U.16 LIM. 4.NC - 4.1 SM ",
      "reason": "match without v3 tournament entry"
    },
    {
      "playerId": "pietro-sala",
      "playerName": "Pietro Sala",
      "tournamentName": "LOMB. 334  ALL FOR TENNIS & PADEL - TORNEO DI PASQUA - LIM. 4.NC - 2.8 SM",
      "reason": "match without v3 tournament entry"
    },
    {
      "playerId": "pietro-sala",
      "playerName": "Pietro Sala",
      "tournamentName": "LOMB. 334  ALL FOR TENNIS & PADEL - TORNEO DI PASQUA - LIM. 4.NC - 2.8 SM",
      "reason": "match without v3 tournament entry"
    },
    {
      "playerId": "pietro-sala",
      "playerName": "Pietro Sala",
      "tournamentName": "LOMB. 334  ALL FOR TENNIS & PADEL - TORNEO DI PASQUA - LIM. 4.NC - 2.8 SM",
      "reason": "match without v3 tournament entry"
    },
    {
      "playerId": "niccolo-zanaga",
      "playerName": "Niccolò Zanaga",
      "tournamentName": "LOMB. 351 JUNIOR TENNIS TRAINING - LARIO TENNIS TOUR 2026 - SECONDA TAPPA",
      "reason": "match without v3 tournament entry"
    },
    {
      "playerId": "manuel-natale",
      "playerName": "Manuel Natale",
      "tournamentName": "LOMB. 351 JUNIOR TENNIS TRAINING - LARIO TENNIS TOUR 2026 - SECONDA TAPPA",
      "reason": "match without v3 tournament entry"
    },
    {
      "playerId": "manuel-natale",
      "playerName": "Manuel Natale",
      "tournamentName": "LOMB. 351 JUNIOR TENNIS TRAINING - LARIO TENNIS TOUR 2026 - SECONDA TAPPA",
      "reason": "match without v3 tournament entry"
    },
    {
      "playerId": "manuel-natale",
      "playerName": "Manuel Natale",
      "tournamentName": "LOMB. 351 JUNIOR TENNIS TRAINING - LARIO TENNIS TOUR 2026 - SECONDA TAPPA",
      "reason": "match without v3 tournament entry"
    },
    {
      "playerId": "manuel-natale",
      "playerName": "Manuel Natale",
      "tournamentName": "LOMB. 351 JUNIOR TENNIS TRAINING - LARIO TENNIS TOUR 2026 - SECONDA TAPPA",
      "reason": "match without v3 tournament entry"
    },
    {
      "playerId": "niccolo-zanaga",
      "playerName": "Niccolò Zanaga",
      "tournamentName": "LOMB. 449 CLUB TENNIS CERIANO SARONNO - RODEO DALMA - U.12/14/16 LIM. 4.NC - 3.1 SM/SF",
      "reason": "match without v3 tournament entry"
    },
    {
      "playerId": "manuel-natale",
      "playerName": "Manuel Natale",
      "tournamentName": "LOMB. 449 CLUB TENNIS CERIANO SARONNO - RODEO DALMA - U.12/14/16 LIM. 4.NC - 3.1 SM/SF",
      "reason": "match without v3 tournament entry"
    },
    {
      "playerId": "niccolo-zanaga",
      "playerName": "Niccolò Zanaga",
      "tournamentName": "LOMB. 449 CLUB TENNIS CERIANO SARONNO - RODEO DALMA - U.12/14/16 LIM. 4.NC - 3.1 SM/SF",
      "reason": "match without v3 tournament entry"
    },
    {
      "playerId": "manuel-natale",
      "playerName": "Manuel Natale",
      "tournamentName": "LOMB. 449 CLUB TENNIS CERIANO SARONNO - RODEO DALMA - U.12/14/16 LIM. 4.NC - 3.1 SM/SF",
      "reason": "match without v3 tournament entry"
    },
    {
      "playerId": "niccolo-zanaga",
      "playerName": "Niccolò Zanaga",
      "tournamentName": "LOMB. 449 CLUB TENNIS CERIANO SARONNO - RODEO DALMA - U.12/14/16 LIM. 4.NC - 3.1 SM/SF",
      "reason": "match without v3 tournament entry"
    },
    {
      "playerId": "manuel-natale",
      "playerName": "Manuel Natale",
      "tournamentName": "LOMB. 449 CLUB TENNIS CERIANO SARONNO - RODEO DALMA - U.12/14/16 LIM. 4.NC - 3.1 SM/SF",
      "reason": "match without v3 tournament entry"
    },
    {
      "playerId": "niccolo-zanaga",
      "playerName": "Niccolò Zanaga",
      "tournamentName": "LOMB. 451 CLUB TENNIS CERIANO SARONNO - RODEO DALMA - U.10/12/14/16 SM/SF LIM. 4.NC - 3.1",
      "reason": "match without v3 tournament entry"
    },
    {
      "playerId": "niccolo-zanaga",
      "playerName": "Niccolò Zanaga",
      "tournamentName": "LOMB. 451 CLUB TENNIS CERIANO SARONNO - RODEO DALMA - U.10/12/14/16 SM/SF LIM. 4.NC - 3.1",
      "reason": "match without v3 tournament entry"
    },
    {
      "playerId": "niccolo-zanaga",
      "playerName": "Niccolò Zanaga",
      "tournamentName": "LOMB. 451 CLUB TENNIS CERIANO SARONNO - RODEO DALMA - U.10/12/14/16 SM/SF LIM. 4.NC - 3.1",
      "reason": "match without v3 tournament entry"
    },
    {
      "playerId": "manuel-natale",
      "playerName": "Manuel Natale",
      "tournamentName": "PROVE DI QUALIFICAZIONE AI CAMPIONATI INDIVIDUALI 2026 - UNDER 14 MASCHILE - SOLO ANNO 2012",
      "reason": "match without v3 tournament entry"
    },
    {
      "playerId": "niccolo-zanaga",
      "playerName": "Niccolò Zanaga",
      "tournamentName": "PROVE DI QUALIFICAZIONE AI CAMPIONATI INDIVIDUALI 2026 - UNDER 14 MASCHILE - SOLO ANNO 2012",
      "reason": "match without v3 tournament entry"
    },
    {
      "playerId": "manuel-natale",
      "playerName": "Manuel Natale",
      "tournamentName": "PROVE DI QUALIFICAZIONE AI CAMPIONATI INDIVIDUALI 2026 - UNDER 14 MASCHILE - SOLO ANNO 2012",
      "reason": "match without v3 tournament entry"
    },
    {
      "playerId": "niccolo-zanaga",
      "playerName": "Niccolò Zanaga",
      "tournamentName": "PROVE DI QUALIFICAZIONE AI CAMPIONATI INDIVIDUALI 2026 - UNDER 14 MASCHILE - SOLO ANNO 2012",
      "reason": "match without v3 tournament entry"
    },
    {
      "playerId": "manuel-natale",
      "playerName": "Manuel Natale",
      "tournamentName": "PROVE DI QUALIFICAZIONE AI CAMPIONATI INDIVIDUALI 2026 - UNDER 14 MASCHILE - SOLO ANNO 2012",
      "reason": "match without v3 tournament entry"
    },
    {
      "playerId": "niccolo-zanaga",
      "playerName": "Niccolò Zanaga",
      "tournamentName": "PROVE DI QUALIFICAZIONE AI CAMPIONATI INDIVIDUALI 2026 - UNDER 14 MASCHILE - SOLO ANNO 2012",
      "reason": "match without v3 tournament entry"
    },
    {
      "playerId": "martina-busa",
      "playerName": "Martina Busa",
      "tournamentName": "TENNIS TROPHY FITP KINDER JOY OF MOVING 2026 - BIELLA",
      "reason": "match without v3 tournament entry"
    },
    {
      "playerId": "manuel-natale",
      "playerName": "Manuel Natale",
      "tournamentName": "LOMB. 470 TENNIS CLUB ROVELLASCA - LARIO TENNIS TOUR 2026  - TERZA TAPPA ",
      "reason": "match without v3 tournament entry"
    },
    {
      "playerId": "manuel-natale",
      "playerName": "Manuel Natale",
      "tournamentName": "LOMB. 598 CIRCOLO TENNIS CANTU' - LARIO TENNIS TOUR 2026 - QUARTA TAPPA",
      "reason": "match without v3 tournament entry"
    },
    {
      "playerId": "virginia-cereghini",
      "playerName": "Virginia Cereghini",
      "tournamentName": "TE U14 PESCARA",
      "reason": "match without v3 tournament entry"
    },
    {
      "playerId": "nikola-kerkenyakov",
      "playerName": "Nikola Nikolaev Kerkenyakov",
      "tournamentName": "TE U14 PESCARA",
      "reason": "match without v3 tournament entry"
    },
    {
      "playerId": "nikola-kerkenyakov",
      "playerName": "Nikola Nikolaev Kerkenyakov",
      "tournamentName": "TE U14 PESCARA",
      "reason": "match without v3 tournament entry"
    },
    {
      "playerId": "nikola-kerkenyakov",
      "playerName": "Nikola Nikolaev Kerkenyakov",
      "tournamentName": "TE U14 PESCARA",
      "reason": "match without v3 tournament entry"
    },
    {
      "playerId": "aila-zennaro",
      "playerName": "Aila Zennaro",
      "tournamentName": "TE U16 CREMA",
      "reason": "match without v3 tournament entry"
    },
    {
      "playerId": "aila-zennaro",
      "playerName": "Aila Zennaro",
      "tournamentName": "TE U16 CREMA",
      "reason": "match without v3 tournament entry"
    },
    {
      "playerId": "aila-zennaro",
      "playerName": "Aila Zennaro",
      "tournamentName": "TE U16 CREMA",
      "reason": "match without v3 tournament entry"
    },
    {
      "playerId": "aila-zennaro",
      "playerName": "Aila Zennaro",
      "tournamentName": "TE U16 CREMA",
      "reason": "match without v3 tournament entry"
    },
    {
      "playerId": "aila-zennaro",
      "playerName": "Aila Zennaro",
      "tournamentName": "TE U16 CREMA",
      "reason": "match without v3 tournament entry"
    },
    {
      "playerId": "niccolo-zanaga",
      "playerName": "Niccolò Zanaga",
      "tournamentName": "TORNEO JUNIOR NEXT GEN presso CENTRO ESTIVO FITP BRALLO",
      "reason": "match without v3 tournament entry"
    },
    {
      "playerId": "niccolo-zanaga",
      "playerName": "Niccolò Zanaga",
      "tournamentName": "TORNEO JUNIOR NEXT GEN presso CENTRO ESTIVO FITP BRALLO",
      "reason": "match without v3 tournament entry"
    },
    {
      "playerId": "martina-busa",
      "playerName": "Martina Busa",
      "tournamentName": "TORNEO JUNIOR NEXT GEN presso CENTRO ESTIVO FITP SERRAMAZZONI",
      "reason": "match without v3 tournament entry"
    },
    {
      "playerId": "martina-busa",
      "playerName": "Martina Busa",
      "tournamentName": "TORNEO JUNIOR NEXT GEN presso CENTRO ESTIVO FITP SERRAMAZZONI",
      "reason": "match without v3 tournament entry"
    },
    {
      "playerId": "manuel-natale",
      "playerName": "Manuel Natale",
      "tournamentName": "TORNEO JUNIOR NEXT GEN presso CENTRO ESTIVO FITP BRALLO",
      "reason": "match without v3 tournament entry"
    },
    {
      "playerId": "niccolo-zanaga",
      "playerName": "Niccolò Zanaga",
      "tournamentName": "TORNEO JUNIOR NEXT GEN presso CENTRO ESTIVO FITP BRALLO",
      "reason": "match without v3 tournament entry"
    },
    {
      "playerId": "manuel-natale",
      "playerName": "Manuel Natale",
      "tournamentName": "TORNEO JUNIOR NEXT GEN presso CENTRO ESTIVO FITP BRALLO",
      "reason": "match without v3 tournament entry"
    },
    {
      "playerId": "manuel-natale",
      "playerName": "Manuel Natale",
      "tournamentName": "TORNEO JUNIOR NEXT GEN presso CENTRO ESTIVO FITP BRALLO",
      "reason": "match without v3 tournament entry"
    },
    {
      "playerId": "niccolo-zanaga",
      "playerName": "Niccolò Zanaga",
      "tournamentName": "TORNEO JUNIOR NEXT GEN presso CENTRO ESTIVO FITP BRALLO",
      "reason": "match without v3 tournament entry"
    },
    {
      "playerId": "noemi-paganini",
      "playerName": "Noemi Paganini",
      "tournamentName": "Junior Next Gen Italia — Centro Estivo FITP Brallo",
      "reason": "match without v3 tournament entry"
    },
    {
      "playerId": "gregorio-puccio",
      "playerName": "Gregorio Puccio",
      "tournamentName": "Junior Next Gen Italia — Centro Estivo FITP Brallo",
      "reason": "match without v3 tournament entry"
    },
    {
      "playerId": "daniele-gelli",
      "playerName": "Daniele Gelli",
      "tournamentName": "Junior Next Gen Italia — Centro Estivo FITP Brallo",
      "reason": "match without v3 tournament entry"
    },
    {
      "playerId": "niccolo-zanaga",
      "playerName": "Niccolò Zanaga",
      "tournamentName": "TORNEO JUNIOR NEXT GEN presso CENTRO ESTIVO FITP BRALLO",
      "reason": "match without v3 tournament entry"
    },
    {
      "playerId": "martina-busa",
      "playerName": "Martina Busa",
      "tournamentName": "Tennis Trophy FITP Kinder Joy of moving - Master finale - presso VILLATTE SSD SRL (ex Oasi di Pace) e ASD NEW APPIO CLAUDIO TENNIS TEAM",
      "reason": "match without v3 tournament entry"
    }
  ]
}
exitCode=0
