{
  "version": "cw-v3-agenda-first",
  "generatedAt": "2026-08-08T12:56:00.600Z",
  "status": "fitp_only_entries_complete_from_reliable_tournament_map",
  "source": "FITP ONLY entries: reliable FITP tournament map first, then official P.U.C. detail participant confirmation; TE/ITF deliberately excluded; no OOP; no results",
  "coverageFrom": "2025-12-18",
  "tournamentsInput": 821,
  "detailsChecked": 821,
  "detailsWithDraws": 525,
  "detailsWithParticipants": 1066,
  "participantsScanned": 18633,
  "participantsWithCard": 18633,
  "entriesFound": 11,
  "playersWithEntries": 7,
  "byPlayer": {
    "edoardo-grimoldi": 2,
    "noemi-paganini": 3,
    "matteo-bocchio": 1,
    "camilla-lingeri": 2,
    "gregorio-puccio": 1,
    "francesco-renzulli": 1,
    "francesco-bocchio": 1
  },
  "byMatchMethod": {
    "membership_card": 11
  },
  "errors": []
}
fitpExit=0
{
  "version": "cw-v3-agenda-first",
  "generatedAt": "2026-08-08T12:56:11.450Z",
  "status": "seeded_pending_live_tournamentsoftware_scan",
  "source": "ex novo Tennis Europe discovery; no v1/v2/data.json; official profile/tournament seeds only until live scanner is expanded",
  "coverageFrom": "2025-12-18",
  "profiles": 17,
  "entriesFound": 17,
  "errors": []
}
teExit=0
{
  "version": "cw-v3-agenda-first",
  "generatedAt": "2026-08-08T12:56:11.483Z",
  "status": "seeded_pending_live_itf_scan",
  "source": "ex novo ITF discovery; no v1/v2/data.json; official ITF seeds only until live scanner is expanded",
  "coverageFrom": "2025-12-18",
  "profiles": 1,
  "entriesFound": 2,
  "errors": []
}
itfExit=0
{
  "version": "cw-v3-agenda-first",
  "generatedAt": "2026-08-08T12:56:11.515Z",
  "status": "entries_engine_merged_ex_novo_discoveries",
  "coverageFrom": "2025-12-18",
  "checks": {
    "players": 19,
    "tournamentEntries": 29,
    "tournaments": 29,
    "byCircuit": {
      "fitp": 11,
      "tennis-europe": 17,
      "itf": 1
    },
    "warnings": 0
  },
  "engines": {
    "discoverFitp": {
      "status": "fitp_only_entries_complete_from_reliable_tournament_map"
    },
    "discoverTennisEurope": {
      "status": "seeded_pending_live_tournamentsoftware_scan"
    },
    "discoverItf": {
      "status": "seeded_pending_live_itf_scan"
    },
    "entries": {
      "status": "built",
      "file": "src/v3/entries-engine.mjs",
      "method": "merge dist/v3/source_*_entries.json only; no v1/v2/data.json"
    },
    "ordersOfPlay": {
      "status": "pending"
    },
    "results": {
      "status": "pending"
    }
  },
  "warnings": []
}
entriesExit=0
