startedAt=2026-08-15T05:57:41Z
sourceSha=74df31a90a1723c2a5bc0bdfd4ab0549c3b74275
runId=31868173262
province=70
{
  "version": "cw-v3-fitp-province-shard",
  "generatedAt": "2026-08-15T05:57:41.944Z",
  "status": "fitp_province_shard_with_unresolved_saturations",
  "provinceId": "70",
  "source": "One visible GitHub Actions shard per FITP province. Each province shard runs rotating logical windows with 21-day overlap except first historical window; saturated branches auto-split.",
  "coverageFrom": "2025-12-18",
  "coverageUntil": "2028-08-14",
  "branches": 18,
  "queries": 18,
  "tournamentsFound": 19,
  "unresolvedSaturations": 3,
  "regression": {
    "feniceBresciaLomb370": false,
    "rossoniKinderImperia": false,
    "navaKinderMilano3": false
  },
  "errors": []
}
exitCode=2
finishedAt=2026-08-15T05:57:48Z
