startedAt=2026-08-13T19:48:37Z
sourceSha=e3aa7f5203d2065d8e99b9eab66b8f7ece428b03
runId=31737616607
province=75
{
  "version": "cw-v3-fitp-province-shard",
  "generatedAt": "2026-08-13T19:48:37.184Z",
  "status": "fitp_province_shard_complete",
  "provinceId": "75",
  "source": "One visible GitHub Actions shard per FITP province. Each province shard runs rotating logical windows with 21-day overlap except first historical window; saturated branches auto-split.",
  "coverageFrom": "2025-12-18",
  "coverageUntil": "2028-08-12",
  "branches": 8,
  "queries": 9,
  "tournamentsFound": 47,
  "unresolvedSaturations": 0,
  "regression": {
    "feniceBresciaLomb370": false,
    "rossoniKinderImperia": false,
    "navaKinderMilano3": false
  },
  "errors": []
}
exitCode=0
finishedAt=2026-08-13T19:48:39Z
