startedAt=2026-08-14T15:27:25Z
sourceSha=6c76b1174b12c2c825a0147008f7d4dff636cfbf
runId=31814439030
province=95
{
  "version": "cw-v3-fitp-province-shard",
  "generatedAt": "2026-08-14T15:27:25.237Z",
  "status": "fitp_province_shard_with_unresolved_saturations",
  "provinceId": "95",
  "source": "One visible GitHub Actions shard per FITP province. Each province shard runs rotating logical windows with 21-day overlap except first historical window; saturated branches auto-split.",
  "coverageFrom": "2025-12-18",
  "coverageUntil": "2028-08-13",
  "branches": 30,
  "queries": 30,
  "tournamentsFound": 9,
  "unresolvedSaturations": 6,
  "regression": {
    "feniceBresciaLomb370": false,
    "rossoniKinderImperia": false,
    "navaKinderMilano3": false
  },
  "errors": []
}
exitCode=2
finishedAt=2026-08-14T15:27:31Z
