{
  "generatedAt": "2026-08-10T14:00:37.348Z",
  "status": "tennis_europe_access_route_diagnostic_complete",
  "profiles": 11,
  "sampled": 3,
  "summary": [
    {
      "player": {
        "playerId": "aila-zennaro",
        "playerName": "Aila Zennaro",
        "id": "D53EDFB2-9B79-4881-BBE2-11EC2F61C7D5",
        "url": "https://te.tournamentsoftware.com/player-profile/D53EDFB2-9B79-4881-BBE2-11EC2F61C7D5"
      },
      "pages": [
        {
          "url": "https://te.tournamentsoftware.com/player-profile/D53EDFB2-9B79-4881-BBE2-11EC2F61C7D5",
          "status": 200,
          "title": "Tennis Europe",
          "length": 14139,
          "signals": {
            "hasMessagePage": true,
            "hasLogin": true,
            "hasCookie": true,
            "hasTournamentId": false,
            "hasPlayerName": true
          },
          "visibleText": "We request permission for the use of cookies and similar technologies, and want to inform you about their use on our website. We collect and process personal data for the following purposes: Basic functionality, Basic analytics, Personalized ads, Social media . You can find more information about the processing of personal data in our Privacy Statement . of &#\" data-val-visualtextinputvalidator-re",
          "links": [
            {
              "url": "https://te.tournamentsoftware.com/support/privacy",
              "text": "Privacy Statement"
            },
            {
              "url": "https://te.tournamentsoftware.com/cookiewall/ViewAdProviders",
              "text": "View ad technology providers"
            },
            {
              "url": "https://te.tournamentsoftware.com/player-profile/D53EDFB2-9B79-4881-BBE2-11EC2F61C7D5#removecookies-tips",
              "text": "More"
            },
            {
              "url": "https://support.apple.com/kb/index?q=cookies&src=globalnav_support&type=organic&page=search&locale=en_US",
              "text": "Safari"
            },
            {
              "url": "https://support.mozilla.org/en-US/kb/delete-cookies-remove-info-websites-stored",
              "text": "Firefox"
            }
          ],
          "scripts": [
            "https://static.tournamentsoftware.com/Content/scripts/dist/jquery-bundle.js?v=20240430121200",
            "https://static.tournamentsoftware.com/Content/scripts/dist/vendor-bundle.js?v=20240430121200",
            "https://static.tournamentsoftware.com/Content/scripts/dist/functions-bundle.js?v=20260609095358"
          ]
        },
        {
          "url": "https://www.tournamentsoftware.com/player-profile/D53EDFB2-9B79-4881-BBE2-11EC2F61C7D5",
          "status": 200,
          "title": "Tournamentsoftware.com",
          "length": 16199,
          "signals": {
            "hasMessagePage": true,
            "hasLogin": true,
            "hasCookie": true,
            "hasTournamentId": false,
            "hasPlayerName": true
          },
          "visibleText": "Nederlands English (GBR) English (USA) Dansk Svenska We request permission for the use of cookies and similar technologies, and want to inform you about their use on our website. We collect and process personal data for the following purposes: Basic functionality, Basic analytics, Personalized ads, Social media . You can find more information about the processing of personal data in our Privacy St",
          "links": [
            {
              "url": "https://www.tournamentsoftware.com/support/privacy",
              "text": "Privacy Statement"
            },
            {
              "url": "https://www.tournamentsoftware.com/cookiewall/ViewAdProviders",
              "text": "View ad technology providers"
            },
            {
              "url": "https://www.tournamentsoftware.com/player-profile/D53EDFB2-9B79-4881-BBE2-11EC2F61C7D5#removecookies-tips",
              "text": "More"
            },
            {
              "url": "https://support.apple.com/kb/index?q=cookies&src=globalnav_support&type=organic&page=search&locale=en_US",
              "text": "Safari"
            },
            {
              "url": "https://support.mozilla.org/en-US/kb/delete-cookies-remove-info-websites-stored",
              "text": "Firefox"
            }
          ],
          "scripts": [
            "https://static.tournamentsoftware.com/Content/scripts/dist/jquery-bundle.js?v=20240430121200",
            "https://static.tournamentsoftware.com/Content/scripts/dist/vendor-bundle.js?v=20240430121200",
            "https://static.tournamentsoftware.com/Content/scripts/dist/functions-bundle.js?v=20260609095358"
          ]
        },
        {
          "url": "https://te.tournamentsoftware.com/player-profile/D53EDFB2-9B79-4881-BBE2-11EC2F61C7D5/tournaments",
          "status": 200,
          "title": "Tennis Europe",
          "length": 14151,
          "signals": {
            "hasMessagePage": true,
            "hasLogin": true,
            "hasCookie": true,
            "hasTournamentId": false,
            "hasPlayerName": true
          },
          "visibleText": "We request permission for the use of cookies and similar technologies, and want to inform you about their use on our website. We collect and process personal data for the following purposes: Basic functionality, Basic analytics, Personalized ads, Social media . You can find more information about the processing of personal data in our Privacy Statement . of &#\" data-val-visualtextinputvalidator-re",
          "links": [
            {
              "url": "https://te.tournamentsoftware.com/support/privacy",
              "text": "Privacy Statement"
            },
            {
              "url": "https://te.tournamentsoftware.com/cookiewall/ViewAdProviders",
              "text": "View ad technology providers"
            },
            {
              "url": "https://te.tournamentsoftware.com/player-profile/D53EDFB2-9B79-4881-BBE2-11EC2F61C7D5/tournaments#removecookies-tips",
              "text": "More"
            },
            {
              "url": "https://support.apple.com/kb/index?q=cookies&src=globalnav_support&type=organic&page=search&locale=en_US",
              "text": "Safari"
            },
            {
              "url": "https://support.mozilla.org/en-US/kb/delete-cookies-remove-info-websites-stored",
              "text": "Firefox"
            }
          ],
          "scripts": [
            "https://static.tournamentsoftware.com/Content/scripts/dist/jquery-bundle.js?v=20240430121200",
            "https://static.tournamentsoftware.com/Content/scripts/dist/vendor-bundle.js?v=20240430121200",
            "https://static.tournamentsoftware.com/Content/scripts/dist/functions-bundle.js?v=20260609095358"
          ]
        },
        {
          "url": "https://te.tournamentsoftware.com/player-profile/D53EDFB2-9B79-4881-BBE2-11EC2F61C7D5/matches",
          "status": 200,
          "title": "Tennis Europe",
          "length": 14147,
          "signals": {
            "hasMessagePage": true,
            "hasLogin": true,
            "hasCookie": true,
            "hasTournamentId": false,
            "hasPlayerName": true
          },
          "visibleText": "We request permission for the use of cookies and similar technologies, and want to inform you about their use on our website. We collect and process personal data for the following purposes: Basic functionality, Basic analytics, Personalized ads, Social media . You can find more information about the processing of personal data in our Privacy Statement . of &#\" data-val-visualtextinputvalidator-re",
          "links": [
            {
              "url": "https://te.tournamentsoftware.com/support/privacy",
              "text": "Privacy Statement"
            },
            {
              "url": "https://te.tournamentsoftware.com/cookiewall/ViewAdProviders",
              "text": "View ad technology providers"
            },
            {
              "url": "https://te.tournamentsoftware.com/player-profile/D53EDFB2-9B79-4881-BBE2-11EC2F61C7D5/matches#removecookies-tips",
              "text": "More"
            },
            {
              "url": "https://support.apple.com/kb/index?q=cookies&src=globalnav_support&type=organic&page=search&locale=en_US",
              "text": "Safari"
            },
            {
              "url": "https://support.mozilla.org/en-US/kb/delete-cookies-remove-info-websites-stored",
              "text": "Firefox"
            }
          ],
          "scripts": [
            "https://static.tournamentsoftware.com/Content/scripts/dist/jquery-bundle.js?v=20240430121200",
            "https://static.tournamentsoftware.com/Content/scripts/dist/vendor-bundle.js?v=20240430121200",
            "https://static.tournamentsoftware.com/Content/scripts/dist/functions-bundle.js?v=20260609095358"
          ]
        },
        {
          "url": "https://te.tournamentsoftware.com/sport/player.aspx?id=D53EDFB2-9B79-4881-BBE2-11EC2F61C7D5",
          "status": 200,
          "title": "Tennis Europe",
          "length": 14145,
          "signals": {
            "hasMessagePage": true,
            "hasLogin": true,
            "hasCookie": true,
            "hasTournamentId": false,
            "hasPlayerName": true
          },
          "visibleText": "We request permission for the use of cookies and similar technologies, and want to inform you about their use on our website. We collect and process personal data for the following purposes: Basic functionality, Basic analytics, Personalized ads, Social media . You can find more information about the processing of personal data in our Privacy Statement . of &#\" data-val-visualtextinputvalidator-re",
          "links": [
            {
              "url": "https://te.tournamentsoftware.com/support/privacy",
              "text": "Privacy Statement"
            },
            {
              "url": "https://te.tournamentsoftware.com/cookiewall/ViewAdProviders",
              "text": "View ad technology providers"
            },
            {
              "url": "https://te.tournamentsoftware.com/sport/player.aspx?id=D53EDFB2-9B79-4881-BBE2-11EC2F61C7D5#removecookies-tips",
              "text": "More"
            },
            {
              "url": "https://support.apple.com/kb/index?q=cookies&src=globalnav_support&type=organic&page=search&locale=en_US",
              "text": "Safari"
            },
            {
              "url": "https://support.mozilla.org/en-US/kb/delete-cookies-remove-info-websites-stored",
              "text": "Firefox"
            }
          ],
          "scripts": [
            "https://static.tournamentsoftware.com/Content/scripts/dist/jquery-bundle.js?v=20240430121200",
            "https://static.tournamentsoftware.com/Content/scripts/dist/vendor-bundle.js?v=20240430121200",
            "https://static.tournamentsoftware.com/Content/scripts/dist/functions-bundle.js?v=20260609095358"
          ]
        },
        {
          "url": "https://te.tournamentsoftware.com/sport/player.aspx?player=D53EDFB2-9B79-4881-BBE2-11EC2F61C7D5",
          "status": 200,
          "title": "Tennis Europe",
          "length": 14149,
          "signals": {
            "hasMessagePage": true,
            "hasLogin": true,
            "hasCookie": true,
            "hasTournamentId": false,
            "hasPlayerName": true
          },
          "visibleText": "We request permission for the use of cookies and similar technologies, and want to inform you about their use on our website. We collect and process personal data for the following purposes: Basic functionality, Basic analytics, Personalized ads, Social media . You can find more information about the processing of personal data in our Privacy Statement . of &#\" data-val-visualtextinputvalidator-re",
          "links": [
            {
              "url": "https://te.tournamentsoftware.com/support/privacy",
              "text": "Privacy Statement"
            },
            {
              "url": "https://te.tournamentsoftware.com/cookiewall/ViewAdProviders",
              "text": "View ad technology providers"
            },
            {
              "url": "https://te.tournamentsoftware.com/sport/player.aspx?player=D53EDFB2-9B79-4881-BBE2-11EC2F61C7D5#removecookies-tips",
              "text": "More"
            },
            {
              "url": "https://support.apple.com/kb/index?q=cookies&src=globalnav_support&type=organic&page=search&locale=en_US",
              "text": "Safari"
            },
            {
              "url": "https://support.mozilla.org/en-US/kb/delete-cookies-remove-info-websites-stored",
              "text": "Firefox"
            }
          ],
          "scripts": [
            "https://static.tournamentsoftware.com/Content/scripts/dist/jquery-bundle.js?v=20240430121200",
            "https://static.tournamentsoftware.com/Content/scripts/dist/vendor-bundle.js?v=20240430121200",
            "https://static.tournamentsoftware.com/Content/scripts/dist/functions-bundle.js?v=20260609095358"
          ]
        },
        {
          "url": "https://te.tournamentsoftware.com/find/player?q=Aila%20Zennaro",
          "status": 200,
          "title": "Tennis Europe",
          "length": 14116,
          "signals": {
            "hasMessagePage": true,
            "hasLogin": true,
            "hasCookie": true,
            "hasTournamentId": false,
            "hasPlayerName": true
          },
          "visibleText": "We request permission for the use of cookies and similar technologies, and want to inform you about their use on our website. We collect and process personal data for the following purposes: Basic functionality, Basic analytics, Personalized ads, Social media . You can find more information about the processing of personal data in our Privacy Statement . of &#\" data-val-visualtextinputvalidator-re",
          "links": [
            {
              "url": "https://te.tournamentsoftware.com/support/privacy",
              "text": "Privacy Statement"
            },
            {
              "url": "https://te.tournamentsoftware.com/cookiewall/ViewAdProviders",
              "text": "View ad technology providers"
            },
            {
              "url": "https://te.tournamentsoftware.com/find/player?q=Aila%20Zennaro#removecookies-tips",
              "text": "More"
            },
            {
              "url": "https://support.apple.com/kb/index?q=cookies&src=globalnav_support&type=organic&page=search&locale=en_US",
              "text": "Safari"
            },
            {
              "url": "https://support.mozilla.org/en-US/kb/delete-cookies-remove-info-websites-stored",
              "text": "Firefox"
            }
          ],
          "scripts": [
            "https://static.tournamentsoftware.com/Content/scripts/dist/jquery-bundle.js?v=20240430121200",
            "https://static.tournamentsoftware.com/Content/scripts/dist/vendor-bundle.js?v=20240430121200",
            "https://static.tournamentsoftware.com/Content/scripts/dist/functions-bundle.js?v=20260609095358"
          ]
        },
        {
          "url": "https://te.tournamentsoftware.com/api/player-profile/D53EDFB2-9B79-4881-BBE2-11EC2F61C7D5",
          "status": 200,
          "title": "Tennis Europe",
          "length": 22882,
          "signals": {
            "hasMessagePage": false,
            "hasLogin": true,
            "hasCookie": true,
            "hasTournamentId": false,
            "hasPlayerName": false
          },
          "visibleText": "Menu Tennis Europe Back to Tennis Europe Home Tournaments Players Ranking Menu Tennis Europe Search Search Please fill in at least 3 characters Log In Menu Log In 404 - Page not found We can't seem to find the page you are looking for. Try one of the following links: Home Tournaments Players Ranking Partners Account Sign up Log in Contact Contact us Help Centre Social media Home See what's new Coo",
          "links": [
            {
              "url": "https://te.tournamentsoftware.com/",
              "text": "Tennis Europe"
            },
            {
              "url": "https://te.tournamentsoftware.com/",
              "text": "Home"
            },
            {
              "url": "https://te.tournamentsoftware.com/tournaments",
              "text": "Tournaments"
            },
            {
              "url": "https://te.tournamentsoftware.com/find/player",
              "text": "Players"
            },
            {
              "url": "https://te.tournamentsoftware.com/ranking",
              "text": "Ranking"
            }
          ],
          "scripts": [
            "https://www.googletagmanager.com/gtag/js?id=G-B0TEVJ6L9M",
            "https://static.tournamentsoftware.com/Content/scripts/dist/jquery-bundle.js?v=20240430121200",
            "https://static.tournamentsoftware.com/Content/scripts/dist/vendor-bundle.js?v=20240430121200",
            "https://static.tournamentsoftware.com/Content/scripts/dist/functions-bundle.js?v=20260609095358"
          ]
        },
        {
          "url": "https://te.tournamentsoftware.com/api/players/D53EDFB2-9B79-4881-BBE2-11EC2F61C7D5",
          "status": 200,
          "title": "Tennis Europe",
          "length": 22847,
          "signals": {
            "hasMessagePage": false,
            "hasLogin": true,
            "hasCookie": true,
            "hasTournamentId": false,
            "hasPlayerName": false
          },
          "visibleText": "Menu Tennis Europe Back to Tennis Europe Home Tournaments Players Ranking Menu Tennis Europe Search Search Please fill in at least 3 characters Log In Menu Log In 404 - Page not found We can't seem to find the page you are looking for. Try one of the following links: Home Tournaments Players Ranking Partners Account Sign up Log in Contact Contact us Help Centre Social media Home See what's new Coo",
          "links": [
            {
              "url": "https://te.tournamentsoftware.com/",
              "text": "Tennis Europe"
            },
            {
              "url": "https://te.tournamentsoftware.com/",
              "text": "Home"
            },
            {
              "url": "https://te.tournamentsoftware.com/tournaments",
              "text": "Tournaments"
            },
            {
              "url": "https://te.tournamentsoftware.com/find/player",
              "text": "Players"
            },
            {
              "url": "https://te.tournamentsoftware.com/ranking",
              "text": "Ranking"
            }
          ],
          "scripts": [
            "https://www.googletagmanager.com/gtag/js?id=G-B0TEVJ6L9M",
            "https://static.tournamentsoftware.com/Content/scripts/dist/jquery-bundle.js?v=20240430121200",
            "https://static.tournamentsoftware.com/Content/scripts/dist/vendor-bundle.js?v=20240430121200",
            "https://static.tournamentsoftware.com/Content/scripts/dist/functions-bundle.js?v=20260609095358"
          ]
        },
        {
          "url": "https://te.tournamentsoftware.com/api/player/D53EDFB2-9B79-4881-BBE2-11EC2F61C7D5/matches",
          "status": 200,
          "title": "Tennis Europe",
          "length": 22892,
          "signals": {
            "hasMessagePage": false,
            "hasLogin": true,
            "hasCookie": true,
            "hasTournamentId": false,
            "hasPlayerName": false
          },
          "visibleText": "Menu Tennis Europe Back to Tennis Europe Home Tournaments Players Ranking Menu Tennis Europe Search Search Please fill in at least 3 characters Log In Menu Log In 404 - Page not found We can't seem to find the page you are looking for. Try one of the following links: Home Tournaments Players Ranking Partners Account Sign up Log in Contact Contact us Help Centre Social media Home See what's new Coo",
          "links": [
            {
              "url": "https://te.tournamentsoftware.com/",
              "text": "Tennis Europe"
            },
            {
              "url": "https://te.tournamentsoftware.com/",
              "text": "Home"
            },
            {
              "url": "https://te.tournamentsoftware.com/tournaments",
              "text": "Tournaments"
            },
            {
              "url": "https://te.tournamentsoftware.com/find/player",
              "text": "Players"
            },
            {
              "url": "https://te.tournamentsoftware.com/ranking",
              "text": "Ranking"
            }
          ],
          "scripts": [
            "https://www.googletagmanager.com/gtag/js?id=G-B0TEVJ6L9M",
            "https://static.tournamentsoftware.com/Content/scripts/dist/jquery-bundle.js?v=20240430121200",
            "https://static.tournamentsoftware.com/Content/scripts/dist/vendor-bundle.js?v=20240430121200",
            "https://static.tournamentsoftware.com/Content/scripts/dist/functions-bundle.js?v=20260609095358"
          ]
        },
        {
          "url": "https://te.tournamentsoftware.com/api/player/D53EDFB2-9B79-4881-BBE2-11EC2F61C7D5/tournaments",
          "status": 200,
          "title": "Tennis Europe",
          "length": 22912,
          "signals": {
            "hasMessagePage": false,
            "hasLogin": true,
            "hasCookie": true,
            "hasTournamentId": false,
            "hasPlayerName": false
          },
          "visibleText": "Menu Tennis Europe Back to Tennis Europe Home Tournaments Players Ranking Menu Tennis Europe Search Search Please fill in at least 3 characters Log In Menu Log In 404 - Page not found We can't seem to find the page you are looking for. Try one of the following links: Home Tournaments Players Ranking Partners Account Sign up Log in Contact Contact us Help Centre Social media Home See what's new Coo",
          "links": [
            {
              "url": "https://te.tournamentsoftware.com/",
              "text": "Tennis Europe"
            },
            {
              "url": "https://te.tournamentsoftware.com/",
              "text": "Home"
            },
            {
              "url": "https://te.tournamentsoftware.com/tournaments",
              "text": "Tournaments"
            },
            {
              "url": "https://te.tournamentsoftware.com/find/player",
              "text": "Players"
            },
            {
              "url": "https://te.tournamentsoftware.com/ranking",
              "text": "Ranking"
            }
          ],
          "scripts": [
            "https://www.googletagmanager.com/gtag/js?id=G-B0TEVJ6L9M",
            "https://static.tournamentsoftware.com/Content/scripts/dist/jquery-bundle.js?v=20240430121200",
            "https://static.tournamentsoftware.com/Content/scripts/dist/vendor-bundle.js?v=20240430121200",
            "https://static.tournamentsoftware.com/Content/scripts/dist/functions-bundle.js?v=20260609095358"
          ]
        }
      ]
    },
    {
      "player": {
        "playerId": "daniele-gelli",
        "playerName": "Daniele Gelli",
        "id": "5E353E97-2922-4325-86E9-5649DD0B1278",
        "url": "https://te.tournamentsoftware.com/player-profile/5E353E97-2922-4325-86E9-5649DD0B1278"
      },
      "pages": [
        {
          "url": "https://te.tournamentsoftware.com/player-profile/5E353E97-2922-4325-86E9-5649DD0B1278",
          "status": 200,
          "title": "Tennis Europe",
          "length": 14139,
          "signals": {
            "hasMessagePage": true,
            "hasLogin": true,
            "hasCookie": true,
            "hasTournamentId": false,
            "hasPlayerName": true
          },
          "visibleText": "We request permission for the use of cookies and similar technologies, and want to inform you about their use on our website. We collect and process personal data for the following purposes: Basic functionality, Basic analytics, Personalized ads, Social media . You can find more information about the processing of personal data in our Privacy Statement . of &#\" data-val-visualtextinputvalidator-re",
          "links": [
            {
              "url": "https://te.tournamentsoftware.com/support/privacy",
              "text": "Privacy Statement"
            },
            {
              "url": "https://te.tournamentsoftware.com/cookiewall/ViewAdProviders",
              "text": "View ad technology providers"
            },
            {
              "url": "https://te.tournamentsoftware.com/player-profile/5E353E97-2922-4325-86E9-5649DD0B1278#removecookies-tips",
              "text": "More"
            },
            {
              "url": "https://support.apple.com/kb/index?q=cookies&src=globalnav_support&type=organic&page=search&locale=en_US",
              "text": "Safari"
            },
            {
              "url": "https://support.mozilla.org/en-US/kb/delete-cookies-remove-info-websites-stored",
              "text": "Firefox"
            }
          ],
          "scripts": [
            "https://static.tournamentsoftware.com/Content/scripts/dist/jquery-bundle.js?v=20240430121200",
            "https://static.tournamentsoftware.com/Content/scripts/dist/vendor-bundle.js?v=20240430121200",
            "https://static.tournamentsoftware.com/Content/scripts/dist/functions-bundle.js?v=20260609095358"
          ]
        },
        {
          "url": "https://www.tournamentsoftware.com/player-profile/5E353E97-2922-4325-86E9-5649DD0B1278",
          "status": 200,
          "title": "Tournamentsoftware.com",
          "length": 16199,
          "signals": {
            "hasMessagePage": true,
            "hasLogin": true,
            "hasCookie": true,
            "hasTournamentId": false,
            "hasPlayerName": true
          },
          "visibleText": "Nederlands English (GBR) English (USA) Dansk Svenska We request permission for the use of cookies and similar technologies, and want to inform you about their use on our website. We collect and process personal data for the following purposes: Basic functionality, Basic analytics, Personalized ads, Social media . You can find more information about the processing of personal data in our Privacy St",
          "links": [
            {
              "url": "https://www.tournamentsoftware.com/support/privacy",
              "text": "Privacy Statement"
            },
            {
              "url": "https://www.tournamentsoftware.com/cookiewall/ViewAdProviders",
              "text": "View ad technology providers"
            },
            {
              "url": "https://www.tournamentsoftware.com/player-profile/5E353E97-2922-4325-86E9-5649DD0B1278#removecookies-tips",
              "text": "More"
            },
            {
              "url": "https://support.apple.com/kb/index?q=cookies&src=globalnav_support&type=organic&page=search&locale=en_US",
              "text": "Safari"
            },
            {
              "url": "https://support.mozilla.org/en-US/kb/delete-cookies-remove-info-websites-stored",
              "text": "Firefox"
            }
          ],
          "scripts": [
            "https://static.tournamentsoftware.com/Content/scripts/dist/jquery-bundle.js?v=20240430121200",
            "https://static.tournamentsoftware.com/Content/scripts/dist/vendor-bundle.js?v=20240430121200",
            "https://static.tournamentsoftware.com/Content/scripts/dist/functions-bundle.js?v=20260609095358"
          ]
        },
        {
          "url": "https://te.tournamentsoftware.com/player-profile/5E353E97-2922-4325-86E9-5649DD0B1278/tournaments",
          "status": 200,
          "title": "Tennis Europe",
          "length": 14151,
          "signals": {
            "hasMessagePage": true,
            "hasLogin": true,
            "hasCookie": true,
            "hasTournamentId": false,
            "hasPlayerName": true
          },
          "visibleText": "We request permission for the use of cookies and similar technologies, and want to inform you about their use on our website. We collect and process personal data for the following purposes: Basic functionality, Basic analytics, Personalized ads, Social media . You can find more information about the processing of personal data in our Privacy Statement . of &#\" data-val-visualtextinputvalidator-re",
          "links": [
            {
              "url": "https://te.tournamentsoftware.com/support/privacy",
              "text": "Privacy Statement"
            },
            {
              "url": "https://te.tournamentsoftware.com/cookiewall/ViewAdProviders",
              "text": "View ad technology providers"
            },
            {
              "url": "https://te.tournamentsoftware.com/player-profile/5E353E97-2922-4325-86E9-5649DD0B1278/tournaments#removecookies-tips",
              "text": "More"
            },
            {
              "url": "https://support.apple.com/kb/index?q=cookies&src=globalnav_support&type=organic&page=search&locale=en_US",
              "text": "Safari"
            },
            {
              "url": "https://support.mozilla.org/en-US/kb/delete-cookies-remove-info-websites-stored",
              "text": "Firefox"
            }
          ],
          "scripts": [
            "https://static.tournamentsoftware.com/Content/scripts/dist/jquery-bundle.js?v=20240430121200",
            "https://static.tournamentsoftware.com/Content/scripts/dist/vendor-bundle.js?v=20240430121200",
            "https://static.tournamentsoftware.com/Content/scripts/dist/functions-bundle.js?v=20260609095358"
          ]
        },
        {
          "url": "https://te.tournamentsoftware.com/player-profile/5E353E97-2922-4325-86E9-5649DD0B1278/matches",
          "status": 200,
          "title": "Tennis Europe",
          "length": 14147,
          "signals": {
            "hasMessagePage": true,
            "hasLogin": true,
            "hasCookie": true,
            "hasTournamentId": false,
            "hasPlayerName": true
          },
          "visibleText": "We request permission for the use of cookies and similar technologies, and want to inform you about their use on our website. We collect and process personal data for the following purposes: Basic functionality, Basic analytics, Personalized ads, Social media . You can find more information about the processing of personal data in our Privacy Statement . of &#\" data-val-visualtextinputvalidator-re",
          "links": [
            {
              "url": "https://te.tournamentsoftware.com/support/privacy",
              "text": "Privacy Statement"
            },
            {
              "url": "https://te.tournamentsoftware.com/cookiewall/ViewAdProviders",
              "text": "View ad technology providers"
            },
            {
              "url": "https://te.tournamentsoftware.com/player-profile/5E353E97-2922-4325-86E9-5649DD0B1278/matches#removecookies-tips",
              "text": "More"
            },
            {
              "url": "https://support.apple.com/kb/index?q=cookies&src=globalnav_support&type=organic&page=search&locale=en_US",
              "text": "Safari"
            },
            {
              "url": "https://support.mozilla.org/en-US/kb/delete-cookies-remove-info-websites-stored",
              "text": "Firefox"
            }
          ],
          "scripts": [
            "https://static.tournamentsoftware.com/Content/scripts/dist/jquery-bundle.js?v=20240430121200",
            "https://static.tournamentsoftware.com/Content/scripts/dist/vendor-bundle.js?v=20240430121200",
            "https://static.tournamentsoftware.com/Content/scripts/dist/functions-bundle.js?v=20260609095358"
          ]
        },
        {
          "url": "https://te.tournamentsoftware.com/sport/player.aspx?id=5E353E97-2922-4325-86E9-5649DD0B1278",
          "status": 200,
          "title": "Tennis Europe",
          "length": 14145,
          "signals": {
            "hasMessagePage": true,
            "hasLogin": true,
            "hasCookie": true,
            "hasTournamentId": false,
            "hasPlayerName": true
          },
          "visibleText": "We request permission for the use of cookies and similar technologies, and want to inform you about their use on our website. We collect and process personal data for the following purposes: Basic functionality, Basic analytics, Personalized ads, Social media . You can find more information about the processing of personal data in our Privacy Statement . of &#\" data-val-visualtextinputvalidator-re",
          "links": [
            {
              "url": "https://te.tournamentsoftware.com/support/privacy",
              "text": "Privacy Statement"
            },
            {
              "url": "https://te.tournamentsoftware.com/cookiewall/ViewAdProviders",
              "text": "View ad technology providers"
            },
            {
              "url": "https://te.tournamentsoftware.com/sport/player.aspx?id=5E353E97-2922-4325-86E9-5649DD0B1278#removecookies-tips",
              "text": "More"
            },
            {
              "url": "https://support.apple.com/kb/index?q=cookies&src=globalnav_support&type=organic&page=search&locale=en_US",
              "text": "Safari"
            },
            {
              "url": "https://support.mozilla.org/en-US/kb/delete-cookies-remove-info-websites-stored",
              "text": "Firefox"
            }
          ],
          "scripts": [
            "https://static.tournamentsoftware.com/Content/scripts/dist/jquery-bundle.js?v=20240430121200",
            "https://static.tournamentsoftware.com/Content/scripts/dist/vendor-bundle.js?v=20240430121200",
            "https://static.tournamentsoftware.com/Content/scripts/dist/functions-bundle.js?v=20260609095358"
          ]
        },
        {
          "url": "https://te.tournamentsoftware.com/sport/player.aspx?player=5E353E97-2922-4325-86E9-5649DD0B1278",
          "status": 200,
          "title": "Tennis Europe",
          "length": 14149,
          "signals": {
            "hasMessagePage": true,
            "hasLogin": true,
            "hasCookie": true,
            "hasTournamentId": false,
            "hasPlayerName": true
          },
          "visibleText": "We request permission for the use of cookies and similar technologies, and want to inform you about their use on our website. We collect and process personal data for the following purposes: Basic functionality, Basic analytics, Personalized ads, Social media . You can find more information about the processing of personal data in our Privacy Statement . of &#\" data-val-visualtextinputvalidator-re",
          "links": [
            {
              "url": "https://te.tournamentsoftware.com/support/privacy",
              "text": "Privacy Statement"
            },
            {
              "url": "https://te.tournamentsoftware.com/cookiewall/ViewAdProviders",
              "text": "View ad technology providers"
            },
            {
              "url": "https://te.tournamentsoftware.com/sport/player.aspx?player=5E353E97-2922-4325-86E9-5649DD0B1278#removecookies-tips",
              "text": "More"
            },
            {
              "url": "https://support.apple.com/kb/index?q=cookies&src=globalnav_support&type=organic&page=search&locale=en_US",
              "text": "Safari"
            },
            {
              "url": "https://support.mozilla.org/en-US/kb/delete-cookies-remove-info-websites-stored",
              "text": "Firefox"
            }
          ],
          "scripts": [
            "https://static.tournamentsoftware.com/Content/scripts/dist/jquery-bundle.js?v=20240430121200",
            "https://static.tournamentsoftware.com/Content/scripts/dist/vendor-bundle.js?v=20240430121200",
            "https://static.tournamentsoftware.com/Content/scripts/dist/functions-bundle.js?v=20260609095358"
          ]
        },
        {
          "url": "https://te.tournamentsoftware.com/find/player?q=Daniele%20Gelli",
          "status": 200,
          "title": "Tennis Europe",
          "length": 14117,
          "signals": {
            "hasMessagePage": true,
            "hasLogin": true,
            "hasCookie": true,
            "hasTournamentId": false,
            "hasPlayerName": true
          },
          "visibleText": "We request permission for the use of cookies and similar technologies, and want to inform you about their use on our website. We collect and process personal data for the following purposes: Basic functionality, Basic analytics, Personalized ads, Social media . You can find more information about the processing of personal data in our Privacy Statement . of &#\" data-val-visualtextinputvalidator-re",
          "links": [
            {
              "url": "https://te.tournamentsoftware.com/support/privacy",
              "text": "Privacy Statement"
            },
            {
              "url": "https://te.tournamentsoftware.com/cookiewall/ViewAdProviders",
              "text": "View ad technology providers"
            },
            {
              "url": "https://te.tournamentsoftware.com/find/player?q=Daniele%20Gelli#removecookies-tips",
              "text": "More"
            },
            {
              "url": "https://support.apple.com/kb/index?q=cookies&src=globalnav_support&type=organic&page=search&locale=en_US",
              "text": "Safari"
            },
            {
              "url": "https://support.mozilla.org/en-US/kb/delete-cookies-remove-info-websites-stored",
              "text": "Firefox"
            }
          ],
          "scripts": [
            "https://static.tournamentsoftware.com/Content/scripts/dist/jquery-bundle.js?v=20240430121200",
            "https://static.tournamentsoftware.com/Content/scripts/dist/vendor-bundle.js?v=20240430121200",
            "https://static.tournamentsoftware.com/Content/scripts/dist/functions-bundle.js?v=20260609095358"
          ]
        },
        {
          "url": "https://te.tournamentsoftware.com/api/player-profile/5E353E97-2922-4325-86E9-5649DD0B1278",
          "status": 200,
          "title": "Tennis Europe",
          "length": 22882,
          "signals": {
            "hasMessagePage": false,
            "hasLogin": true,
            "hasCookie": true,
            "hasTournamentId": false,
            "hasPlayerName": false
          },
          "visibleText": "Menu Tennis Europe Back to Tennis Europe Home Tournaments Players Ranking Menu Tennis Europe Search Search Please fill in at least 3 characters Log In Menu Log In 404 - Page not found We can't seem to find the page you are looking for. Try one of the following links: Home Tournaments Players Ranking Partners Account Sign up Log in Contact Contact us Help Centre Social media Home See what's new Coo",
          "links": [
            {
              "url": "https://te.tournamentsoftware.com/",
              "text": "Tennis Europe"
            },
            {
              "url": "https://te.tournamentsoftware.com/",
              "text": "Home"
            },
            {
              "url": "https://te.tournamentsoftware.com/tournaments",
              "text": "Tournaments"
            },
            {
              "url": "https://te.tournamentsoftware.com/find/player",
              "text": "Players"
            },
            {
              "url": "https://te.tournamentsoftware.com/ranking",
              "text": "Ranking"
            }
          ],
          "scripts": [
            "https://www.googletagmanager.com/gtag/js?id=G-B0TEVJ6L9M",
            "https://static.tournamentsoftware.com/Content/scripts/dist/jquery-bundle.js?v=20240430121200",
            "https://static.tournamentsoftware.com/Content/scripts/dist/vendor-bundle.js?v=20240430121200",
            "https://static.tournamentsoftware.com/Content/scripts/dist/functions-bundle.js?v=20260609095358"
          ]
        },
        {
          "url": "https://te.tournamentsoftware.com/api/players/5E353E97-2922-4325-86E9-5649DD0B1278",
          "status": 200,
          "title": "Tennis Europe",
          "length": 22847,
          "signals": {
            "hasMessagePage": false,
            "hasLogin": true,
            "hasCookie": true,
            "hasTournamentId": false,
            "hasPlayerName": false
          },
          "visibleText": "Menu Tennis Europe Back to Tennis Europe Home Tournaments Players Ranking Menu Tennis Europe Search Search Please fill in at least 3 characters Log In Menu Log In 404 - Page not found We can't seem to find the page you are looking for. Try one of the following links: Home Tournaments Players Ranking Partners Account Sign up Log in Contact Contact us Help Centre Social media Home See what's new Coo",
          "links": [
            {
              "url": "https://te.tournamentsoftware.com/",
              "text": "Tennis Europe"
            },
            {
              "url": "https://te.tournamentsoftware.com/",
              "text": "Home"
            },
            {
              "url": "https://te.tournamentsoftware.com/tournaments",
              "text": "Tournaments"
            },
            {
              "url": "https://te.tournamentsoftware.com/find/player",
              "text": "Players"
            },
            {
              "url": "https://te.tournamentsoftware.com/ranking",
              "text": "Ranking"
            }
          ],
          "scripts": [
            "https://www.googletagmanager.com/gtag/js?id=G-B0TEVJ6L9M",
            "https://static.tournamentsoftware.com/Content/scripts/dist/jquery-bundle.js?v=20240430121200",
            "https://static.tournamentsoftware.com/Content/scripts/dist/vendor-bundle.js?v=20240430121200",
            "https://static.tournamentsoftware.com/Content/scripts/dist/functions-bundle.js?v=20260609095358"
          ]
        },
        {
          "url": "https://te.tournamentsoftware.com/api/player/5E353E97-2922-4325-86E9-5649DD0B1278/matches",
          "status": 200,
          "title": "Tennis Europe",
          "length": 22892,
          "signals": {
            "hasMessagePage": false,
            "hasLogin": true,
            "hasCookie": true,
            "hasTournamentId": false,
            "hasPlayerName": false
          },
          "visibleText": "Menu Tennis Europe Back to Tennis Europe Home Tournaments Players Ranking Menu Tennis Europe Search Search Please fill in at least 3 characters Log In Menu Log In 404 - Page not found We can't seem to find the page you are looking for. Try one of the following links: Home Tournaments Players Ranking Partners Account Sign up Log in Contact Contact us Help Centre Social media Home See what's new Coo",
          "links": [
            {
              "url": "https://te.tournamentsoftware.com/",
              "text": "Tennis Europe"
            },
            {
              "url": "https://te.tournamentsoftware.com/",
              "text": "Home"
            },
            {
              "url": "https://te.tournamentsoftware.com/tournaments",
              "text": "Tournaments"
            },
            {
              "url": "https://te.tournamentsoftware.com/find/player",
              "text": "Players"
            },
            {
              "url": "https://te.tournamentsoftware.com/ranking",
              "text": "Ranking"
            }
          ],
          "scripts": [
            "https://www.googletagmanager.com/gtag/js?id=G-B0TEVJ6L9M",
            "https://static.tournamentsoftware.com/Content/scripts/dist/jquery-bundle.js?v=20240430121200",
            "https://static.tournamentsoftware.com/Content/scripts/dist/vendor-bundle.js?v=20240430121200",
            "https://static.tournamentsoftware.com/Content/scripts/dist/functions-bundle.js?v=20260609095358"
          ]
        },
        {
          "url": "https://te.tournamentsoftware.com/api/player/5E353E97-2922-4325-86E9-5649DD0B1278/tournaments",
          "status": 200,
          "title": "Tennis Europe",
          "length": 22912,
          "signals": {
            "hasMessagePage": false,
            "hasLogin": true,
            "hasCookie": true,
            "hasTournamentId": false,
            "hasPlayerName": false
          },
          "visibleText": "Menu Tennis Europe Back to Tennis Europe Home Tournaments Players Ranking Menu Tennis Europe Search Search Please fill in at least 3 characters Log In Menu Log In 404 - Page not found We can't seem to find the page you are looking for. Try one of the following links: Home Tournaments Players Ranking Partners Account Sign up Log in Contact Contact us Help Centre Social media Home See what's new Coo",
          "links": [
            {
              "url": "https://te.tournamentsoftware.com/",
              "text": "Tennis Europe"
            },
            {
              "url": "https://te.tournamentsoftware.com/",
              "text": "Home"
            },
            {
              "url": "https://te.tournamentsoftware.com/tournaments",
              "text": "Tournaments"
            },
            {
              "url": "https://te.tournamentsoftware.com/find/player",
              "text": "Players"
            },
            {
              "url": "https://te.tournamentsoftware.com/ranking",
              "text": "Ranking"
            }
          ],
          "scripts": [
            "https://www.googletagmanager.com/gtag/js?id=G-B0TEVJ6L9M",
            "https://static.tournamentsoftware.com/Content/scripts/dist/jquery-bundle.js?v=20240430121200",
            "https://static.tournamentsoftware.com/Content/scripts/dist/vendor-bundle.js?v=20240430121200",
            "https://static.tournamentsoftware.com/Content/scripts/dist/functions-bundle.js?v=20260609095358"
          ]
        }
      ]
    },
    {
      "player": {
        "playerId": "edoardo-grimoldi",
        "playerName": "Edoardo Grimoldi",
        "id": "DD39851A-1AA9-4599-BD5D-03A476DE1359",
        "url": "https://te.tournamentsoftware.com/player-profile/DD39851A-1AA9-4599-BD5D-03A476DE1359"
      },
      "pages": [
        {
          "url": "https://te.tournamentsoftware.com/player-profile/DD39851A-1AA9-4599-BD5D-03A476DE1359",
          "status": 200,
          "title": "Tennis Europe",
          "length": 14139,
          "signals": {
            "hasMessagePage": true,
            "hasLogin": true,
            "hasCookie": true,
            "hasTournamentId": false,
            "hasPlayerName": true
          },
          "visibleText": "We request permission for the use of cookies and similar technologies, and want to inform you about their use on our website. We collect and process personal data for the following purposes: Basic functionality, Basic analytics, Personalized ads, Social media . You can find more information about the processing of personal data in our Privacy Statement . of &#\" data-val-visualtextinputvalidator-re",
          "links": [
            {
              "url": "https://te.tournamentsoftware.com/support/privacy",
              "text": "Privacy Statement"
            },
            {
              "url": "https://te.tournamentsoftware.com/cookiewall/ViewAdProviders",
              "text": "View ad technology providers"
            },
            {
              "url": "https://te.tournamentsoftware.com/player-profile/DD39851A-1AA9-4599-BD5D-03A476DE1359#removecookies-tips",
              "text": "More"
            },
            {
              "url": "https://support.apple.com/kb/index?q=cookies&src=globalnav_support&type=organic&page=search&locale=en_US",
              "text": "Safari"
            },
            {
              "url": "https://support.mozilla.org/en-US/kb/delete-cookies-remove-info-websites-stored",
              "text": "Firefox"
            }
          ],
          "scripts": [
            "https://static.tournamentsoftware.com/Content/scripts/dist/jquery-bundle.js?v=20240430121200",
            "https://static.tournamentsoftware.com/Content/scripts/dist/vendor-bundle.js?v=20240430121200",
            "https://static.tournamentsoftware.com/Content/scripts/dist/functions-bundle.js?v=20260609095358"
          ]
        },
        {
          "url": "https://www.tournamentsoftware.com/player-profile/DD39851A-1AA9-4599-BD5D-03A476DE1359",
          "status": 200,
          "title": "Tournamentsoftware.com",
          "length": 16199,
          "signals": {
            "hasMessagePage": true,
            "hasLogin": true,
            "hasCookie": true,
            "hasTournamentId": false,
            "hasPlayerName": true
          },
          "visibleText": "Nederlands English (GBR) English (USA) Dansk Svenska We request permission for the use of cookies and similar technologies, and want to inform you about their use on our website. We collect and process personal data for the following purposes: Basic functionality, Basic analytics, Personalized ads, Social media . You can find more information about the processing of personal data in our Privacy St",
          "links": [
            {
              "url": "https://www.tournamentsoftware.com/support/privacy",
              "text": "Privacy Statement"
            },
            {
              "url": "https://www.tournamentsoftware.com/cookiewall/ViewAdProviders",
              "text": "View ad technology providers"
            },
            {
              "url": "https://www.tournamentsoftware.com/player-profile/DD39851A-1AA9-4599-BD5D-03A476DE1359#removecookies-tips",
              "text": "More"
            },
            {
              "url": "https://support.apple.com/kb/index?q=cookies&src=globalnav_support&type=organic&page=search&locale=en_US",
              "text": "Safari"
            },
            {
              "url": "https://support.mozilla.org/en-US/kb/delete-cookies-remove-info-websites-stored",
              "text": "Firefox"
            }
          ],
          "scripts": [
            "https://static.tournamentsoftware.com/Content/scripts/dist/jquery-bundle.js?v=20240430121200",
            "https://static.tournamentsoftware.com/Content/scripts/dist/vendor-bundle.js?v=20240430121200",
            "https://static.tournamentsoftware.com/Content/scripts/dist/functions-bundle.js?v=20260609095358"
          ]
        },
        {
          "url": "https://te.tournamentsoftware.com/player-profile/DD39851A-1AA9-4599-BD5D-03A476DE1359/tournaments",
          "status": 200,
          "title": "Tennis Europe",
          "length": 14151,
          "signals": {
            "hasMessagePage": true,
            "hasLogin": true,
            "hasCookie": true,
            "hasTournamentId": false,
            "hasPlayerName": true
          },
          "visibleText": "We request permission for the use of cookies and similar technologies, and want to inform you about their use on our website. We collect and process personal data for the following purposes: Basic functionality, Basic analytics, Personalized ads, Social media . You can find more information about the processing of personal data in our Privacy Statement . of &#\" data-val-visualtextinputvalidator-re",
          "links": [
            {
              "url": "https://te.tournamentsoftware.com/support/privacy",
              "text": "Privacy Statement"
            },
            {
              "url": "https://te.tournamentsoftware.com/cookiewall/ViewAdProviders",
              "text": "View ad technology providers"
            },
            {
              "url": "https://te.tournamentsoftware.com/player-profile/DD39851A-1AA9-4599-BD5D-03A476DE1359/tournaments#removecookies-tips",
              "text": "More"
            },
            {
              "url": "https://support.apple.com/kb/index?q=cookies&src=globalnav_support&type=organic&page=search&locale=en_US",
              "text": "Safari"
            },
            {
              "url": "https://support.mozilla.org/en-US/kb/delete-cookies-remove-info-websites-stored",
              "text": "Firefox"
            }
          ],
          "scripts": [
            "https://static.tournamentsoftware.com/Content/scripts/dist/jquery-bundle.js?v=20240430121200",
            "https://static.tournamentsoftware.com/Content/scripts/dist/vendor-bundle.js?v=20240430121200",
            "https://static.tournamentsoftware.com/Content/scripts/dist/functions-bundle.js?v=20260609095358"
          ]
        },
        {
          "url": "https://te.tournamentsoftware.com/player-profile/DD39851A-1AA9-4599-BD5D-03A476DE1359/matches",
          "status": 200,
          "title": "Tennis Europe",
          "length": 14147,
          "signals": {
            "hasMessagePage": true,
            "hasLogin": true,
            "hasCookie": true,
            "hasTournamentId": false,
            "hasPlayerName": true
          },
          "visibleText": "We request permission for the use of cookies and similar technologies, and want to inform you about their use on our website. We collect and process personal data for the following purposes: Basic functionality, Basic analytics, Personalized ads, Social media . You can find more information about the processing of personal data in our Privacy Statement . of &#\" data-val-visualtextinputvalidator-re",
          "links": [
            {
              "url": "https://te.tournamentsoftware.com/support/privacy",
              "text": "Privacy Statement"
            },
            {
              "url": "https://te.tournamentsoftware.com/cookiewall/ViewAdProviders",
              "text": "View ad technology providers"
            },
            {
              "url": "https://te.tournamentsoftware.com/player-profile/DD39851A-1AA9-4599-BD5D-03A476DE1359/matches#removecookies-tips",
              "text": "More"
            },
            {
              "url": "https://support.apple.com/kb/index?q=cookies&src=globalnav_support&type=organic&page=search&locale=en_US",
              "text": "Safari"
            },
            {
              "url": "https://support.mozilla.org/en-US/kb/delete-cookies-remove-info-websites-stored",
              "text": "Firefox"
            }
          ],
          "scripts": [
            "https://static.tournamentsoftware.com/Content/scripts/dist/jquery-bundle.js?v=20240430121200",
            "https://static.tournamentsoftware.com/Content/scripts/dist/vendor-bundle.js?v=20240430121200",
            "https://static.tournamentsoftware.com/Content/scripts/dist/functions-bundle.js?v=20260609095358"
          ]
        },
        {
          "url": "https://te.tournamentsoftware.com/sport/player.aspx?id=DD39851A-1AA9-4599-BD5D-03A476DE1359",
          "status": 200,
          "title": "Tennis Europe",
          "length": 14145,
          "signals": {
            "hasMessagePage": true,
            "hasLogin": true,
            "hasCookie": true,
            "hasTournamentId": false,
            "hasPlayerName": true
          },
          "visibleText": "We request permission for the use of cookies and similar technologies, and want to inform you about their use on our website. We collect and process personal data for the following purposes: Basic functionality, Basic analytics, Personalized ads, Social media . You can find more information about the processing of personal data in our Privacy Statement . of &#\" data-val-visualtextinputvalidator-re",
          "links": [
            {
              "url": "https://te.tournamentsoftware.com/support/privacy",
              "text": "Privacy Statement"
            },
            {
              "url": "https://te.tournamentsoftware.com/cookiewall/ViewAdProviders",
              "text": "View ad technology providers"
            },
            {
              "url": "https://te.tournamentsoftware.com/sport/player.aspx?id=DD39851A-1AA9-4599-BD5D-03A476DE1359#removecookies-tips",
              "text": "More"
            },
            {
              "url": "https://support.apple.com/kb/index?q=cookies&src=globalnav_support&type=organic&page=search&locale=en_US",
              "text": "Safari"
            },
            {
              "url": "https://support.mozilla.org/en-US/kb/delete-cookies-remove-info-websites-stored",
              "text": "Firefox"
            }
          ],
          "scripts": [
            "https://static.tournamentsoftware.com/Content/scripts/dist/jquery-bundle.js?v=20240430121200",
            "https://static.tournamentsoftware.com/Content/scripts/dist/vendor-bundle.js?v=20240430121200",
            "https://static.tournamentsoftware.com/Content/scripts/dist/functions-bundle.js?v=20260609095358"
          ]
        },
        {
          "url": "https://te.tournamentsoftware.com/sport/player.aspx?player=DD39851A-1AA9-4599-BD5D-03A476DE1359",
          "status": 200,
          "title": "Tennis Europe",
          "length": 14149,
          "signals": {
            "hasMessagePage": true,
            "hasLogin": true,
            "hasCookie": true,
            "hasTournamentId": false,
            "hasPlayerName": true
          },
          "visibleText": "We request permission for the use of cookies and similar technologies, and want to inform you about their use on our website. We collect and process personal data for the following purposes: Basic functionality, Basic analytics, Personalized ads, Social media . You can find more information about the processing of personal data in our Privacy Statement . of &#\" data-val-visualtextinputvalidator-re",
          "links": [
            {
              "url": "https://te.tournamentsoftware.com/support/privacy",
              "text": "Privacy Statement"
            },
            {
              "url": "https://te.tournamentsoftware.com/cookiewall/ViewAdProviders",
              "text": "View ad technology providers"
            },
            {
              "url": "https://te.tournamentsoftware.com/sport/player.aspx?player=DD39851A-1AA9-4599-BD5D-03A476DE1359#removecookies-tips",
              "text": "More"
            },
            {
              "url": "https://support.apple.com/kb/index?q=cookies&src=globalnav_support&type=organic&page=search&locale=en_US",
              "text": "Safari"
            },
            {
              "url": "https://support.mozilla.org/en-US/kb/delete-cookies-remove-info-websites-stored",
              "text": "Firefox"
            }
          ],
          "scripts": [
            "https://static.tournamentsoftware.com/Content/scripts/dist/jquery-bundle.js?v=20240430121200",
            "https://static.tournamentsoftware.com/Content/scripts/dist/vendor-bundle.js?v=20240430121200",
            "https://static.tournamentsoftware.com/Content/scripts/dist/functions-bundle.js?v=20260609095358"
          ]
        },
        {
          "url": "https://te.tournamentsoftware.com/find/player?q=Edoardo%20Grimoldi",
          "status": 200,
          "title": "Tennis Europe",
          "length": 14120,
          "signals": {
            "hasMessagePage": true,
            "hasLogin": true,
            "hasCookie": true,
            "hasTournamentId": false,
            "hasPlayerName": true
          },
          "visibleText": "We request permission for the use of cookies and similar technologies, and want to inform you about their use on our website. We collect and process personal data for the following purposes: Basic functionality, Basic analytics, Personalized ads, Social media . You can find more information about the processing of personal data in our Privacy Statement . of &#\" data-val-visualtextinputvalidator-re",
          "links": [
            {
              "url": "https://te.tournamentsoftware.com/support/privacy",
              "text": "Privacy Statement"
            },
            {
              "url": "https://te.tournamentsoftware.com/cookiewall/ViewAdProviders",
              "text": "View ad technology providers"
            },
            {
              "url": "https://te.tournamentsoftware.com/find/player?q=Edoardo%20Grimoldi#removecookies-tips",
              "text": "More"
            },
            {
              "url": "https://support.apple.com/kb/index?q=cookies&src=globalnav_support&type=organic&page=search&locale=en_US",
              "text": "Safari"
            },
            {
              "url": "https://support.mozilla.org/en-US/kb/delete-cookies-remove-info-websites-stored",
              "text": "Firefox"
            }
          ],
          "scripts": [
            "https://static.tournamentsoftware.com/Content/scripts/dist/jquery-bundle.js?v=20240430121200",
            "https://static.tournamentsoftware.com/Content/scripts/dist/vendor-bundle.js?v=20240430121200",
            "https://static.tournamentsoftware.com/Content/scripts/dist/functions-bundle.js?v=20260609095358"
          ]
        },
        {
          "url": "https://te.tournamentsoftware.com/api/player-profile/DD39851A-1AA9-4599-BD5D-03A476DE1359",
          "status": 200,
          "title": "Tennis Europe",
          "length": 22882,
          "signals": {
            "hasMessagePage": false,
            "hasLogin": true,
            "hasCookie": true,
            "hasTournamentId": false,
            "hasPlayerName": false
          },
          "visibleText": "Menu Tennis Europe Back to Tennis Europe Home Tournaments Players Ranking Menu Tennis Europe Search Search Please fill in at least 3 characters Log In Menu Log In 404 - Page not found We can't seem to find the page you are looking for. Try one of the following links: Home Tournaments Players Ranking Partners Account Sign up Log in Contact Contact us Help Centre Social media Home See what's new Coo",
          "links": [
            {
              "url": "https://te.tournamentsoftware.com/",
              "text": "Tennis Europe"
            },
            {
              "url": "https://te.tournamentsoftware.com/",
              "text": "Home"
            },
            {
              "url": "https://te.tournamentsoftware.com/tournaments",
              "text": "Tournaments"
            },
            {
              "url": "https://te.tournamentsoftware.com/find/player",
              "text": "Players"
            },
            {
              "url": "https://te.tournamentsoftware.com/ranking",
              "text": "Ranking"
            }
          ],
          "scripts": [
            "https://www.googletagmanager.com/gtag/js?id=G-B0TEVJ6L9M",
            "https://static.tournamentsoftware.com/Content/scripts/dist/jquery-bundle.js?v=20240430121200",
            "https://static.tournamentsoftware.com/Content/scripts/dist/vendor-bundle.js?v=20240430121200",
            "https://static.tournamentsoftware.com/Content/scripts/dist/functions-bundle.js?v=20260609095358"
          ]
        },
        {
          "url": "https://te.tournamentsoftware.com/api/players/DD39851A-1AA9-4599-BD5D-03A476DE1359",
          "status": 200,
          "title": "Tennis Europe",
          "length": 22847,
          "signals": {
            "hasMessagePage": false,
            "hasLogin": true,
            "hasCookie": true,
            "hasTournamentId": false,
            "hasPlayerName": false
          },
          "visibleText": "Menu Tennis Europe Back to Tennis Europe Home Tournaments Players Ranking Menu Tennis Europe Search Search Please fill in at least 3 characters Log In Menu Log In 404 - Page not found We can't seem to find the page you are looking for. Try one of the following links: Home Tournaments Players Ranking Partners Account Sign up Log in Contact Contact us Help Centre Social media Home See what's new Coo",
          "links": [
            {
              "url": "https://te.tournamentsoftware.com/",
              "text": "Tennis Europe"
            },
            {
              "url": "https://te.tournamentsoftware.com/",
              "text": "Home"
            },
            {
              "url": "https://te.tournamentsoftware.com/tournaments",
              "text": "Tournaments"
            },
            {
              "url": "https://te.tournamentsoftware.com/find/player",
              "text": "Players"
            },
            {
              "url": "https://te.tournamentsoftware.com/ranking",
              "text": "Ranking"
            }
          ],
          "scripts": [
            "https://www.googletagmanager.com/gtag/js?id=G-B0TEVJ6L9M",
            "https://static.tournamentsoftware.com/Content/scripts/dist/jquery-bundle.js?v=20240430121200",
            "https://static.tournamentsoftware.com/Content/scripts/dist/vendor-bundle.js?v=20240430121200",
            "https://static.tournamentsoftware.com/Content/scripts/dist/functions-bundle.js?v=20260609095358"
          ]
        },
        {
          "url": "https://te.tournamentsoftware.com/api/player/DD39851A-1AA9-4599-BD5D-03A476DE1359/matches",
          "status": 200,
          "title": "Tennis Europe",
          "length": 22892,
          "signals": {
            "hasMessagePage": false,
            "hasLogin": true,
            "hasCookie": true,
            "hasTournamentId": false,
            "hasPlayerName": false
          },
          "visibleText": "Menu Tennis Europe Back to Tennis Europe Home Tournaments Players Ranking Menu Tennis Europe Search Search Please fill in at least 3 characters Log In Menu Log In 404 - Page not found We can't seem to find the page you are looking for. Try one of the following links: Home Tournaments Players Ranking Partners Account Sign up Log in Contact Contact us Help Centre Social media Home See what's new Coo",
          "links": [
            {
              "url": "https://te.tournamentsoftware.com/",
              "text": "Tennis Europe"
            },
            {
              "url": "https://te.tournamentsoftware.com/",
              "text": "Home"
            },
            {
              "url": "https://te.tournamentsoftware.com/tournaments",
              "text": "Tournaments"
            },
            {
              "url": "https://te.tournamentsoftware.com/find/player",
              "text": "Players"
            },
            {
              "url": "https://te.tournamentsoftware.com/ranking",
              "text": "Ranking"
            }
          ],
          "scripts": [
            "https://www.googletagmanager.com/gtag/js?id=G-B0TEVJ6L9M",
            "https://static.tournamentsoftware.com/Content/scripts/dist/jquery-bundle.js?v=20240430121200",
            "https://static.tournamentsoftware.com/Content/scripts/dist/vendor-bundle.js?v=20240430121200",
            "https://static.tournamentsoftware.com/Content/scripts/dist/functions-bundle.js?v=20260609095358"
          ]
        },
        {
          "url": "https://te.tournamentsoftware.com/api/player/DD39851A-1AA9-4599-BD5D-03A476DE1359/tournaments",
          "status": 200,
          "title": "Tennis Europe",
          "length": 22912,
          "signals": {
            "hasMessagePage": false,
            "hasLogin": true,
            "hasCookie": true,
            "hasTournamentId": false,
            "hasPlayerName": false
          },
          "visibleText": "Menu Tennis Europe Back to Tennis Europe Home Tournaments Players Ranking Menu Tennis Europe Search Search Please fill in at least 3 characters Log In Menu Log In 404 - Page not found We can't seem to find the page you are looking for. Try one of the following links: Home Tournaments Players Ranking Partners Account Sign up Log in Contact Contact us Help Centre Social media Home See what's new Coo",
          "links": [
            {
              "url": "https://te.tournamentsoftware.com/",
              "text": "Tennis Europe"
            },
            {
              "url": "https://te.tournamentsoftware.com/",
              "text": "Home"
            },
            {
              "url": "https://te.tournamentsoftware.com/tournaments",
              "text": "Tournaments"
            },
            {
              "url": "https://te.tournamentsoftware.com/find/player",
              "text": "Players"
            },
            {
              "url": "https://te.tournamentsoftware.com/ranking",
              "text": "Ranking"
            }
          ],
          "scripts": [
            "https://www.googletagmanager.com/gtag/js?id=G-B0TEVJ6L9M",
            "https://static.tournamentsoftware.com/Content/scripts/dist/jquery-bundle.js?v=20240430121200",
            "https://static.tournamentsoftware.com/Content/scripts/dist/vendor-bundle.js?v=20240430121200",
            "https://static.tournamentsoftware.com/Content/scripts/dist/functions-bundle.js?v=20260609095358"
          ]
        }
      ]
    }
  ]
}
exitCode=0
