startedAt=2026-08-13T22:24:17Z
sourceSha=1ffbb2d660d1b85e4e2d16f1de4c866a723e7898
runId=31749761928
province=31
{
  "version": "cw-v3-fitp-province-shard",
  "generatedAt": "2026-08-13T22:24:17.754Z",
  "status": "fitp_province_shard_with_unresolved_saturations",
  "provinceId": "31",
  "source": "One visible GitHub Actions shard per FITP province. Each province shard runs rotating logical windows with 21-day overlap except first historical window; saturated branches auto-split.",
  "coverageFrom": "2025-12-18",
  "coverageUntil": "2028-08-12",
  "branches": 60,
  "queries": 60,
  "tournamentsFound": 18,
  "unresolvedSaturations": 20,
  "regression": {
    "feniceBresciaLomb370": false,
    "rossoniKinderImperia": false,
    "navaKinderMilano3": false
  },
  "errors": []
}
exitCode=2
finishedAt=2026-08-13T22:24:28Z
