startedAt=2026-08-15T10:53:08Z
sourceSha=e8533207b975ec0b754d7a363a210143948ce5e9
runId=31880509917
{
  "version": "cw-v3-fitp-province-sharded-hybrid",
  "generatedAt": "2026-08-15T10:53:08.055Z",
  "status": "fitp_province_sharded_hybrid_complete",
  "source": "One GitHub Actions shard per FITP province, merged with old complete baseline as safety net while province engine is validated. Final dedupe by competitionId.",
  "coverageFrom": "2025-12-18",
  "coverageUntil": "2026-12-20",
  "baseline": {
    "commit": "59f59a8d801baa0f9df5eb2679fbad926f2d75d2",
    "count": 5327,
    "url": "https://raw.githubusercontent.com/png8nftp9y-alt/png8nftp9y-alt.github.io/59f59a8d801baa0f9df5eb2679fbad926f2d75d2/dist/v3/source_fitp_tournaments.json"
  },
  "provinceWindow": {
    "expectedProvinceShards": 107,
    "completedProvinceShards": 107,
    "failedProvinceShards": 0,
    "queries": 4972,
    "tournamentsFound": 4115,
    "addedBeyondBaseline": 267,
    "baselineOnly": 1479
  },
  "queries": 4972,
  "tournamentsFound": 5594,
  "bySource": {
    "TORNEI FITP": 5594
  },
  "byStatus": {
    "finished": 4498,
    "active_or_open": 145,
    "upcoming": 951
  },
  "regression": {
    "feniceBresciaLomb370": {
      "present": true,
      "source": [
        "province_window"
      ]
    },
    "rossoniKinderImperia": {
      "present": true,
      "source": [
        "province_window"
      ]
    },
    "navaKinderMilano3": {
      "present": true,
      "source": [
        "baseline"
      ]
    }
  },
  "quality": {
    "provinceSharded": true,
    "hybridSafety": true,
    "provinceShards": [
      {
        "province": "1",
        "generatedAt": "2026-08-15T10:50:12.776Z",
        "status": "fitp_province_shard_complete",
        "branches": 8,
        "queries": 8,
        "tournamentsFound": 0,
        "unresolvedSaturations": 0,
        "errors": 0,
        "regression": {
          "feniceBresciaLomb370": false,
          "rossoniKinderImperia": false,
          "navaKinderMilano3": false
        }
      },
      {
        "province": "2",
        "generatedAt": "2026-08-15T10:50:15.277Z",
        "status": "fitp_province_shard_with_unresolved_saturations",
        "branches": 34,
        "queries": 34,
        "tournamentsFound": 18,
        "unresolvedSaturations": 5,
        "errors": 0,
        "regression": {
          "feniceBresciaLomb370": false,
          "rossoniKinderImperia": false,
          "navaKinderMilano3": false
        }
      },
      {
        "province": "3",
        "generatedAt": "2026-08-15T10:50:12.919Z",
        "status": "fitp_province_shard_with_unresolved_saturations",
        "branches": 60,
        "queries": 60,
        "tournamentsFound": 37,
        "unresolvedSaturations": 23,
        "errors": 0,
        "regression": {
          "feniceBresciaLomb370": false,
          "rossoniKinderImperia": false,
          "navaKinderMilano3": false
        }
      },
      {
        "province": "4",
        "generatedAt": "2026-08-15T10:50:24.549Z",
        "status": "fitp_province_shard_with_unresolved_saturations",
        "branches": 66,
        "queries": 66,
        "tournamentsFound": 97,
        "unresolvedSaturations": 28,
        "errors": 0,
        "regression": {
          "feniceBresciaLomb370": false,
          "rossoniKinderImperia": false,
          "navaKinderMilano3": false
        }
      },
      {
        "province": "5",
        "generatedAt": "2026-08-15T10:50:13.848Z",
        "status": "fitp_province_shard_with_unresolved_saturations",
        "branches": 46,
        "queries": 46,
        "tournamentsFound": 15,
        "unresolvedSaturations": 13,
        "errors": 0,
        "regression": {
          "feniceBresciaLomb370": false,
          "rossoniKinderImperia": false,
          "navaKinderMilano3": false
        }
      },
      {
        "province": "6",
        "generatedAt": "2026-08-15T10:50:12.338Z",
        "status": "fitp_province_shard_with_unresolved_saturations",
        "branches": 60,
        "queries": 60,
        "tournamentsFound": 70,
        "unresolvedSaturations": 22,
        "errors": 0,
        "regression": {
          "feniceBresciaLomb370": false,
          "rossoniKinderImperia": false,
          "navaKinderMilano3": false
        }
      },
      {
        "province": "7",
        "generatedAt": "2026-08-15T10:50:25.759Z",
        "status": "fitp_province_shard_with_unresolved_saturations",
        "branches": 18,
        "queries": 18,
        "tournamentsFound": 13,
        "unresolvedSaturations": 3,
        "errors": 0,
        "regression": {
          "feniceBresciaLomb370": false,
          "rossoniKinderImperia": false,
          "navaKinderMilano3": false
        }
      },
      {
        "province": "8",
        "generatedAt": "2026-08-15T10:50:12.573Z",
        "status": "fitp_province_shard_with_unresolved_saturations",
        "branches": 48,
        "queries": 48,
        "tournamentsFound": 38,
        "unresolvedSaturations": 19,
        "errors": 0,
        "regression": {
          "feniceBresciaLomb370": false,
          "rossoniKinderImperia": true,
          "navaKinderMilano3": false
        }
      },
      {
        "province": "9",
        "generatedAt": "2026-08-15T10:50:12.557Z",
        "status": "fitp_province_shard_with_unresolved_saturations",
        "branches": 60,
        "queries": 60,
        "tournamentsFound": 80,
        "unresolvedSaturations": 25,
        "errors": 0,
        "regression": {
          "feniceBresciaLomb370": false,
          "rossoniKinderImperia": false,
          "navaKinderMilano3": false
        }
      },
      {
        "province": "10",
        "generatedAt": "2026-08-15T10:50:15.387Z",
        "status": "fitp_province_shard_complete",
        "branches": 8,
        "queries": 8,
        "tournamentsFound": 0,
        "unresolvedSaturations": 0,
        "errors": 0,
        "regression": {
          "feniceBresciaLomb370": false,
          "rossoniKinderImperia": false,
          "navaKinderMilano3": false
        }
      },
      {
        "province": "11",
        "generatedAt": "2026-08-15T10:50:14.255Z",
        "status": "fitp_province_shard_with_unresolved_saturations",
        "branches": 64,
        "queries": 64,
        "tournamentsFound": 30,
        "unresolvedSaturations": 27,
        "errors": 0,
        "regression": {
          "feniceBresciaLomb370": false,
          "rossoniKinderImperia": false,
          "navaKinderMilano3": false
        }
      },
      {
        "province": "12",
        "generatedAt": "2026-08-15T10:50:15.052Z",
        "status": "fitp_province_shard_with_unresolved_saturations",
        "branches": 66,
        "queries": 66,
        "tournamentsFound": 98,
        "unresolvedSaturations": 30,
        "errors": 0,
        "regression": {
          "feniceBresciaLomb370": false,
          "rossoniKinderImperia": false,
          "navaKinderMilano3": false
        }
      },
      {
        "province": "13",
        "generatedAt": "2026-08-15T10:50:34.082Z",
        "status": "fitp_province_shard_with_unresolved_saturations",
        "branches": 66,
        "queries": 66,
        "tournamentsFound": 104,
        "unresolvedSaturations": 30,
        "errors": 0,
        "regression": {
          "feniceBresciaLomb370": false,
          "rossoniKinderImperia": false,
          "navaKinderMilano3": false
        }
      },
      {
        "province": "14",
        "generatedAt": "2026-08-15T10:50:13.406Z",
        "status": "fitp_province_shard_with_unresolved_saturations",
        "branches": 54,
        "queries": 54,
        "tournamentsFound": 23,
        "unresolvedSaturations": 17,
        "errors": 0,
        "regression": {
          "feniceBresciaLomb370": false,
          "rossoniKinderImperia": false,
          "navaKinderMilano3": false
        }
      },
      {
        "province": "15",
        "generatedAt": "2026-08-15T10:50:15.710Z",
        "status": "fitp_province_shard_complete",
        "branches": 8,
        "queries": 8,
        "tournamentsFound": 0,
        "unresolvedSaturations": 0,
        "errors": 0,
        "regression": {
          "feniceBresciaLomb370": false,
          "rossoniKinderImperia": false,
          "navaKinderMilano3": false
        }
      },
      {
        "province": "16",
        "generatedAt": "2026-08-15T10:50:12.697Z",
        "status": "fitp_province_shard_with_unresolved_saturations",
        "branches": 60,
        "queries": 60,
        "tournamentsFound": 108,
        "unresolvedSaturations": 24,
        "errors": 0,
        "regression": {
          "feniceBresciaLomb370": false,
          "rossoniKinderImperia": false,
          "navaKinderMilano3": false
        }
      },
      {
        "province": "17",
        "generatedAt": "2026-08-15T10:50:15.377Z",
        "status": "fitp_province_shard_with_unresolved_saturations",
        "branches": 60,
        "queries": 60,
        "tournamentsFound": 131,
        "unresolvedSaturations": 26,
        "errors": 0,
        "regression": {
          "feniceBresciaLomb370": true,
          "rossoniKinderImperia": false,
          "navaKinderMilano3": false
        }
      },
      {
        "province": "18",
        "generatedAt": "2026-08-15T10:50:13.325Z",
        "status": "fitp_province_shard_with_unresolved_saturations",
        "branches": 64,
        "queries": 64,
        "tournamentsFound": 114,
        "unresolvedSaturations": 25,
        "errors": 0,
        "regression": {
          "feniceBresciaLomb370": false,
          "rossoniKinderImperia": false,
          "navaKinderMilano3": false
        }
      },
      {
        "province": "19",
        "generatedAt": "2026-08-15T10:50:12.425Z",
        "status": "fitp_province_shard_with_unresolved_saturations",
        "branches": 58,
        "queries": 58,
        "tournamentsFound": 78,
        "unresolvedSaturations": 23,
        "errors": 0,
        "regression": {
          "feniceBresciaLomb370": false,
          "rossoniKinderImperia": false,
          "navaKinderMilano3": false
        }
      },
      {
        "province": "20",
        "generatedAt": "2026-08-15T10:50:28.071Z",
        "status": "fitp_province_shard_with_unresolved_saturations",
        "branches": 62,
        "queries": 62,
        "tournamentsFound": 43,
        "unresolvedSaturations": 26,
        "errors": 0,
        "regression": {
          "feniceBresciaLomb370": false,
          "rossoniKinderImperia": false,
          "navaKinderMilano3": false
        }
      },
      {
        "province": "21",
        "generatedAt": "2026-08-15T10:50:34.031Z",
        "status": "fitp_province_shard_with_unresolved_saturations",
        "branches": 52,
        "queries": 52,
        "tournamentsFound": 84,
        "unresolvedSaturations": 20,
        "errors": 0,
        "regression": {
          "feniceBresciaLomb370": false,
          "rossoniKinderImperia": false,
          "navaKinderMilano3": false
        }
      },
      {
        "province": "22",
        "generatedAt": "2026-08-15T10:50:36.516Z",
        "status": "fitp_province_shard_with_unresolved_saturations",
        "branches": 52,
        "queries": 52,
        "tournamentsFound": 71,
        "unresolvedSaturations": 16,
        "errors": 0,
        "regression": {
          "feniceBresciaLomb370": false,
          "rossoniKinderImperia": false,
          "navaKinderMilano3": false
        }
      },
      {
        "province": "23",
        "generatedAt": "2026-08-15T10:50:35.847Z",
        "status": "fitp_province_shard_with_unresolved_saturations",
        "branches": 66,
        "queries": 66,
        "tournamentsFound": 100,
        "unresolvedSaturations": 29,
        "errors": 0,
        "regression": {
          "feniceBresciaLomb370": false,
          "rossoniKinderImperia": false,
          "navaKinderMilano3": false
        }
      },
      {
        "province": "24",
        "generatedAt": "2026-08-15T10:50:37.407Z",
        "status": "fitp_province_shard_with_unresolved_saturations",
        "branches": 66,
        "queries": 66,
        "tournamentsFound": 73,
        "unresolvedSaturations": 29,
        "errors": 0,
        "regression": {
          "feniceBresciaLomb370": false,
          "rossoniKinderImperia": false,
          "navaKinderMilano3": false
        }
      },
      {
        "province": "25",
        "generatedAt": "2026-08-15T10:50:35.391Z",
        "status": "fitp_province_shard_with_unresolved_saturations",
        "branches": 48,
        "queries": 48,
        "tournamentsFound": 12,
        "unresolvedSaturations": 13,
        "errors": 0,
        "regression": {
          "feniceBresciaLomb370": false,
          "rossoniKinderImperia": false,
          "navaKinderMilano3": false
        }
      },
      {
        "province": "26",
        "generatedAt": "2026-08-15T10:50:39.365Z",
        "status": "fitp_province_shard_with_unresolved_saturations",
        "branches": 64,
        "queries": 64,
        "tournamentsFound": 87,
        "unresolvedSaturations": 27,
        "errors": 0,
        "regression": {
          "feniceBresciaLomb370": false,
          "rossoniKinderImperia": false,
          "navaKinderMilano3": false
        }
      },
      {
        "province": "27",
        "generatedAt": "2026-08-15T10:50:38.576Z",
        "status": "fitp_province_shard_complete",
        "branches": 8,
        "queries": 8,
        "tournamentsFound": 0,
        "unresolvedSaturations": 0,
        "errors": 0,
        "regression": {
          "feniceBresciaLomb370": false,
          "rossoniKinderImperia": false,
          "navaKinderMilano3": false
        }
      },
      {
        "province": "28",
        "generatedAt": "2026-08-15T10:50:40.146Z",
        "status": "fitp_province_shard_with_unresolved_saturations",
        "branches": 64,
        "queries": 64,
        "tournamentsFound": 81,
        "unresolvedSaturations": 28,
        "errors": 0,
        "regression": {
          "feniceBresciaLomb370": false,
          "rossoniKinderImperia": false,
          "navaKinderMilano3": false
        }
      },
      {
        "province": "29",
        "generatedAt": "2026-08-15T10:50:40.682Z",
        "status": "fitp_province_shard_with_unresolved_saturations",
        "branches": 50,
        "queries": 50,
        "tournamentsFound": 30,
        "unresolvedSaturations": 14,
        "errors": 0,
        "regression": {
          "feniceBresciaLomb370": false,
          "rossoniKinderImperia": false,
          "navaKinderMilano3": false
        }
      },
      {
        "province": "30",
        "generatedAt": "2026-08-15T10:50:39.915Z",
        "status": "fitp_province_shard_with_unresolved_saturations",
        "branches": 58,
        "queries": 58,
        "tournamentsFound": 29,
        "unresolvedSaturations": 21,
        "errors": 0,
        "regression": {
          "feniceBresciaLomb370": false,
          "rossoniKinderImperia": false,
          "navaKinderMilano3": false
        }
      },
      {
        "province": "31",
        "generatedAt": "2026-08-15T10:50:41.690Z",
        "status": "fitp_province_shard_with_unresolved_saturations",
        "branches": 60,
        "queries": 60,
        "tournamentsFound": 18,
        "unresolvedSaturations": 20,
        "errors": 0,
        "regression": {
          "feniceBresciaLomb370": false,
          "rossoniKinderImperia": false,
          "navaKinderMilano3": false
        }
      },
      {
        "province": "32",
        "generatedAt": "2026-08-15T10:50:42.590Z",
        "status": "fitp_province_shard_with_unresolved_saturations",
        "branches": 60,
        "queries": 60,
        "tournamentsFound": 24,
        "unresolvedSaturations": 22,
        "errors": 0,
        "regression": {
          "feniceBresciaLomb370": false,
          "rossoniKinderImperia": false,
          "navaKinderMilano3": false
        }
      },
      {
        "province": "33",
        "generatedAt": "2026-08-15T10:50:53.429Z",
        "status": "fitp_province_shard_with_unresolved_saturations",
        "branches": 62,
        "queries": 62,
        "tournamentsFound": 45,
        "unresolvedSaturations": 23,
        "errors": 0,
        "regression": {
          "feniceBresciaLomb370": false,
          "rossoniKinderImperia": false,
          "navaKinderMilano3": false
        }
      },
      {
        "province": "34",
        "generatedAt": "2026-08-15T10:50:47.759Z",
        "status": "fitp_province_shard_with_unresolved_saturations",
        "branches": 64,
        "queries": 64,
        "tournamentsFound": 38,
        "unresolvedSaturations": 28,
        "errors": 0,
        "regression": {
          "feniceBresciaLomb370": false,
          "rossoniKinderImperia": false,
          "navaKinderMilano3": false
        }
      },
      {
        "province": "35",
        "generatedAt": "2026-08-15T10:50:50.485Z",
        "status": "fitp_province_shard_with_unresolved_saturations",
        "branches": 66,
        "queries": 66,
        "tournamentsFound": 96,
        "unresolvedSaturations": 30,
        "errors": 0,
        "regression": {
          "feniceBresciaLomb370": false,
          "rossoniKinderImperia": false,
          "navaKinderMilano3": false
        }
      },
      {
        "province": "36",
        "generatedAt": "2026-08-15T10:50:58.197Z",
        "status": "fitp_province_shard_with_unresolved_saturations",
        "branches": 64,
        "queries": 64,
        "tournamentsFound": 72,
        "unresolvedSaturations": 27,
        "errors": 0,
        "regression": {
          "feniceBresciaLomb370": false,
          "rossoniKinderImperia": false,
          "navaKinderMilano3": false
        }
      },
      {
        "province": "37",
        "generatedAt": "2026-08-15T10:50:59.978Z",
        "status": "fitp_province_shard_complete",
        "branches": 8,
        "queries": 8,
        "tournamentsFound": 0,
        "unresolvedSaturations": 0,
        "errors": 0,
        "regression": {
          "feniceBresciaLomb370": false,
          "rossoniKinderImperia": false,
          "navaKinderMilano3": false
        }
      },
      {
        "province": "38",
        "generatedAt": "2026-08-15T10:50:55.806Z",
        "status": "fitp_province_shard_with_unresolved_saturations",
        "branches": 60,
        "queries": 60,
        "tournamentsFound": 29,
        "unresolvedSaturations": 25,
        "errors": 0,
        "regression": {
          "feniceBresciaLomb370": false,
          "rossoniKinderImperia": false,
          "navaKinderMilano3": false
        }
      },
      {
        "province": "39",
        "generatedAt": "2026-08-15T10:51:07.053Z",
        "status": "fitp_province_shard_with_unresolved_saturations",
        "branches": 66,
        "queries": 66,
        "tournamentsFound": 67,
        "unresolvedSaturations": 29,
        "errors": 0,
        "regression": {
          "feniceBresciaLomb370": false,
          "rossoniKinderImperia": false,
          "navaKinderMilano3": false
        }
      },
      {
        "province": "40",
        "generatedAt": "2026-08-15T10:51:07.532Z",
        "status": "fitp_province_shard_with_unresolved_saturations",
        "branches": 64,
        "queries": 64,
        "tournamentsFound": 61,
        "unresolvedSaturations": 28,
        "errors": 0,
        "regression": {
          "feniceBresciaLomb370": false,
          "rossoniKinderImperia": false,
          "navaKinderMilano3": false
        }
      },
      {
        "province": "41",
        "generatedAt": "2026-08-15T10:51:08.669Z",
        "status": "fitp_province_shard_with_unresolved_saturations",
        "branches": 50,
        "queries": 50,
        "tournamentsFound": 46,
        "unresolvedSaturations": 18,
        "errors": 0,
        "regression": {
          "feniceBresciaLomb370": false,
          "rossoniKinderImperia": false,
          "navaKinderMilano3": false
        }
      },
      {
        "province": "42",
        "generatedAt": "2026-08-15T10:51:10.157Z",
        "status": "fitp_province_shard_with_unresolved_saturations",
        "branches": 50,
        "queries": 50,
        "tournamentsFound": 53,
        "unresolvedSaturations": 17,
        "errors": 0,
        "regression": {
          "feniceBresciaLomb370": false,
          "rossoniKinderImperia": false,
          "navaKinderMilano3": false
        }
      },
      {
        "province": "43",
        "generatedAt": "2026-08-15T10:51:14.071Z",
        "status": "fitp_province_shard_with_unresolved_saturations",
        "branches": 56,
        "queries": 56,
        "tournamentsFound": 30,
        "unresolvedSaturations": 17,
        "errors": 0,
        "regression": {
          "feniceBresciaLomb370": false,
          "rossoniKinderImperia": false,
          "navaKinderMilano3": false
        }
      },
      {
        "province": "44",
        "generatedAt": "2026-08-15T10:51:10.823Z",
        "status": "fitp_province_shard_with_unresolved_saturations",
        "branches": 46,
        "queries": 46,
        "tournamentsFound": 27,
        "unresolvedSaturations": 13,
        "errors": 0,
        "regression": {
          "feniceBresciaLomb370": false,
          "rossoniKinderImperia": false,
          "navaKinderMilano3": false
        }
      },
      {
        "province": "45",
        "generatedAt": "2026-08-15T10:51:14.515Z",
        "status": "fitp_province_shard_with_unresolved_saturations",
        "branches": 60,
        "queries": 60,
        "tournamentsFound": 83,
        "unresolvedSaturations": 26,
        "errors": 0,
        "regression": {
          "feniceBresciaLomb370": false,
          "rossoniKinderImperia": false,
          "navaKinderMilano3": false
        }
      },
      {
        "province": "46",
        "generatedAt": "2026-08-15T10:51:10.380Z",
        "status": "fitp_province_shard_with_unresolved_saturations",
        "branches": 62,
        "queries": 62,
        "tournamentsFound": 28,
        "unresolvedSaturations": 24,
        "errors": 0,
        "regression": {
          "feniceBresciaLomb370": false,
          "rossoniKinderImperia": false,
          "navaKinderMilano3": false
        }
      },
      {
        "province": "47",
        "generatedAt": "2026-08-15T10:51:12.035Z",
        "status": "fitp_province_shard_with_unresolved_saturations",
        "branches": 46,
        "queries": 46,
        "tournamentsFound": 27,
        "unresolvedSaturations": 15,
        "errors": 0,
        "regression": {
          "feniceBresciaLomb370": false,
          "rossoniKinderImperia": false,
          "navaKinderMilano3": false
        }
      },
      {
        "province": "48",
        "generatedAt": "2026-08-15T10:51:12.280Z",
        "status": "fitp_province_shard_complete",
        "branches": 8,
        "queries": 8,
        "tournamentsFound": 0,
        "unresolvedSaturations": 0,
        "errors": 0,
        "regression": {
          "feniceBresciaLomb370": false,
          "rossoniKinderImperia": false,
          "navaKinderMilano3": false
        }
      },
      {
        "province": "49",
        "generatedAt": "2026-08-15T10:51:13.772Z",
        "status": "fitp_province_shard_with_unresolved_saturations",
        "branches": 40,
        "queries": 40,
        "tournamentsFound": 42,
        "unresolvedSaturations": 13,
        "errors": 0,
        "regression": {
          "feniceBresciaLomb370": false,
          "rossoniKinderImperia": false,
          "navaKinderMilano3": false
        }
      },
      {
        "province": "50",
        "generatedAt": "2026-08-15T10:51:17.072Z",
        "status": "fitp_province_shard_with_unresolved_saturations",
        "branches": 62,
        "queries": 62,
        "tournamentsFound": 46,
        "unresolvedSaturations": 24,
        "errors": 0,
        "regression": {
          "feniceBresciaLomb370": false,
          "rossoniKinderImperia": false,
          "navaKinderMilano3": false
        }
      },
      {
        "province": "51",
        "generatedAt": "2026-08-15T10:51:18.543Z",
        "status": "fitp_province_shard_with_unresolved_saturations",
        "branches": 64,
        "queries": 64,
        "tournamentsFound": 54,
        "unresolvedSaturations": 24,
        "errors": 0,
        "regression": {
          "feniceBresciaLomb370": false,
          "rossoniKinderImperia": false,
          "navaKinderMilano3": false
        }
      },
      {
        "province": "52",
        "generatedAt": "2026-08-15T10:51:17.159Z",
        "status": "fitp_province_shard_with_unresolved_saturations",
        "branches": 56,
        "queries": 56,
        "tournamentsFound": 45,
        "unresolvedSaturations": 20,
        "errors": 0,
        "regression": {
          "feniceBresciaLomb370": false,
          "rossoniKinderImperia": false,
          "navaKinderMilano3": false
        }
      },
      {
        "province": "53",
        "generatedAt": "2026-08-15T10:51:26.607Z",
        "status": "fitp_province_shard_with_unresolved_saturations",
        "branches": 48,
        "queries": 48,
        "tournamentsFound": 29,
        "unresolvedSaturations": 18,
        "errors": 0,
        "regression": {
          "feniceBresciaLomb370": false,
          "rossoniKinderImperia": false,
          "navaKinderMilano3": false
        }
      },
      {
        "province": "54",
        "generatedAt": "2026-08-15T10:51:25.297Z",
        "status": "fitp_province_shard_with_unresolved_saturations",
        "branches": 64,
        "queries": 64,
        "tournamentsFound": 113,
        "unresolvedSaturations": 27,
        "errors": 0,
        "regression": {
          "feniceBresciaLomb370": false,
          "rossoniKinderImperia": false,
          "navaKinderMilano3": false
        }
      },
      {
        "province": "55",
        "generatedAt": "2026-08-15T10:51:35.085Z",
        "status": "fitp_province_shard_with_unresolved_saturations",
        "branches": 44,
        "queries": 44,
        "tournamentsFound": 47,
        "unresolvedSaturations": 10,
        "errors": 0,
        "regression": {
          "feniceBresciaLomb370": false,
          "rossoniKinderImperia": false,
          "navaKinderMilano3": false
        }
      },
      {
        "province": "56",
        "generatedAt": "2026-08-15T10:51:33.713Z",
        "status": "fitp_province_shard_with_unresolved_saturations",
        "branches": 66,
        "queries": 66,
        "tournamentsFound": 51,
        "unresolvedSaturations": 29,
        "errors": 0,
        "regression": {
          "feniceBresciaLomb370": false,
          "rossoniKinderImperia": false,
          "navaKinderMilano3": false
        }
      },
      {
        "province": "57",
        "generatedAt": "2026-08-15T10:51:33.200Z",
        "status": "fitp_province_shard_with_unresolved_saturations",
        "branches": 34,
        "queries": 34,
        "tournamentsFound": 17,
        "unresolvedSaturations": 6,
        "errors": 0,
        "regression": {
          "feniceBresciaLomb370": false,
          "rossoniKinderImperia": false,
          "navaKinderMilano3": false
        }
      },
      {
        "province": "58",
        "generatedAt": "2026-08-15T10:51:34.404Z",
        "status": "fitp_province_shard_complete",
        "branches": 8,
        "queries": 8,
        "tournamentsFound": 0,
        "unresolvedSaturations": 0,
        "errors": 0,
        "regression": {
          "feniceBresciaLomb370": false,
          "rossoniKinderImperia": false,
          "navaKinderMilano3": false
        }
      },
      {
        "province": "59",
        "generatedAt": "2026-08-15T10:51:36.206Z",
        "status": "fitp_province_shard_with_unresolved_saturations",
        "branches": 62,
        "queries": 62,
        "tournamentsFound": 55,
        "unresolvedSaturations": 25,
        "errors": 0,
        "regression": {
          "feniceBresciaLomb370": false,
          "rossoniKinderImperia": false,
          "navaKinderMilano3": false
        }
      },
      {
        "province": "60",
        "generatedAt": "2026-08-15T10:51:41.026Z",
        "status": "fitp_province_shard_with_unresolved_saturations",
        "branches": 52,
        "queries": 52,
        "tournamentsFound": 37,
        "unresolvedSaturations": 14,
        "errors": 0,
        "regression": {
          "feniceBresciaLomb370": false,
          "rossoniKinderImperia": false,
          "navaKinderMilano3": false
        }
      },
      {
        "province": "61",
        "generatedAt": "2026-08-15T10:51:39.728Z",
        "status": "fitp_province_shard_with_unresolved_saturations",
        "branches": 46,
        "queries": 46,
        "tournamentsFound": 26,
        "unresolvedSaturations": 11,
        "errors": 0,
        "regression": {
          "feniceBresciaLomb370": false,
          "rossoniKinderImperia": false,
          "navaKinderMilano3": false
        }
      },
      {
        "province": "62",
        "generatedAt": "2026-08-15T10:51:37.062Z",
        "status": "fitp_province_shard_with_unresolved_saturations",
        "branches": 46,
        "queries": 46,
        "tournamentsFound": 11,
        "unresolvedSaturations": 9,
        "errors": 0,
        "regression": {
          "feniceBresciaLomb370": false,
          "rossoniKinderImperia": false,
          "navaKinderMilano3": false
        }
      },
      {
        "province": "63",
        "generatedAt": "2026-08-15T10:51:38.853Z",
        "status": "fitp_province_shard_complete",
        "branches": 8,
        "queries": 8,
        "tournamentsFound": 0,
        "unresolvedSaturations": 0,
        "errors": 0,
        "regression": {
          "feniceBresciaLomb370": false,
          "rossoniKinderImperia": false,
          "navaKinderMilano3": false
        }
      },
      {
        "province": "64",
        "generatedAt": "2026-08-15T10:51:40.831Z",
        "status": "fitp_province_shard_with_unresolved_saturations",
        "branches": 44,
        "queries": 44,
        "tournamentsFound": 12,
        "unresolvedSaturations": 12,
        "errors": 0,
        "regression": {
          "feniceBresciaLomb370": false,
          "rossoniKinderImperia": false,
          "navaKinderMilano3": false
        }
      },
      {
        "province": "65",
        "generatedAt": "2026-08-15T10:51:41.342Z",
        "status": "fitp_province_shard_with_unresolved_saturations",
        "branches": 60,
        "queries": 60,
        "tournamentsFound": 51,
        "unresolvedSaturations": 26,
        "errors": 0,
        "regression": {
          "feniceBresciaLomb370": false,
          "rossoniKinderImperia": false,
          "navaKinderMilano3": false
        }
      },
      {
        "province": "66",
        "generatedAt": "2026-08-15T10:51:48.431Z",
        "status": "fitp_province_shard_with_unresolved_saturations",
        "branches": 46,
        "queries": 46,
        "tournamentsFound": 26,
        "unresolvedSaturations": 13,
        "errors": 0,
        "regression": {
          "feniceBresciaLomb370": false,
          "rossoniKinderImperia": false,
          "navaKinderMilano3": false
        }
      },
      {
        "province": "67",
        "generatedAt": "2026-08-15T10:51:50.309Z",
        "status": "fitp_province_shard_with_unresolved_saturations",
        "branches": 44,
        "queries": 44,
        "tournamentsFound": 35,
        "unresolvedSaturations": 12,
        "errors": 0,
        "regression": {
          "feniceBresciaLomb370": false,
          "rossoniKinderImperia": false,
          "navaKinderMilano3": false
        }
      },
      {
        "province": "68",
        "generatedAt": "2026-08-15T10:51:48.331Z",
        "status": "fitp_province_shard_with_unresolved_saturations",
        "branches": 62,
        "queries": 62,
        "tournamentsFound": 53,
        "unresolvedSaturations": 26,
        "errors": 0,
        "regression": {
          "feniceBresciaLomb370": false,
          "rossoniKinderImperia": false,
          "navaKinderMilano3": false
        }
      },
      {
        "province": "69",
        "generatedAt": "2026-08-15T10:51:49.679Z",
        "status": "fitp_province_shard_with_unresolved_saturations",
        "branches": 54,
        "queries": 54,
        "tournamentsFound": 22,
        "unresolvedSaturations": 20,
        "errors": 0,
        "regression": {
          "feniceBresciaLomb370": false,
          "rossoniKinderImperia": false,
          "navaKinderMilano3": false
        }
      },
      {
        "province": "70",
        "generatedAt": "2026-08-15T10:51:49.519Z",
        "status": "fitp_province_shard_with_unresolved_saturations",
        "branches": 18,
        "queries": 18,
        "tournamentsFound": 19,
        "unresolvedSaturations": 3,
        "errors": 0,
        "regression": {
          "feniceBresciaLomb370": false,
          "rossoniKinderImperia": false,
          "navaKinderMilano3": false
        }
      },
      {
        "province": "71",
        "generatedAt": "2026-08-15T10:51:52.882Z",
        "status": "fitp_province_shard_with_unresolved_saturations",
        "branches": 54,
        "queries": 54,
        "tournamentsFound": 13,
        "unresolvedSaturations": 18,
        "errors": 0,
        "regression": {
          "feniceBresciaLomb370": false,
          "rossoniKinderImperia": false,
          "navaKinderMilano3": false
        }
      },
      {
        "province": "72",
        "generatedAt": "2026-08-15T10:51:54.205Z",
        "status": "fitp_province_shard_complete",
        "branches": 8,
        "queries": 8,
        "tournamentsFound": 0,
        "unresolvedSaturations": 0,
        "errors": 0,
        "regression": {
          "feniceBresciaLomb370": false,
          "rossoniKinderImperia": false,
          "navaKinderMilano3": false
        }
      },
      {
        "province": "73",
        "generatedAt": "2026-08-15T10:51:58.419Z",
        "status": "fitp_province_shard_with_unresolved_saturations",
        "branches": 58,
        "queries": 58,
        "tournamentsFound": 31,
        "unresolvedSaturations": 17,
        "errors": 0,
        "regression": {
          "feniceBresciaLomb370": false,
          "rossoniKinderImperia": false,
          "navaKinderMilano3": false
        }
      },
      {
        "province": "74",
        "generatedAt": "2026-08-15T10:52:00.528Z",
        "status": "fitp_province_shard_with_unresolved_saturations",
        "branches": 56,
        "queries": 56,
        "tournamentsFound": 32,
        "unresolvedSaturations": 21,
        "errors": 0,
        "regression": {
          "feniceBresciaLomb370": false,
          "rossoniKinderImperia": false,
          "navaKinderMilano3": false
        }
      },
      {
        "province": "75",
        "generatedAt": "2026-08-15T10:52:03.926Z",
        "status": "fitp_province_shard_with_unresolved_saturations",
        "branches": 56,
        "queries": 56,
        "tournamentsFound": 49,
        "unresolvedSaturations": 22,
        "errors": 0,
        "regression": {
          "feniceBresciaLomb370": false,
          "rossoniKinderImperia": false,
          "navaKinderMilano3": false
        }
      },
      {
        "province": "76",
        "generatedAt": "2026-08-15T10:52:06.519Z",
        "status": "fitp_province_shard_with_unresolved_saturations",
        "branches": 40,
        "queries": 40,
        "tournamentsFound": 22,
        "unresolvedSaturations": 10,
        "errors": 0,
        "regression": {
          "feniceBresciaLomb370": false,
          "rossoniKinderImperia": false,
          "navaKinderMilano3": false
        }
      },
      {
        "province": "77",
        "generatedAt": "2026-08-15T10:52:03.390Z",
        "status": "fitp_province_shard_with_unresolved_saturations",
        "branches": 46,
        "queries": 46,
        "tournamentsFound": 13,
        "unresolvedSaturations": 14,
        "errors": 0,
        "regression": {
          "feniceBresciaLomb370": false,
          "rossoniKinderImperia": false,
          "navaKinderMilano3": false
        }
      },
      {
        "province": "78",
        "generatedAt": "2026-08-15T10:52:04.473Z",
        "status": "fitp_province_shard_with_unresolved_saturations",
        "branches": 56,
        "queries": 56,
        "tournamentsFound": 46,
        "unresolvedSaturations": 18,
        "errors": 0,
        "regression": {
          "feniceBresciaLomb370": false,
          "rossoniKinderImperia": false,
          "navaKinderMilano3": false
        }
      },
      {
        "province": "79",
        "generatedAt": "2026-08-15T10:52:04.130Z",
        "status": "fitp_province_shard_with_unresolved_saturations",
        "branches": 44,
        "queries": 44,
        "tournamentsFound": 17,
        "unresolvedSaturations": 8,
        "errors": 0,
        "regression": {
          "feniceBresciaLomb370": false,
          "rossoniKinderImperia": false,
          "navaKinderMilano3": false
        }
      },
      {
        "province": "80",
        "generatedAt": "2026-08-15T10:52:07.916Z",
        "status": "fitp_province_shard_complete",
        "branches": 8,
        "queries": 8,
        "tournamentsFound": 0,
        "unresolvedSaturations": 0,
        "errors": 0,
        "regression": {
          "feniceBresciaLomb370": false,
          "rossoniKinderImperia": false,
          "navaKinderMilano3": false
        }
      },
      {
        "province": "81",
        "generatedAt": "2026-08-15T10:52:07.109Z",
        "status": "fitp_province_shard_with_unresolved_saturations",
        "branches": 40,
        "queries": 40,
        "tournamentsFound": 26,
        "unresolvedSaturations": 10,
        "errors": 0,
        "regression": {
          "feniceBresciaLomb370": false,
          "rossoniKinderImperia": false,
          "navaKinderMilano3": false
        }
      },
      {
        "province": "82",
        "generatedAt": "2026-08-15T10:52:10.445Z",
        "status": "fitp_province_shard_complete",
        "branches": 8,
        "queries": 8,
        "tournamentsFound": 0,
        "unresolvedSaturations": 0,
        "errors": 0,
        "regression": {
          "feniceBresciaLomb370": false,
          "rossoniKinderImperia": false,
          "navaKinderMilano3": false
        }
      },
      {
        "province": "83",
        "generatedAt": "2026-08-15T10:52:15.979Z",
        "status": "fitp_province_shard_complete",
        "branches": 8,
        "queries": 8,
        "tournamentsFound": 0,
        "unresolvedSaturations": 0,
        "errors": 0,
        "regression": {
          "feniceBresciaLomb370": false,
          "rossoniKinderImperia": false,
          "navaKinderMilano3": false
        }
      },
      {
        "province": "84",
        "generatedAt": "2026-08-15T10:52:11.605Z",
        "status": "fitp_province_shard_with_unresolved_saturations",
        "branches": 56,
        "queries": 56,
        "tournamentsFound": 23,
        "unresolvedSaturations": 19,
        "errors": 0,
        "regression": {
          "feniceBresciaLomb370": false,
          "rossoniKinderImperia": false,
          "navaKinderMilano3": false
        }
      },
      {
        "province": "85",
        "generatedAt": "2026-08-15T10:52:14.249Z",
        "status": "fitp_province_shard_with_unresolved_saturations",
        "branches": 46,
        "queries": 46,
        "tournamentsFound": 22,
        "unresolvedSaturations": 10,
        "errors": 0,
        "regression": {
          "feniceBresciaLomb370": false,
          "rossoniKinderImperia": false,
          "navaKinderMilano3": false
        }
      },
      {
        "province": "86",
        "generatedAt": "2026-08-15T10:52:13.442Z",
        "status": "fitp_province_shard_with_unresolved_saturations",
        "branches": 26,
        "queries": 26,
        "tournamentsFound": 9,
        "unresolvedSaturations": 2,
        "errors": 0,
        "regression": {
          "feniceBresciaLomb370": false,
          "rossoniKinderImperia": false,
          "navaKinderMilano3": false
        }
      },
      {
        "province": "87",
        "generatedAt": "2026-08-15T10:52:15.789Z",
        "status": "fitp_province_shard_complete",
        "branches": 8,
        "queries": 8,
        "tournamentsFound": 0,
        "unresolvedSaturations": 0,
        "errors": 0,
        "regression": {
          "feniceBresciaLomb370": false,
          "rossoniKinderImperia": false,
          "navaKinderMilano3": false
        }
      },
      {
        "province": "88",
        "generatedAt": "2026-08-15T10:52:19.243Z",
        "status": "fitp_province_shard_with_unresolved_saturations",
        "branches": 52,
        "queries": 52,
        "tournamentsFound": 35,
        "unresolvedSaturations": 11,
        "errors": 0,
        "regression": {
          "feniceBresciaLomb370": false,
          "rossoniKinderImperia": false,
          "navaKinderMilano3": false
        }
      },
      {
        "province": "89",
        "generatedAt": "2026-08-15T10:52:21.461Z",
        "status": "fitp_province_shard_with_unresolved_saturations",
        "branches": 62,
        "queries": 62,
        "tournamentsFound": 39,
        "unresolvedSaturations": 20,
        "errors": 0,
        "regression": {
          "feniceBresciaLomb370": false,
          "rossoniKinderImperia": false,
          "navaKinderMilano3": false
        }
      },
      {
        "province": "90",
        "generatedAt": "2026-08-15T10:52:23.970Z",
        "status": "fitp_province_shard_with_unresolved_saturations",
        "branches": 50,
        "queries": 50,
        "tournamentsFound": 44,
        "unresolvedSaturations": 17,
        "errors": 0,
        "regression": {
          "feniceBresciaLomb370": false,
          "rossoniKinderImperia": false,
          "navaKinderMilano3": false
        }
      },
      {
        "province": "91",
        "generatedAt": "2026-08-15T10:52:23.008Z",
        "status": "fitp_province_shard_with_unresolved_saturations",
        "branches": 40,
        "queries": 40,
        "tournamentsFound": 11,
        "unresolvedSaturations": 10,
        "errors": 0,
        "regression": {
          "feniceBresciaLomb370": false,
          "rossoniKinderImperia": false,
          "navaKinderMilano3": false
        }
      },
      {
        "province": "92",
        "generatedAt": "2026-08-15T10:52:25.056Z",
        "status": "fitp_province_shard_complete",
        "branches": 8,
        "queries": 8,
        "tournamentsFound": 0,
        "unresolvedSaturations": 0,
        "errors": 0,
        "regression": {
          "feniceBresciaLomb370": false,
          "rossoniKinderImperia": false,
          "navaKinderMilano3": false
        }
      },
      {
        "province": "93",
        "generatedAt": "2026-08-15T10:52:27.067Z",
        "status": "fitp_province_shard_with_unresolved_saturations",
        "branches": 44,
        "queries": 44,
        "tournamentsFound": 31,
        "unresolvedSaturations": 13,
        "errors": 0,
        "regression": {
          "feniceBresciaLomb370": false,
          "rossoniKinderImperia": false,
          "navaKinderMilano3": false
        }
      },
      {
        "province": "94",
        "generatedAt": "2026-08-15T10:52:30.997Z",
        "status": "fitp_province_shard_complete",
        "branches": 8,
        "queries": 8,
        "tournamentsFound": 2,
        "unresolvedSaturations": 0,
        "errors": 0,
        "regression": {
          "feniceBresciaLomb370": false,
          "rossoniKinderImperia": false,
          "navaKinderMilano3": false
        }
      },
      {
        "province": "95",
        "generatedAt": "2026-08-15T10:52:30.308Z",
        "status": "fitp_province_shard_with_unresolved_saturations",
        "branches": 30,
        "queries": 30,
        "tournamentsFound": 9,
        "unresolvedSaturations": 6,
        "errors": 0,
        "regression": {
          "feniceBresciaLomb370": false,
          "rossoniKinderImperia": false,
          "navaKinderMilano3": false
        }
      },
      {
        "province": "96",
        "generatedAt": "2026-08-15T10:52:29.636Z",
        "status": "fitp_province_shard_with_unresolved_saturations",
        "branches": 44,
        "queries": 44,
        "tournamentsFound": 16,
        "unresolvedSaturations": 13,
        "errors": 0,
        "regression": {
          "feniceBresciaLomb370": false,
          "rossoniKinderImperia": false,
          "navaKinderMilano3": false
        }
      },
      {
        "province": "97",
        "generatedAt": "2026-08-15T10:52:28.333Z",
        "status": "fitp_province_shard_with_unresolved_saturations",
        "branches": 66,
        "queries": 66,
        "tournamentsFound": 47,
        "unresolvedSaturations": 30,
        "errors": 0,
        "regression": {
          "feniceBresciaLomb370": false,
          "rossoniKinderImperia": false,
          "navaKinderMilano3": false
        }
      },
      {
        "province": "98",
        "generatedAt": "2026-08-15T10:52:30.893Z",
        "status": "fitp_province_shard_with_unresolved_saturations",
        "branches": 52,
        "queries": 52,
        "tournamentsFound": 37,
        "unresolvedSaturations": 21,
        "errors": 0,
        "regression": {
          "feniceBresciaLomb370": false,
          "rossoniKinderImperia": false,
          "navaKinderMilano3": false
        }
      },
      {
        "province": "99",
        "generatedAt": "2026-08-15T10:52:33.834Z",
        "status": "fitp_province_shard_with_unresolved_saturations",
        "branches": 58,
        "queries": 58,
        "tournamentsFound": 84,
        "unresolvedSaturations": 21,
        "errors": 0,
        "regression": {
          "feniceBresciaLomb370": false,
          "rossoniKinderImperia": false,
          "navaKinderMilano3": false
        }
      },
      {
        "province": "100",
        "generatedAt": "2026-08-15T10:52:34.147Z",
        "status": "fitp_province_shard_with_unresolved_saturations",
        "branches": 56,
        "queries": 56,
        "tournamentsFound": 13,
        "unresolvedSaturations": 18,
        "errors": 0,
        "regression": {
          "feniceBresciaLomb370": false,
          "rossoniKinderImperia": false,
          "navaKinderMilano3": false
        }
      },
      {
        "province": "101",
        "generatedAt": "2026-08-15T10:52:36.203Z",
        "status": "fitp_province_shard_with_unresolved_saturations",
        "branches": 18,
        "queries": 18,
        "tournamentsFound": 7,
        "unresolvedSaturations": 2,
        "errors": 0,
        "regression": {
          "feniceBresciaLomb370": false,
          "rossoniKinderImperia": false,
          "navaKinderMilano3": false
        }
      },
      {
        "province": "102",
        "generatedAt": "2026-08-15T10:52:36.276Z",
        "status": "fitp_province_shard_with_unresolved_saturations",
        "branches": 28,
        "queries": 28,
        "tournamentsFound": 6,
        "unresolvedSaturations": 4,
        "errors": 0,
        "regression": {
          "feniceBresciaLomb370": false,
          "rossoniKinderImperia": false,
          "navaKinderMilano3": false
        }
      },
      {
        "province": "103",
        "generatedAt": "2026-08-15T10:52:40.898Z",
        "status": "fitp_province_shard_with_unresolved_saturations",
        "branches": 44,
        "queries": 44,
        "tournamentsFound": 26,
        "unresolvedSaturations": 11,
        "errors": 0,
        "regression": {
          "feniceBresciaLomb370": false,
          "rossoniKinderImperia": false,
          "navaKinderMilano3": false
        }
      },
      {
        "province": "108",
        "generatedAt": "2026-08-15T10:52:42.113Z",
        "status": "fitp_province_shard_with_unresolved_saturations",
        "branches": 66,
        "queries": 66,
        "tournamentsFound": 135,
        "unresolvedSaturations": 29,
        "errors": 0,
        "regression": {
          "feniceBresciaLomb370": false,
          "rossoniKinderImperia": false,
          "navaKinderMilano3": false
        }
      },
      {
        "province": "109",
        "generatedAt": "2026-08-15T10:52:43.270Z",
        "status": "fitp_province_shard_with_unresolved_saturations",
        "branches": 52,
        "queries": 52,
        "tournamentsFound": 29,
        "unresolvedSaturations": 17,
        "errors": 0,
        "regression": {
          "feniceBresciaLomb370": false,
          "rossoniKinderImperia": false,
          "navaKinderMilano3": false
        }
      },
      {
        "province": "110",
        "generatedAt": "2026-08-15T10:52:41.322Z",
        "status": "fitp_province_shard_with_unresolved_saturations",
        "branches": 50,
        "queries": 50,
        "tournamentsFound": 26,
        "unresolvedSaturations": 17,
        "errors": 0,
        "regression": {
          "feniceBresciaLomb370": false,
          "rossoniKinderImperia": false,
          "navaKinderMilano3": false
        }
      },
      {
        "province": "111",
        "generatedAt": "2026-08-15T10:52:43.362Z",
        "status": "fitp_province_shard_with_unresolved_saturations",
        "branches": 48,
        "queries": 48,
        "tournamentsFound": 16,
        "unresolvedSaturations": 16,
        "errors": 0,
        "regression": {
          "feniceBresciaLomb370": false,
          "rossoniKinderImperia": false,
          "navaKinderMilano3": false
        }
      }
    ],
    "individualOnly": true,
    "tennisEuropeExcluded": true,
    "usesPlayerKeywords": false,
    "usesDraws": false,
    "usesOrderOfPlay": false,
    "usesResults": false,
    "baselineOnlyByProvince": {
      "RM": 294,
      "TO": 264,
      "MI": 194,
      "GE": 130,
      "NA": 97,
      "FI": 96,
      "VE": 90,
      "CT": 64,
      "BO": 53,
      "BA": 51,
      "CA": 44,
      "PA": 35,
      "ME": 34,
      "RC": 33
    },
    "baselineOnlyByMonth": {
      "2026-06": 237,
      "2026-07": 229,
      "2026-05": 191,
      "2026-03": 174,
      "2026-08": 153,
      "2026-02": 129,
      "2026-09": 120,
      "2026-04": 104,
      "2026-01": 91,
      "2025-12": 40,
      "2026-10": 11
    },
    "addedByProvince": {
      "CN": 17,
      "NO": 15,
      "AL": 14,
      "PG": 12,
      "RN": 11,
      "VA": 10,
      "PV": 9,
      "SA": 8,
      "BS": 7,
      "CO": 6,
      "CS": 6,
      "SV": 6,
      "AT": 5,
      "BI": 5,
      "FC": 5,
      "RG": 5,
      "AN": 4,
      "AV": 4,
      "BR": 4,
      "FR": 4,
      "LE": 4,
      "SR": 4,
      "TP": 4,
      "TR": 4,
      "UD": 4,
      "CE": 3,
      "CH": 3,
      "CR": 3,
      "FM": 3,
      "LT": 3,
      "MS": 3,
      "TA": 3,
      "TE": 3,
      "VC": 3,
      "VI": 3,
      "AG": 2,
      "AR": 2,
      "BZ": 2,
      "FE": 2,
      "FG": 2,
      "IM": 2,
      "MC": 2,
      "MN": 2,
      "MO": 2,
      "PC": 2,
      "PD": 2,
      "PI": 2,
      "PU": 2,
      "PZ": 2,
      "RA": 2,
      "RI": 2,
      "SP": 2,
      "VB": 2,
      "AO": 1,
      "AP": 1,
      "BG": 1,
      "BN": 1,
      "BT": 1,
      "GR": 1,
      "KR": 1,
      "LO": 1,
      "LU": 1,
      "MB": 1,
      "MT": 1,
      "PE": 1,
      "PN": 1,
      "PO": 1,
      "PT": 1,
      "RO": 1,
      "SI": 1,
      "SO": 1,
      "SS": 1,
      "TN": 1,
      "TV": 1,
      "VR": 1,
      "VT": 1,
      "VV": 1
    },
    "addedByMonth": {
      "2026-04": 95,
      "2026-06": 51,
      "2026-07": 31,
      "2026-05": 19,
      "2026-09": 19,
      "2026-02": 15,
      "2026-03": 15,
      "2025-12": 13,
      "2026-08": 5,
      "2026-01": 3,
      "2026-10": 1
    }
  },
  "errors": []
}
exitCode=0
finishedAt=2026-08-15T10:53:08Z
