{
  "generatedAt": "2026-08-11T01:02:41.634Z",
  "session": {
    "postStatus": 302,
    "postLocation": "/tournaments"
  },
  "pages": [
    {
      "url": "https://te.tournamentsoftware.com/tournaments",
      "status": 200,
      "location": "",
      "title": "Tennis Europe",
      "length": 22793,
      "text": "Tennis Europe Menu Tennis Europe Back to Tennis Europe Home Tournaments Players Ranking Menu Tennis Europe Log In Menu Search for tournaments Log In Tournaments Search for tournaments Go or quickly to Previous week This week Next week Entry open Advanced search My tournaments When you sign up for tournaments you can conveniently access them here. Keep up with relevant dates and information. Use the search bar to find a tournament and sign up for one now! You can create a favourite tournament or draw by clicking on the . Partners Account Sign up Log in Contact Contact us Help Centre Social media Home See what's new Cookies",
      "links": [
        {
          "url": "https://te.tournamentsoftware.com/",
          "text": "Tennis Europe"
        },
        {
          "url": "https://te.tournamentsoftware.com/",
          "text": "Home"
        },
        {
          "url": "https://te.tournamentsoftware.com/tournaments",
          "text": "Tournaments"
        },
        {
          "url": "https://te.tournamentsoftware.com/find/player",
          "text": "Players"
        },
        {
          "url": "https://te.tournamentsoftware.com/ranking",
          "text": "Ranking"
        },
        {
          "url": "https://te.tournamentsoftware.com/",
          "text": "Tennis Europe"
        },
        {
          "url": "https://te.tournamentsoftware.com/user?returnUrl=%2Ftournaments",
          "text": "Log In"
        },
        {
          "url": "https://te.tournamentsoftware.com/user?returnUrl=%2Ftournaments",
          "text": "Log In"
        },
        {
          "url": "https://te.tournamentsoftware.com/find?StartDate=2026-08-04&EndDate=2026-08-10&StatusFilterID=0",
          "text": "Previous week"
        },
        {
          "url": "https://te.tournamentsoftware.com/find?StartDate=2026-08-10&EndDate=2026-08-16&StatusFilterID=0",
          "text": "This week"
        },
        {
          "url": "https://te.tournamentsoftware.com/find?StartDate=2026-08-17&EndDate=2026-08-23&StatusFilterID=0",
          "text": "Next week"
        },
        {
          "url": "https://te.tournamentsoftware.com/find?StatusFilterID=2",
          "text": "Entry open"
        },
        {
          "url": "https://te.tournamentsoftware.com/find",
          "text": "Advanced search"
        },
        {
          "url": "http://bouncesports.co/",
          "text": ""
        },
        {
          "url": "https://www.ionsport.com/",
          "text": ""
        },
        {
          "url": "https://www.minervavirtual.com/mva-for/sport?utm_source=TennisEurope&utm_medium=HomePage&utm_campaign=Website",
          "text": ""
        },
        {
          "url": "http://bouncesports.co/",
          "text": ""
        },
        {
          "url": "https://www.ionsport.com/",
          "text": ""
        },
        {
          "url": "https://www.minervavirtual.com/mva-for/sport?utm_source=TennisEurope&utm_medium=HomePage&utm_campaign=Website",
          "text": ""
        },
        {
          "url": "https://te.tournamentsoftware.com/user/Signup?ReturnUrl=%2Ftournaments",
          "text": "Sign up"
        },
        {
          "url": "https://te.tournamentsoftware.com/user?ReturnUrl=%2Ftournaments",
          "text": "Log in"
        },
        {
          "url": "https://te.tournamentsoftware.com/Support/HelpCenter",
          "text": "Help Centre"
        },
        {
          "url": "https://www.tournamentsoftware-company.com/",
          "text": ""
        },
        {
          "url": "https://te.tournamentsoftware.com/Home",
          "text": "Home"
        },
        {
          "url": "https://te.tournamentsoftware.com/features",
          "text": "See what's new"
        },
        {
          "url": "https://te.tournamentsoftware.com/cookiewall?ReturnUrl=%2Ftournaments",
          "text": "Cookies"
        },
        {
          "url": "https://te.tournamentsoftware.com/tournaments#0",
          "text": ""
        }
      ],
      "inputs": [
        "<input id=\"nav-toggle\" role=\"button\" class=\"accessible-hidden menu__toggle\" aria-haspopup=\"true\" type=\"checkbox\">",
        "<input id=\"tertiary-nav-toggle\" role=\"button\" class=\"accessible-hidden menu__toggle\" aria-haspopup=\"true\" type=\"checkbox\">",
        "<input id=\"sidebar-toggle\" role=\"button\" class=\"is-extendable-until-medium accessible-hidden\" aria-haspopup=\"true\" type=\"checkbox\">",
        "<input type=\"search\" id=\"layoutSubheader_q\" name=\"q\" placeholder=\"Search for tournaments\" spellcheck=\"false\" autocomplete=\"off\" autocorrect=\"off\" autocapitalize=\"off\" aria-describedby=\"q-tip\" class=\"form-control search-box__field js-input valid\">",
        "<input type=\"search\" id=\"Q\" name=\"Q\" placeholder=\"Search for tournaments\" spellcheck=\"false\" autocomplete=\"off\" autocorrect=\"off\" autocapitalize=\"off\" autofocus=\"autofocus\" aria-describedby=\"Q-tip\" class=\"form-control search-box__field js-nav_query_target\">"
      ],
      "apiHints": [
        "tournamentsoftware",
        "tournaments",
        "Tournaments",
        "TournamentSoft",
        "search__main",
        "search__submit",
        "searchMinChar",
        "SearchQuery",
        "searchform",
        "search_1"
      ]
    },
    {
      "url": "https://te.tournamentsoftware.com/tournaments?search=Zennaro",
      "status": 200,
      "location": "",
      "title": "Tennis Europe",
      "length": 22903,
      "text": "Tennis Europe Menu Tennis Europe Back to Tennis Europe Home Tournaments Players Ranking Menu Tennis Europe Log In Menu Search for tournaments Log In Tournaments Search for tournaments Go or quickly to Previous week This week Next week Entry open Advanced search My tournaments When you sign up for tournaments you can conveniently access them here. Keep up with relevant dates and information. Use the search bar to find a tournament and sign up for one now! You can create a favourite tournament or draw by clicking on the . Partners Account Sign up Log in Contact Contact us Help Centre Social media Home See what's new Cookies",
      "links": [
        {
          "url": "https://te.tournamentsoftware.com/",
          "text": "Tennis Europe"
        },
        {
          "url": "https://te.tournamentsoftware.com/",
          "text": "Home"
        },
        {
          "url": "https://te.tournamentsoftware.com/tournaments",
          "text": "Tournaments"
        },
        {
          "url": "https://te.tournamentsoftware.com/find/player",
          "text": "Players"
        },
        {
          "url": "https://te.tournamentsoftware.com/ranking",
          "text": "Ranking"
        },
        {
          "url": "https://te.tournamentsoftware.com/",
          "text": "Tennis Europe"
        },
        {
          "url": "https://te.tournamentsoftware.com/user?returnUrl=%2Ftournaments%3Fsearch%3DZennaro",
          "text": "Log In"
        },
        {
          "url": "https://te.tournamentsoftware.com/user?returnUrl=%2Ftournaments%3Fsearch%3DZennaro",
          "text": "Log In"
        },
        {
          "url": "https://te.tournamentsoftware.com/find?StartDate=2026-08-04&EndDate=2026-08-10&StatusFilterID=0",
          "text": "Previous week"
        },
        {
          "url": "https://te.tournamentsoftware.com/find?StartDate=2026-08-10&EndDate=2026-08-16&StatusFilterID=0",
          "text": "This week"
        },
        {
          "url": "https://te.tournamentsoftware.com/find?StartDate=2026-08-17&EndDate=2026-08-23&StatusFilterID=0",
          "text": "Next week"
        },
        {
          "url": "https://te.tournamentsoftware.com/find?StatusFilterID=2",
          "text": "Entry open"
        },
        {
          "url": "https://te.tournamentsoftware.com/find",
          "text": "Advanced search"
        },
        {
          "url": "http://bouncesports.co/",
          "text": ""
        },
        {
          "url": "https://www.ionsport.com/",
          "text": ""
        },
        {
          "url": "https://www.minervavirtual.com/mva-for/sport?utm_source=TennisEurope&utm_medium=HomePage&utm_campaign=Website",
          "text": ""
        },
        {
          "url": "http://bouncesports.co/",
          "text": ""
        },
        {
          "url": "https://www.ionsport.com/",
          "text": ""
        },
        {
          "url": "https://www.minervavirtual.com/mva-for/sport?utm_source=TennisEurope&utm_medium=HomePage&utm_campaign=Website",
          "text": ""
        },
        {
          "url": "https://te.tournamentsoftware.com/user/Signup?ReturnUrl=%2Ftournaments%3Fsearch%3DZennaro",
          "text": "Sign up"
        },
        {
          "url": "https://te.tournamentsoftware.com/user?ReturnUrl=%2Ftournaments%3Fsearch%3DZennaro",
          "text": "Log in"
        },
        {
          "url": "https://te.tournamentsoftware.com/Support/HelpCenter",
          "text": "Help Centre"
        },
        {
          "url": "https://www.tournamentsoftware-company.com/",
          "text": ""
        },
        {
          "url": "https://te.tournamentsoftware.com/Home",
          "text": "Home"
        },
        {
          "url": "https://te.tournamentsoftware.com/features",
          "text": "See what's new"
        },
        {
          "url": "https://te.tournamentsoftware.com/cookiewall?ReturnUrl=%2Ftournaments%3Fsearch%3DZennaro",
          "text": "Cookies"
        },
        {
          "url": "https://te.tournamentsoftware.com/tournaments?search=Zennaro#0",
          "text": ""
        }
      ],
      "inputs": [
        "<input id=\"nav-toggle\" role=\"button\" class=\"accessible-hidden menu__toggle\" aria-haspopup=\"true\" type=\"checkbox\">",
        "<input id=\"tertiary-nav-toggle\" role=\"button\" class=\"accessible-hidden menu__toggle\" aria-haspopup=\"true\" type=\"checkbox\">",
        "<input id=\"sidebar-toggle\" role=\"button\" class=\"is-extendable-until-medium accessible-hidden\" aria-haspopup=\"true\" type=\"checkbox\">",
        "<input type=\"search\" id=\"layoutSubheader_q\" name=\"q\" placeholder=\"Search for tournaments\" spellcheck=\"false\" autocomplete=\"off\" autocorrect=\"off\" autocapitalize=\"off\" aria-describedby=\"q-tip\" class=\"form-control search-box__field js-input valid\">",
        "<input type=\"search\" id=\"Q\" name=\"Q\" placeholder=\"Search for tournaments\" spellcheck=\"false\" autocomplete=\"off\" autocorrect=\"off\" autocapitalize=\"off\" autofocus=\"autofocus\" aria-describedby=\"Q-tip\" class=\"form-control search-box__field js-nav_query_target\">"
      ],
      "apiHints": [
        "tournamentsoftware",
        "tournaments",
        "Tournaments",
        "TournamentSoft",
        "search__main",
        "search__submit",
        "searchMinChar",
        "SearchQuery",
        "searchform",
        "search_1"
      ]
    },
    {
      "url": "https://te.tournamentsoftware.com/tournaments?search=Lecco",
      "status": 200,
      "location": "",
      "title": "Tennis Europe",
      "length": 22891,
      "text": "Tennis Europe Menu Tennis Europe Back to Tennis Europe Home Tournaments Players Ranking Menu Tennis Europe Log In Menu Search for tournaments Log In Tournaments Search for tournaments Go or quickly to Previous week This week Next week Entry open Advanced search My tournaments When you sign up for tournaments you can conveniently access them here. Keep up with relevant dates and information. Use the search bar to find a tournament and sign up for one now! You can create a favourite tournament or draw by clicking on the . Partners Account Sign up Log in Contact Contact us Help Centre Social media Home See what's new Cookies",
      "links": [
        {
          "url": "https://te.tournamentsoftware.com/",
          "text": "Tennis Europe"
        },
        {
          "url": "https://te.tournamentsoftware.com/",
          "text": "Home"
        },
        {
          "url": "https://te.tournamentsoftware.com/tournaments",
          "text": "Tournaments"
        },
        {
          "url": "https://te.tournamentsoftware.com/find/player",
          "text": "Players"
        },
        {
          "url": "https://te.tournamentsoftware.com/ranking",
          "text": "Ranking"
        },
        {
          "url": "https://te.tournamentsoftware.com/",
          "text": "Tennis Europe"
        },
        {
          "url": "https://te.tournamentsoftware.com/user?returnUrl=%2Ftournaments%3Fsearch%3DLecco",
          "text": "Log In"
        },
        {
          "url": "https://te.tournamentsoftware.com/user?returnUrl=%2Ftournaments%3Fsearch%3DLecco",
          "text": "Log In"
        },
        {
          "url": "https://te.tournamentsoftware.com/find?StartDate=2026-08-04&EndDate=2026-08-10&StatusFilterID=0",
          "text": "Previous week"
        },
        {
          "url": "https://te.tournamentsoftware.com/find?StartDate=2026-08-10&EndDate=2026-08-16&StatusFilterID=0",
          "text": "This week"
        },
        {
          "url": "https://te.tournamentsoftware.com/find?StartDate=2026-08-17&EndDate=2026-08-23&StatusFilterID=0",
          "text": "Next week"
        },
        {
          "url": "https://te.tournamentsoftware.com/find?StatusFilterID=2",
          "text": "Entry open"
        },
        {
          "url": "https://te.tournamentsoftware.com/find",
          "text": "Advanced search"
        },
        {
          "url": "http://bouncesports.co/",
          "text": ""
        },
        {
          "url": "https://www.ionsport.com/",
          "text": ""
        },
        {
          "url": "https://www.minervavirtual.com/mva-for/sport?utm_source=TennisEurope&utm_medium=HomePage&utm_campaign=Website",
          "text": ""
        },
        {
          "url": "http://bouncesports.co/",
          "text": ""
        },
        {
          "url": "https://www.ionsport.com/",
          "text": ""
        },
        {
          "url": "https://www.minervavirtual.com/mva-for/sport?utm_source=TennisEurope&utm_medium=HomePage&utm_campaign=Website",
          "text": ""
        },
        {
          "url": "https://te.tournamentsoftware.com/user/Signup?ReturnUrl=%2Ftournaments%3Fsearch%3DLecco",
          "text": "Sign up"
        },
        {
          "url": "https://te.tournamentsoftware.com/user?ReturnUrl=%2Ftournaments%3Fsearch%3DLecco",
          "text": "Log in"
        },
        {
          "url": "https://te.tournamentsoftware.com/Support/HelpCenter",
          "text": "Help Centre"
        },
        {
          "url": "https://www.tournamentsoftware-company.com/",
          "text": ""
        },
        {
          "url": "https://te.tournamentsoftware.com/Home",
          "text": "Home"
        },
        {
          "url": "https://te.tournamentsoftware.com/features",
          "text": "See what's new"
        },
        {
          "url": "https://te.tournamentsoftware.com/cookiewall?ReturnUrl=%2Ftournaments%3Fsearch%3DLecco",
          "text": "Cookies"
        },
        {
          "url": "https://te.tournamentsoftware.com/tournaments?search=Lecco#0",
          "text": ""
        }
      ],
      "inputs": [
        "<input id=\"nav-toggle\" role=\"button\" class=\"accessible-hidden menu__toggle\" aria-haspopup=\"true\" type=\"checkbox\">",
        "<input id=\"tertiary-nav-toggle\" role=\"button\" class=\"accessible-hidden menu__toggle\" aria-haspopup=\"true\" type=\"checkbox\">",
        "<input id=\"sidebar-toggle\" role=\"button\" class=\"is-extendable-until-medium accessible-hidden\" aria-haspopup=\"true\" type=\"checkbox\">",
        "<input type=\"search\" id=\"layoutSubheader_q\" name=\"q\" placeholder=\"Search for tournaments\" spellcheck=\"false\" autocomplete=\"off\" autocorrect=\"off\" autocapitalize=\"off\" aria-describedby=\"q-tip\" class=\"form-control search-box__field js-input valid\">",
        "<input type=\"search\" id=\"Q\" name=\"Q\" placeholder=\"Search for tournaments\" spellcheck=\"false\" autocomplete=\"off\" autocorrect=\"off\" autocapitalize=\"off\" autofocus=\"autofocus\" aria-describedby=\"Q-tip\" class=\"form-control search-box__field js-nav_query_target\">"
      ],
      "apiHints": [
        "tournamentsoftware",
        "tournaments",
        "Tournaments",
        "TournamentSoft",
        "search__main",
        "search__submit",
        "searchMinChar",
        "SearchQuery",
        "searchform",
        "search_1"
      ]
    },
    {
      "url": "https://te.tournamentsoftware.com/tournaments?date=2026-08-10",
      "status": 200,
      "location": "",
      "title": "Tennis Europe",
      "length": 22909,
      "text": "Tennis Europe Menu Tennis Europe Back to Tennis Europe Home Tournaments Players Ranking Menu Tennis Europe Log In Menu Search for tournaments Log In Tournaments Search for tournaments Go or quickly to Previous week This week Next week Entry open Advanced search My tournaments When you sign up for tournaments you can conveniently access them here. Keep up with relevant dates and information. Use the search bar to find a tournament and sign up for one now! You can create a favourite tournament or draw by clicking on the . Partners Account Sign up Log in Contact Contact us Help Centre Social media Home See what's new Cookies",
      "links": [
        {
          "url": "https://te.tournamentsoftware.com/",
          "text": "Tennis Europe"
        },
        {
          "url": "https://te.tournamentsoftware.com/",
          "text": "Home"
        },
        {
          "url": "https://te.tournamentsoftware.com/tournaments",
          "text": "Tournaments"
        },
        {
          "url": "https://te.tournamentsoftware.com/find/player",
          "text": "Players"
        },
        {
          "url": "https://te.tournamentsoftware.com/ranking",
          "text": "Ranking"
        },
        {
          "url": "https://te.tournamentsoftware.com/",
          "text": "Tennis Europe"
        },
        {
          "url": "https://te.tournamentsoftware.com/user?returnUrl=%2Ftournaments%3Fdate%3D2026-08-10",
          "text": "Log In"
        },
        {
          "url": "https://te.tournamentsoftware.com/user?returnUrl=%2Ftournaments%3Fdate%3D2026-08-10",
          "text": "Log In"
        },
        {
          "url": "https://te.tournamentsoftware.com/find?StartDate=2026-08-04&EndDate=2026-08-10&StatusFilterID=0",
          "text": "Previous week"
        },
        {
          "url": "https://te.tournamentsoftware.com/find?StartDate=2026-08-10&EndDate=2026-08-16&StatusFilterID=0",
          "text": "This week"
        },
        {
          "url": "https://te.tournamentsoftware.com/find?StartDate=2026-08-17&EndDate=2026-08-23&StatusFilterID=0",
          "text": "Next week"
        },
        {
          "url": "https://te.tournamentsoftware.com/find?StatusFilterID=2",
          "text": "Entry open"
        },
        {
          "url": "https://te.tournamentsoftware.com/find",
          "text": "Advanced search"
        },
        {
          "url": "http://bouncesports.co/",
          "text": ""
        },
        {
          "url": "https://www.ionsport.com/",
          "text": ""
        },
        {
          "url": "https://www.minervavirtual.com/mva-for/sport?utm_source=TennisEurope&utm_medium=HomePage&utm_campaign=Website",
          "text": ""
        },
        {
          "url": "http://bouncesports.co/",
          "text": ""
        },
        {
          "url": "https://www.ionsport.com/",
          "text": ""
        },
        {
          "url": "https://www.minervavirtual.com/mva-for/sport?utm_source=TennisEurope&utm_medium=HomePage&utm_campaign=Website",
          "text": ""
        },
        {
          "url": "https://te.tournamentsoftware.com/user/Signup?ReturnUrl=%2Ftournaments%3Fdate%3D2026-08-10",
          "text": "Sign up"
        },
        {
          "url": "https://te.tournamentsoftware.com/user?ReturnUrl=%2Ftournaments%3Fdate%3D2026-08-10",
          "text": "Log in"
        },
        {
          "url": "https://te.tournamentsoftware.com/Support/HelpCenter",
          "text": "Help Centre"
        },
        {
          "url": "https://www.tournamentsoftware-company.com/",
          "text": ""
        },
        {
          "url": "https://te.tournamentsoftware.com/Home",
          "text": "Home"
        },
        {
          "url": "https://te.tournamentsoftware.com/features",
          "text": "See what's new"
        },
        {
          "url": "https://te.tournamentsoftware.com/cookiewall?ReturnUrl=%2Ftournaments%3Fdate%3D2026-08-10",
          "text": "Cookies"
        },
        {
          "url": "https://te.tournamentsoftware.com/tournaments?date=2026-08-10#0",
          "text": ""
        }
      ],
      "inputs": [
        "<input id=\"nav-toggle\" role=\"button\" class=\"accessible-hidden menu__toggle\" aria-haspopup=\"true\" type=\"checkbox\">",
        "<input id=\"tertiary-nav-toggle\" role=\"button\" class=\"accessible-hidden menu__toggle\" aria-haspopup=\"true\" type=\"checkbox\">",
        "<input id=\"sidebar-toggle\" role=\"button\" class=\"is-extendable-until-medium accessible-hidden\" aria-haspopup=\"true\" type=\"checkbox\">",
        "<input type=\"search\" id=\"layoutSubheader_q\" name=\"q\" placeholder=\"Search for tournaments\" spellcheck=\"false\" autocomplete=\"off\" autocorrect=\"off\" autocapitalize=\"off\" aria-describedby=\"q-tip\" class=\"form-control search-box__field js-input valid\">",
        "<input type=\"search\" id=\"Q\" name=\"Q\" placeholder=\"Search for tournaments\" spellcheck=\"false\" autocomplete=\"off\" autocorrect=\"off\" autocapitalize=\"off\" autofocus=\"autofocus\" aria-describedby=\"Q-tip\" class=\"form-control search-box__field js-nav_query_target\">"
      ],
      "apiHints": [
        "tournamentsoftware",
        "tournaments",
        "Tournaments",
        "TournamentSoft",
        "search__main",
        "search__submit",
        "searchMinChar",
        "SearchQuery",
        "searchform",
        "search_1"
      ]
    },
    {
      "url": "https://te.tournamentsoftware.com/find?query=Zennaro",
      "status": 200,
      "location": "",
      "title": "Tournaments | Tennis Europe",
      "length": 214152,
      "text": "Tournaments | Tennis Europe Menu Tennis Europe Back to Tennis Europe Home Tournaments Players Ranking Menu Tennis Europe Log In Menu Search for tournaments Log In Tournaments Search for tournaments Go Results Filters 0 Reset filters Load more Filters 0 Reset filters Date From to or &#\" data-val-visualtextinputvalidator-regexpattern=\"^(?!(.|\\n)*&lt;[a-zA-Z!\\/?])(?!(.|\\n)*&#)(.|\\n)*$\" data-val=\"true\" id=\"TournamentExtendedFilter_CountryCode\" aria-describedby=\"TournamentExtendedFilter.CountryCode-tip\" class=\"js-chosen form-select-control js-selectplaceholder js-bind_tag js-bind_tag__forcesubmit js-postonchange\" data-allowsingledeselect=\"true\" data-placeholder=\"Country\"> Country Albania Andorra Armenia Austria Azerbaijan Belarus Belgium Bosnia/Herzegovina Bulgaria Croatia Cyprus Czechia Denmark Estonia Faroe Islands Finland France Georgia Germany Great Britain Greece Hungary Iceland Ireland Israel Italy ITF Kosovo Latvia Liechtenstein Lithuania Luxembourg Malta Moldova Monaco Montenegro Ne",
      "links": [
        {
          "url": "https://te.tournamentsoftware.com/",
          "text": "Tennis Europe"
        },
        {
          "url": "https://te.tournamentsoftware.com/",
          "text": "Home"
        },
        {
          "url": "https://te.tournamentsoftware.com/tournaments",
          "text": "Tournaments"
        },
        {
          "url": "https://te.tournamentsoftware.com/find/player",
          "text": "Players"
        },
        {
          "url": "https://te.tournamentsoftware.com/ranking",
          "text": "Ranking"
        },
        {
          "url": "https://te.tournamentsoftware.com/",
          "text": "Tennis Europe"
        },
        {
          "url": "https://te.tournamentsoftware.com/user?returnUrl=%2Ffind%3Fquery%3DZennaro",
          "text": "Log In"
        },
        {
          "url": "https://te.tournamentsoftware.com/user?returnUrl=%2Ffind%3Fquery%3DZennaro",
          "text": "Log In"
        },
        {
          "url": "https://te.tournamentsoftware.com/find?query=Zennaro#resetFilter",
          "text": "Reset filters"
        },
        {
          "url": "https://te.tournamentsoftware.com/find?query=Zennaro#resetFilter",
          "text": "Reset filters"
        },
        {
          "url": "http://bouncesports.co/",
          "text": ""
        },
        {
          "url": "https://www.ionsport.com/",
          "text": ""
        },
        {
          "url": "https://www.minervavirtual.com/mva-for/sport?utm_source=TennisEurope&utm_medium=HomePage&utm_campaign=Website",
          "text": ""
        },
        {
          "url": "http://bouncesports.co/",
          "text": ""
        },
        {
          "url": "https://www.ionsport.com/",
          "text": ""
        },
        {
          "url": "https://www.minervavirtual.com/mva-for/sport?utm_source=TennisEurope&utm_medium=HomePage&utm_campaign=Website",
          "text": ""
        },
        {
          "url": "https://te.tournamentsoftware.com/user/Signup?ReturnUrl=%2Ffind%3Fquery%3DZennaro",
          "text": "Sign up"
        },
        {
          "url": "https://te.tournamentsoftware.com/user?ReturnUrl=%2Ffind%3Fquery%3DZennaro",
          "text": "Log in"
        },
        {
          "url": "https://te.tournamentsoftware.com/Support/HelpCenter",
          "text": "Help Centre"
        },
        {
          "url": "https://www.tournamentsoftware-company.com/",
          "text": ""
        },
        {
          "url": "https://te.tournamentsoftware.com/Home",
          "text": "Home"
        },
        {
          "url": "https://te.tournamentsoftware.com/features",
          "text": "See what's new"
        },
        {
          "url": "https://te.tournamentsoftware.com/cookiewall?ReturnUrl=%2Ffind%3Fquery%3DZennaro",
          "text": "Cookies"
        },
        {
          "url": "https://te.tournamentsoftware.com/find?query=Zennaro#0",
          "text": ""
        }
      ],
      "inputs": [
        "<input id=\"nav-toggle\" role=\"button\" class=\"accessible-hidden menu__toggle\" aria-haspopup=\"true\" type=\"checkbox\">",
        "<input id=\"tertiary-nav-toggle\" role=\"button\" class=\"accessible-hidden menu__toggle\" aria-haspopup=\"true\" type=\"checkbox\">",
        "<input id=\"sidebar-toggle\" role=\"button\" class=\"is-extendable-until-medium accessible-hidden\" aria-haspopup=\"true\" type=\"checkbox\">",
        "<input type=\"search\" id=\"layoutSubheader_q\" name=\"q\" placeholder=\"Search for tournaments\" spellcheck=\"false\" autocomplete=\"off\" autocorrect=\"off\" autocapitalize=\"off\" aria-describedby=\"q-tip\" class=\"form-control search-box__field js-input valid\">",
        "<input data-val=\"true\" data-val-number=\"Please enter a numeric value.\" data-val-required=\"The Page field is required.\" id=\"Page\" name=\"Page\" type=\"hidden\" value=\"1\" />",
        "<input data-val=\"true\" data-val-number=\"Please enter a numeric value.\" data-val-required=\"The SportID field is required.\" id=\"TournamentExtendedFilter_SportID\" name=\"TournamentExtendedFilter.SportID\" type=\"hidden\" value=\"0\" />",
        "<input type=\"search\" id=\"TournamentFilter_Q\" name=\"TournamentFilter.Q\" value=\"Zennaro\" placeholder=\"Search for tournaments\" spellcheck=\"false\" autocomplete=\"off\" autocorrect=\"off\" autocapitalize=\"off\" autofocus=\"autofocus\" aria-describedby=\"TournamentFilter.Q-tip\" class=\"form-control search-box__field js-nav_query_target\">",
        "<input class=\"js-hidden-search\" data-val=\"true\" data-val-number=\"Please enter a numeric value.\" id=\"TournamentFilter_DateFilterType\" name=\"TournamentFilter.DateFilterType\" type=\"hidden\" value=\"0\" />",
        "<input type=\"text\" id=\"TournamentFilter_StartDate\" name=\"TournamentFilter.StartDate\" data-val-date=\"Please enter a valid date.\" data-val=\"true\" class=\"hidden js-dp-hidden-input js-postonchange\" aria-describedby=\"TournamentFilter.StartDate-tip\" value=\"2026-08-12T00:00\">",
        "<input data-dp-for=\"TournamentFilter_StartDate\" data-locale=\"en\" data-date-format=\"DD/MM/YYYY\" data-date-modelformat=\"YYYY-MM-DD\" autocomplete=\"off\" autocorrect=\"off\" type=\"text\" placeholder=\"From\" id=\"TournamentFilter_StartDate_dp\" name=\"\" value=\"12/08/2026\" class=\"js-bind_tag form-control js-datepicker \" data-tag-onclear=\"resetDateRange\" data-tag-hideif=\"12/08/2026 to 11/11/2026\" data-tag-title=\"From \">",
        "<input type=\"text\" id=\"TournamentFilter_EndDate\" name=\"TournamentFilter.EndDate\" data-val-date=\"Please enter a valid date.\" data-val=\"true\" class=\"hidden js-dp-hidden-input js-postonchange\" aria-describedby=\"TournamentFilter.EndDate-tip\" value=\"2026-11-11T00:00\">",
        "<input data-dp-for=\"TournamentFilter_EndDate\" data-locale=\"en\" data-date-format=\"DD/MM/YYYY\" data-date-modelformat=\"YYYY-MM-DD\" autocomplete=\"off\" autocorrect=\"off\" type=\"text\" placeholder=\"to\" id=\"TournamentFilter_EndDate_dp\" name=\"\" value=\"11/11/2026\" class=\"js-bind_tag form-control js-datepicker \" data-tag-title=\"to \" data-tag-target=\"TournamentFilter_StartDate_dp\">",
        "<input type=\"checkbox\" value=\"2\" name=\"TournamentExtendedFilter.StatusFilterID\" data-val-number=\"Please enter a numeric value.\" data-val=\"true\" data-text=\"Open for entries\" id=\"TournamentExtendedFilter_StatusFilterID\" aria-describedby=\"TournamentExtendedFilter.StatusFilterID-tip\" class=\"input-choice input-choice--checkbox js-postonchange js-bind_tag\">",
        "<input value=\"false\" type=\"hidden\" name=\"TournamentExtendedFilter.StatusFilterID\">",
        "<input id=\"crtsf_expander\" role=\"button\" class=\"list__expander-input accessible-hidden\" type=\"checkbox\">",
        "<input type=\"checkbox\" value=\"A79F3985-4AD7-4074-9E59-2333AC1F263D\" name=\"TournamentExtendedFilter.OrganizationCourtSurfaceTypeList[0]\" data-val-visualtextinputvalidator=\"This input contains invalid characters such as &lt;, >",
        "<input value=\"false\" type=\"hidden\" name=\"TournamentExtendedFilter.OrganizationCourtSurfaceTypeList[0]\">",
        "<input type=\"checkbox\" value=\"9E3F543A-CA9F-41B2-85D7-95320543EEFE\" name=\"TournamentExtendedFilter.OrganizationCourtSurfaceTypeList[1]\" data-val-visualtextinputvalidator=\"This input contains invalid characters such as &lt;, >",
        "<input value=\"false\" type=\"hidden\" name=\"TournamentExtendedFilter.OrganizationCourtSurfaceTypeList[1]\">",
        "<input type=\"checkbox\" value=\"20EE3264-2BA7-4589-B15B-F0A1602E3F1C\" name=\"TournamentExtendedFilter.OrganizationCourtSurfaceTypeList[2]\" data-val-visualtextinputvalidator=\"This input contains invalid characters such as &lt;, >",
        "<input value=\"false\" type=\"hidden\" name=\"TournamentExtendedFilter.OrganizationCourtSurfaceTypeList[2]\">",
        "<input type=\"checkbox\" value=\"10C15709-5037-470F-853F-615568AD583E\" name=\"TournamentExtendedFilter.OrganizationCourtSurfaceTypeList[3]\" data-val-visualtextinputvalidator=\"This input contains invalid characters such as &lt;, >",
        "<input value=\"false\" type=\"hidden\" name=\"TournamentExtendedFilter.OrganizationCourtSurfaceTypeList[3]\">",
        "<input type=\"checkbox\" value=\"D73F7E52-21C4-4E03-AA70-0E2D2E51F695\" name=\"TournamentExtendedFilter.OrganizationCourtSurfaceTypeList[4]\" data-val-visualtextinputvalidator=\"This input contains invalid characters such as &lt;, >",
        "<input value=\"false\" type=\"hidden\" name=\"TournamentExtendedFilter.OrganizationCourtSurfaceTypeList[4]\">",
        "<input type=\"checkbox\" value=\"ADE75CB0-F81C-49AF-BFD5-48D8A9AA726A\" name=\"TournamentExtendedFilter.OrganizationCourtSurfaceTypeList[5]\" data-val-visualtextinputvalidator=\"This input contains invalid characters such as &lt;, >",
        "<input value=\"false\" type=\"hidden\" name=\"TournamentExtendedFilter.OrganizationCourtSurfaceTypeList[5]\">",
        "<input type=\"checkbox\" value=\"8AD0DEEC-B4E9-4410-AC4F-AD272C846373\" name=\"TournamentExtendedFilter.OrganizationCourtSurfaceTypeList[6]\" data-val-visualtextinputvalidator=\"This input contains invalid characters such as &lt;, >",
        "<input value=\"false\" type=\"hidden\" name=\"TournamentExtendedFilter.OrganizationCourtSurfaceTypeList[6]\">",
        "<input type=\"checkbox\" value=\"693ACC3A-A1A6-4AF5-9238-87B4B339DA00\" name=\"TournamentExtendedFilter.OrganizationCourtSurfaceTypeList[7]\" data-val-visualtextinputvalidator=\"This input contains invalid characters such as &lt;, >"
      ],
      "apiHints": [
        "Tournaments",
        "tournamentsoftware",
        "tournaments",
        "TournamentSoft",
        "search__main",
        "/tournament/DoSearch",
        "SearchStart",
        "SearchComplete",
        "SearchSuccess",
        "searchResultArea",
        "TournamentExtendedFilter_SportID",
        "TournamentExtendedFilter",
        "TournamentFilter_Q",
        "TournamentFilter",
        "search__submit",
        "TournamentFilter_DateFilterType",
        "TournamentFilter_StartDate",
        "TournamentFilter_StartDate_dp",
        "TournamentFilter_EndDate",
        "TournamentFilter_EndDate_dp",
        "TournamentExtendedFilter_CountryCode",
        "TournamentExtendedFilter_GradingID",
        "TournamentExtendedFilter_StatusFilterID",
        "TournamentExtendedFilter_OrganizationCourtSurfaceTypeList_0_",
        "TournamentExtendedFilter_OrganizationCourtSurfaceTypeList_1_",
        "TournamentExtendedFilter_OrganizationCourtSurfaceTypeList_2_",
        "TournamentExtendedFilter_OrganizationCourtSurfaceTypeList_3_",
        "TournamentExtendedFilter_OrganizationCourtSurfaceTypeList_4_",
        "TournamentExtendedFilter_OrganizationCourtSurfaceTypeList_5_",
        "TournamentExtendedFilter_OrganizationCourtSurfaceTypeList_6_",
        "TournamentExtendedFilter_OrganizationCourtSurfaceTypeList_7_",
        "TournamentExtendedFilter_OrganizationCourtSurfaceTypeList_8_",
        "TournamentExtendedFilter_AgeGroupID",
        "TournamentFilter_YearNr",
        "TournamentFilter_WeekNr",
        "TournamentFilter_MonthNr",
        "SearchQuery",
        "TournamentFilter_PostalCode",
        "TournamentFilter_Distance",
        "searchMinChar",
        "searchform",
        "search_1"
      ]
    },
    {
      "url": "https://te.tournamentsoftware.com/players",
      "status": 200,
      "location": "",
      "title": "Tennis Europe",
      "length": 22622,
      "text": "Tennis Europe Menu Tennis Europe Back to Tennis Europe Home Tournaments Players Ranking Menu Tennis Europe Search Search Please fill in at least 3 characters Log In Menu Log In 404 - Page not found We can't seem to find the page you are looking for. Try one of the following links: Home Tournaments Players Ranking Partners Account Sign up Log in Contact Contact us Help Centre Social media Home See what's new Cookies",
      "links": [
        {
          "url": "https://te.tournamentsoftware.com/",
          "text": "Tennis Europe"
        },
        {
          "url": "https://te.tournamentsoftware.com/",
          "text": "Home"
        },
        {
          "url": "https://te.tournamentsoftware.com/tournaments",
          "text": "Tournaments"
        },
        {
          "url": "https://te.tournamentsoftware.com/find/player",
          "text": "Players"
        },
        {
          "url": "https://te.tournamentsoftware.com/ranking",
          "text": "Ranking"
        },
        {
          "url": "https://te.tournamentsoftware.com/",
          "text": "Tennis Europe"
        },
        {
          "url": "https://te.tournamentsoftware.com/user?returnUrl=%2Ferror%2F404%3Fec%3D404%26404%3Bhttps%3A%2F%2Fte.tournamentsoftware.com%3A443%2Fplayers",
          "text": "Log In"
        },
        {
          "url": "https://te.tournamentsoftware.com/user?returnUrl=%2Ferror%2F404%3Fec%3D404%26404%3Bhttps%3A%2F%2Fte.tournamentsoftware.com%3A443%2Fplayers",
          "text": "Log In"
        },
        {
          "url": "https://te.tournamentsoftware.com/",
          "text": "Home"
        },
        {
          "url": "https://te.tournamentsoftware.com/tournaments",
          "text": "Tournaments"
        },
        {
          "url": "https://te.tournamentsoftware.com/find/player",
          "text": "Players"
        },
        {
          "url": "https://te.tournamentsoftware.com/ranking",
          "text": "Ranking"
        },
        {
          "url": "http://bouncesports.co/",
          "text": ""
        },
        {
          "url": "https://www.ionsport.com/",
          "text": ""
        },
        {
          "url": "https://www.minervavirtual.com/mva-for/sport?utm_source=TennisEurope&utm_medium=HomePage&utm_campaign=Website",
          "text": ""
        },
        {
          "url": "http://bouncesports.co/",
          "text": ""
        },
        {
          "url": "https://www.ionsport.com/",
          "text": ""
        },
        {
          "url": "https://www.minervavirtual.com/mva-for/sport?utm_source=TennisEurope&utm_medium=HomePage&utm_campaign=Website",
          "text": ""
        },
        {
          "url": "https://te.tournamentsoftware.com/user/Signup?ReturnUrl=%2Ferror%2F404%3Fec%3D404%26404%3Bhttps%3A%2F%2Fte.tournamentsoftware.com%3A443%2Fplayers",
          "text": "Sign up"
        },
        {
          "url": "https://te.tournamentsoftware.com/user?ReturnUrl=%2Ferror%2F404%3Fec%3D404%26404%3Bhttps%3A%2F%2Fte.tournamentsoftware.com%3A443%2Fplayers",
          "text": "Log in"
        },
        {
          "url": "https://te.tournamentsoftware.com/Support/HelpCenter",
          "text": "Help Centre"
        },
        {
          "url": "https://www.tournamentsoftware-company.com/",
          "text": ""
        },
        {
          "url": "https://te.tournamentsoftware.com/Home",
          "text": "Home"
        },
        {
          "url": "https://te.tournamentsoftware.com/features",
          "text": "See what's new"
        },
        {
          "url": "https://te.tournamentsoftware.com/cookiewall?ReturnUrl=%2Ferror%2F404%3Fec%3D404%26404%3Bhttps%3A%2F%2Fte.tournamentsoftware.com%3A443%2Fplayers",
          "text": "Cookies"
        },
        {
          "url": "https://te.tournamentsoftware.com/players#0",
          "text": ""
        }
      ],
      "inputs": [
        "<input id=\"nav-toggle\" role=\"button\" class=\"accessible-hidden menu__toggle\" aria-haspopup=\"true\" type=\"checkbox\">",
        "<input id=\"tertiary-nav-toggle\" role=\"button\" class=\"accessible-hidden menu__toggle\" aria-haspopup=\"true\" type=\"checkbox\">",
        "<input id=\"sidebar-toggle\" role=\"button\" class=\"is-extendable-until-medium accessible-hidden\" aria-haspopup=\"true\" type=\"checkbox\">",
        "<input type=\"search\" name=\"SearchString\" id=\"MastheadSearchInput\" placeholder=\"Search\" spellcheck=\"false\" autocomplete=\"off\" autocorrect=\"off\" autocapitalize=\"off\" data-min-char=\"3\" aria-describedby=\"SearchString-tip\" class=\"form-control search-box__field js-search-box__field\">"
      ],
      "apiHints": [
        "tournamentsoftware",
        "tournaments",
        "Tournaments",
        "SearchInput",
        "search_1",
        "search_2",
        "search__main",
        "SearchString",
        "search__dropdown",
        "SearchPreviewContent",
        "search__message",
        "searchMinChar",
        "SearchQuery",
        "searchform"
      ]
    },
    {
      "url": "https://te.tournamentsoftware.com/players?search=Zennaro",
      "status": 200,
      "location": "",
      "title": "Tennis Europe",
      "length": 22717,
      "text": "Tennis Europe Menu Tennis Europe Back to Tennis Europe Home Tournaments Players Ranking Menu Tennis Europe Search Search Please fill in at least 3 characters Log In Menu Log In 404 - Page not found We can't seem to find the page you are looking for. Try one of the following links: Home Tournaments Players Ranking Partners Account Sign up Log in Contact Contact us Help Centre Social media Home See what's new Cookies",
      "links": [
        {
          "url": "https://te.tournamentsoftware.com/",
          "text": "Tennis Europe"
        },
        {
          "url": "https://te.tournamentsoftware.com/",
          "text": "Home"
        },
        {
          "url": "https://te.tournamentsoftware.com/tournaments",
          "text": "Tournaments"
        },
        {
          "url": "https://te.tournamentsoftware.com/find/player",
          "text": "Players"
        },
        {
          "url": "https://te.tournamentsoftware.com/ranking",
          "text": "Ranking"
        },
        {
          "url": "https://te.tournamentsoftware.com/",
          "text": "Tennis Europe"
        },
        {
          "url": "https://te.tournamentsoftware.com/user?returnUrl=%2Ferror%2F404%3Fec%3D404%26404%3Bhttps%3A%2F%2Fte.tournamentsoftware.com%3A443%2Fplayers%3Fsearch%3DZennaro",
          "text": "Log In"
        },
        {
          "url": "https://te.tournamentsoftware.com/user?returnUrl=%2Ferror%2F404%3Fec%3D404%26404%3Bhttps%3A%2F%2Fte.tournamentsoftware.com%3A443%2Fplayers%3Fsearch%3DZennaro",
          "text": "Log In"
        },
        {
          "url": "https://te.tournamentsoftware.com/",
          "text": "Home"
        },
        {
          "url": "https://te.tournamentsoftware.com/tournaments",
          "text": "Tournaments"
        },
        {
          "url": "https://te.tournamentsoftware.com/find/player",
          "text": "Players"
        },
        {
          "url": "https://te.tournamentsoftware.com/ranking",
          "text": "Ranking"
        },
        {
          "url": "http://bouncesports.co/",
          "text": ""
        },
        {
          "url": "https://www.ionsport.com/",
          "text": ""
        },
        {
          "url": "https://www.minervavirtual.com/mva-for/sport?utm_source=TennisEurope&utm_medium=HomePage&utm_campaign=Website",
          "text": ""
        },
        {
          "url": "http://bouncesports.co/",
          "text": ""
        },
        {
          "url": "https://www.ionsport.com/",
          "text": ""
        },
        {
          "url": "https://www.minervavirtual.com/mva-for/sport?utm_source=TennisEurope&utm_medium=HomePage&utm_campaign=Website",
          "text": ""
        },
        {
          "url": "https://te.tournamentsoftware.com/user/Signup?ReturnUrl=%2Ferror%2F404%3Fec%3D404%26404%3Bhttps%3A%2F%2Fte.tournamentsoftware.com%3A443%2Fplayers%3Fsearch%3DZennaro",
          "text": "Sign up"
        },
        {
          "url": "https://te.tournamentsoftware.com/user?ReturnUrl=%2Ferror%2F404%3Fec%3D404%26404%3Bhttps%3A%2F%2Fte.tournamentsoftware.com%3A443%2Fplayers%3Fsearch%3DZennaro",
          "text": "Log in"
        },
        {
          "url": "https://te.tournamentsoftware.com/Support/HelpCenter",
          "text": "Help Centre"
        },
        {
          "url": "https://www.tournamentsoftware-company.com/",
          "text": ""
        },
        {
          "url": "https://te.tournamentsoftware.com/Home",
          "text": "Home"
        },
        {
          "url": "https://te.tournamentsoftware.com/features",
          "text": "See what's new"
        },
        {
          "url": "https://te.tournamentsoftware.com/cookiewall?ReturnUrl=%2Ferror%2F404%3Fec%3D404%26404%3Bhttps%3A%2F%2Fte.tournamentsoftware.com%3A443%2Fplayers%3Fsearch%3DZennaro",
          "text": "Cookies"
        },
        {
          "url": "https://te.tournamentsoftware.com/players?search=Zennaro#0",
          "text": ""
        }
      ],
      "inputs": [
        "<input id=\"nav-toggle\" role=\"button\" class=\"accessible-hidden menu__toggle\" aria-haspopup=\"true\" type=\"checkbox\">",
        "<input id=\"tertiary-nav-toggle\" role=\"button\" class=\"accessible-hidden menu__toggle\" aria-haspopup=\"true\" type=\"checkbox\">",
        "<input id=\"sidebar-toggle\" role=\"button\" class=\"is-extendable-until-medium accessible-hidden\" aria-haspopup=\"true\" type=\"checkbox\">",
        "<input type=\"search\" name=\"SearchString\" id=\"MastheadSearchInput\" placeholder=\"Search\" spellcheck=\"false\" autocomplete=\"off\" autocorrect=\"off\" autocapitalize=\"off\" data-min-char=\"3\" aria-describedby=\"SearchString-tip\" class=\"form-control search-box__field js-search-box__field\">"
      ],
      "apiHints": [
        "tournamentsoftware",
        "tournaments",
        "Tournaments",
        "SearchInput",
        "search_1",
        "search_2",
        "search__main",
        "SearchString",
        "search__dropdown",
        "SearchPreviewContent",
        "search__message",
        "searchMinChar",
        "SearchQuery",
        "searchform"
      ]
    },
    {
      "url": "https://te.tournamentsoftware.com/ranking",
      "status": 301,
      "location": "https://te.tournamentsoftware.com/ranking/",
      "title": "Document Moved",
      "length": 165,
      "text": "Document Moved Object Moved This document may be found here",
      "links": [
        {
          "url": "https://te.tournamentsoftware.com/ranking/",
          "text": "here"
        }
      ],
      "inputs": [],
      "apiHints": [
        "tournamentsoftware"
      ]
    },
    {
      "url": "https://te.tournamentsoftware.com/player-profile/D53EDFB2-9B79-4881-BBE2-11EC2F61C7D5",
      "status": 200,
      "location": "",
      "title": "Tennis Europe",
      "length": 46360,
      "text": "Tennis Europe Menu Tennis Europe Back to Tennis Europe Home Tournaments Players Ranking Menu Tennis Europe Search Search Please fill in at least 3 characters Log In Menu Aila Zennaro Log In AZ Aila Zennaro Singles 30.1 Doubles 35.2 Favourite Overview Tournaments Ranking Biography More Statistics Total Singles Doubles Mixed More Win-Loss Head to Head Career 21 / 25 (46) This year 19 / 14 (33) History L W W W L Win-Loss Head to Head Career 17 / 16 (33) This year 15 / 8 (23) Win-Loss Head to Head Career 4 / 9 (13) This year 4 / 6 (10) Win-Loss Head to Head Career 0 / 0 (0) This year 0 / 0 (0) Tournaments Agno U16 (2) GoAcademy | Agno, Switzerland 09/08/2026 to 15/08/2026 Category 2 Event: GS16 Girls Singles 16 Main Draw Round of 32 Aila ZENNARO W Bye GoAcademy Head to Head AZ ? Head to Head Titles/Finals All 2026 Open de Pully TE U14 GD14 Partners Account Sign up Log in Contact Contact us Help Centre Social media Home See what's new Cookies",
      "links": [
        {
          "url": "https://te.tournamentsoftware.com/",
          "text": "Tennis Europe"
        },
        {
          "url": "https://te.tournamentsoftware.com/",
          "text": "Home"
        },
        {
          "url": "https://te.tournamentsoftware.com/tournaments",
          "text": "Tournaments"
        },
        {
          "url": "https://te.tournamentsoftware.com/find/player",
          "text": "Players"
        },
        {
          "url": "https://te.tournamentsoftware.com/ranking",
          "text": "Ranking"
        },
        {
          "url": "https://te.tournamentsoftware.com/",
          "text": "Tennis Europe"
        },
        {
          "url": "https://te.tournamentsoftware.com/user?returnUrl=%2Fplayer-profile%2FD53EDFB2-9B79-4881-BBE2-11EC2F61C7D5",
          "text": "Log In"
        },
        {
          "url": "https://te.tournamentsoftware.com/player-profile/D53EDFB2-9B79-4881-BBE2-11EC2F61C7D5#",
          "text": "Aila Zennaro"
        },
        {
          "url": "https://te.tournamentsoftware.com/user?returnUrl=%2Fplayer-profile%2FD53EDFB2-9B79-4881-BBE2-11EC2F61C7D5",
          "text": "Log In"
        },
        {
          "url": "https://te.tournamentsoftware.com/player-profile/d53edfb2-9b79-4881-bbe2-11ec2f61c7d5",
          "text": "Overview"
        },
        {
          "url": "https://te.tournamentsoftware.com/player-profile/d53edfb2-9b79-4881-bbe2-11ec2f61c7d5/tournaments",
          "text": "Tournaments"
        },
        {
          "url": "https://te.tournamentsoftware.com/player-profile/d53edfb2-9b79-4881-bbe2-11ec2f61c7d5/ranking",
          "text": "Ranking"
        },
        {
          "url": "https://te.tournamentsoftware.com/player-profile/d53edfb2-9b79-4881-bbe2-11ec2f61c7d5/biography",
          "text": "Biography"
        },
        {
          "url": "https://te.tournamentsoftware.com/player-profile/D53EDFB2-9B79-4881-BBE2-11EC2F61C7D5#tabStatsTotal",
          "text": "Total"
        },
        {
          "url": "https://te.tournamentsoftware.com/player-profile/D53EDFB2-9B79-4881-BBE2-11EC2F61C7D5#tabStatsSingles",
          "text": "Singles"
        },
        {
          "url": "https://te.tournamentsoftware.com/player-profile/D53EDFB2-9B79-4881-BBE2-11EC2F61C7D5#tabStatsDoubles",
          "text": "Doubles"
        },
        {
          "url": "https://te.tournamentsoftware.com/player-profile/D53EDFB2-9B79-4881-BBE2-11EC2F61C7D5#tabStatsMixed",
          "text": "Mixed"
        },
        {
          "url": "https://te.tournamentsoftware.com/head-2-head?OrganizationCode=D09FBF2D-A596-46F5-B290-4AC89F90BFDE&T1P1MemberID=ZEN3089346",
          "text": "Head to Head"
        },
        {
          "url": "https://te.tournamentsoftware.com/head-2-head?OrganizationCode=D09FBF2D-A596-46F5-B290-4AC89F90BFDE&T1P1MemberID=ZEN3089346",
          "text": "Head to Head"
        },
        {
          "url": "https://te.tournamentsoftware.com/head-2-head?OrganizationCode=D09FBF2D-A596-46F5-B290-4AC89F90BFDE&T1P1MemberID=ZEN3089346",
          "text": "Head to Head"
        },
        {
          "url": "https://te.tournamentsoftware.com/head-2-head?OrganizationCode=D09FBF2D-A596-46F5-B290-4AC89F90BFDE&T1P1MemberID=ZEN3089346",
          "text": "Head to Head"
        },
        {
          "url": "https://te.tournamentsoftware.com/sport/tournament?id=B43C14DB-7AB5-477D-B470-46FACAD7F187",
          "text": ""
        },
        {
          "url": "https://te.tournamentsoftware.com/sport/tournament?id=B43C14DB-7AB5-477D-B470-46FACAD7F187",
          "text": "Agno U16 (2)"
        },
        {
          "url": "https://te.tournamentsoftware.com/sport/draw.aspx?id=B43C14DB-7AB5-477D-B470-46FACAD7F187&draw=3",
          "text": "Girls Singles 16 Main Draw"
        },
        {
          "url": "https://te.tournamentsoftware.com/sport/player.aspx?id=B43C14DB-7AB5-477D-B470-46FACAD7F187&player=5",
          "text": "Aila ZENNARO"
        },
        {
          "url": "https://te.tournamentsoftware.com/head-2-head?OrganizationCode=D09FBF2D-A596-46F5-B290-4AC89F90BFDE&T1P1MemberID=ZEN3089346",
          "text": "?"
        },
        {
          "url": "https://te.tournamentsoftware.com/head-2-head?OrganizationCode=D09FBF2D-A596-46F5-B290-4AC89F90BFDE&T1P1MemberID=ZEN3089346",
          "text": "Head to Head"
        },
        {
          "url": "https://te.tournamentsoftware.com/player-profile/D53EDFB2-9B79-4881-BBE2-11EC2F61C7D5/PersonHome/TitlesFinals",
          "text": "All"
        },
        {
          "url": "https://te.tournamentsoftware.com/sport/tournament.aspx?id=DF3193A8-A3E6-4654-BC71-433D0501456C",
          "text": "Open de Pully TE U14"
        },
        {
          "url": "https://te.tournamentsoftware.com/sport/event.aspx?id=DF3193A8-A3E6-4654-BC71-433D0501456C&event=4",
          "text": "GD14"
        }
      ],
      "inputs": [
        "<input id=\"nav-toggle\" role=\"button\" class=\"accessible-hidden menu__toggle\" aria-haspopup=\"true\" type=\"checkbox\">",
        "<input id=\"tertiary-nav-toggle\" role=\"button\" class=\"accessible-hidden menu__toggle\" aria-haspopup=\"true\" type=\"checkbox\">",
        "<input id=\"sidebar-toggle\" role=\"button\" class=\"is-extendable-until-medium accessible-hidden\" aria-haspopup=\"true\" type=\"checkbox\">",
        "<input type=\"search\" name=\"SearchString\" id=\"MastheadSearchInput\" placeholder=\"Search\" spellcheck=\"false\" autocomplete=\"off\" autocorrect=\"off\" autocapitalize=\"off\" data-min-char=\"3\" aria-describedby=\"SearchString-tip\" class=\"form-control search-box__field js-search-box__field\">"
      ],
      "apiHints": [
        "tournamentsoftware",
        "tournaments",
        "Tournaments",
        "SearchInput",
        "search_1",
        "search_2",
        "search__main",
        "SearchString",
        "search__dropdown",
        "SearchPreviewContent",
        "search__message",
        "player-profile/d53edfb2-9b79-4881-bbe2-11ec2f61c7d5",
        "player-profile/d53edfb2-9b79-4881-bbe2-11ec2f61c7d5/tournaments",
        "player-profile/d53edfb2-9b79-4881-bbe2-11ec2f61c7d5/ranking",
        "player-profile/d53edfb2-9b79-4881-bbe2-11ec2f61c7d5/biography",
        "TournamentMatchList_B43C14DB",
        "player-profile/D53EDFB2-9B79-4881-BBE2-11EC2F61C7D5/PersonHome/TitlesFinals",
        "searchMinChar",
        "SearchQuery",
        "searchform"
      ]
    }
  ]
}
teAcceptedPagesExit=0
