startedAt=2026-08-15T07:19:49Z
sourceSha=b42be0b53d271cfd5660feb6ab5ca03057542e05
runId=31871630681
province=42
{
  "version": "cw-v3-fitp-province-shard",
  "generatedAt": "2026-08-15T07:19:49.813Z",
  "status": "fitp_province_shard_with_unresolved_saturations",
  "provinceId": "42",
  "source": "One visible GitHub Actions shard per FITP province. Each province shard runs rotating logical windows with 21-day overlap except first historical window; saturated branches auto-split.",
  "coverageFrom": "2025-12-18",
  "coverageUntil": "2028-08-14",
  "branches": 50,
  "queries": 50,
  "tournamentsFound": 53,
  "unresolvedSaturations": 17,
  "regression": {
    "feniceBresciaLomb370": false,
    "rossoniKinderImperia": false,
    "navaKinderMilano3": false
  },
  "errors": []
}
exitCode=2
finishedAt=2026-08-15T07:20:02Z
