{
  "version": "cw-v3-agenda-first",
  "generatedAt": "2026-08-09T01:52:18.492Z",
  "status": "fitp_individual_tournament_discovery_structured_region_complete",
  "source": "FITP individual tournaments only: official P.U.C. list, id_disciplina=4332 tennis, cod_fonte=1 Tornei FITP. Adds official structured id_regione sweep + region/date/state decomposition to bypass broad-list caps. Tennis Europe/TE tournaments are excluded from FITP stream. No player keywords, no team championships, no draws, no OOP, no results.",
  "coverageFrom": "2025-12-18",
  "coverageUntil": "2028-08-08",
  "queries": 5844,
  "tournamentsFound": 4770,
  "bySource": {
    "TORNEI FITP": 4770
  },
  "byStatus": {
    "finished": 3687,
    "active_or_open": 236,
    "upcoming": 847
  },
  "quality": {
    "specs": 4448,
    "failedQueries": 0,
    "emptyQueries": 2831,
    "saturatedQueries": 1993,
    "uniqueAccepted": 4770,
    "excluded": 459,
    "usesPlayerKeywords": false,
    "usesDraws": false,
    "usesOrderOfPlay": false,
    "usesResults": false,
    "individualOnly": true,
    "teamChampionshipsIncluded": false,
    "tennisEuropeExcluded": true,
    "structuredRegionSweep": true,
    "regionIds": [
      "1",
      "2",
      "3",
      "4",
      "5",
      "6",
      "7",
      "8",
      "9",
      "10",
      "11",
      "12",
      "13",
      "14",
      "15",
      "16",
      "17",
      "18",
      "19",
      "20"
    ],
    "byMode": {
      "daily": 3,
      "2d": 273,
      "3d": 374,
      "5d": 444,
      "7d": 432,
      "region_12_31d": 317,
      "region_12_62d": 189,
      "region_5_31d": 347,
      "region_5_62d": 365,
      "region_6_31d": 69,
      "region_6_62d": 81,
      "region_6_124d": 89,
      "10d": 248,
      "region_3_31d": 756,
      "region_3_62d": 192,
      "region_1_31d": 317,
      "region_1_62d": 418,
      "region_1_124d": 138,
      "region_5_124d": 47,
      "region_7_62d": 240,
      "region_7_124d": 201,
      "region_14_31d": 16,
      "region_14_62d": 18,
      "region_14_124d": 20,
      "region_8_31d": 403,
      "region_8_62d": 279,
      "region_7_31d": 197,
      "region_16_31d": 139,
      "region_9_31d": 323,
      "region_9_62d": 208,
      "region_4_31d": 114,
      "region_4_62d": 130,
      "region_4_124d": 141,
      "14d": 105,
      "region_2_31d": 8,
      "region_2_62d": 10,
      "region_2_124d": 11,
      "region_11_31d": 109,
      "region_11_62d": 145,
      "region_11_124d": 126,
      "region_19_31d": 192,
      "region_19_62d": 159,
      "region_3_state_1": 32,
      "freetext_LOMB": 174,
      "freetext_LOMB.": 174,
      "freetext_RODEO": 95,
      "freetext_U10": 200,
      "freetext_4.1": 62,
      "freetext_SF": 137,
      "freetext_3.1": 72,
      "freetext_SM": 189,
      "region_5_state_1": 12,
      "region_5_all": 84,
      "region_5_state_0": 84,
      "freetext_VEN": 92,
      "freetext_VENETO": 70,
      "freetext_U12": 200,
      "freetext_U14": 200,
      "freetext_U16": 200,
      "freetext_U18": 200,
      "freetext_OPEN": 171,
      "freetext_3.3": 25,
      "freetext_4.5": 5,
      "freetext_3.4": 10,
      "region_9_state_1": 11,
      "region_9_state_0": 67,
      "region_9_all": 67,
      "freetext_TOS": 76,
      "freetext_TOS - T.": 76,
      "freetext_TORNEO": 133,
      "region_3_all": 36,
      "region_3_state_0": 36,
      "freetext_LIM. 4": 16,
      "freetext_LIM. 3": 16,
      "freetext_LIM. 2": 16,
      "region_1_state_0": 139,
      "region_1_all": 139,
      "region_4_all": 46,
      "region_4_state_0": 46,
      "region_4_state_4": 27,
      "freetext_MEMORIAL": 125,
      "region_18_all": 30,
      "region_18_state_0": 30,
      "region_18_state_4": 20,
      "region_18_31d": 76,
      "region_18_62d": 96,
      "region_18_124d": 103,
      "freetext_3.5": 13,
      "region_3_124d": 98,
      "region_7_all": 48,
      "region_7_state_0": 48,
      "region_7_state_4": 37,
      "region_5_state_4": 62,
      "freetext_CIRCUITO": 74,
      "freetext_GIOVANILE": 43,
      "region_16_state_0": 53,
      "region_16_all": 53,
      "region_16_state_4": 43,
      "region_16_62d": 119,
      "region_16_124d": 32,
      "freetext_CAM": 87,
      "freetext_CAMPIONATI ITALIANI": 19,
      "freetext_QUALIFICAZIONE": 10,
      "freetext_ITALGAS": 17,
      "freetext_3.2": 2,
      "freetext_MAR": 58,
      "31d": 23,
      "21d": 57,
      "freetext_4.4": 7,
      "freetext_MASTER": 41,
      "freetext_TROFEO": 109,
      "region_12_state_4": 39,
      "region_12_all": 61,
      "region_12_state_0": 61,
      "region_12_124d": 28,
      "62d": 6,
      "region_9_state_4": 66,
      "region_9_124d": 45,
      "region_15_31d": 126,
      "region_15_62d": 177,
      "region_20_31d": 90,
      "region_20_62d": 103,
      "region_20_124d": 109,
      "region_13_31d": 74,
      "region_13_62d": 96,
      "region_13_124d": 113,
      "region_10_31d": 91,
      "region_10_62d": 115,
      "region_10_124d": 129,
      "region_19_state_1": 13,
      "region_20_all": 20,
      "region_20_state_0": 20,
      "region_20_state_1": 4,
      "freetext_SAR": 28,
      "region_8_state_1": 12,
      "freetext_2.5": 14,
      "region_12_state_1": 16,
      "region_19_all": 11,
      "region_19_state_0": 11,
      "region_19_state_4": 34,
      "region_8_state_0": 62,
      "region_8_all": 62,
      "region_8_state_4": 75,
      "region_20_state_4": 13,
      "region_11_state_0": 56,
      "region_11_all": 56,
      "region_11_state_4": 42,
      "freetext_SIC": 8,
      "freetext_4.3": 7,
      "region_8_124d": 51,
      "freetext_EMILIA": 4,
      "freetext_DF": 11,
      "region_4_state_1": 8,
      "freetext_CAL": 25,
      "freetext_CALABRIA": 14,
      "region_15_all": 41,
      "region_15_state_0": 41,
      "region_15_state_4": 35,
      "region_15_124d": 32,
      "freetext_U.12": 7,
      "region_10_all": 33,
      "region_10_state_0": 33,
      "region_10_state_1": 8,
      "region_17_all": 9,
      "region_17_state_0": 9,
      "region_17_state_1": 1,
      "region_17_31d": 20,
      "region_17_62d": 25,
      "region_17_124d": 27,
      "freetext_BAS": 11,
      "freetext_BASILICATA": 6,
      "freetext_NEXT GEN": 21,
      "region_13_all": 45,
      "region_13_state_0": 45,
      "region_13_state_4": 34,
      "freetext_ABR": 41,
      "freetext_ABRUZZO": 41,
      "freetext_COPPA": 12,
      "freetext_DM": 22,
      "freetext_TENNIS TROPHY": 3,
      "freetext_KINDER": 1,
      "freetext_TN": 25,
      "freetext_JUNIOR NEXT GEN": 7,
      "region_10_state_4": 20,
      "freetext_UMBRIA": 20,
      "freetext_UMB": 25,
      "freetext_SARDEGNA": 6,
      "freetext_U.10": 4,
      "freetext_LOMBARDIA": 5,
      "freetext_2.6": 9,
      "region_6_state_0": 24,
      "region_6_all": 24,
      "region_6_state_4": 18,
      "region_19_124d": 25,
      "freetext_CAMPIONATI REGIONALI": 8,
      "freetext_REGIONALI": 8,
      "region_17_state_4": 7,
      "freetext_LIGURIA": 1,
      "freetext_LIG": 7,
      "freetext_2.7": 5,
      "freetext_PIE": 10,
      "freetext_PIEMONTE": 1,
      "region_2_all": 3,
      "region_2_state_0": 3,
      "region_2_state_1": 1,
      "region_4_state_3": 1,
      "freetext_4.NC": 1,
      "region_5_state_2": 10,
      "region_5_state_3": 1,
      "freetext_U.14": 2,
      "freetext_U.16": 1,
      "region_6_state_1": 3,
      "region_6_state_2": 3,
      "region_6_state_3": 1,
      "region_7_state_2": 7,
      "region_7_state_1": 4,
      "region_7_state_3": 1,
      "freetext_EMILIA ROMAGNA": 3,
      "region_8_state_2": 13,
      "region_9_state_2": 7,
      "freetext_TOSCANA": 2,
      "freetext_LAZ": 4,
      "region_10_state_2": 5,
      "region_10_state_3": 1,
      "freetext_4.2": 1,
      "region_11_state_1": 8,
      "region_11_state_3": 1,
      "freetext_MARCHE": 2,
      "region_11_state_2": 6,
      "freetext_MOL": 5,
      "region_12_state_2": 6,
      "region_12_state_3": 1,
      "freetext_LAZIO": 3,
      "region_13_state_2": 6,
      "region_13_state_1": 5,
      "region_13_state_3": 1,
      "region_14_state_0": 3,
      "region_14_all": 3,
      "region_14_state_4": 2,
      "freetext_MOLISE": 3,
      "region_14_state_1": 1,
      "freetext_2.8": 2,
      "region_15_state_3": 1,
      "region_15_state_1": 4,
      "region_15_state_2": 2,
      "region_16_state_1": 5,
      "region_16_state_2": 5,
      "region_16_state_3": 1,
      "region_17_state_2": 1,
      "region_18_state_1": 6,
      "region_18_state_2": 4,
      "region_19_state_2": 5,
      "region_19_state_3": 3,
      "freetext_SICILIA": 4,
      "region_20_state_2": 3
    }
  },
  "errors": []
}
fitpTournamentsExit=0
{
  "version": "cw-v3-agenda-first",
  "generatedAt": "2026-08-09T01:54:00.614Z",
  "status": "fitp_individual_entries_complete_from_puc_any_list_name_or_card",
  "source": "FITP INDIVIDUAL TOURNAMENTS ONLY: cod_fonte=1. Reliable FITP tournament map first, then official P.U.C. detail participant confirmation. A tournament is valid for a player if the player appears in at least one Participants list. Matching uses membership card first, exact full name second. Team championships/cod_fonte=3 are excluded for a future independent engine. TE/ITF excluded; no OOP; no results.",
  "coverageFrom": "2025-12-18",
  "tournamentsInput": 4770,
  "allFitpTournamentsInput": 4770,
  "excludedTeamChampionships": 0,
  "detailsChecked": 4770,
  "detailsWithDraws": 4768,
  "detailsWithParticipants": 13190,
  "participantsScanned": 325588,
  "participantsWithCard": 325588,
  "entriesFound": 229,
  "playersWithEntries": 19,
  "byPlayer": {
    "francesco-renzulli": 16,
    "nikola-kerkenyakov": 11,
    "carlo-ghislotti": 12,
    "matilde-mainetti": 9,
    "aila-zennaro": 8,
    "virginia-cereghini": 6,
    "martina-danesi": 8,
    "filippo-vitali": 15,
    "nicholas-scappa": 8,
    "noemi-paganini": 11,
    "camilla-lingeri": 25,
    "virginia-rossoni": 13,
    "matteo-bocchio": 18,
    "giulia-scozzafava": 5,
    "edoardo-grimoldi": 10,
    "gregorio-puccio": 14,
    "daniele-gelli": 12,
    "francesco-bocchio": 20,
    "alessio-nava": 8
  },
  "byMatchMethod": {
    "membership_card": 229
  },
  "errors": []
}
fitpEntriesExit=0
{
  "version": "cw-v3-agenda-first",
  "generatedAt": "2026-08-09T01:55:06.957Z",
  "status": "entries_engine_merged_ex_novo_discoveries_te_excluded_from_calendar",
  "coverageFrom": "2025-12-18",
  "checks": {
    "players": 19,
    "tournamentEntries": 230,
    "tournaments": 230,
    "byCircuit": {
      "fitp": 229,
      "itf": 1
    },
    "warnings": 0,
    "tennisEuropeExcludedFromCalendar": 17
  },
  "engines": {
    "discoverFitp": {
      "status": "fitp_individual_entries_complete_from_puc_any_list_name_or_card"
    },
    "discoverTennisEurope": {
      "status": "seeded_pending_live_tournamentsoftware_scan",
      "calendarMerge": "excluded_until_dedicated_te_engine"
    },
    "discoverItf": {
      "status": "seeded_pending_live_itf_scan"
    },
    "entries": {
      "status": "built",
      "file": "src/v3/entries-engine.mjs",
      "method": "merge FITP + ITF only; TE source retained but excluded from visible calendar; no v1/v2/data.json"
    },
    "ordersOfPlay": {
      "status": "pending"
    },
    "results": {
      "status": "pending"
    }
  },
  "warnings": []
}
calendarMergeExit=0
