{
  "generatedAt": "2026-08-10T21:26:28.901Z",
  "results": [
    {
      "cookie": "",
      "summary": {
        "url": "https://te.tournamentsoftware.com/tournaments",
        "status": 302,
        "location": "/cookiewall/?returnurl=%2Ftournaments",
        "setCookie": "ASP.NET_SessionId=cjpnvdzxebnh2kdnhmvkf3vk; path=/; HttpOnly; SameSite=Lax",
        "contentType": "text/html; charset=utf-8",
        "length": 154,
        "title": "Object moved",
        "text": "Object moved Object moved to here .",
        "links": [
          {
            "url": "https://te.tournamentsoftware.com/cookiewall/?returnurl=%2Ftournaments",
            "text": "here"
          }
        ],
        "signals": {
          "cookieWall": true,
          "hasPlayer": false,
          "hasTournament": true
        }
      }
    },
    {
      "cookie": "",
      "summary": {
        "url": "https://te.tournamentsoftware.com/player-profile/D53EDFB2-9B79-4881-BBE2-11EC2F61C7D5",
        "status": 302,
        "location": "/cookiewall/?returnurl=%2Fplayer-profile%2FD53EDFB2-9B79-4881-BBE2-11EC2F61C7D5",
        "setCookie": "ASP.NET_SessionId=tn2ewom5px2m4jb3oouekf2m; path=/; HttpOnly; SameSite=Lax",
        "contentType": "text/html; charset=utf-8",
        "length": 196,
        "title": "Object moved",
        "text": "Object moved Object moved to here .",
        "links": [
          {
            "url": "https://te.tournamentsoftware.com/cookiewall/?returnurl=%2Fplayer-profile%2FD53EDFB2-9B79-4881-BBE2-11EC2F61C7D5",
            "text": "here"
          }
        ],
        "signals": {
          "cookieWall": true,
          "hasPlayer": true,
          "hasTournament": false
        }
      }
    },
    {
      "cookie": "",
      "summary": {
        "url": "https://www.tenniseurope.org/page/16383/Tournament-calendar",
        "status": 302,
        "location": "/cookies/?returnurl=%2Fpage%2F16383%2FTournament-calendar",
        "setCookie": "ASP.NET_SessionId=qe4htyjlrgvw2hgxwiqkuhyw; path=/; HttpOnly; SameSite=Lax",
        "contentType": "text/html; charset=utf-8",
        "length": 174,
        "title": "Object moved",
        "text": "Object moved Object moved to here .",
        "links": [
          {
            "url": "https://www.tenniseurope.org/cookies/?returnurl=%2Fpage%2F16383%2FTournament-calendar",
            "text": "here"
          }
        ],
        "signals": {
          "cookieWall": true,
          "hasPlayer": false,
          "hasTournament": true
        }
      }
    },
    {
      "cookie": "CookieConsent={stamp:%27x%27%2Cnecessary:true%2Cpreferences:true%2Cstatistics:true%2Cmarketing:true%2Cmethod:%27explicit%27%2Cver:1%2Cutc:1786390000000%2Cregion:%27it%27};",
      "summary": {
        "url": "https://te.tournamentsoftware.com/tournaments",
        "status": 302,
        "location": "/cookiewall/?returnurl=%2Ftournaments",
        "setCookie": "ASP.NET_SessionId=3sup32ek2cskfiaiy3oarnlw; path=/; HttpOnly; SameSite=Lax",
        "contentType": "text/html; charset=utf-8",
        "length": 154,
        "title": "Object moved",
        "text": "Object moved Object moved to here .",
        "links": [
          {
            "url": "https://te.tournamentsoftware.com/cookiewall/?returnurl=%2Ftournaments",
            "text": "here"
          }
        ],
        "signals": {
          "cookieWall": true,
          "hasPlayer": false,
          "hasTournament": true
        }
      }
    },
    {
      "cookie": "CookieConsent={stamp:%27x%27%2Cnecessary:true%2Cpreferences:true%2Cstatistics:true%2Cmarketing:true%2Cmethod:%27explicit%27%2Cver:1%2Cutc:1786390000000%2Cregion:%27it%27};",
      "summary": {
        "url": "https://te.tournamentsoftware.com/player-profile/D53EDFB2-9B79-4881-BBE2-11EC2F61C7D5",
        "status": 302,
        "location": "/cookiewall/?returnurl=%2Fplayer-profile%2FD53EDFB2-9B79-4881-BBE2-11EC2F61C7D5",
        "setCookie": "ASP.NET_SessionId=tcrl5bivbkuqxvr0kwuxdh3k; path=/; HttpOnly; SameSite=Lax",
        "contentType": "text/html; charset=utf-8",
        "length": 196,
        "title": "Object moved",
        "text": "Object moved Object moved to here .",
        "links": [
          {
            "url": "https://te.tournamentsoftware.com/cookiewall/?returnurl=%2Fplayer-profile%2FD53EDFB2-9B79-4881-BBE2-11EC2F61C7D5",
            "text": "here"
          }
        ],
        "signals": {
          "cookieWall": true,
          "hasPlayer": true,
          "hasTournament": false
        }
      }
    },
    {
      "cookie": "CookieConsent={stamp:%27x%27%2Cnecessary:true%2Cpreferences:true%2Cstatistics:true%2Cmarketing:true%2Cmethod:%27explicit%27%2Cver:1%2Cutc:1786390000000%2Cregion:%27it%27};",
      "summary": {
        "url": "https://www.tenniseurope.org/page/16383/Tournament-calendar",
        "status": 302,
        "location": "/cookies/?returnurl=%2Fpage%2F16383%2FTournament-calendar",
        "setCookie": "ASP.NET_SessionId=04hxrwqdbjugeqhhxllgms1e; path=/; HttpOnly; SameSite=Lax",
        "contentType": "text/html; charset=utf-8",
        "length": 174,
        "title": "Object moved",
        "text": "Object moved Object moved to here .",
        "links": [
          {
            "url": "https://www.tenniseurope.org/cookies/?returnurl=%2Fpage%2F16383%2FTournament-calendar",
            "text": "here"
          }
        ],
        "signals": {
          "cookieWall": true,
          "hasPlayer": false,
          "hasTournament": true
        }
      }
    },
    {
      "cookie": "stCookieConsent=necessary,preferences,statistics,marketing; CookieConsent=true; consentCookie=1;",
      "summary": {
        "url": "https://te.tournamentsoftware.com/tournaments",
        "status": 302,
        "location": "/cookiewall/?returnurl=%2Ftournaments",
        "setCookie": "ASP.NET_SessionId=cdwo2qkiclyakczaxq2zckbz; path=/; HttpOnly; SameSite=Lax",
        "contentType": "text/html; charset=utf-8",
        "length": 154,
        "title": "Object moved",
        "text": "Object moved Object moved to here .",
        "links": [
          {
            "url": "https://te.tournamentsoftware.com/cookiewall/?returnurl=%2Ftournaments",
            "text": "here"
          }
        ],
        "signals": {
          "cookieWall": true,
          "hasPlayer": false,
          "hasTournament": true
        }
      }
    },
    {
      "cookie": "stCookieConsent=necessary,preferences,statistics,marketing; CookieConsent=true; consentCookie=1;",
      "summary": {
        "url": "https://te.tournamentsoftware.com/player-profile/D53EDFB2-9B79-4881-BBE2-11EC2F61C7D5",
        "status": 302,
        "location": "/cookiewall/?returnurl=%2Fplayer-profile%2FD53EDFB2-9B79-4881-BBE2-11EC2F61C7D5",
        "setCookie": "ASP.NET_SessionId=qi0a1a4u1ke3k5iobj1z2mci; path=/; HttpOnly; SameSite=Lax",
        "contentType": "text/html; charset=utf-8",
        "length": 196,
        "title": "Object moved",
        "text": "Object moved Object moved to here .",
        "links": [
          {
            "url": "https://te.tournamentsoftware.com/cookiewall/?returnurl=%2Fplayer-profile%2FD53EDFB2-9B79-4881-BBE2-11EC2F61C7D5",
            "text": "here"
          }
        ],
        "signals": {
          "cookieWall": true,
          "hasPlayer": true,
          "hasTournament": false
        }
      }
    },
    {
      "cookie": "stCookieConsent=necessary,preferences,statistics,marketing; CookieConsent=true; consentCookie=1;",
      "summary": {
        "url": "https://www.tenniseurope.org/page/16383/Tournament-calendar",
        "status": 302,
        "location": "/cookies/?returnurl=%2Fpage%2F16383%2FTournament-calendar",
        "setCookie": "ASP.NET_SessionId=4lyuthi0z41sz3fq1ml3f2zb; path=/; HttpOnly; SameSite=Lax",
        "contentType": "text/html; charset=utf-8",
        "length": 174,
        "title": "Object moved",
        "text": "Object moved Object moved to here .",
        "links": [
          {
            "url": "https://www.tenniseurope.org/cookies/?returnurl=%2Fpage%2F16383%2FTournament-calendar",
            "text": "here"
          }
        ],
        "signals": {
          "cookieWall": true,
          "hasPlayer": false,
          "hasTournament": true
        }
      }
    },
    {
      "cookie": "tss-cookie-consent=true; .AspNet.Consent=yes;",
      "summary": {
        "url": "https://te.tournamentsoftware.com/tournaments",
        "status": 302,
        "location": "/cookiewall/?returnurl=%2Ftournaments",
        "setCookie": "ASP.NET_SessionId=yg05uagn12ekby5ftmhkduoa; path=/; HttpOnly; SameSite=Lax",
        "contentType": "text/html; charset=utf-8",
        "length": 154,
        "title": "Object moved",
        "text": "Object moved Object moved to here .",
        "links": [
          {
            "url": "https://te.tournamentsoftware.com/cookiewall/?returnurl=%2Ftournaments",
            "text": "here"
          }
        ],
        "signals": {
          "cookieWall": true,
          "hasPlayer": false,
          "hasTournament": true
        }
      }
    },
    {
      "cookie": "tss-cookie-consent=true; .AspNet.Consent=yes;",
      "summary": {
        "url": "https://te.tournamentsoftware.com/player-profile/D53EDFB2-9B79-4881-BBE2-11EC2F61C7D5",
        "status": 302,
        "location": "/cookiewall/?returnurl=%2Fplayer-profile%2FD53EDFB2-9B79-4881-BBE2-11EC2F61C7D5",
        "setCookie": "ASP.NET_SessionId=rdrqr3vlau2mw04gucpkuao2; path=/; HttpOnly; SameSite=Lax",
        "contentType": "text/html; charset=utf-8",
        "length": 196,
        "title": "Object moved",
        "text": "Object moved Object moved to here .",
        "links": [
          {
            "url": "https://te.tournamentsoftware.com/cookiewall/?returnurl=%2Fplayer-profile%2FD53EDFB2-9B79-4881-BBE2-11EC2F61C7D5",
            "text": "here"
          }
        ],
        "signals": {
          "cookieWall": true,
          "hasPlayer": true,
          "hasTournament": false
        }
      }
    },
    {
      "cookie": "tss-cookie-consent=true; .AspNet.Consent=yes;",
      "summary": {
        "url": "https://www.tenniseurope.org/page/16383/Tournament-calendar",
        "status": 302,
        "location": "/cookies/?returnurl=%2Fpage%2F16383%2FTournament-calendar",
        "setCookie": "ASP.NET_SessionId=c4jmwsqv1d3mq1tqyli02ija; path=/; HttpOnly; SameSite=Lax",
        "contentType": "text/html; charset=utf-8",
        "length": 174,
        "title": "Object moved",
        "text": "Object moved Object moved to here .",
        "links": [
          {
            "url": "https://www.tenniseurope.org/cookies/?returnurl=%2Fpage%2F16383%2FTournament-calendar",
            "text": "here"
          }
        ],
        "signals": {
          "cookieWall": true,
          "hasPlayer": false,
          "hasTournament": true
        }
      }
    }
  ]
}
teCookieBypassExit=0
