{
  "generatedAt": "2026-08-12T02:00:17.294Z",
  "status": "fitp_player_detail_script_endpoint_extract_complete",
  "scriptLength": 121832,
  "endpoints": [
    "https://dp-fit-prod-function.azurewebsites.net/api/v3/player/sheet/simple",
    "https://dp-fit-prod-function.azurewebsites.net/api/v6/player/sheet/simple",
    "https://dp-myfit-test-function-v2.azurewebsites.net/api/v1/tesserati/dettaglio/semplice",
    "https://codepen.io/xgad/post/svg-radial-progress-meters",
    "http://www.w3.org/2000/svg",
    "http://www.w3.org/1999/xlink",
    "https://dp-fit-prod-function.azurewebsites.net/api/v6/sso/app/login",
    "https://www.supertennis.tv/SSO/login.html?Guid=",
    "https://myfit.federtennis.it/SSO/login.html?Guid=",
    "https://dp-fit-prod-function.azurewebsites.net/api/v6/player/sheet",
    "https://my2.fitp.it",
    "https://dp-fit-prod-function.azurewebsites.net/api/v6/player/stats",
    "https://dp-fit-prod-function.azurewebsites.net/api/v6/player/stats/career",
    "https://dp-fit-prod-function.azurewebsites.net/api/v6/player/stats/focus",
    "https://dp-fit-prod-function.azurewebsites.net/api/v6/player/ranking"
  ],
  "windowCount": 1378,
  "useful": [
    {
      "card": "3876473411",
      "path": "/api/v3/player/sheet/simple",
      "body": {
        "cardNumber": "Mzg3NjQ3MzQxMQ=="
      },
      "status": 200,
      "text": "{\"activeYears\":[{\"year\":2023},{\"year\":2024},{\"year\":2025},{\"year\":2026}],\"player\":{\"Name\":\"ANNA\",\"Surname\":\"GAMBARINI\",\"tennis_club_name\":\"ASSOCIAZIONE SPORTIVA DILETTANTISTICA TENNIS CLUB LECCO\",\"tennis_club_municipality\":\"\",\"tennis_club_province\":\"Lecco\",\"tennis_club_id\":\"03130478\",\"MembershipCard",
      "json": {
        "activeYears": [
          {
            "year": 2023
          },
          {
            "year": 2024
          },
          {
            "year": 2025
          },
          {
            "year": 2026
          }
        ],
        "player": {
          "Name": "ANNA",
          "Surname": "GAMBARINI",
          "tennis_club_name": "ASSOCIAZIONE SPORTIVA DILETTANTISTICA TENNIS CLUB LECCO",
          "tennis_club_municipality": "",
          "tennis_club_province": "Lecco",
          "tennis_club_id": "03130478",
          "MembershipCard": "*******411",
          "Category": "3° Categoria",
          "Ranking": "3.4",
          "max_rank": "3.4",
          "max_rank_stagione": 2026
        },
        "discipline": [
          {
            "idDiscipline": 4332,
            "discipline": "Tennis",
            "membershipCard": "Mzg3NjQ3MzQxMQ=="
          }
        ],
        "baseStat": null,
        "avatar": "bf2f67db-0bf2-4242-92e3-091017ff73ae"
      }
    },
    {
      "card": "3876473411",
      "path": "/api/v3/player/sheet/simple",
      "body": {
        "cardnumber": "Mzg3NjQ3MzQxMQ=="
      },
      "status": 200,
      "text": "{\"activeYears\":[{\"year\":2023},{\"year\":2024},{\"year\":2025},{\"year\":2026}],\"player\":{\"Name\":\"ANNA\",\"Surname\":\"GAMBARINI\",\"tennis_club_name\":\"ASSOCIAZIONE SPORTIVA DILETTANTISTICA TENNIS CLUB LECCO\",\"tennis_club_municipality\":\"\",\"tennis_club_province\":\"Lecco\",\"tennis_club_id\":\"03130478\",\"MembershipCard",
      "json": {
        "activeYears": [
          {
            "year": 2023
          },
          {
            "year": 2024
          },
          {
            "year": 2025
          },
          {
            "year": 2026
          }
        ],
        "player": {
          "Name": "ANNA",
          "Surname": "GAMBARINI",
          "tennis_club_name": "ASSOCIAZIONE SPORTIVA DILETTANTISTICA TENNIS CLUB LECCO",
          "tennis_club_municipality": "",
          "tennis_club_province": "Lecco",
          "tennis_club_id": "03130478",
          "MembershipCard": "*******411",
          "Category": "3° Categoria",
          "Ranking": "3.4",
          "max_rank": "3.4",
          "max_rank_stagione": 2026
        },
        "discipline": [
          {
            "idDiscipline": 4332,
            "discipline": "Tennis",
            "membershipCard": "Mzg3NjQ3MzQxMQ=="
          }
        ],
        "baseStat": null,
        "avatar": "bf2f67db-0bf2-4242-92e3-091017ff73ae"
      }
    },
    {
      "card": "3876473411",
      "path": "/api/v3/player/sheet/simple",
      "body": {
        "CardNumber": "Mzg3NjQ3MzQxMQ=="
      },
      "status": 200,
      "text": "{\"activeYears\":[{\"year\":2023},{\"year\":2024},{\"year\":2025},{\"year\":2026}],\"player\":{\"Name\":\"ANNA\",\"Surname\":\"GAMBARINI\",\"tennis_club_name\":\"ASSOCIAZIONE SPORTIVA DILETTANTISTICA TENNIS CLUB LECCO\",\"tennis_club_municipality\":\"\",\"tennis_club_province\":\"Lecco\",\"tennis_club_id\":\"03130478\",\"MembershipCard",
      "json": {
        "activeYears": [
          {
            "year": 2023
          },
          {
            "year": 2024
          },
          {
            "year": 2025
          },
          {
            "year": 2026
          }
        ],
        "player": {
          "Name": "ANNA",
          "Surname": "GAMBARINI",
          "tennis_club_name": "ASSOCIAZIONE SPORTIVA DILETTANTISTICA TENNIS CLUB LECCO",
          "tennis_club_municipality": "",
          "tennis_club_province": "Lecco",
          "tennis_club_id": "03130478",
          "MembershipCard": "*******411",
          "Category": "3° Categoria",
          "Ranking": "3.4",
          "max_rank": "3.4",
          "max_rank_stagione": 2026
        },
        "discipline": [
          {
            "idDiscipline": 4332,
            "discipline": "Tennis",
            "membershipCard": "Mzg3NjQ3MzQxMQ=="
          }
        ],
        "baseStat": null,
        "avatar": "bf2f67db-0bf2-4242-92e3-091017ff73ae"
      }
    },
    {
      "card": "3876473411",
      "path": "/api/v3/player/sheet/simple",
      "body": {
        "idDiscipline": 4332,
        "cardNumber": "Mzg3NjQ3MzQxMQ=="
      },
      "status": 200,
      "text": "{\"activeYears\":[{\"year\":2023},{\"year\":2024},{\"year\":2025},{\"year\":2026}],\"player\":{\"Name\":\"ANNA\",\"Surname\":\"GAMBARINI\",\"tennis_club_name\":\"ASSOCIAZIONE SPORTIVA DILETTANTISTICA TENNIS CLUB LECCO\",\"tennis_club_municipality\":\"\",\"tennis_club_province\":\"Lecco\",\"tennis_club_id\":\"03130478\",\"MembershipCard",
      "json": {
        "activeYears": [
          {
            "year": 2023
          },
          {
            "year": 2024
          },
          {
            "year": 2025
          },
          {
            "year": 2026
          }
        ],
        "player": {
          "Name": "ANNA",
          "Surname": "GAMBARINI",
          "tennis_club_name": "ASSOCIAZIONE SPORTIVA DILETTANTISTICA TENNIS CLUB LECCO",
          "tennis_club_municipality": "",
          "tennis_club_province": "Lecco",
          "tennis_club_id": "03130478",
          "MembershipCard": "*******411",
          "Category": "3° Categoria",
          "Ranking": "3.4",
          "max_rank": "3.4",
          "max_rank_stagione": 2026
        },
        "discipline": [
          {
            "idDiscipline": 4332,
            "discipline": "Tennis",
            "membershipCard": "Mzg3NjQ3MzQxMQ=="
          }
        ],
        "baseStat": null,
        "avatar": "bf2f67db-0bf2-4242-92e3-091017ff73ae"
      }
    },
    {
      "card": "3876473411",
      "path": "/api/v3/player/sheet/simple",
      "body": {
        "cardNumber": "Mzg3NjQ3MzQxMQ==",
        "year": 2026
      },
      "status": 200,
      "text": "{\"activeYears\":[{\"year\":2023},{\"year\":2024},{\"year\":2025},{\"year\":2026}],\"player\":{\"Name\":\"ANNA\",\"Surname\":\"GAMBARINI\",\"tennis_club_name\":\"ASSOCIAZIONE SPORTIVA DILETTANTISTICA TENNIS CLUB LECCO\",\"tennis_club_municipality\":\"\",\"tennis_club_province\":\"Lecco\",\"tennis_club_id\":\"03130478\",\"MembershipCard",
      "json": {
        "activeYears": [
          {
            "year": 2023
          },
          {
            "year": 2024
          },
          {
            "year": 2025
          },
          {
            "year": 2026
          }
        ],
        "player": {
          "Name": "ANNA",
          "Surname": "GAMBARINI",
          "tennis_club_name": "ASSOCIAZIONE SPORTIVA DILETTANTISTICA TENNIS CLUB LECCO",
          "tennis_club_municipality": "",
          "tennis_club_province": "Lecco",
          "tennis_club_id": "03130478",
          "MembershipCard": "*******411",
          "Category": "3° Categoria",
          "Ranking": "3.4",
          "max_rank": "3.4",
          "max_rank_stagione": 2026
        },
        "discipline": [
          {
            "idDiscipline": 4332,
            "discipline": "Tennis",
            "membershipCard": "Mzg3NjQ3MzQxMQ=="
          }
        ],
        "baseStat": null,
        "avatar": "bf2f67db-0bf2-4242-92e3-091017ff73ae"
      }
    },
    {
      "card": "3876473411",
      "path": "/api/v3/player/sheet/simple",
      "body": {
        "cardNumber": "Mzg3NjQ3MzQxMQ==",
        "season": 2026
      },
      "status": 200,
      "text": "{\"activeYears\":[{\"year\":2023},{\"year\":2024},{\"year\":2025},{\"year\":2026}],\"player\":{\"Name\":\"ANNA\",\"Surname\":\"GAMBARINI\",\"tennis_club_name\":\"ASSOCIAZIONE SPORTIVA DILETTANTISTICA TENNIS CLUB LECCO\",\"tennis_club_municipality\":\"\",\"tennis_club_province\":\"Lecco\",\"tennis_club_id\":\"03130478\",\"MembershipCard",
      "json": {
        "activeYears": [
          {
            "year": 2023
          },
          {
            "year": 2024
          },
          {
            "year": 2025
          },
          {
            "year": 2026
          }
        ],
        "player": {
          "Name": "ANNA",
          "Surname": "GAMBARINI",
          "tennis_club_name": "ASSOCIAZIONE SPORTIVA DILETTANTISTICA TENNIS CLUB LECCO",
          "tennis_club_municipality": "",
          "tennis_club_province": "Lecco",
          "tennis_club_id": "03130478",
          "MembershipCard": "*******411",
          "Category": "3° Categoria",
          "Ranking": "3.4",
          "max_rank": "3.4",
          "max_rank_stagione": 2026
        },
        "discipline": [
          {
            "idDiscipline": 4332,
            "discipline": "Tennis",
            "membershipCard": "Mzg3NjQ3MzQxMQ=="
          }
        ],
        "baseStat": null,
        "avatar": "bf2f67db-0bf2-4242-92e3-091017ff73ae"
      }
    },
    {
      "card": "3876473411",
      "path": "/api/v6/player/sheet/simple",
      "body": {
        "cardNumber": "Mzg3NjQ3MzQxMQ=="
      },
      "status": 200,
      "text": "{\"activeYears\":[{\"year\":2023},{\"year\":2024},{\"year\":2025},{\"year\":2026}],\"player\":{\"Name\":\"ANNA\",\"Surname\":\"GAMBARINI\",\"tennis_club_name\":\"ASSOCIAZIONE SPORTIVA DILETTANTISTICA TENNIS CLUB LECCO\",\"tennis_club_municipality\":\"\",\"tennis_club_province\":\"Lecco\",\"tennis_club_id\":\"03130478\",\"MembershipCard",
      "json": {
        "activeYears": [
          {
            "year": 2023
          },
          {
            "year": 2024
          },
          {
            "year": 2025
          },
          {
            "year": 2026
          }
        ],
        "player": {
          "Name": "ANNA",
          "Surname": "GAMBARINI",
          "tennis_club_name": "ASSOCIAZIONE SPORTIVA DILETTANTISTICA TENNIS CLUB LECCO",
          "tennis_club_municipality": "",
          "tennis_club_province": "Lecco",
          "tennis_club_id": "03130478",
          "MembershipCard": "*******411",
          "Category": "3° Categoria",
          "Ranking": "3.4",
          "max_rank": "3.4",
          "max_rank_stagione": 2026
        },
        "discipline": [
          {
            "idDiscipline": 4332,
            "discipline": "Tennis",
            "membershipCard": "Mzg3NjQ3MzQxMQ=="
          }
        ],
        "baseStat": null,
        "avatar": "bf2f67db-0bf2-4242-92e3-091017ff73ae"
      }
    },
    {
      "card": "3876473411",
      "path": "/api/v6/player/sheet/simple",
      "body": {
        "cardnumber": "Mzg3NjQ3MzQxMQ=="
      },
      "status": 200,
      "text": "{\"activeYears\":[{\"year\":2023},{\"year\":2024},{\"year\":2025},{\"year\":2026}],\"player\":{\"Name\":\"ANNA\",\"Surname\":\"GAMBARINI\",\"tennis_club_name\":\"ASSOCIAZIONE SPORTIVA DILETTANTISTICA TENNIS CLUB LECCO\",\"tennis_club_municipality\":\"\",\"tennis_club_province\":\"Lecco\",\"tennis_club_id\":\"03130478\",\"MembershipCard",
      "json": {
        "activeYears": [
          {
            "year": 2023
          },
          {
            "year": 2024
          },
          {
            "year": 2025
          },
          {
            "year": 2026
          }
        ],
        "player": {
          "Name": "ANNA",
          "Surname": "GAMBARINI",
          "tennis_club_name": "ASSOCIAZIONE SPORTIVA DILETTANTISTICA TENNIS CLUB LECCO",
          "tennis_club_municipality": "",
          "tennis_club_province": "Lecco",
          "tennis_club_id": "03130478",
          "MembershipCard": "*******411",
          "Category": "3° Categoria",
          "Ranking": "3.4",
          "max_rank": "3.4",
          "max_rank_stagione": 2026
        },
        "discipline": [
          {
            "idDiscipline": 4332,
            "discipline": "Tennis",
            "membershipCard": "Mzg3NjQ3MzQxMQ=="
          }
        ],
        "baseStat": null,
        "avatar": "bf2f67db-0bf2-4242-92e3-091017ff73ae"
      }
    },
    {
      "card": "3876473411",
      "path": "/api/v6/player/sheet/simple",
      "body": {
        "CardNumber": "Mzg3NjQ3MzQxMQ=="
      },
      "status": 200,
      "text": "{\"activeYears\":[{\"year\":2023},{\"year\":2024},{\"year\":2025},{\"year\":2026}],\"player\":{\"Name\":\"ANNA\",\"Surname\":\"GAMBARINI\",\"tennis_club_name\":\"ASSOCIAZIONE SPORTIVA DILETTANTISTICA TENNIS CLUB LECCO\",\"tennis_club_municipality\":\"\",\"tennis_club_province\":\"Lecco\",\"tennis_club_id\":\"03130478\",\"MembershipCard",
      "json": {
        "activeYears": [
          {
            "year": 2023
          },
          {
            "year": 2024
          },
          {
            "year": 2025
          },
          {
            "year": 2026
          }
        ],
        "player": {
          "Name": "ANNA",
          "Surname": "GAMBARINI",
          "tennis_club_name": "ASSOCIAZIONE SPORTIVA DILETTANTISTICA TENNIS CLUB LECCO",
          "tennis_club_municipality": "",
          "tennis_club_province": "Lecco",
          "tennis_club_id": "03130478",
          "MembershipCard": "*******411",
          "Category": "3° Categoria",
          "Ranking": "3.4",
          "max_rank": "3.4",
          "max_rank_stagione": 2026
        },
        "discipline": [
          {
            "idDiscipline": 4332,
            "discipline": "Tennis",
            "membershipCard": "Mzg3NjQ3MzQxMQ=="
          }
        ],
        "baseStat": null,
        "avatar": "bf2f67db-0bf2-4242-92e3-091017ff73ae"
      }
    },
    {
      "card": "3876473411",
      "path": "/api/v6/player/sheet/simple",
      "body": {
        "idDiscipline": 4332,
        "cardNumber": "Mzg3NjQ3MzQxMQ=="
      },
      "status": 200,
      "text": "{\"activeYears\":[{\"year\":2023},{\"year\":2024},{\"year\":2025},{\"year\":2026}],\"player\":{\"Name\":\"ANNA\",\"Surname\":\"GAMBARINI\",\"tennis_club_name\":\"ASSOCIAZIONE SPORTIVA DILETTANTISTICA TENNIS CLUB LECCO\",\"tennis_club_municipality\":\"\",\"tennis_club_province\":\"Lecco\",\"tennis_club_id\":\"03130478\",\"MembershipCard",
      "json": {
        "activeYears": [
          {
            "year": 2023
          },
          {
            "year": 2024
          },
          {
            "year": 2025
          },
          {
            "year": 2026
          }
        ],
        "player": {
          "Name": "ANNA",
          "Surname": "GAMBARINI",
          "tennis_club_name": "ASSOCIAZIONE SPORTIVA DILETTANTISTICA TENNIS CLUB LECCO",
          "tennis_club_municipality": "",
          "tennis_club_province": "Lecco",
          "tennis_club_id": "03130478",
          "MembershipCard": "*******411",
          "Category": "3° Categoria",
          "Ranking": "3.4",
          "max_rank": "3.4",
          "max_rank_stagione": 2026
        },
        "discipline": [
          {
            "idDiscipline": 4332,
            "discipline": "Tennis",
            "membershipCard": "Mzg3NjQ3MzQxMQ=="
          }
        ],
        "baseStat": null,
        "avatar": "bf2f67db-0bf2-4242-92e3-091017ff73ae"
      }
    },
    {
      "card": "3876473411",
      "path": "/api/v6/player/sheet/simple",
      "body": {
        "cardNumber": "Mzg3NjQ3MzQxMQ==",
        "year": 2026
      },
      "status": 200,
      "text": "{\"activeYears\":[{\"year\":2023},{\"year\":2024},{\"year\":2025},{\"year\":2026}],\"player\":{\"Name\":\"ANNA\",\"Surname\":\"GAMBARINI\",\"tennis_club_name\":\"ASSOCIAZIONE SPORTIVA DILETTANTISTICA TENNIS CLUB LECCO\",\"tennis_club_municipality\":\"\",\"tennis_club_province\":\"Lecco\",\"tennis_club_id\":\"03130478\",\"MembershipCard",
      "json": {
        "activeYears": [
          {
            "year": 2023
          },
          {
            "year": 2024
          },
          {
            "year": 2025
          },
          {
            "year": 2026
          }
        ],
        "player": {
          "Name": "ANNA",
          "Surname": "GAMBARINI",
          "tennis_club_name": "ASSOCIAZIONE SPORTIVA DILETTANTISTICA TENNIS CLUB LECCO",
          "tennis_club_municipality": "",
          "tennis_club_province": "Lecco",
          "tennis_club_id": "03130478",
          "MembershipCard": "*******411",
          "Category": "3° Categoria",
          "Ranking": "3.4",
          "max_rank": "3.4",
          "max_rank_stagione": 2026
        },
        "discipline": [
          {
            "idDiscipline": 4332,
            "discipline": "Tennis",
            "membershipCard": "Mzg3NjQ3MzQxMQ=="
          }
        ],
        "baseStat": null,
        "avatar": "bf2f67db-0bf2-4242-92e3-091017ff73ae"
      }
    },
    {
      "card": "3876473411",
      "path": "/api/v6/player/sheet/simple",
      "body": {
        "cardNumber": "Mzg3NjQ3MzQxMQ==",
        "season": 2026
      },
      "status": 200,
      "text": "{\"activeYears\":[{\"year\":2023},{\"year\":2024},{\"year\":2025},{\"year\":2026}],\"player\":{\"Name\":\"ANNA\",\"Surname\":\"GAMBARINI\",\"tennis_club_name\":\"ASSOCIAZIONE SPORTIVA DILETTANTISTICA TENNIS CLUB LECCO\",\"tennis_club_municipality\":\"\",\"tennis_club_province\":\"Lecco\",\"tennis_club_id\":\"03130478\",\"MembershipCard",
      "json": {
        "activeYears": [
          {
            "year": 2023
          },
          {
            "year": 2024
          },
          {
            "year": 2025
          },
          {
            "year": 2026
          }
        ],
        "player": {
          "Name": "ANNA",
          "Surname": "GAMBARINI",
          "tennis_club_name": "ASSOCIAZIONE SPORTIVA DILETTANTISTICA TENNIS CLUB LECCO",
          "tennis_club_municipality": "",
          "tennis_club_province": "Lecco",
          "tennis_club_id": "03130478",
          "MembershipCard": "*******411",
          "Category": "3° Categoria",
          "Ranking": "3.4",
          "max_rank": "3.4",
          "max_rank_stagione": 2026
        },
        "discipline": [
          {
            "idDiscipline": 4332,
            "discipline": "Tennis",
            "membershipCard": "Mzg3NjQ3MzQxMQ=="
          }
        ],
        "baseStat": null,
        "avatar": "bf2f67db-0bf2-4242-92e3-091017ff73ae"
      }
    },
    {
      "card": "3876473411",
      "path": "/api/v1/tesserati/dettaglio/semplice",
      "body": {
        "cardNumber": "Mzg3NjQ3MzQxMQ=="
      },
      "status": 200,
      "text": "{\"activeYears\":[{\"year\":2023},{\"year\":2024},{\"year\":2025},{\"year\":2026}],\"player\":{\"name\":\"ANNA\",\"surname\":\"GAMBARINI\",\"tennis_club_name\":\"ASSOCIAZIONE SPORTIVA DILETTANTISTICA TENNIS CLUB LECCO\",\"tennis_club_municipality\":\"\",\"tennis_club_province\":\"Lecco\",\"tennis_club_id\":\"03130478\",\"membershipCard",
      "json": {
        "activeYears": [
          {
            "year": 2023
          },
          {
            "year": 2024
          },
          {
            "year": 2025
          },
          {
            "year": 2026
          }
        ],
        "player": {
          "name": "ANNA",
          "surname": "GAMBARINI",
          "tennis_club_name": "ASSOCIAZIONE SPORTIVA DILETTANTISTICA TENNIS CLUB LECCO",
          "tennis_club_municipality": "",
          "tennis_club_province": "Lecco",
          "tennis_club_id": "03130478",
          "membershipCard": "*******411",
          "category": "3° Categoria",
          "ranking": "3.4",
          "max_rank": "3.4",
          "max_rank_stagione": 2026,
          "guid": "3950EF4D-F7FC-4983-A4DE-1920F721EAA9"
        },
        "discipline": [
          {
            "idDiscipline": 4332,
            "discipline": "Tennis",
            "membershipCard": "Mzg3NjQ3MzQxMQ=="
          }
        ],
        "baseStat": [],
        "avatar": "bf2f67db-0bf2-4242-92e3-091017ff73ae"
      }
    },
    {
      "card": "3876473411",
      "path": "/api/v1/tesserati/dettaglio/semplice",
      "body": {
        "cardnumber": "Mzg3NjQ3MzQxMQ=="
      },
      "status": 200,
      "text": "{\"activeYears\":[{\"year\":2023},{\"year\":2024},{\"year\":2025},{\"year\":2026}],\"player\":{\"name\":\"ANNA\",\"surname\":\"GAMBARINI\",\"tennis_club_name\":\"ASSOCIAZIONE SPORTIVA DILETTANTISTICA TENNIS CLUB LECCO\",\"tennis_club_municipality\":\"\",\"tennis_club_province\":\"Lecco\",\"tennis_club_id\":\"03130478\",\"membershipCard",
      "json": {
        "activeYears": [
          {
            "year": 2023
          },
          {
            "year": 2024
          },
          {
            "year": 2025
          },
          {
            "year": 2026
          }
        ],
        "player": {
          "name": "ANNA",
          "surname": "GAMBARINI",
          "tennis_club_name": "ASSOCIAZIONE SPORTIVA DILETTANTISTICA TENNIS CLUB LECCO",
          "tennis_club_municipality": "",
          "tennis_club_province": "Lecco",
          "tennis_club_id": "03130478",
          "membershipCard": "*******411",
          "category": "3° Categoria",
          "ranking": "3.4",
          "max_rank": "3.4",
          "max_rank_stagione": 2026,
          "guid": "3950EF4D-F7FC-4983-A4DE-1920F721EAA9"
        },
        "discipline": [
          {
            "idDiscipline": 4332,
            "discipline": "Tennis",
            "membershipCard": "Mzg3NjQ3MzQxMQ=="
          }
        ],
        "baseStat": [],
        "avatar": "bf2f67db-0bf2-4242-92e3-091017ff73ae"
      }
    },
    {
      "card": "3876473411",
      "path": "/api/v1/tesserati/dettaglio/semplice",
      "body": {
        "CardNumber": "Mzg3NjQ3MzQxMQ=="
      },
      "status": 200,
      "text": "{\"activeYears\":[{\"year\":2023},{\"year\":2024},{\"year\":2025},{\"year\":2026}],\"player\":{\"name\":\"ANNA\",\"surname\":\"GAMBARINI\",\"tennis_club_name\":\"ASSOCIAZIONE SPORTIVA DILETTANTISTICA TENNIS CLUB LECCO\",\"tennis_club_municipality\":\"\",\"tennis_club_province\":\"Lecco\",\"tennis_club_id\":\"03130478\",\"membershipCard",
      "json": {
        "activeYears": [
          {
            "year": 2023
          },
          {
            "year": 2024
          },
          {
            "year": 2025
          },
          {
            "year": 2026
          }
        ],
        "player": {
          "name": "ANNA",
          "surname": "GAMBARINI",
          "tennis_club_name": "ASSOCIAZIONE SPORTIVA DILETTANTISTICA TENNIS CLUB LECCO",
          "tennis_club_municipality": "",
          "tennis_club_province": "Lecco",
          "tennis_club_id": "03130478",
          "membershipCard": "*******411",
          "category": "3° Categoria",
          "ranking": "3.4",
          "max_rank": "3.4",
          "max_rank_stagione": 2026,
          "guid": "3950EF4D-F7FC-4983-A4DE-1920F721EAA9"
        },
        "discipline": [
          {
            "idDiscipline": 4332,
            "discipline": "Tennis",
            "membershipCard": "Mzg3NjQ3MzQxMQ=="
          }
        ],
        "baseStat": [],
        "avatar": "bf2f67db-0bf2-4242-92e3-091017ff73ae"
      }
    },
    {
      "card": "3876473411",
      "path": "/api/v1/tesserati/dettaglio/semplice",
      "body": {
        "idDiscipline": 4332,
        "cardNumber": "Mzg3NjQ3MzQxMQ=="
      },
      "status": 200,
      "text": "{\"activeYears\":[{\"year\":2023},{\"year\":2024},{\"year\":2025},{\"year\":2026}],\"player\":{\"name\":\"ANNA\",\"surname\":\"GAMBARINI\",\"tennis_club_name\":\"ASSOCIAZIONE SPORTIVA DILETTANTISTICA TENNIS CLUB LECCO\",\"tennis_club_municipality\":\"\",\"tennis_club_province\":\"Lecco\",\"tennis_club_id\":\"03130478\",\"membershipCard",
      "json": {
        "activeYears": [
          {
            "year": 2023
          },
          {
            "year": 2024
          },
          {
            "year": 2025
          },
          {
            "year": 2026
          }
        ],
        "player": {
          "name": "ANNA",
          "surname": "GAMBARINI",
          "tennis_club_name": "ASSOCIAZIONE SPORTIVA DILETTANTISTICA TENNIS CLUB LECCO",
          "tennis_club_municipality": "",
          "tennis_club_province": "Lecco",
          "tennis_club_id": "03130478",
          "membershipCard": "*******411",
          "category": "3° Categoria",
          "ranking": "3.4",
          "max_rank": "3.4",
          "max_rank_stagione": 2026,
          "guid": "3950EF4D-F7FC-4983-A4DE-1920F721EAA9"
        },
        "discipline": [
          {
            "idDiscipline": 4332,
            "discipline": "Tennis",
            "membershipCard": "Mzg3NjQ3MzQxMQ=="
          }
        ],
        "baseStat": [],
        "avatar": "bf2f67db-0bf2-4242-92e3-091017ff73ae"
      }
    },
    {
      "card": "3876473411",
      "path": "/api/v1/tesserati/dettaglio/semplice",
      "body": {
        "cardNumber": "Mzg3NjQ3MzQxMQ==",
        "year": 2026
      },
      "status": 200,
      "text": "{\"activeYears\":[{\"year\":2023},{\"year\":2024},{\"year\":2025},{\"year\":2026}],\"player\":{\"name\":\"ANNA\",\"surname\":\"GAMBARINI\",\"tennis_club_name\":\"ASSOCIAZIONE SPORTIVA DILETTANTISTICA TENNIS CLUB LECCO\",\"tennis_club_municipality\":\"\",\"tennis_club_province\":\"Lecco\",\"tennis_club_id\":\"03130478\",\"membershipCard",
      "json": {
        "activeYears": [
          {
            "year": 2023
          },
          {
            "year": 2024
          },
          {
            "year": 2025
          },
          {
            "year": 2026
          }
        ],
        "player": {
          "name": "ANNA",
          "surname": "GAMBARINI",
          "tennis_club_name": "ASSOCIAZIONE SPORTIVA DILETTANTISTICA TENNIS CLUB LECCO",
          "tennis_club_municipality": "",
          "tennis_club_province": "Lecco",
          "tennis_club_id": "03130478",
          "membershipCard": "*******411",
          "category": "3° Categoria",
          "ranking": "3.4",
          "max_rank": "3.4",
          "max_rank_stagione": 2026,
          "guid": "3950EF4D-F7FC-4983-A4DE-1920F721EAA9"
        },
        "discipline": [
          {
            "idDiscipline": 4332,
            "discipline": "Tennis",
            "membershipCard": "Mzg3NjQ3MzQxMQ=="
          }
        ],
        "baseStat": [],
        "avatar": "bf2f67db-0bf2-4242-92e3-091017ff73ae"
      }
    },
    {
      "card": "3876473411",
      "path": "/api/v1/tesserati/dettaglio/semplice",
      "body": {
        "cardNumber": "Mzg3NjQ3MzQxMQ==",
        "season": 2026
      },
      "status": 200,
      "text": "{\"activeYears\":[{\"year\":2023},{\"year\":2024},{\"year\":2025},{\"year\":2026}],\"player\":{\"name\":\"ANNA\",\"surname\":\"GAMBARINI\",\"tennis_club_name\":\"ASSOCIAZIONE SPORTIVA DILETTANTISTICA TENNIS CLUB LECCO\",\"tennis_club_municipality\":\"\",\"tennis_club_province\":\"Lecco\",\"tennis_club_id\":\"03130478\",\"membershipCard",
      "json": {
        "activeYears": [
          {
            "year": 2023
          },
          {
            "year": 2024
          },
          {
            "year": 2025
          },
          {
            "year": 2026
          }
        ],
        "player": {
          "name": "ANNA",
          "surname": "GAMBARINI",
          "tennis_club_name": "ASSOCIAZIONE SPORTIVA DILETTANTISTICA TENNIS CLUB LECCO",
          "tennis_club_municipality": "",
          "tennis_club_province": "Lecco",
          "tennis_club_id": "03130478",
          "membershipCard": "*******411",
          "category": "3° Categoria",
          "ranking": "3.4",
          "max_rank": "3.4",
          "max_rank_stagione": 2026,
          "guid": "3950EF4D-F7FC-4983-A4DE-1920F721EAA9"
        },
        "discipline": [
          {
            "idDiscipline": 4332,
            "discipline": "Tennis",
            "membershipCard": "Mzg3NjQ3MzQxMQ=="
          }
        ],
        "baseStat": [],
        "avatar": "bf2f67db-0bf2-4242-92e3-091017ff73ae"
      }
    },
    {
      "card": "7578095942",
      "path": "/api/v3/player/sheet/simple",
      "body": {
        "cardNumber": "NzU3ODA5NTk0Mg=="
      },
      "status": 200,
      "text": "{\"activeYears\":[{\"year\":2021},{\"year\":2022},{\"year\":2023},{\"year\":2024},{\"year\":2025},{\"year\":2026}],\"player\":{\"Name\":\"NIKOLA NIKOLAEV\",\"Surname\":\"KERKENYAKOV\",\"tennis_club_name\":\"ASSOCIAZIONE SPORTIVA DILETTANTISTICA TENNIS CLUB LECCO\",\"tennis_club_municipality\":\"\",\"tennis_club_province\":\"Lecco\",\"t",
      "json": {
        "activeYears": [
          {
            "year": 2021
          },
          {
            "year": 2022
          },
          {
            "year": 2023
          },
          {
            "year": 2024
          },
          {
            "year": 2025
          },
          {
            "year": 2026
          }
        ],
        "player": {
          "Name": "NIKOLA NIKOLAEV",
          "Surname": "KERKENYAKOV",
          "tennis_club_name": "ASSOCIAZIONE SPORTIVA DILETTANTISTICA TENNIS CLUB LECCO",
          "tennis_club_municipality": "",
          "tennis_club_province": "Lecco",
          "tennis_club_id": "03130478",
          "MembershipCard": "*******942",
          "Category": "3° Categoria",
          "Ranking": "3.1",
          "max_rank": "3.1",
          "max_rank_stagione": 2026,
          "guid": "DBB15F53-9922-4A89-BCE1-27ED6BCAB5EE"
        },
        "discipline": [
          {
            "idDiscipline": 4332,
            "discipline": "Tennis",
            "membershipCard": "NzU3ODA5NTk0Mg=="
          }
        ],
        "baseStat": null
      }
    },
    {
      "card": "7578095942",
      "path": "/api/v3/player/sheet/simple",
      "body": {
        "cardnumber": "NzU3ODA5NTk0Mg=="
      },
      "status": 200,
      "text": "{\"activeYears\":[{\"year\":2021},{\"year\":2022},{\"year\":2023},{\"year\":2024},{\"year\":2025},{\"year\":2026}],\"player\":{\"Name\":\"NIKOLA NIKOLAEV\",\"Surname\":\"KERKENYAKOV\",\"tennis_club_name\":\"ASSOCIAZIONE SPORTIVA DILETTANTISTICA TENNIS CLUB LECCO\",\"tennis_club_municipality\":\"\",\"tennis_club_province\":\"Lecco\",\"t",
      "json": {
        "activeYears": [
          {
            "year": 2021
          },
          {
            "year": 2022
          },
          {
            "year": 2023
          },
          {
            "year": 2024
          },
          {
            "year": 2025
          },
          {
            "year": 2026
          }
        ],
        "player": {
          "Name": "NIKOLA NIKOLAEV",
          "Surname": "KERKENYAKOV",
          "tennis_club_name": "ASSOCIAZIONE SPORTIVA DILETTANTISTICA TENNIS CLUB LECCO",
          "tennis_club_municipality": "",
          "tennis_club_province": "Lecco",
          "tennis_club_id": "03130478",
          "MembershipCard": "*******942",
          "Category": "3° Categoria",
          "Ranking": "3.1",
          "max_rank": "3.1",
          "max_rank_stagione": 2026,
          "guid": "DBB15F53-9922-4A89-BCE1-27ED6BCAB5EE"
        },
        "discipline": [
          {
            "idDiscipline": 4332,
            "discipline": "Tennis",
            "membershipCard": "NzU3ODA5NTk0Mg=="
          }
        ],
        "baseStat": null
      }
    },
    {
      "card": "7578095942",
      "path": "/api/v3/player/sheet/simple",
      "body": {
        "CardNumber": "NzU3ODA5NTk0Mg=="
      },
      "status": 200,
      "text": "{\"activeYears\":[{\"year\":2021},{\"year\":2022},{\"year\":2023},{\"year\":2024},{\"year\":2025},{\"year\":2026}],\"player\":{\"Name\":\"NIKOLA NIKOLAEV\",\"Surname\":\"KERKENYAKOV\",\"tennis_club_name\":\"ASSOCIAZIONE SPORTIVA DILETTANTISTICA TENNIS CLUB LECCO\",\"tennis_club_municipality\":\"\",\"tennis_club_province\":\"Lecco\",\"t",
      "json": {
        "activeYears": [
          {
            "year": 2021
          },
          {
            "year": 2022
          },
          {
            "year": 2023
          },
          {
            "year": 2024
          },
          {
            "year": 2025
          },
          {
            "year": 2026
          }
        ],
        "player": {
          "Name": "NIKOLA NIKOLAEV",
          "Surname": "KERKENYAKOV",
          "tennis_club_name": "ASSOCIAZIONE SPORTIVA DILETTANTISTICA TENNIS CLUB LECCO",
          "tennis_club_municipality": "",
          "tennis_club_province": "Lecco",
          "tennis_club_id": "03130478",
          "MembershipCard": "*******942",
          "Category": "3° Categoria",
          "Ranking": "3.1",
          "max_rank": "3.1",
          "max_rank_stagione": 2026,
          "guid": "DBB15F53-9922-4A89-BCE1-27ED6BCAB5EE"
        },
        "discipline": [
          {
            "idDiscipline": 4332,
            "discipline": "Tennis",
            "membershipCard": "NzU3ODA5NTk0Mg=="
          }
        ],
        "baseStat": null
      }
    },
    {
      "card": "7578095942",
      "path": "/api/v3/player/sheet/simple",
      "body": {
        "idDiscipline": 4332,
        "cardNumber": "NzU3ODA5NTk0Mg=="
      },
      "status": 200,
      "text": "{\"activeYears\":[{\"year\":2021},{\"year\":2022},{\"year\":2023},{\"year\":2024},{\"year\":2025},{\"year\":2026}],\"player\":{\"Name\":\"NIKOLA NIKOLAEV\",\"Surname\":\"KERKENYAKOV\",\"tennis_club_name\":\"ASSOCIAZIONE SPORTIVA DILETTANTISTICA TENNIS CLUB LECCO\",\"tennis_club_municipality\":\"\",\"tennis_club_province\":\"Lecco\",\"t",
      "json": {
        "activeYears": [
          {
            "year": 2021
          },
          {
            "year": 2022
          },
          {
            "year": 2023
          },
          {
            "year": 2024
          },
          {
            "year": 2025
          },
          {
            "year": 2026
          }
        ],
        "player": {
          "Name": "NIKOLA NIKOLAEV",
          "Surname": "KERKENYAKOV",
          "tennis_club_name": "ASSOCIAZIONE SPORTIVA DILETTANTISTICA TENNIS CLUB LECCO",
          "tennis_club_municipality": "",
          "tennis_club_province": "Lecco",
          "tennis_club_id": "03130478",
          "MembershipCard": "*******942",
          "Category": "3° Categoria",
          "Ranking": "3.1",
          "max_rank": "3.1",
          "max_rank_stagione": 2026,
          "guid": "DBB15F53-9922-4A89-BCE1-27ED6BCAB5EE"
        },
        "discipline": [
          {
            "idDiscipline": 4332,
            "discipline": "Tennis",
            "membershipCard": "NzU3ODA5NTk0Mg=="
          }
        ],
        "baseStat": null
      }
    },
    {
      "card": "7578095942",
      "path": "/api/v3/player/sheet/simple",
      "body": {
        "cardNumber": "NzU3ODA5NTk0Mg==",
        "year": 2026
      },
      "status": 200,
      "text": "{\"activeYears\":[{\"year\":2021},{\"year\":2022},{\"year\":2023},{\"year\":2024},{\"year\":2025},{\"year\":2026}],\"player\":{\"Name\":\"NIKOLA NIKOLAEV\",\"Surname\":\"KERKENYAKOV\",\"tennis_club_name\":\"ASSOCIAZIONE SPORTIVA DILETTANTISTICA TENNIS CLUB LECCO\",\"tennis_club_municipality\":\"\",\"tennis_club_province\":\"Lecco\",\"t",
      "json": {
        "activeYears": [
          {
            "year": 2021
          },
          {
            "year": 2022
          },
          {
            "year": 2023
          },
          {
            "year": 2024
          },
          {
            "year": 2025
          },
          {
            "year": 2026
          }
        ],
        "player": {
          "Name": "NIKOLA NIKOLAEV",
          "Surname": "KERKENYAKOV",
          "tennis_club_name": "ASSOCIAZIONE SPORTIVA DILETTANTISTICA TENNIS CLUB LECCO",
          "tennis_club_municipality": "",
          "tennis_club_province": "Lecco",
          "tennis_club_id": "03130478",
          "MembershipCard": "*******942",
          "Category": "3° Categoria",
          "Ranking": "3.1",
          "max_rank": "3.1",
          "max_rank_stagione": 2026,
          "guid": "DBB15F53-9922-4A89-BCE1-27ED6BCAB5EE"
        },
        "discipline": [
          {
            "idDiscipline": 4332,
            "discipline": "Tennis",
            "membershipCard": "NzU3ODA5NTk0Mg=="
          }
        ],
        "baseStat": null
      }
    },
    {
      "card": "7578095942",
      "path": "/api/v3/player/sheet/simple",
      "body": {
        "cardNumber": "NzU3ODA5NTk0Mg==",
        "season": 2026
      },
      "status": 200,
      "text": "{\"activeYears\":[{\"year\":2021},{\"year\":2022},{\"year\":2023},{\"year\":2024},{\"year\":2025},{\"year\":2026}],\"player\":{\"Name\":\"NIKOLA NIKOLAEV\",\"Surname\":\"KERKENYAKOV\",\"tennis_club_name\":\"ASSOCIAZIONE SPORTIVA DILETTANTISTICA TENNIS CLUB LECCO\",\"tennis_club_municipality\":\"\",\"tennis_club_province\":\"Lecco\",\"t",
      "json": {
        "activeYears": [
          {
            "year": 2021
          },
          {
            "year": 2022
          },
          {
            "year": 2023
          },
          {
            "year": 2024
          },
          {
            "year": 2025
          },
          {
            "year": 2026
          }
        ],
        "player": {
          "Name": "NIKOLA NIKOLAEV",
          "Surname": "KERKENYAKOV",
          "tennis_club_name": "ASSOCIAZIONE SPORTIVA DILETTANTISTICA TENNIS CLUB LECCO",
          "tennis_club_municipality": "",
          "tennis_club_province": "Lecco",
          "tennis_club_id": "03130478",
          "MembershipCard": "*******942",
          "Category": "3° Categoria",
          "Ranking": "3.1",
          "max_rank": "3.1",
          "max_rank_stagione": 2026,
          "guid": "DBB15F53-9922-4A89-BCE1-27ED6BCAB5EE"
        },
        "discipline": [
          {
            "idDiscipline": 4332,
            "discipline": "Tennis",
            "membershipCard": "NzU3ODA5NTk0Mg=="
          }
        ],
        "baseStat": null
      }
    },
    {
      "card": "7578095942",
      "path": "/api/v6/player/sheet/simple",
      "body": {
        "cardNumber": "NzU3ODA5NTk0Mg=="
      },
      "status": 200,
      "text": "{\"activeYears\":[{\"year\":2021},{\"year\":2022},{\"year\":2023},{\"year\":2024},{\"year\":2025},{\"year\":2026}],\"player\":{\"Name\":\"NIKOLA NIKOLAEV\",\"Surname\":\"KERKENYAKOV\",\"tennis_club_name\":\"ASSOCIAZIONE SPORTIVA DILETTANTISTICA TENNIS CLUB LECCO\",\"tennis_club_municipality\":\"\",\"tennis_club_province\":\"Lecco\",\"t",
      "json": {
        "activeYears": [
          {
            "year": 2021
          },
          {
            "year": 2022
          },
          {
            "year": 2023
          },
          {
            "year": 2024
          },
          {
            "year": 2025
          },
          {
            "year": 2026
          }
        ],
        "player": {
          "Name": "NIKOLA NIKOLAEV",
          "Surname": "KERKENYAKOV",
          "tennis_club_name": "ASSOCIAZIONE SPORTIVA DILETTANTISTICA TENNIS CLUB LECCO",
          "tennis_club_municipality": "",
          "tennis_club_province": "Lecco",
          "tennis_club_id": "03130478",
          "MembershipCard": "*******942",
          "Category": "3° Categoria",
          "Ranking": "3.1",
          "max_rank": "3.1",
          "max_rank_stagione": 2026
        },
        "discipline": [
          {
            "idDiscipline": 4332,
            "discipline": "Tennis",
            "membershipCard": "NzU3ODA5NTk0Mg=="
          }
        ],
        "baseStat": null,
        "avatar": "00000000-0000-0000-0000-000000000000"
      }
    },
    {
      "card": "7578095942",
      "path": "/api/v6/player/sheet/simple",
      "body": {
        "cardnumber": "NzU3ODA5NTk0Mg=="
      },
      "status": 200,
      "text": "{\"activeYears\":[{\"year\":2021},{\"year\":2022},{\"year\":2023},{\"year\":2024},{\"year\":2025},{\"year\":2026}],\"player\":{\"Name\":\"NIKOLA NIKOLAEV\",\"Surname\":\"KERKENYAKOV\",\"tennis_club_name\":\"ASSOCIAZIONE SPORTIVA DILETTANTISTICA TENNIS CLUB LECCO\",\"tennis_club_municipality\":\"\",\"tennis_club_province\":\"Lecco\",\"t",
      "json": {
        "activeYears": [
          {
            "year": 2021
          },
          {
            "year": 2022
          },
          {
            "year": 2023
          },
          {
            "year": 2024
          },
          {
            "year": 2025
          },
          {
            "year": 2026
          }
        ],
        "player": {
          "Name": "NIKOLA NIKOLAEV",
          "Surname": "KERKENYAKOV",
          "tennis_club_name": "ASSOCIAZIONE SPORTIVA DILETTANTISTICA TENNIS CLUB LECCO",
          "tennis_club_municipality": "",
          "tennis_club_province": "Lecco",
          "tennis_club_id": "03130478",
          "MembershipCard": "*******942",
          "Category": "3° Categoria",
          "Ranking": "3.1",
          "max_rank": "3.1",
          "max_rank_stagione": 2026
        },
        "discipline": [
          {
            "idDiscipline": 4332,
            "discipline": "Tennis",
            "membershipCard": "NzU3ODA5NTk0Mg=="
          }
        ],
        "baseStat": null,
        "avatar": "00000000-0000-0000-0000-000000000000"
      }
    },
    {
      "card": "7578095942",
      "path": "/api/v6/player/sheet/simple",
      "body": {
        "CardNumber": "NzU3ODA5NTk0Mg=="
      },
      "status": 200,
      "text": "{\"activeYears\":[{\"year\":2021},{\"year\":2022},{\"year\":2023},{\"year\":2024},{\"year\":2025},{\"year\":2026}],\"player\":{\"Name\":\"NIKOLA NIKOLAEV\",\"Surname\":\"KERKENYAKOV\",\"tennis_club_name\":\"ASSOCIAZIONE SPORTIVA DILETTANTISTICA TENNIS CLUB LECCO\",\"tennis_club_municipality\":\"\",\"tennis_club_province\":\"Lecco\",\"t",
      "json": {
        "activeYears": [
          {
            "year": 2021
          },
          {
            "year": 2022
          },
          {
            "year": 2023
          },
          {
            "year": 2024
          },
          {
            "year": 2025
          },
          {
            "year": 2026
          }
        ],
        "player": {
          "Name": "NIKOLA NIKOLAEV",
          "Surname": "KERKENYAKOV",
          "tennis_club_name": "ASSOCIAZIONE SPORTIVA DILETTANTISTICA TENNIS CLUB LECCO",
          "tennis_club_municipality": "",
          "tennis_club_province": "Lecco",
          "tennis_club_id": "03130478",
          "MembershipCard": "*******942",
          "Category": "3° Categoria",
          "Ranking": "3.1",
          "max_rank": "3.1",
          "max_rank_stagione": 2026
        },
        "discipline": [
          {
            "idDiscipline": 4332,
            "discipline": "Tennis",
            "membershipCard": "NzU3ODA5NTk0Mg=="
          }
        ],
        "baseStat": null,
        "avatar": "00000000-0000-0000-0000-000000000000"
      }
    },
    {
      "card": "7578095942",
      "path": "/api/v6/player/sheet/simple",
      "body": {
        "idDiscipline": 4332,
        "cardNumber": "NzU3ODA5NTk0Mg=="
      },
      "status": 200,
      "text": "{\"activeYears\":[{\"year\":2021},{\"year\":2022},{\"year\":2023},{\"year\":2024},{\"year\":2025},{\"year\":2026}],\"player\":{\"Name\":\"NIKOLA NIKOLAEV\",\"Surname\":\"KERKENYAKOV\",\"tennis_club_name\":\"ASSOCIAZIONE SPORTIVA DILETTANTISTICA TENNIS CLUB LECCO\",\"tennis_club_municipality\":\"\",\"tennis_club_province\":\"Lecco\",\"t",
      "json": {
        "activeYears": [
          {
            "year": 2021
          },
          {
            "year": 2022
          },
          {
            "year": 2023
          },
          {
            "year": 2024
          },
          {
            "year": 2025
          },
          {
            "year": 2026
          }
        ],
        "player": {
          "Name": "NIKOLA NIKOLAEV",
          "Surname": "KERKENYAKOV",
          "tennis_club_name": "ASSOCIAZIONE SPORTIVA DILETTANTISTICA TENNIS CLUB LECCO",
          "tennis_club_municipality": "",
          "tennis_club_province": "Lecco",
          "tennis_club_id": "03130478",
          "MembershipCard": "*******942",
          "Category": "3° Categoria",
          "Ranking": "3.1",
          "max_rank": "3.1",
          "max_rank_stagione": 2026
        },
        "discipline": [
          {
            "idDiscipline": 4332,
            "discipline": "Tennis",
            "membershipCard": "NzU3ODA5NTk0Mg=="
          }
        ],
        "baseStat": null,
        "avatar": "00000000-0000-0000-0000-000000000000"
      }
    },
    {
      "card": "7578095942",
      "path": "/api/v6/player/sheet/simple",
      "body": {
        "cardNumber": "NzU3ODA5NTk0Mg==",
        "year": 2026
      },
      "status": 200,
      "text": "{\"activeYears\":[{\"year\":2021},{\"year\":2022},{\"year\":2023},{\"year\":2024},{\"year\":2025},{\"year\":2026}],\"player\":{\"Name\":\"NIKOLA NIKOLAEV\",\"Surname\":\"KERKENYAKOV\",\"tennis_club_name\":\"ASSOCIAZIONE SPORTIVA DILETTANTISTICA TENNIS CLUB LECCO\",\"tennis_club_municipality\":\"\",\"tennis_club_province\":\"Lecco\",\"t",
      "json": {
        "activeYears": [
          {
            "year": 2021
          },
          {
            "year": 2022
          },
          {
            "year": 2023
          },
          {
            "year": 2024
          },
          {
            "year": 2025
          },
          {
            "year": 2026
          }
        ],
        "player": {
          "Name": "NIKOLA NIKOLAEV",
          "Surname": "KERKENYAKOV",
          "tennis_club_name": "ASSOCIAZIONE SPORTIVA DILETTANTISTICA TENNIS CLUB LECCO",
          "tennis_club_municipality": "",
          "tennis_club_province": "Lecco",
          "tennis_club_id": "03130478",
          "MembershipCard": "*******942",
          "Category": "3° Categoria",
          "Ranking": "3.1",
          "max_rank": "3.1",
          "max_rank_stagione": 2026
        },
        "discipline": [
          {
            "idDiscipline": 4332,
            "discipline": "Tennis",
            "membershipCard": "NzU3ODA5NTk0Mg=="
          }
        ],
        "baseStat": null,
        "avatar": "00000000-0000-0000-0000-000000000000"
      }
    },
    {
      "card": "7578095942",
      "path": "/api/v6/player/sheet/simple",
      "body": {
        "cardNumber": "NzU3ODA5NTk0Mg==",
        "season": 2026
      },
      "status": 200,
      "text": "{\"activeYears\":[{\"year\":2021},{\"year\":2022},{\"year\":2023},{\"year\":2024},{\"year\":2025},{\"year\":2026}],\"player\":{\"Name\":\"NIKOLA NIKOLAEV\",\"Surname\":\"KERKENYAKOV\",\"tennis_club_name\":\"ASSOCIAZIONE SPORTIVA DILETTANTISTICA TENNIS CLUB LECCO\",\"tennis_club_municipality\":\"\",\"tennis_club_province\":\"Lecco\",\"t",
      "json": {
        "activeYears": [
          {
            "year": 2021
          },
          {
            "year": 2022
          },
          {
            "year": 2023
          },
          {
            "year": 2024
          },
          {
            "year": 2025
          },
          {
            "year": 2026
          }
        ],
        "player": {
          "Name": "NIKOLA NIKOLAEV",
          "Surname": "KERKENYAKOV",
          "tennis_club_name": "ASSOCIAZIONE SPORTIVA DILETTANTISTICA TENNIS CLUB LECCO",
          "tennis_club_municipality": "",
          "tennis_club_province": "Lecco",
          "tennis_club_id": "03130478",
          "MembershipCard": "*******942",
          "Category": "3° Categoria",
          "Ranking": "3.1",
          "max_rank": "3.1",
          "max_rank_stagione": 2026
        },
        "discipline": [
          {
            "idDiscipline": 4332,
            "discipline": "Tennis",
            "membershipCard": "NzU3ODA5NTk0Mg=="
          }
        ],
        "baseStat": null,
        "avatar": "00000000-0000-0000-0000-000000000000"
      }
    },
    {
      "card": "7578095942",
      "path": "/api/v1/tesserati/dettaglio/semplice",
      "body": {
        "cardNumber": "NzU3ODA5NTk0Mg=="
      },
      "status": 200,
      "text": "{\"activeYears\":[{\"year\":2021},{\"year\":2022},{\"year\":2023},{\"year\":2024},{\"year\":2025},{\"year\":2026}],\"player\":{\"name\":\"NIKOLA NIKOLAEV\",\"surname\":\"KERKENYAKOV\",\"tennis_club_name\":\"ASSOCIAZIONE SPORTIVA DILETTANTISTICA TENNIS CLUB LECCO\",\"tennis_club_municipality\":\"\",\"tennis_club_province\":\"Lecco\",\"t",
      "json": {
        "activeYears": [
          {
            "year": 2021
          },
          {
            "year": 2022
          },
          {
            "year": 2023
          },
          {
            "year": 2024
          },
          {
            "year": 2025
          },
          {
            "year": 2026
          }
        ],
        "player": {
          "name": "NIKOLA NIKOLAEV",
          "surname": "KERKENYAKOV",
          "tennis_club_name": "ASSOCIAZIONE SPORTIVA DILETTANTISTICA TENNIS CLUB LECCO",
          "tennis_club_municipality": "",
          "tennis_club_province": "Lecco",
          "tennis_club_id": "03130478",
          "membershipCard": "*******942",
          "category": "3° Categoria",
          "ranking": "3.1",
          "max_rank": "3.1",
          "max_rank_stagione": 2026,
          "guid": "DBB15F53-9922-4A89-BCE1-27ED6BCAB5EE"
        },
        "discipline": [
          {
            "idDiscipline": 4332,
            "discipline": "Tennis",
            "membershipCard": "NzU3ODA5NTk0Mg=="
          }
        ],
        "baseStat": [],
        "avatar": "00000000-0000-0000-0000-000000000000"
      }
    },
    {
      "card": "7578095942",
      "path": "/api/v1/tesserati/dettaglio/semplice",
      "body": {
        "cardnumber": "NzU3ODA5NTk0Mg=="
      },
      "status": 200,
      "text": "{\"activeYears\":[{\"year\":2021},{\"year\":2022},{\"year\":2023},{\"year\":2024},{\"year\":2025},{\"year\":2026}],\"player\":{\"name\":\"NIKOLA NIKOLAEV\",\"surname\":\"KERKENYAKOV\",\"tennis_club_name\":\"ASSOCIAZIONE SPORTIVA DILETTANTISTICA TENNIS CLUB LECCO\",\"tennis_club_municipality\":\"\",\"tennis_club_province\":\"Lecco\",\"t",
      "json": {
        "activeYears": [
          {
            "year": 2021
          },
          {
            "year": 2022
          },
          {
            "year": 2023
          },
          {
            "year": 2024
          },
          {
            "year": 2025
          },
          {
            "year": 2026
          }
        ],
        "player": {
          "name": "NIKOLA NIKOLAEV",
          "surname": "KERKENYAKOV",
          "tennis_club_name": "ASSOCIAZIONE SPORTIVA DILETTANTISTICA TENNIS CLUB LECCO",
          "tennis_club_municipality": "",
          "tennis_club_province": "Lecco",
          "tennis_club_id": "03130478",
          "membershipCard": "*******942",
          "category": "3° Categoria",
          "ranking": "3.1",
          "max_rank": "3.1",
          "max_rank_stagione": 2026,
          "guid": "DBB15F53-9922-4A89-BCE1-27ED6BCAB5EE"
        },
        "discipline": [
          {
            "idDiscipline": 4332,
            "discipline": "Tennis",
            "membershipCard": "NzU3ODA5NTk0Mg=="
          }
        ],
        "baseStat": [],
        "avatar": "00000000-0000-0000-0000-000000000000"
      }
    },
    {
      "card": "7578095942",
      "path": "/api/v1/tesserati/dettaglio/semplice",
      "body": {
        "CardNumber": "NzU3ODA5NTk0Mg=="
      },
      "status": 200,
      "text": "{\"activeYears\":[{\"year\":2021},{\"year\":2022},{\"year\":2023},{\"year\":2024},{\"year\":2025},{\"year\":2026}],\"player\":{\"name\":\"NIKOLA NIKOLAEV\",\"surname\":\"KERKENYAKOV\",\"tennis_club_name\":\"ASSOCIAZIONE SPORTIVA DILETTANTISTICA TENNIS CLUB LECCO\",\"tennis_club_municipality\":\"\",\"tennis_club_province\":\"Lecco\",\"t",
      "json": {
        "activeYears": [
          {
            "year": 2021
          },
          {
            "year": 2022
          },
          {
            "year": 2023
          },
          {
            "year": 2024
          },
          {
            "year": 2025
          },
          {
            "year": 2026
          }
        ],
        "player": {
          "name": "NIKOLA NIKOLAEV",
          "surname": "KERKENYAKOV",
          "tennis_club_name": "ASSOCIAZIONE SPORTIVA DILETTANTISTICA TENNIS CLUB LECCO",
          "tennis_club_municipality": "",
          "tennis_club_province": "Lecco",
          "tennis_club_id": "03130478",
          "membershipCard": "*******942",
          "category": "3° Categoria",
          "ranking": "3.1",
          "max_rank": "3.1",
          "max_rank_stagione": 2026,
          "guid": "DBB15F53-9922-4A89-BCE1-27ED6BCAB5EE"
        },
        "discipline": [
          {
            "idDiscipline": 4332,
            "discipline": "Tennis",
            "membershipCard": "NzU3ODA5NTk0Mg=="
          }
        ],
        "baseStat": [],
        "avatar": "00000000-0000-0000-0000-000000000000"
      }
    },
    {
      "card": "7578095942",
      "path": "/api/v1/tesserati/dettaglio/semplice",
      "body": {
        "idDiscipline": 4332,
        "cardNumber": "NzU3ODA5NTk0Mg=="
      },
      "status": 200,
      "text": "{\"activeYears\":[{\"year\":2021},{\"year\":2022},{\"year\":2023},{\"year\":2024},{\"year\":2025},{\"year\":2026}],\"player\":{\"name\":\"NIKOLA NIKOLAEV\",\"surname\":\"KERKENYAKOV\",\"tennis_club_name\":\"ASSOCIAZIONE SPORTIVA DILETTANTISTICA TENNIS CLUB LECCO\",\"tennis_club_municipality\":\"\",\"tennis_club_province\":\"Lecco\",\"t",
      "json": {
        "activeYears": [
          {
            "year": 2021
          },
          {
            "year": 2022
          },
          {
            "year": 2023
          },
          {
            "year": 2024
          },
          {
            "year": 2025
          },
          {
            "year": 2026
          }
        ],
        "player": {
          "name": "NIKOLA NIKOLAEV",
          "surname": "KERKENYAKOV",
          "tennis_club_name": "ASSOCIAZIONE SPORTIVA DILETTANTISTICA TENNIS CLUB LECCO",
          "tennis_club_municipality": "",
          "tennis_club_province": "Lecco",
          "tennis_club_id": "03130478",
          "membershipCard": "*******942",
          "category": "3° Categoria",
          "ranking": "3.1",
          "max_rank": "3.1",
          "max_rank_stagione": 2026,
          "guid": "DBB15F53-9922-4A89-BCE1-27ED6BCAB5EE"
        },
        "discipline": [
          {
            "idDiscipline": 4332,
            "discipline": "Tennis",
            "membershipCard": "NzU3ODA5NTk0Mg=="
          }
        ],
        "baseStat": [],
        "avatar": "00000000-0000-0000-0000-000000000000"
      }
    },
    {
      "card": "7578095942",
      "path": "/api/v1/tesserati/dettaglio/semplice",
      "body": {
        "cardNumber": "NzU3ODA5NTk0Mg==",
        "year": 2026
      },
      "status": 200,
      "text": "{\"activeYears\":[{\"year\":2021},{\"year\":2022},{\"year\":2023},{\"year\":2024},{\"year\":2025},{\"year\":2026}],\"player\":{\"name\":\"NIKOLA NIKOLAEV\",\"surname\":\"KERKENYAKOV\",\"tennis_club_name\":\"ASSOCIAZIONE SPORTIVA DILETTANTISTICA TENNIS CLUB LECCO\",\"tennis_club_municipality\":\"\",\"tennis_club_province\":\"Lecco\",\"t",
      "json": {
        "activeYears": [
          {
            "year": 2021
          },
          {
            "year": 2022
          },
          {
            "year": 2023
          },
          {
            "year": 2024
          },
          {
            "year": 2025
          },
          {
            "year": 2026
          }
        ],
        "player": {
          "name": "NIKOLA NIKOLAEV",
          "surname": "KERKENYAKOV",
          "tennis_club_name": "ASSOCIAZIONE SPORTIVA DILETTANTISTICA TENNIS CLUB LECCO",
          "tennis_club_municipality": "",
          "tennis_club_province": "Lecco",
          "tennis_club_id": "03130478",
          "membershipCard": "*******942",
          "category": "3° Categoria",
          "ranking": "3.1",
          "max_rank": "3.1",
          "max_rank_stagione": 2026,
          "guid": "DBB15F53-9922-4A89-BCE1-27ED6BCAB5EE"
        },
        "discipline": [
          {
            "idDiscipline": 4332,
            "discipline": "Tennis",
            "membershipCard": "NzU3ODA5NTk0Mg=="
          }
        ],
        "baseStat": [],
        "avatar": "00000000-0000-0000-0000-000000000000"
      }
    },
    {
      "card": "7578095942",
      "path": "/api/v1/tesserati/dettaglio/semplice",
      "body": {
        "cardNumber": "NzU3ODA5NTk0Mg==",
        "season": 2026
      },
      "status": 200,
      "text": "{\"activeYears\":[{\"year\":2021},{\"year\":2022},{\"year\":2023},{\"year\":2024},{\"year\":2025},{\"year\":2026}],\"player\":{\"name\":\"NIKOLA NIKOLAEV\",\"surname\":\"KERKENYAKOV\",\"tennis_club_name\":\"ASSOCIAZIONE SPORTIVA DILETTANTISTICA TENNIS CLUB LECCO\",\"tennis_club_municipality\":\"\",\"tennis_club_province\":\"Lecco\",\"t",
      "json": {
        "activeYears": [
          {
            "year": 2021
          },
          {
            "year": 2022
          },
          {
            "year": 2023
          },
          {
            "year": 2024
          },
          {
            "year": 2025
          },
          {
            "year": 2026
          }
        ],
        "player": {
          "name": "NIKOLA NIKOLAEV",
          "surname": "KERKENYAKOV",
          "tennis_club_name": "ASSOCIAZIONE SPORTIVA DILETTANTISTICA TENNIS CLUB LECCO",
          "tennis_club_municipality": "",
          "tennis_club_province": "Lecco",
          "tennis_club_id": "03130478",
          "membershipCard": "*******942",
          "category": "3° Categoria",
          "ranking": "3.1",
          "max_rank": "3.1",
          "max_rank_stagione": 2026,
          "guid": "DBB15F53-9922-4A89-BCE1-27ED6BCAB5EE"
        },
        "discipline": [
          {
            "idDiscipline": 4332,
            "discipline": "Tennis",
            "membershipCard": "NzU3ODA5NTk0Mg=="
          }
        ],
        "baseStat": [],
        "avatar": "00000000-0000-0000-0000-000000000000"
      }
    }
  ]
}
endpointExit=0
