startedAt=2026-08-14T15:26:57Z
sourceSha=6c76b1174b12c2c825a0147008f7d4dff636cfbf
runId=31814439030
province=67
{
  "version": "cw-v3-fitp-province-shard",
  "generatedAt": "2026-08-14T15:26:57.612Z",
  "status": "fitp_province_shard_with_unresolved_saturations",
  "provinceId": "67",
  "source": "One visible GitHub Actions shard per FITP province. Each province shard runs rotating logical windows with 21-day overlap except first historical window; saturated branches auto-split.",
  "coverageFrom": "2025-12-18",
  "coverageUntil": "2028-08-13",
  "branches": 44,
  "queries": 44,
  "tournamentsFound": 35,
  "unresolvedSaturations": 12,
  "regression": {
    "feniceBresciaLomb370": false,
    "rossoniKinderImperia": false,
    "navaKinderMilano3": false
  },
  "errors": []
}
exitCode=2
finishedAt=2026-08-14T15:27:05Z
