{
  "generatedAt": "2026-08-08T18:33:18.420Z",
  "status": "fitp_detail_204_diagnosis_complete",
  "sampleSize": 160,
  "variantsTested": 960,
  "successByVariant": {
    "competitionUid": 81,
    "CompetitionUid": 81
  },
  "statusByVariant": {
    "competitionUid": {
      "200": 81,
      "204": 79
    },
    "competitionId": {
      "204": 160
    },
    "CompetitionUid": {
      "200": 81,
      "204": 79
    },
    "CompetitionId": {
      "204": 160
    },
    "uid": {
      "204": 160
    },
    "id": {
      "204": 160
    }
  }
}
