startedAt=2026-08-15T10:50:59Z
sourceSha=e8533207b975ec0b754d7a363a210143948ce5e9
runId=31880509917
province=37
{
  "version": "cw-v3-fitp-province-shard",
  "generatedAt": "2026-08-15T10:50:59.978Z",
  "status": "fitp_province_shard_complete",
  "provinceId": "37",
  "source": "One visible GitHub Actions shard per FITP province. Each province shard runs rotating logical windows with 21-day overlap except first historical window; saturated branches auto-split.",
  "coverageFrom": "2025-12-18",
  "coverageUntil": "2028-08-14",
  "branches": 8,
  "queries": 8,
  "tournamentsFound": 0,
  "unresolvedSaturations": 0,
  "regression": {
    "feniceBresciaLomb370": false,
    "rossoniKinderImperia": false,
    "navaKinderMilano3": false
  },
  "errors": []
}
exitCode=0
finishedAt=2026-08-15T10:51:03Z
