startedAt=2026-08-15T08:02:30Z
sourceSha=ce08970e3b62529b84c47dbf3e43e6e8d2c5a1ce
runId=31873478335
province=17
{
  "version": "cw-v3-fitp-province-shard",
  "generatedAt": "2026-08-15T08:02:30.370Z",
  "status": "fitp_province_shard_with_unresolved_saturations",
  "provinceId": "17",
  "source": "One visible GitHub Actions shard per FITP province. Each province shard runs rotating logical windows with 21-day overlap except first historical window; saturated branches auto-split.",
  "coverageFrom": "2025-12-18",
  "coverageUntil": "2028-08-14",
  "branches": 60,
  "queries": 60,
  "tournamentsFound": 131,
  "unresolvedSaturations": 26,
  "regression": {
    "feniceBresciaLomb370": true,
    "rossoniKinderImperia": false,
    "navaKinderMilano3": false
  },
  "errors": []
}
exitCode=2
finishedAt=2026-08-15T08:02:53Z
