{
  "generatedAt": "2026-08-11T02:51:04.900Z",
  "pages": [
    {
      "url": "https://te.tournamentsoftware.com/sport/tournament?id=B43C14DB-7AB5-477D-B470-46FACAD7F187",
      "status": 302,
      "title": "Object moved",
      "length": 165,
      "text": "Object moved Object moved to here .",
      "links": [],
      "hints": []
    },
    {
      "url": "https://te.tournamentsoftware.com/sport/tournament.aspx?id=B43C14DB-7AB5-477D-B470-46FACAD7F187",
      "status": 302,
      "title": "Object moved",
      "length": 174,
      "text": "Object moved Object moved to here .",
      "links": [],
      "hints": [
        "/sport/tournament?id=B43C14DB-7AB5-477D-B470-46FACAD7F187"
      ]
    },
    {
      "url": "https://te.tournamentsoftware.com/sport/events.aspx?id=B43C14DB-7AB5-477D-B470-46FACAD7F187",
      "status": 200,
      "title": "Tennis Europe - Agno U16 (2) - Events",
      "length": 27570,
      "text": "Tennis Europe - Agno U16 (2) - Events Menu Tennis Europe Back to Tennis Europe Home Tournaments Players Ranking Menu Tennis Europe Search Search Please fill in at least 3 characters Log In Menu Tennis Europe - Agno U16 (2) - Events Log In Agno U16 (2) GoAcademy | Agno, Switzerland 09/08/2026 to 15/08/2026 Acryllic Category 2 Sign in Favourite Overview Matches Players Draws Events Fact Sheet Acceptance list Seeded entries More Events Name Number of Draws Entries BS16 2 37 GS16 1 21 BD16 1 11 GD16 1 6 Statistics Events: 4 Number of Draws: 5 Entries: 116 Players: 58 Partners Account Sign up Log in Contact Contact us Help Centre Social media Home See what's new Cookies",
      "links": [
        {
          "url": "https://te.tournamentsoftware.com/find/player",
          "text": "Players"
        },
        {
          "url": "https://te.tournamentsoftware.com/user?returnUrl=%2Fsport%2Fevents.aspx%3Fid%3DB43C14DB-7AB5-477D-B470-46FACAD7F187",
          "text": "Log In"
        },
        {
          "url": "https://te.tournamentsoftware.com/sport/events.aspx?id=B43C14DB-7AB5-477D-B470-46FACAD7F187#",
          "text": "Tennis Europe - Agno U16 (2) - Events"
        },
        {
          "url": "https://te.tournamentsoftware.com/user?returnUrl=%2Fsport%2Fevents.aspx%3Fid%3DB43C14DB-7AB5-477D-B470-46FACAD7F187",
          "text": "Log In"
        },
        {
          "url": "https://te.tournamentsoftware.com/sport/players.aspx?id=B43C14DB-7AB5-477D-B470-46FACAD7F187",
          "text": "Players"
        },
        {
          "url": "https://te.tournamentsoftware.com/sport/draws.aspx?id=B43C14DB-7AB5-477D-B470-46FACAD7F187",
          "text": "Draws"
        },
        {
          "url": "https://te.tournamentsoftware.com/sport/events.aspx?id=B43C14DB-7AB5-477D-B470-46FACAD7F187",
          "text": "Events"
        },
        {
          "url": "https://te.tournamentsoftware.com/sport/acceptancelist.aspx?id=B43C14DB-7AB5-477D-B470-46FACAD7F187",
          "text": "Acceptance list"
        },
        {
          "url": "https://te.tournamentsoftware.com/sport/event.aspx?id=B43C14DB-7AB5-477D-B470-46FACAD7F187&event=1",
          "text": "BS16"
        },
        {
          "url": "https://te.tournamentsoftware.com/sport/event.aspx?id=B43C14DB-7AB5-477D-B470-46FACAD7F187&event=2",
          "text": "GS16"
        },
        {
          "url": "https://te.tournamentsoftware.com/sport/event.aspx?id=B43C14DB-7AB5-477D-B470-46FACAD7F187&event=3",
          "text": "BD16"
        },
        {
          "url": "https://te.tournamentsoftware.com/sport/event.aspx?id=B43C14DB-7AB5-477D-B470-46FACAD7F187&event=4",
          "text": "GD16"
        },
        {
          "url": "https://te.tournamentsoftware.com/user/Signup?ReturnUrl=%2Fsport%2Fevents.aspx%3Fid%3DB43C14DB-7AB5-477D-B470-46FACAD7F187",
          "text": "Sign up"
        },
        {
          "url": "https://te.tournamentsoftware.com/user?ReturnUrl=%2Fsport%2Fevents.aspx%3Fid%3DB43C14DB-7AB5-477D-B470-46FACAD7F187",
          "text": "Log in"
        },
        {
          "url": "https://te.tournamentsoftware.com/cookiewall?ReturnUrl=%2Fsport%2Fevents.aspx%3Fid%3DB43C14DB-7AB5-477D-B470-46FACAD7F187",
          "text": "Cookies"
        }
      ],
      "hints": [
        "/sport/tournament.aspx?id=B43C14DB-7AB5-477D-B470-46FACAD7F187",
        "/sport/matches.aspx?id=B43C14DB-7AB5-477D-B470-46FACAD7F187",
        "/sport/players.aspx?id=B43C14DB-7AB5-477D-B470-46FACAD7F187",
        "/sport/draws.aspx?id=B43C14DB-7AB5-477D-B470-46FACAD7F187",
        "/sport/events.aspx?id=B43C14DB-7AB5-477D-B470-46FACAD7F187",
        "/sport/factsheet.aspx?id=B43C14DB-7AB5-477D-B470-46FACAD7F187",
        "/sport/acceptancelist.aspx?id=B43C14DB-7AB5-477D-B470-46FACAD7F187",
        "Acceptance",
        "/sport/seeds.aspx?id=B43C14DB-7AB5-477D-B470-46FACAD7F187"
      ]
    },
    {
      "url": "https://te.tournamentsoftware.com/sport/acceptancelist.aspx?id=B43C14DB-7AB5-477D-B470-46FACAD7F187",
      "status": 200,
      "title": "Tennis Europe - Agno U16 (2) - Acceptance list",
      "length": 85959,
      "text": "Tennis Europe - Agno U16 (2) - Acceptance list Menu Tennis Europe Back to Tennis Europe Home Tournaments Players Ranking Menu Tennis Europe Search Search Please fill in at least 3 characters Log In Menu Tennis Europe - Agno U16 (2) - Acceptance list Log In Agno U16 (2) GoAcademy | Agno, Switzerland 09/08/2026 to 15/08/2026 Acryllic Category 2 Sign in Favourite Overview Matches Players Draws Events Fact Sheet Acceptance list Seeded entries More BS16 Acceptance list Select event: BS16 GS16 30 Active entries Last updated: 08/08/2026 10:53 GMT. Draw Player Nationality Year of birth Rank Priority WTN Main (RA: 10, OA: 8, SE: 2, Q: 8, WC: 4). Total positions: 32 1 [POL] Olivier Krupa Poland 2010 #29 1 - 2 [DEN] Nicholai H Petersen Denmark 2010 #57 1 - 3 [BLR] Aliaksandr Viarsotski - 2011 #69 1 24.10 4 [ITA] alberto scotacci Italy 2010 #248 1 27.54 5 [ITA] Gabriele Zappatore Italy 2011 #390 1 -",
      "links": [
        {
          "url": "https://te.tournamentsoftware.com/find/player",
          "text": "Players"
        },
        {
          "url": "https://te.tournamentsoftware.com/user?returnUrl=%2Fsport%2Facceptancelist.aspx%3Fid%3DB43C14DB-7AB5-477D-B470-46FACAD7F187",
          "text": "Log In"
        },
        {
          "url": "https://te.tournamentsoftware.com/sport/acceptancelist.aspx?id=B43C14DB-7AB5-477D-B470-46FACAD7F187#",
          "text": "Tennis Europe - Agno U16 (2) - Acceptance list"
        },
        {
          "url": "https://te.tournamentsoftware.com/user?returnUrl=%2Fsport%2Facceptancelist.aspx%3Fid%3DB43C14DB-7AB5-477D-B470-46FACAD7F187",
          "text": "Log In"
        },
        {
          "url": "https://te.tournamentsoftware.com/sport/players.aspx?id=B43C14DB-7AB5-477D-B470-46FACAD7F187",
          "text": "Players"
        },
        {
          "url": "https://te.tournamentsoftware.com/sport/draws.aspx?id=B43C14DB-7AB5-477D-B470-46FACAD7F187",
          "text": "Draws"
        },
        {
          "url": "https://te.tournamentsoftware.com/sport/events.aspx?id=B43C14DB-7AB5-477D-B470-46FACAD7F187",
          "text": "Events"
        },
        {
          "url": "https://te.tournamentsoftware.com/sport/acceptancelist.aspx?id=B43C14DB-7AB5-477D-B470-46FACAD7F187",
          "text": "Acceptance list"
        },
        {
          "url": "https://te.tournamentsoftware.com/player-profile/4D4A94FF-7266-4C32-B902-88463FA4F7D8",
          "text": ""
        },
        {
          "url": "https://te.tournamentsoftware.com/player-profile/CD1CD210-10E4-4501-8AEF-2C3214C922CB",
          "text": ""
        },
        {
          "url": "https://te.tournamentsoftware.com/player-profile/BEA378C0-1648-40BB-BFDF-788FA9FBF680",
          "text": ""
        },
        {
          "url": "https://te.tournamentsoftware.com/player-profile/3F7AB2C0-1955-47BF-9F43-3702F690FF69",
          "text": ""
        },
        {
          "url": "https://te.tournamentsoftware.com/player-profile/863F1C76-CF6A-4B19-942B-8ECF688E106D",
          "text": ""
        },
        {
          "url": "https://te.tournamentsoftware.com/player-profile/9C5063E6-7DDC-457C-9731-C59201ACC53D",
          "text": ""
        },
        {
          "url": "https://te.tournamentsoftware.com/player-profile/389FA296-3BE4-42D6-B064-42BF0F3A55CF",
          "text": ""
        },
        {
          "url": "https://te.tournamentsoftware.com/player-profile/72500742-10CB-4823-8C79-22DD7FBEEAD4",
          "text": ""
        },
        {
          "url": "https://te.tournamentsoftware.com/player-profile/CDCBC85C-6D93-4A26-857E-62C6CD55D92B",
          "text": ""
        },
        {
          "url": "https://te.tournamentsoftware.com/player-profile/4EB3FCAB-B294-4F4B-AE8B-6A9F5D9CA01A",
          "text": ""
        },
        {
          "url": "https://te.tournamentsoftware.com/player-profile/08CCAAF2-0034-4C99-9585-2C41DA6D77D8",
          "text": ""
        },
        {
          "url": "https://te.tournamentsoftware.com/player-profile/3EB0742E-ED1C-4769-807A-C198018BEDDE",
          "text": ""
        },
        {
          "url": "https://te.tournamentsoftware.com/player-profile/8D7C88DF-1C4D-4FA0-A12E-7BCFF59489AA",
          "text": ""
        },
        {
          "url": "https://te.tournamentsoftware.com/player-profile/7383C9D5-5C85-4F1B-ADCC-C55634CCA45C",
          "text": ""
        },
        {
          "url": "https://te.tournamentsoftware.com/player-profile/81DCF43F-5F38-4501-92EA-42D523FA465E",
          "text": ""
        },
        {
          "url": "https://te.tournamentsoftware.com/player-profile/8252956F-4355-4502-ACFE-6DD3947E0732",
          "text": ""
        },
        {
          "url": "https://te.tournamentsoftware.com/player-profile/01EAA468-CA90-456D-B4E1-7EE801180554",
          "text": ""
        },
        {
          "url": "https://te.tournamentsoftware.com/player-profile/D3EE5B49-5595-4B1B-9D20-D787297D1D8F",
          "text": ""
        },
        {
          "url": "https://te.tournamentsoftware.com/player-profile/D71F8FB9-CEDC-408F-93D9-C3C161061F83",
          "text": ""
        },
        {
          "url": "https://te.tournamentsoftware.com/player-profile/E1B8C5DE-9D20-4203-A5E2-0CA9C0AA39B3",
          "text": ""
        },
        {
          "url": "https://te.tournamentsoftware.com/player-profile/20E14507-946B-470C-9DCF-B5028D145362",
          "text": ""
        },
        {
          "url": "https://te.tournamentsoftware.com/player-profile/25025604-F6DB-4A7C-B16D-F7042B54085D",
          "text": ""
        },
        {
          "url": "https://te.tournamentsoftware.com/player-profile/B67C0111-69CE-4C72-A3D8-64E4CCD88CAE",
          "text": ""
        },
        {
          "url": "https://te.tournamentsoftware.com/player-profile/6E65E958-CD19-4DFB-9B1B-63C052346072",
          "text": ""
        },
        {
          "url": "https://te.tournamentsoftware.com/player-profile/ECAAE75C-6FAD-445D-98DD-7F93823436AA",
          "text": ""
        },
        {
          "url": "https://te.tournamentsoftware.com/player-profile/AF2E0B7D-84C9-4588-9526-3624B10927E9",
          "text": ""
        },
        {
          "url": "https://te.tournamentsoftware.com/player-profile/4AADD44E-A203-474E-B921-0ADED425F844",
          "text": ""
        },
        {
          "url": "https://te.tournamentsoftware.com/player-profile/BD22D565-CE78-4DE2-8EB7-C6C716DEFB9C",
          "text": ""
        },
        {
          "url": "https://te.tournamentsoftware.com/player-profile/FFC93C4B-53FA-4B6C-A5C0-A91A7A488669",
          "text": ""
        },
        {
          "url": "https://te.tournamentsoftware.com/player-profile/C889C7DD-C1B6-434A-8BBF-D2AD406294EB",
          "text": ""
        },
        {
          "url": "https://te.tournamentsoftware.com/player-profile/D19DFA3F-4AC8-42EE-8CC2-14E9458AEEBD",
          "text": ""
        },
        {
          "url": "https://te.tournamentsoftware.com/player-profile/CEF76117-A40C-4D34-B886-EE06C937589B",
          "text": ""
        }
      ],
      "hints": [
        "Acceptance",
        "acceptance",
        "/sport/tournament.aspx?id=B43C14DB-7AB5-477D-B470-46FACAD7F187",
        "/sport/matches.aspx?id=B43C14DB-7AB5-477D-B470-46FACAD7F187",
        "/sport/players.aspx?id=B43C14DB-7AB5-477D-B470-46FACAD7F187",
        "/sport/draws.aspx?id=B43C14DB-7AB5-477D-B470-46FACAD7F187",
        "/sport/events.aspx?id=B43C14DB-7AB5-477D-B470-46FACAD7F187",
        "/sport/factsheet.aspx?id=B43C14DB-7AB5-477D-B470-46FACAD7F187",
        "/sport/acceptancelist.aspx?id=B43C14DB-7AB5-477D-B470-46FACAD7F187",
        "/sport/seeds.aspx?id=B43C14DB-7AB5-477D-B470-46FACAD7F187",
        "Qualifying",
        "Withdraw"
      ]
    },
    {
      "url": "https://te.tournamentsoftware.com/sport/acceptance.aspx?id=B43C14DB-7AB5-477D-B470-46FACAD7F187",
      "status": 200,
      "title": "Tennis Europe",
      "length": 22829,
      "text": "Tennis Europe Menu Tennis Europe Back to Tennis Europe Home Tournaments Players Ranking Menu Tennis Europe Search Search Please fill in at least 3 characters Log In Menu Log In 404 - Page not found We can't seem to find the page you are looking for. Try one of the following links: Home Tournaments Players Ranking Partners Account Sign up Log in Contact Contact us Help Centre Social media Home See what's new Cookies",
      "links": [
        {
          "url": "https://te.tournamentsoftware.com/find/player",
          "text": "Players"
        },
        {
          "url": "https://te.tournamentsoftware.com/user?returnUrl=%2Ferror%2F404%3Fec%3D404%26404%3Bhttps%3A%2F%2Fte.tournamentsoftware.com%3A443%2Fsport%2Facceptance.aspx%3Fid%3DB43C14DB-7AB5-477D-B470-46FACAD7F187",
          "text": "Log In"
        },
        {
          "url": "https://te.tournamentsoftware.com/user?returnUrl=%2Ferror%2F404%3Fec%3D404%26404%3Bhttps%3A%2F%2Fte.tournamentsoftware.com%3A443%2Fsport%2Facceptance.aspx%3Fid%3DB43C14DB-7AB5-477D-B470-46FACAD7F187",
          "text": "Log In"
        },
        {
          "url": "https://te.tournamentsoftware.com/find/player",
          "text": "Players"
        },
        {
          "url": "https://te.tournamentsoftware.com/user/Signup?ReturnUrl=%2Ferror%2F404%3Fec%3D404%26404%3Bhttps%3A%2F%2Fte.tournamentsoftware.com%3A443%2Fsport%2Facceptance.aspx%3Fid%3DB43C14DB-7AB5-477D-B470-46FACAD7F187",
          "text": "Sign up"
        },
        {
          "url": "https://te.tournamentsoftware.com/user?ReturnUrl=%2Ferror%2F404%3Fec%3D404%26404%3Bhttps%3A%2F%2Fte.tournamentsoftware.com%3A443%2Fsport%2Facceptance.aspx%3Fid%3DB43C14DB-7AB5-477D-B470-46FACAD7F187",
          "text": "Log in"
        },
        {
          "url": "https://te.tournamentsoftware.com/cookiewall?ReturnUrl=%2Ferror%2F404%3Fec%3D404%26404%3Bhttps%3A%2F%2Fte.tournamentsoftware.com%3A443%2Fsport%2Facceptance.aspx%3Fid%3DB43C14DB-7AB5-477D-B470-46FACAD7F187",
          "text": "Cookies"
        },
        {
          "url": "https://te.tournamentsoftware.com/sport/acceptance.aspx?id=B43C14DB-7AB5-477D-B470-46FACAD7F187#0",
          "text": ""
        }
      ],
      "hints": [
        "acceptance"
      ]
    },
    {
      "url": "https://te.tournamentsoftware.com/sport/players.aspx?id=B43C14DB-7AB5-477D-B470-46FACAD7F187",
      "status": 302,
      "title": "Object moved",
      "length": 182,
      "text": "Object moved Object moved to here .",
      "links": [
        {
          "url": "https://te.tournamentsoftware.com/sport/tournament/players?id=B43C14DB-7AB5-477D-B470-46FACAD7F187",
          "text": "here"
        }
      ],
      "hints": [
        "/sport/tournament/players?id=B43C14DB-7AB5-477D-B470-46FACAD7F187"
      ]
    },
    {
      "url": "https://te.tournamentsoftware.com/sport/entrylist.aspx?id=B43C14DB-7AB5-477D-B470-46FACAD7F187",
      "status": 200,
      "title": "Tennis Europe",
      "length": 20172,
      "text": "Tennis Europe Menu Tennis Europe Back to Tennis Europe Home Tournaments Players Ranking Menu Tennis Europe Search Search Please fill in at least 3 characters Log In Menu Tennis Europe Log In Page: https://te.tournamentsoftware.com/sport/entrylist.aspx?id=B43C14DB-7AB5-477D-B470-46FACAD7F187 Message: This overview is not available for this tournament. Back Partners Account Sign up Log in Contact Contact us Help Centre Social media Home See what's new Cookies",
      "links": [
        {
          "url": "https://te.tournamentsoftware.com/find/player",
          "text": "Players"
        },
        {
          "url": "https://te.tournamentsoftware.com/user?returnUrl=%2Fsport%2Fentrylist.aspx%3Fid%3DB43C14DB-7AB5-477D-B470-46FACAD7F187",
          "text": "Log In"
        },
        {
          "url": "https://te.tournamentsoftware.com/sport/entrylist.aspx?id=B43C14DB-7AB5-477D-B470-46FACAD7F187#",
          "text": "Tennis Europe"
        },
        {
          "url": "https://te.tournamentsoftware.com/user?returnUrl=%2Fsport%2Fentrylist.aspx%3Fid%3DB43C14DB-7AB5-477D-B470-46FACAD7F187",
          "text": "Log In"
        },
        {
          "url": "https://te.tournamentsoftware.com/sport/entrylist.aspx?id=B43C14DB-7AB5-477D-B470-46FACAD7F187",
          "text": "https://te.tournamentsoftware.com/sport/entrylist.aspx?id=B43C14DB-7AB5-477D-B470-46FACAD7F187"
        },
        {
          "url": "https://te.tournamentsoftware.com/user/Signup?ReturnUrl=%2Fsport%2Fentrylist.aspx%3Fid%3DB43C14DB-7AB5-477D-B470-46FACAD7F187",
          "text": "Sign up"
        },
        {
          "url": "https://te.tournamentsoftware.com/user?ReturnUrl=%2Fsport%2Fentrylist.aspx%3Fid%3DB43C14DB-7AB5-477D-B470-46FACAD7F187",
          "text": "Log in"
        },
        {
          "url": "https://te.tournamentsoftware.com/cookiewall?ReturnUrl=%2Fsport%2Fentrylist.aspx%3Fid%3DB43C14DB-7AB5-477D-B470-46FACAD7F187",
          "text": "Cookies"
        }
      ],
      "hints": [
        "entrylist",
        "/sport/entrylist.aspx?id=B43C14DB-7AB5-477D-B470-46FACAD7F187"
      ]
    },
    {
      "url": "https://te.tournamentsoftware.com/sport/entries.aspx?id=B43C14DB-7AB5-477D-B470-46FACAD7F187",
      "status": 200,
      "title": "Tennis Europe",
      "length": 22814,
      "text": "Tennis Europe Menu Tennis Europe Back to Tennis Europe Home Tournaments Players Ranking Menu Tennis Europe Search Search Please fill in at least 3 characters Log In Menu Log In 404 - Page not found We can't seem to find the page you are looking for. Try one of the following links: Home Tournaments Players Ranking Partners Account Sign up Log in Contact Contact us Help Centre Social media Home See what's new Cookies",
      "links": [
        {
          "url": "https://te.tournamentsoftware.com/find/player",
          "text": "Players"
        },
        {
          "url": "https://te.tournamentsoftware.com/find/player",
          "text": "Players"
        }
      ],
      "hints": []
    },
    {
      "url": "https://te.tournamentsoftware.com/sport/tournament?id=60B383B6-49FE-4A33-9F20-629E32856200",
      "status": 302,
      "title": "Object moved",
      "length": 165,
      "text": "Object moved Object moved to here .",
      "links": [],
      "hints": []
    },
    {
      "url": "https://te.tournamentsoftware.com/sport/tournament.aspx?id=60B383B6-49FE-4A33-9F20-629E32856200",
      "status": 302,
      "title": "Object moved",
      "length": 174,
      "text": "Object moved Object moved to here .",
      "links": [],
      "hints": [
        "/sport/tournament?id=60B383B6-49FE-4A33-9F20-629E32856200"
      ]
    },
    {
      "url": "https://te.tournamentsoftware.com/sport/events.aspx?id=60B383B6-49FE-4A33-9F20-629E32856200",
      "status": 200,
      "title": "Tennis Europe - Torneo U14 - Sassuolo - Events",
      "length": 27374,
      "text": "Tennis Europe - Torneo U14 - Sassuolo - Events Menu Tennis Europe Back to Tennis Europe Home Tournaments Players Ranking Menu Tennis Europe Search Search Please fill in at least 3 characters Log In Menu Tennis Europe - Torneo U14 - Sassuolo - Events Log In Torneo U14 - Sassuolo Sporting Club Sassuolo | Sassuolo, Italy 18/07/2026 to 25/07/2026 Clay Category 3 Favourite Overview Matches Players Draws Events Fact Sheet Acceptance list Seeded entries Winners More Events Name Number of Draws Entries BS14 2 109 GS14 2 74 BD14 1 16 GD14 1 14 Statistics Events: 4 Number of Draws: 6 Entries: 288 Players: 183 Partners Account Sign up Log in Contact Contact us Help Centre Social media Home See what's new Cookies",
      "links": [
        {
          "url": "https://te.tournamentsoftware.com/find/player",
          "text": "Players"
        },
        {
          "url": "https://te.tournamentsoftware.com/user?returnUrl=%2Fsport%2Fevents.aspx%3Fid%3D60B383B6-49FE-4A33-9F20-629E32856200",
          "text": "Log In"
        },
        {
          "url": "https://te.tournamentsoftware.com/sport/events.aspx?id=60B383B6-49FE-4A33-9F20-629E32856200#",
          "text": "Tennis Europe - Torneo U14 - Sassuolo - Events"
        },
        {
          "url": "https://te.tournamentsoftware.com/user?returnUrl=%2Fsport%2Fevents.aspx%3Fid%3D60B383B6-49FE-4A33-9F20-629E32856200",
          "text": "Log In"
        },
        {
          "url": "https://te.tournamentsoftware.com/sport/players.aspx?id=60B383B6-49FE-4A33-9F20-629E32856200",
          "text": "Players"
        },
        {
          "url": "https://te.tournamentsoftware.com/sport/draws.aspx?id=60B383B6-49FE-4A33-9F20-629E32856200",
          "text": "Draws"
        },
        {
          "url": "https://te.tournamentsoftware.com/sport/events.aspx?id=60B383B6-49FE-4A33-9F20-629E32856200",
          "text": "Events"
        },
        {
          "url": "https://te.tournamentsoftware.com/sport/acceptancelist.aspx?id=60B383B6-49FE-4A33-9F20-629E32856200",
          "text": "Acceptance list"
        },
        {
          "url": "https://te.tournamentsoftware.com/sport/event.aspx?id=60B383B6-49FE-4A33-9F20-629E32856200&event=1",
          "text": "BS14"
        },
        {
          "url": "https://te.tournamentsoftware.com/sport/event.aspx?id=60B383B6-49FE-4A33-9F20-629E32856200&event=2",
          "text": "GS14"
        },
        {
          "url": "https://te.tournamentsoftware.com/sport/event.aspx?id=60B383B6-49FE-4A33-9F20-629E32856200&event=3",
          "text": "BD14"
        },
        {
          "url": "https://te.tournamentsoftware.com/sport/event.aspx?id=60B383B6-49FE-4A33-9F20-629E32856200&event=4",
          "text": "GD14"
        },
        {
          "url": "https://te.tournamentsoftware.com/user/Signup?ReturnUrl=%2Fsport%2Fevents.aspx%3Fid%3D60B383B6-49FE-4A33-9F20-629E32856200",
          "text": "Sign up"
        },
        {
          "url": "https://te.tournamentsoftware.com/user?ReturnUrl=%2Fsport%2Fevents.aspx%3Fid%3D60B383B6-49FE-4A33-9F20-629E32856200",
          "text": "Log in"
        },
        {
          "url": "https://te.tournamentsoftware.com/cookiewall?ReturnUrl=%2Fsport%2Fevents.aspx%3Fid%3D60B383B6-49FE-4A33-9F20-629E32856200",
          "text": "Cookies"
        }
      ],
      "hints": [
        "/sport/tournament.aspx?id=60B383B6-49FE-4A33-9F20-629E32856200",
        "/sport/matches.aspx?id=60B383B6-49FE-4A33-9F20-629E32856200",
        "/sport/players.aspx?id=60B383B6-49FE-4A33-9F20-629E32856200",
        "/sport/draws.aspx?id=60B383B6-49FE-4A33-9F20-629E32856200",
        "/sport/events.aspx?id=60B383B6-49FE-4A33-9F20-629E32856200",
        "/sport/factsheet.aspx?id=60B383B6-49FE-4A33-9F20-629E32856200",
        "/sport/acceptancelist.aspx?id=60B383B6-49FE-4A33-9F20-629E32856200",
        "Acceptance",
        "/sport/seeds.aspx?id=60B383B6-49FE-4A33-9F20-629E32856200",
        "/sport/winners.aspx?id=60B383B6-49FE-4A33-9F20-629E32856200"
      ]
    },
    {
      "url": "https://te.tournamentsoftware.com/sport/acceptancelist.aspx?id=60B383B6-49FE-4A33-9F20-629E32856200",
      "status": 200,
      "title": "Tennis Europe - Torneo U14 - Sassuolo - Acceptance list",
      "length": 159956,
      "text": "Tennis Europe - Torneo U14 - Sassuolo - Acceptance list Menu Tennis Europe Back to Tennis Europe Home Tournaments Players Ranking Menu Tennis Europe Search Search Please fill in at least 3 characters Log In Menu Tennis Europe - Torneo U14 - Sassuolo - Acceptance list Log In Torneo U14 - Sassuolo Sporting Club Sassuolo | Sassuolo, Italy 18/07/2026 to 25/07/2026 Clay Category 3 Favourite Overview Matches Players Draws Events Fact Sheet Acceptance list Seeded entries Winners More BS14 Acceptance list Select event: BS14 GS14 108 Active entries Last updated: 18/07/2026 13:44 GMT. Draw Player Nationality Year of birth Rank Priority WTN Main (RA: 10, OA: 8, SE: 2, Q: 8, WC: 4). Total positions: 32 1 [BLR] Daniil Skorobohaty - 2012 #93 1 29.00 2 [BUL] Kaloyan Gaydadzhiev Bulgaria 2012 #212 1 - 3 (OA) [ITA] Cristiano Margotto Italy 2013 #611 1 31.02 4 (OA) [CAN] Vlad Lupu Canada 2013 #1115 1 27.7",
      "links": [
        {
          "url": "https://te.tournamentsoftware.com/find/player",
          "text": "Players"
        },
        {
          "url": "https://te.tournamentsoftware.com/user?returnUrl=%2Fsport%2Facceptancelist.aspx%3Fid%3D60B383B6-49FE-4A33-9F20-629E32856200",
          "text": "Log In"
        },
        {
          "url": "https://te.tournamentsoftware.com/sport/acceptancelist.aspx?id=60B383B6-49FE-4A33-9F20-629E32856200#",
          "text": "Tennis Europe - Torneo U14 - Sassuolo - Acceptance list"
        },
        {
          "url": "https://te.tournamentsoftware.com/user?returnUrl=%2Fsport%2Facceptancelist.aspx%3Fid%3D60B383B6-49FE-4A33-9F20-629E32856200",
          "text": "Log In"
        },
        {
          "url": "https://te.tournamentsoftware.com/sport/players.aspx?id=60B383B6-49FE-4A33-9F20-629E32856200",
          "text": "Players"
        },
        {
          "url": "https://te.tournamentsoftware.com/sport/draws.aspx?id=60B383B6-49FE-4A33-9F20-629E32856200",
          "text": "Draws"
        },
        {
          "url": "https://te.tournamentsoftware.com/sport/events.aspx?id=60B383B6-49FE-4A33-9F20-629E32856200",
          "text": "Events"
        },
        {
          "url": "https://te.tournamentsoftware.com/sport/acceptancelist.aspx?id=60B383B6-49FE-4A33-9F20-629E32856200",
          "text": "Acceptance list"
        },
        {
          "url": "https://te.tournamentsoftware.com/player-profile/2D1EB943-126B-4B5F-BB08-4062455EF891",
          "text": ""
        },
        {
          "url": "https://te.tournamentsoftware.com/player-profile/C41D3210-4268-4706-BC78-3DA066503B28",
          "text": ""
        },
        {
          "url": "https://te.tournamentsoftware.com/player-profile/6583FD6D-FDEF-4322-88F9-A9366B60E7C6",
          "text": ""
        },
        {
          "url": "https://te.tournamentsoftware.com/player-profile/CE5D589A-511C-4F36-9B16-DA7E88C34F65",
          "text": ""
        },
        {
          "url": "https://te.tournamentsoftware.com/player-profile/D284131C-C1A6-4E4E-BB03-C4A1501601A1",
          "text": ""
        },
        {
          "url": "https://te.tournamentsoftware.com/player-profile/874965D5-22A1-45B1-A8C2-BE2288A85A63",
          "text": ""
        },
        {
          "url": "https://te.tournamentsoftware.com/player-profile/D583ABBF-29A7-4963-A408-6591F34C34DB",
          "text": ""
        },
        {
          "url": "https://te.tournamentsoftware.com/player-profile/06A0F94C-748B-4977-99C5-239D93BB9BC6",
          "text": ""
        },
        {
          "url": "https://te.tournamentsoftware.com/player-profile/944B805C-F648-4DD4-B908-DAB1DBCB2BD6",
          "text": ""
        },
        {
          "url": "https://te.tournamentsoftware.com/player-profile/6CD28772-FE3B-4F89-A341-43F15D6F12A7",
          "text": ""
        },
        {
          "url": "https://te.tournamentsoftware.com/player-profile/3A381A63-50D7-4D29-9F68-CF23095661C2",
          "text": ""
        },
        {
          "url": "https://te.tournamentsoftware.com/player-profile/60762F0D-0E35-4D7D-9CAA-E1563E5D7A7F",
          "text": ""
        },
        {
          "url": "https://te.tournamentsoftware.com/player-profile/D198D95E-5E7D-4A3A-8A27-0218E5F10DB8",
          "text": ""
        },
        {
          "url": "https://te.tournamentsoftware.com/player-profile/D7C7FBED-918B-4E41-B1D2-C87A87BCA3B5",
          "text": ""
        },
        {
          "url": "https://te.tournamentsoftware.com/player-profile/22B2535F-41AD-4C2E-B2F7-147563F308CD",
          "text": ""
        },
        {
          "url": "https://te.tournamentsoftware.com/player-profile/99B1FB52-182E-4052-BCB9-ED36B42D86A5",
          "text": ""
        },
        {
          "url": "https://te.tournamentsoftware.com/player-profile/514A6407-13B6-454E-B122-B9739931AE95",
          "text": ""
        },
        {
          "url": "https://te.tournamentsoftware.com/player-profile/338D4F14-BC57-44FF-8733-AC488C678CCF",
          "text": ""
        },
        {
          "url": "https://te.tournamentsoftware.com/player-profile/9AD93090-F534-4B0D-B5BE-9805263C62AA",
          "text": ""
        },
        {
          "url": "https://te.tournamentsoftware.com/player-profile/637CB9E7-56A6-4CCD-BA22-DE4CCDA498BF",
          "text": ""
        },
        {
          "url": "https://te.tournamentsoftware.com/player-profile/28ED81A0-8FB9-48F9-94B8-6E17D393E91F",
          "text": ""
        },
        {
          "url": "https://te.tournamentsoftware.com/player-profile/5389DCFD-6906-42E8-AAE4-371D107EEE79",
          "text": ""
        },
        {
          "url": "https://te.tournamentsoftware.com/player-profile/8635CDDA-AC88-464B-B914-109201EA6B7B",
          "text": ""
        },
        {
          "url": "https://te.tournamentsoftware.com/player-profile/3B66B673-2920-4873-B35C-448BA482FE26",
          "text": ""
        },
        {
          "url": "https://te.tournamentsoftware.com/player-profile/0DEDD1C1-7342-45FF-8960-C14F0464613A",
          "text": ""
        },
        {
          "url": "https://te.tournamentsoftware.com/player-profile/0F8C6B19-648D-4250-A246-71B2F3CA9369",
          "text": ""
        },
        {
          "url": "https://te.tournamentsoftware.com/player-profile/7BBA75CB-BC16-4B09-88B9-C0BFDD6AA2AA",
          "text": ""
        },
        {
          "url": "https://te.tournamentsoftware.com/player-profile/9FC02574-526E-4257-AAA9-9D07973A4EFC",
          "text": ""
        },
        {
          "url": "https://te.tournamentsoftware.com/player-profile/551126D1-20B4-42F4-BD86-B71985AFE6B0",
          "text": ""
        },
        {
          "url": "https://te.tournamentsoftware.com/player-profile/CA5D6689-B64B-4A6E-B02E-40E3C25DBBE2",
          "text": ""
        },
        {
          "url": "https://te.tournamentsoftware.com/player-profile/C80D1753-48CC-46C4-9BF6-674BDCD7CCED",
          "text": ""
        },
        {
          "url": "https://te.tournamentsoftware.com/player-profile/F3468294-BD27-48A6-AEBA-3141FE68821B",
          "text": ""
        }
      ],
      "hints": [
        "Acceptance",
        "acceptance",
        "/sport/tournament.aspx?id=60B383B6-49FE-4A33-9F20-629E32856200",
        "/sport/matches.aspx?id=60B383B6-49FE-4A33-9F20-629E32856200",
        "/sport/players.aspx?id=60B383B6-49FE-4A33-9F20-629E32856200",
        "/sport/draws.aspx?id=60B383B6-49FE-4A33-9F20-629E32856200",
        "/sport/events.aspx?id=60B383B6-49FE-4A33-9F20-629E32856200",
        "/sport/factsheet.aspx?id=60B383B6-49FE-4A33-9F20-629E32856200",
        "/sport/acceptancelist.aspx?id=60B383B6-49FE-4A33-9F20-629E32856200",
        "/sport/seeds.aspx?id=60B383B6-49FE-4A33-9F20-629E32856200",
        "/sport/winners.aspx?id=60B383B6-49FE-4A33-9F20-629E32856200",
        "Qualifying",
        "Main Draw",
        "Alternate",
        "Withdraw"
      ]
    },
    {
      "url": "https://te.tournamentsoftware.com/sport/acceptance.aspx?id=60B383B6-49FE-4A33-9F20-629E32856200",
      "status": 200,
      "title": "Tennis Europe",
      "length": 22829,
      "text": "Tennis Europe Menu Tennis Europe Back to Tennis Europe Home Tournaments Players Ranking Menu Tennis Europe Search Search Please fill in at least 3 characters Log In Menu Log In 404 - Page not found We can't seem to find the page you are looking for. Try one of the following links: Home Tournaments Players Ranking Partners Account Sign up Log in Contact Contact us Help Centre Social media Home See what's new Cookies",
      "links": [
        {
          "url": "https://te.tournamentsoftware.com/find/player",
          "text": "Players"
        },
        {
          "url": "https://te.tournamentsoftware.com/user?returnUrl=%2Ferror%2F404%3Fec%3D404%26404%3Bhttps%3A%2F%2Fte.tournamentsoftware.com%3A443%2Fsport%2Facceptance.aspx%3Fid%3D60B383B6-49FE-4A33-9F20-629E32856200",
          "text": "Log In"
        },
        {
          "url": "https://te.tournamentsoftware.com/user?returnUrl=%2Ferror%2F404%3Fec%3D404%26404%3Bhttps%3A%2F%2Fte.tournamentsoftware.com%3A443%2Fsport%2Facceptance.aspx%3Fid%3D60B383B6-49FE-4A33-9F20-629E32856200",
          "text": "Log In"
        },
        {
          "url": "https://te.tournamentsoftware.com/find/player",
          "text": "Players"
        },
        {
          "url": "https://te.tournamentsoftware.com/user/Signup?ReturnUrl=%2Ferror%2F404%3Fec%3D404%26404%3Bhttps%3A%2F%2Fte.tournamentsoftware.com%3A443%2Fsport%2Facceptance.aspx%3Fid%3D60B383B6-49FE-4A33-9F20-629E32856200",
          "text": "Sign up"
        },
        {
          "url": "https://te.tournamentsoftware.com/user?ReturnUrl=%2Ferror%2F404%3Fec%3D404%26404%3Bhttps%3A%2F%2Fte.tournamentsoftware.com%3A443%2Fsport%2Facceptance.aspx%3Fid%3D60B383B6-49FE-4A33-9F20-629E32856200",
          "text": "Log in"
        },
        {
          "url": "https://te.tournamentsoftware.com/cookiewall?ReturnUrl=%2Ferror%2F404%3Fec%3D404%26404%3Bhttps%3A%2F%2Fte.tournamentsoftware.com%3A443%2Fsport%2Facceptance.aspx%3Fid%3D60B383B6-49FE-4A33-9F20-629E32856200",
          "text": "Cookies"
        },
        {
          "url": "https://te.tournamentsoftware.com/sport/acceptance.aspx?id=60B383B6-49FE-4A33-9F20-629E32856200#0",
          "text": ""
        }
      ],
      "hints": [
        "acceptance"
      ]
    },
    {
      "url": "https://te.tournamentsoftware.com/sport/players.aspx?id=60B383B6-49FE-4A33-9F20-629E32856200",
      "status": 302,
      "title": "Object moved",
      "length": 182,
      "text": "Object moved Object moved to here .",
      "links": [
        {
          "url": "https://te.tournamentsoftware.com/sport/tournament/players?id=60B383B6-49FE-4A33-9F20-629E32856200",
          "text": "here"
        }
      ],
      "hints": [
        "/sport/tournament/players?id=60B383B6-49FE-4A33-9F20-629E32856200"
      ]
    },
    {
      "url": "https://te.tournamentsoftware.com/sport/entrylist.aspx?id=60B383B6-49FE-4A33-9F20-629E32856200",
      "status": 200,
      "title": "Tennis Europe",
      "length": 20172,
      "text": "Tennis Europe Menu Tennis Europe Back to Tennis Europe Home Tournaments Players Ranking Menu Tennis Europe Search Search Please fill in at least 3 characters Log In Menu Tennis Europe Log In Page: https://te.tournamentsoftware.com/sport/entrylist.aspx?id=60B383B6-49FE-4A33-9F20-629E32856200 Message: This overview is not available for this tournament. Back Partners Account Sign up Log in Contact Contact us Help Centre Social media Home See what's new Cookies",
      "links": [
        {
          "url": "https://te.tournamentsoftware.com/find/player",
          "text": "Players"
        },
        {
          "url": "https://te.tournamentsoftware.com/user?returnUrl=%2Fsport%2Fentrylist.aspx%3Fid%3D60B383B6-49FE-4A33-9F20-629E32856200",
          "text": "Log In"
        },
        {
          "url": "https://te.tournamentsoftware.com/sport/entrylist.aspx?id=60B383B6-49FE-4A33-9F20-629E32856200#",
          "text": "Tennis Europe"
        },
        {
          "url": "https://te.tournamentsoftware.com/user?returnUrl=%2Fsport%2Fentrylist.aspx%3Fid%3D60B383B6-49FE-4A33-9F20-629E32856200",
          "text": "Log In"
        },
        {
          "url": "https://te.tournamentsoftware.com/sport/entrylist.aspx?id=60B383B6-49FE-4A33-9F20-629E32856200",
          "text": "https://te.tournamentsoftware.com/sport/entrylist.aspx?id=60B383B6-49FE-4A33-9F20-629E32856200"
        },
        {
          "url": "https://te.tournamentsoftware.com/user/Signup?ReturnUrl=%2Fsport%2Fentrylist.aspx%3Fid%3D60B383B6-49FE-4A33-9F20-629E32856200",
          "text": "Sign up"
        },
        {
          "url": "https://te.tournamentsoftware.com/user?ReturnUrl=%2Fsport%2Fentrylist.aspx%3Fid%3D60B383B6-49FE-4A33-9F20-629E32856200",
          "text": "Log in"
        },
        {
          "url": "https://te.tournamentsoftware.com/cookiewall?ReturnUrl=%2Fsport%2Fentrylist.aspx%3Fid%3D60B383B6-49FE-4A33-9F20-629E32856200",
          "text": "Cookies"
        }
      ],
      "hints": [
        "entrylist",
        "/sport/entrylist.aspx?id=60B383B6-49FE-4A33-9F20-629E32856200"
      ]
    },
    {
      "url": "https://te.tournamentsoftware.com/sport/entries.aspx?id=60B383B6-49FE-4A33-9F20-629E32856200",
      "status": 200,
      "title": "Tennis Europe",
      "length": 22814,
      "text": "Tennis Europe Menu Tennis Europe Back to Tennis Europe Home Tournaments Players Ranking Menu Tennis Europe Search Search Please fill in at least 3 characters Log In Menu Log In 404 - Page not found We can't seem to find the page you are looking for. Try one of the following links: Home Tournaments Players Ranking Partners Account Sign up Log in Contact Contact us Help Centre Social media Home See what's new Cookies",
      "links": [
        {
          "url": "https://te.tournamentsoftware.com/find/player",
          "text": "Players"
        },
        {
          "url": "https://te.tournamentsoftware.com/find/player",
          "text": "Players"
        }
      ],
      "hints": []
    },
    {
      "url": "https://te.tournamentsoftware.com/sport/tournament?id=F7915804-D040-48E9-AFF6-17B4B9C1B952",
      "status": 302,
      "title": "Object moved",
      "length": 165,
      "text": "Object moved Object moved to here .",
      "links": [],
      "hints": []
    },
    {
      "url": "https://te.tournamentsoftware.com/sport/tournament.aspx?id=F7915804-D040-48E9-AFF6-17B4B9C1B952",
      "status": 302,
      "title": "Object moved",
      "length": 174,
      "text": "Object moved Object moved to here .",
      "links": [],
      "hints": [
        "/sport/tournament?id=F7915804-D040-48E9-AFF6-17B4B9C1B952"
      ]
    },
    {
      "url": "https://te.tournamentsoftware.com/sport/events.aspx?id=F7915804-D040-48E9-AFF6-17B4B9C1B952",
      "status": 200,
      "title": "Tennis Europe - Agno U14 - Events",
      "length": 27313,
      "text": "Tennis Europe - Agno U14 - Events Menu Tennis Europe Back to Tennis Europe Home Tournaments Players Ranking Menu Tennis Europe Search Search Please fill in at least 3 characters Log In Menu Tennis Europe - Agno U14 - Events Log In Agno U14 GoAcademy | Agno, Switzerland 25/07/2026 to 01/08/2026 Acryllic Category 3 Favourite Overview Matches Players Draws Events Fact Sheet Acceptance list Seeded entries Winners More Events Name Number of Draws Entries BS14 2 72 GS14 2 31 BD14 1 16 GD14 1 10 Statistics Events: 4 Number of Draws: 6 Entries: 160 Players: 103 Partners Account Sign up Log in Contact Contact us Help Centre Social media Home See what's new Cookies",
      "links": [
        {
          "url": "https://te.tournamentsoftware.com/find/player",
          "text": "Players"
        },
        {
          "url": "https://te.tournamentsoftware.com/user?returnUrl=%2Fsport%2Fevents.aspx%3Fid%3DF7915804-D040-48E9-AFF6-17B4B9C1B952",
          "text": "Log In"
        },
        {
          "url": "https://te.tournamentsoftware.com/sport/events.aspx?id=F7915804-D040-48E9-AFF6-17B4B9C1B952#",
          "text": "Tennis Europe - Agno U14 - Events"
        },
        {
          "url": "https://te.tournamentsoftware.com/user?returnUrl=%2Fsport%2Fevents.aspx%3Fid%3DF7915804-D040-48E9-AFF6-17B4B9C1B952",
          "text": "Log In"
        },
        {
          "url": "https://te.tournamentsoftware.com/sport/players.aspx?id=F7915804-D040-48E9-AFF6-17B4B9C1B952",
          "text": "Players"
        },
        {
          "url": "https://te.tournamentsoftware.com/sport/draws.aspx?id=F7915804-D040-48E9-AFF6-17B4B9C1B952",
          "text": "Draws"
        },
        {
          "url": "https://te.tournamentsoftware.com/sport/events.aspx?id=F7915804-D040-48E9-AFF6-17B4B9C1B952",
          "text": "Events"
        },
        {
          "url": "https://te.tournamentsoftware.com/sport/acceptancelist.aspx?id=F7915804-D040-48E9-AFF6-17B4B9C1B952",
          "text": "Acceptance list"
        },
        {
          "url": "https://te.tournamentsoftware.com/sport/event.aspx?id=F7915804-D040-48E9-AFF6-17B4B9C1B952&event=1",
          "text": "BS14"
        },
        {
          "url": "https://te.tournamentsoftware.com/sport/event.aspx?id=F7915804-D040-48E9-AFF6-17B4B9C1B952&event=2",
          "text": "GS14"
        },
        {
          "url": "https://te.tournamentsoftware.com/sport/event.aspx?id=F7915804-D040-48E9-AFF6-17B4B9C1B952&event=3",
          "text": "BD14"
        },
        {
          "url": "https://te.tournamentsoftware.com/sport/event.aspx?id=F7915804-D040-48E9-AFF6-17B4B9C1B952&event=4",
          "text": "GD14"
        },
        {
          "url": "https://te.tournamentsoftware.com/user/Signup?ReturnUrl=%2Fsport%2Fevents.aspx%3Fid%3DF7915804-D040-48E9-AFF6-17B4B9C1B952",
          "text": "Sign up"
        },
        {
          "url": "https://te.tournamentsoftware.com/user?ReturnUrl=%2Fsport%2Fevents.aspx%3Fid%3DF7915804-D040-48E9-AFF6-17B4B9C1B952",
          "text": "Log in"
        },
        {
          "url": "https://te.tournamentsoftware.com/cookiewall?ReturnUrl=%2Fsport%2Fevents.aspx%3Fid%3DF7915804-D040-48E9-AFF6-17B4B9C1B952",
          "text": "Cookies"
        }
      ],
      "hints": [
        "/sport/tournament.aspx?id=F7915804-D040-48E9-AFF6-17B4B9C1B952",
        "/sport/matches.aspx?id=F7915804-D040-48E9-AFF6-17B4B9C1B952",
        "/sport/players.aspx?id=F7915804-D040-48E9-AFF6-17B4B9C1B952",
        "/sport/draws.aspx?id=F7915804-D040-48E9-AFF6-17B4B9C1B952",
        "/sport/events.aspx?id=F7915804-D040-48E9-AFF6-17B4B9C1B952",
        "/sport/factsheet.aspx?id=F7915804-D040-48E9-AFF6-17B4B9C1B952",
        "/sport/acceptancelist.aspx?id=F7915804-D040-48E9-AFF6-17B4B9C1B952",
        "Acceptance",
        "/sport/seeds.aspx?id=F7915804-D040-48E9-AFF6-17B4B9C1B952",
        "/sport/winners.aspx?id=F7915804-D040-48E9-AFF6-17B4B9C1B952"
      ]
    },
    {
      "url": "https://te.tournamentsoftware.com/sport/acceptancelist.aspx?id=F7915804-D040-48E9-AFF6-17B4B9C1B952",
      "status": 200,
      "title": "Tennis Europe - Agno U14 - Acceptance list",
      "length": 108508,
      "text": "Tennis Europe - Agno U14 - Acceptance list Menu Tennis Europe Back to Tennis Europe Home Tournaments Players Ranking Menu Tennis Europe Search Search Please fill in at least 3 characters Log In Menu Tennis Europe - Agno U14 - Acceptance list Log In Agno U14 GoAcademy | Agno, Switzerland 25/07/2026 to 01/08/2026 Acryllic Category 3 Favourite Overview Matches Players Draws Events Fact Sheet Acceptance list Seeded entries Winners More BS14 Acceptance list Select event: BS14 GS14 69 Active entries Last updated: 26/07/2026 14:06 GMT. Draw Player Nationality Year of birth Rank Priority WTN Main (RA: 10, OA: 8, SE: 2, Q: 8, WC: 4). Total positions: 32 1 [BEL] Samuele Bellorini Belgium 2013 #182 1 28.47 2 [ITA] Tommaso Nicholas Matti Italy 2012 #222 1 28.82 3 [GBR] Theodore Lee Great Britain 2012 #296 1 - 4 (OA) [SUI] Carlo Luigi Brocchieri Switzerland 2013 #885 1 31.71 5 (OA) [SUI] Luca Jann Ke",
      "links": [
        {
          "url": "https://te.tournamentsoftware.com/find/player",
          "text": "Players"
        },
        {
          "url": "https://te.tournamentsoftware.com/user?returnUrl=%2Fsport%2Facceptancelist.aspx%3Fid%3DF7915804-D040-48E9-AFF6-17B4B9C1B952",
          "text": "Log In"
        },
        {
          "url": "https://te.tournamentsoftware.com/sport/acceptancelist.aspx?id=F7915804-D040-48E9-AFF6-17B4B9C1B952#",
          "text": "Tennis Europe - Agno U14 - Acceptance list"
        },
        {
          "url": "https://te.tournamentsoftware.com/user?returnUrl=%2Fsport%2Facceptancelist.aspx%3Fid%3DF7915804-D040-48E9-AFF6-17B4B9C1B952",
          "text": "Log In"
        },
        {
          "url": "https://te.tournamentsoftware.com/sport/players.aspx?id=F7915804-D040-48E9-AFF6-17B4B9C1B952",
          "text": "Players"
        },
        {
          "url": "https://te.tournamentsoftware.com/sport/draws.aspx?id=F7915804-D040-48E9-AFF6-17B4B9C1B952",
          "text": "Draws"
        },
        {
          "url": "https://te.tournamentsoftware.com/sport/events.aspx?id=F7915804-D040-48E9-AFF6-17B4B9C1B952",
          "text": "Events"
        },
        {
          "url": "https://te.tournamentsoftware.com/sport/acceptancelist.aspx?id=F7915804-D040-48E9-AFF6-17B4B9C1B952",
          "text": "Acceptance list"
        },
        {
          "url": "https://te.tournamentsoftware.com/player-profile/034FB21F-5B46-45F5-8A63-2263CC0262FE",
          "text": ""
        },
        {
          "url": "https://te.tournamentsoftware.com/player-profile/F07B55C1-7FA4-4531-A5A6-7A76ED937BDA",
          "text": ""
        },
        {
          "url": "https://te.tournamentsoftware.com/player-profile/B6045180-2C0E-4A3C-97A8-2FEFEBA9AE32",
          "text": ""
        },
        {
          "url": "https://te.tournamentsoftware.com/player-profile/1F1DDBEF-1620-4DFC-8EEC-801BD273D394",
          "text": ""
        },
        {
          "url": "https://te.tournamentsoftware.com/player-profile/BF23ED83-B79E-4AB3-88DC-532AE4E9DC64",
          "text": ""
        },
        {
          "url": "https://te.tournamentsoftware.com/player-profile/55F821D9-020D-4273-80B5-DB3B1BEBD83D",
          "text": ""
        },
        {
          "url": "https://te.tournamentsoftware.com/player-profile/2E62494A-2EAB-4CF2-96B5-88BDFFE1444F",
          "text": ""
        },
        {
          "url": "https://te.tournamentsoftware.com/player-profile/5E3C1944-6B35-4F6C-BA66-BACFD2B38296",
          "text": ""
        },
        {
          "url": "https://te.tournamentsoftware.com/player-profile/B57CB8D3-79B7-4D3B-8039-C232B3528357",
          "text": ""
        },
        {
          "url": "https://te.tournamentsoftware.com/player-profile/62DF145F-3EA9-4B2D-B539-BAC9BEFBFA39",
          "text": ""
        },
        {
          "url": "https://te.tournamentsoftware.com/player-profile/22B088A6-E432-4CC4-98EA-047CC13C2179",
          "text": ""
        },
        {
          "url": "https://te.tournamentsoftware.com/player-profile/D4E9862B-211F-4353-88DD-2F917D76DEB8",
          "text": ""
        },
        {
          "url": "https://te.tournamentsoftware.com/player-profile/D198D95E-5E7D-4A3A-8A27-0218E5F10DB8",
          "text": ""
        },
        {
          "url": "https://te.tournamentsoftware.com/player-profile/832CCB4F-3C2C-4B84-A034-04BDB44D5AD6",
          "text": ""
        },
        {
          "url": "https://te.tournamentsoftware.com/player-profile/AB8CAADB-1C83-405D-B86C-68CE17055E07",
          "text": ""
        },
        {
          "url": "https://te.tournamentsoftware.com/player-profile/5389DCFD-6906-42E8-AAE4-371D107EEE79",
          "text": ""
        },
        {
          "url": "https://te.tournamentsoftware.com/player-profile/338D4F14-BC57-44FF-8733-AC488C678CCF",
          "text": ""
        },
        {
          "url": "https://te.tournamentsoftware.com/player-profile/FA6BEBA3-5843-4A30-90C1-F0FD70DB5211",
          "text": ""
        },
        {
          "url": "https://te.tournamentsoftware.com/player-profile/93DCF38A-6D42-4F0C-952A-BAEFA7E2BD63",
          "text": ""
        },
        {
          "url": "https://te.tournamentsoftware.com/player-profile/BCFBE7E2-CC78-42D2-B128-799A7FB72EBC",
          "text": ""
        },
        {
          "url": "https://te.tournamentsoftware.com/player-profile/BA25FD5B-35DF-44D8-80AF-8559973E3F88",
          "text": ""
        },
        {
          "url": "https://te.tournamentsoftware.com/player-profile/0F8C6B19-648D-4250-A246-71B2F3CA9369",
          "text": ""
        },
        {
          "url": "https://te.tournamentsoftware.com/player-profile/41F073FD-A737-4FDE-9314-D70C035FE8E3",
          "text": ""
        },
        {
          "url": "https://te.tournamentsoftware.com/player-profile/80AEDDD2-D46F-42E8-9D86-E8033A12C350",
          "text": ""
        },
        {
          "url": "https://te.tournamentsoftware.com/player-profile/C80D1753-48CC-46C4-9BF6-674BDCD7CCED",
          "text": ""
        },
        {
          "url": "https://te.tournamentsoftware.com/player-profile/108A72CB-D849-4C88-92B5-D08C250CC858",
          "text": ""
        },
        {
          "url": "https://te.tournamentsoftware.com/player-profile/349301F7-5460-4891-AA81-B2E846E8F7D5",
          "text": ""
        },
        {
          "url": "https://te.tournamentsoftware.com/player-profile/2035B300-506E-4C8F-BFD1-BCE2F13F4D4E",
          "text": ""
        },
        {
          "url": "https://te.tournamentsoftware.com/player-profile/425128F5-F8C0-4DBE-9FF6-26DC469234DD",
          "text": ""
        },
        {
          "url": "https://te.tournamentsoftware.com/player-profile/48643E97-05FA-4F02-9144-561252DAA5CB",
          "text": ""
        },
        {
          "url": "https://te.tournamentsoftware.com/player-profile/9EC388C0-50E9-4E70-A5A5-9C50D2C47CCE",
          "text": ""
        },
        {
          "url": "https://te.tournamentsoftware.com/player-profile/D09498AD-B328-4F2C-A415-B574619D65B4",
          "text": ""
        }
      ],
      "hints": [
        "Acceptance",
        "acceptance",
        "/sport/tournament.aspx?id=F7915804-D040-48E9-AFF6-17B4B9C1B952",
        "/sport/matches.aspx?id=F7915804-D040-48E9-AFF6-17B4B9C1B952",
        "/sport/players.aspx?id=F7915804-D040-48E9-AFF6-17B4B9C1B952",
        "/sport/draws.aspx?id=F7915804-D040-48E9-AFF6-17B4B9C1B952",
        "/sport/events.aspx?id=F7915804-D040-48E9-AFF6-17B4B9C1B952",
        "/sport/factsheet.aspx?id=F7915804-D040-48E9-AFF6-17B4B9C1B952",
        "/sport/acceptancelist.aspx?id=F7915804-D040-48E9-AFF6-17B4B9C1B952",
        "/sport/seeds.aspx?id=F7915804-D040-48E9-AFF6-17B4B9C1B952",
        "/sport/winners.aspx?id=F7915804-D040-48E9-AFF6-17B4B9C1B952",
        "Qualifying",
        "Alternate",
        "Withdraw"
      ]
    },
    {
      "url": "https://te.tournamentsoftware.com/sport/acceptance.aspx?id=F7915804-D040-48E9-AFF6-17B4B9C1B952",
      "status": 200,
      "title": "Tennis Europe",
      "length": 22829,
      "text": "Tennis Europe Menu Tennis Europe Back to Tennis Europe Home Tournaments Players Ranking Menu Tennis Europe Search Search Please fill in at least 3 characters Log In Menu Log In 404 - Page not found We can't seem to find the page you are looking for. Try one of the following links: Home Tournaments Players Ranking Partners Account Sign up Log in Contact Contact us Help Centre Social media Home See what's new Cookies",
      "links": [
        {
          "url": "https://te.tournamentsoftware.com/find/player",
          "text": "Players"
        },
        {
          "url": "https://te.tournamentsoftware.com/user?returnUrl=%2Ferror%2F404%3Fec%3D404%26404%3Bhttps%3A%2F%2Fte.tournamentsoftware.com%3A443%2Fsport%2Facceptance.aspx%3Fid%3DF7915804-D040-48E9-AFF6-17B4B9C1B952",
          "text": "Log In"
        },
        {
          "url": "https://te.tournamentsoftware.com/user?returnUrl=%2Ferror%2F404%3Fec%3D404%26404%3Bhttps%3A%2F%2Fte.tournamentsoftware.com%3A443%2Fsport%2Facceptance.aspx%3Fid%3DF7915804-D040-48E9-AFF6-17B4B9C1B952",
          "text": "Log In"
        },
        {
          "url": "https://te.tournamentsoftware.com/find/player",
          "text": "Players"
        },
        {
          "url": "https://te.tournamentsoftware.com/user/Signup?ReturnUrl=%2Ferror%2F404%3Fec%3D404%26404%3Bhttps%3A%2F%2Fte.tournamentsoftware.com%3A443%2Fsport%2Facceptance.aspx%3Fid%3DF7915804-D040-48E9-AFF6-17B4B9C1B952",
          "text": "Sign up"
        },
        {
          "url": "https://te.tournamentsoftware.com/user?ReturnUrl=%2Ferror%2F404%3Fec%3D404%26404%3Bhttps%3A%2F%2Fte.tournamentsoftware.com%3A443%2Fsport%2Facceptance.aspx%3Fid%3DF7915804-D040-48E9-AFF6-17B4B9C1B952",
          "text": "Log in"
        },
        {
          "url": "https://te.tournamentsoftware.com/cookiewall?ReturnUrl=%2Ferror%2F404%3Fec%3D404%26404%3Bhttps%3A%2F%2Fte.tournamentsoftware.com%3A443%2Fsport%2Facceptance.aspx%3Fid%3DF7915804-D040-48E9-AFF6-17B4B9C1B952",
          "text": "Cookies"
        },
        {
          "url": "https://te.tournamentsoftware.com/sport/acceptance.aspx?id=F7915804-D040-48E9-AFF6-17B4B9C1B952#0",
          "text": ""
        }
      ],
      "hints": [
        "acceptance"
      ]
    },
    {
      "url": "https://te.tournamentsoftware.com/sport/players.aspx?id=F7915804-D040-48E9-AFF6-17B4B9C1B952",
      "status": 302,
      "title": "Object moved",
      "length": 182,
      "text": "Object moved Object moved to here .",
      "links": [
        {
          "url": "https://te.tournamentsoftware.com/sport/tournament/players?id=F7915804-D040-48E9-AFF6-17B4B9C1B952",
          "text": "here"
        }
      ],
      "hints": [
        "/sport/tournament/players?id=F7915804-D040-48E9-AFF6-17B4B9C1B952"
      ]
    },
    {
      "url": "https://te.tournamentsoftware.com/sport/entrylist.aspx?id=F7915804-D040-48E9-AFF6-17B4B9C1B952",
      "status": 200,
      "title": "Tennis Europe",
      "length": 20172,
      "text": "Tennis Europe Menu Tennis Europe Back to Tennis Europe Home Tournaments Players Ranking Menu Tennis Europe Search Search Please fill in at least 3 characters Log In Menu Tennis Europe Log In Page: https://te.tournamentsoftware.com/sport/entrylist.aspx?id=F7915804-D040-48E9-AFF6-17B4B9C1B952 Message: This overview is not available for this tournament. Back Partners Account Sign up Log in Contact Contact us Help Centre Social media Home See what's new Cookies",
      "links": [
        {
          "url": "https://te.tournamentsoftware.com/find/player",
          "text": "Players"
        },
        {
          "url": "https://te.tournamentsoftware.com/user?returnUrl=%2Fsport%2Fentrylist.aspx%3Fid%3DF7915804-D040-48E9-AFF6-17B4B9C1B952",
          "text": "Log In"
        },
        {
          "url": "https://te.tournamentsoftware.com/sport/entrylist.aspx?id=F7915804-D040-48E9-AFF6-17B4B9C1B952#",
          "text": "Tennis Europe"
        },
        {
          "url": "https://te.tournamentsoftware.com/user?returnUrl=%2Fsport%2Fentrylist.aspx%3Fid%3DF7915804-D040-48E9-AFF6-17B4B9C1B952",
          "text": "Log In"
        },
        {
          "url": "https://te.tournamentsoftware.com/sport/entrylist.aspx?id=F7915804-D040-48E9-AFF6-17B4B9C1B952",
          "text": "https://te.tournamentsoftware.com/sport/entrylist.aspx?id=F7915804-D040-48E9-AFF6-17B4B9C1B952"
        },
        {
          "url": "https://te.tournamentsoftware.com/user/Signup?ReturnUrl=%2Fsport%2Fentrylist.aspx%3Fid%3DF7915804-D040-48E9-AFF6-17B4B9C1B952",
          "text": "Sign up"
        },
        {
          "url": "https://te.tournamentsoftware.com/user?ReturnUrl=%2Fsport%2Fentrylist.aspx%3Fid%3DF7915804-D040-48E9-AFF6-17B4B9C1B952",
          "text": "Log in"
        },
        {
          "url": "https://te.tournamentsoftware.com/cookiewall?ReturnUrl=%2Fsport%2Fentrylist.aspx%3Fid%3DF7915804-D040-48E9-AFF6-17B4B9C1B952",
          "text": "Cookies"
        }
      ],
      "hints": [
        "entrylist",
        "/sport/entrylist.aspx?id=F7915804-D040-48E9-AFF6-17B4B9C1B952"
      ]
    },
    {
      "url": "https://te.tournamentsoftware.com/sport/entries.aspx?id=F7915804-D040-48E9-AFF6-17B4B9C1B952",
      "status": 200,
      "title": "Tennis Europe",
      "length": 22814,
      "text": "Tennis Europe Menu Tennis Europe Back to Tennis Europe Home Tournaments Players Ranking Menu Tennis Europe Search Search Please fill in at least 3 characters Log In Menu Log In 404 - Page not found We can't seem to find the page you are looking for. Try one of the following links: Home Tournaments Players Ranking Partners Account Sign up Log in Contact Contact us Help Centre Social media Home See what's new Cookies",
      "links": [
        {
          "url": "https://te.tournamentsoftware.com/find/player",
          "text": "Players"
        },
        {
          "url": "https://te.tournamentsoftware.com/find/player",
          "text": "Players"
        }
      ],
      "hints": []
    },
    {
      "url": "https://te.tournamentsoftware.com/sport/tournament?id=72B85BEB-F56D-48F3-AA67-88C1F293C970",
      "status": 302,
      "title": "Object moved",
      "length": 165,
      "text": "Object moved Object moved to here .",
      "links": [],
      "hints": []
    },
    {
      "url": "https://te.tournamentsoftware.com/sport/tournament.aspx?id=72B85BEB-F56D-48F3-AA67-88C1F293C970",
      "status": 302,
      "title": "Object moved",
      "length": 174,
      "text": "Object moved Object moved to here .",
      "links": [],
      "hints": [
        "/sport/tournament?id=72B85BEB-F56D-48F3-AA67-88C1F293C970"
      ]
    },
    {
      "url": "https://te.tournamentsoftware.com/sport/events.aspx?id=72B85BEB-F56D-48F3-AA67-88C1F293C970",
      "status": 200,
      "title": "Tennis Europe - Austrian Youth Open Kufstein - Events",
      "length": 28349,
      "text": "Tennis Europe - Austrian Youth Open Kufstein - Events Menu Tennis Europe Back to Tennis Europe Home Tournaments Players Ranking Menu Tennis Europe Search Search Please fill in at least 3 characters Log In Menu Tennis Europe - Austrian Youth Open Kufstein - Events Log In Austrian Youth Open Kufstein TC Sparkasse Kufstein | Kufstein, Austria 18/07/2026 to 25/07/2026 Clay Category 1 Category 2 Favourite Overview Matches Players Draws Events Fact Sheet Acceptance list Seeded entries Winners More Events Name Number of Draws Entries BS12 2 58 GS12 2 37 BD12 1 22 GD12 1 12 BS14 2 85 GS14 1 41 BD14 1 29 GD14 1 13 Statistics Events: 8 Number of Draws: 11 Entries: 369 Players: 221 Partners Account Sign up Log in Contact Contact us Help Centre Social media Home See what's new Cookies",
      "links": [
        {
          "url": "https://te.tournamentsoftware.com/find/player",
          "text": "Players"
        },
        {
          "url": "https://te.tournamentsoftware.com/user?returnUrl=%2Fsport%2Fevents.aspx%3Fid%3D72B85BEB-F56D-48F3-AA67-88C1F293C970",
          "text": "Log In"
        },
        {
          "url": "https://te.tournamentsoftware.com/sport/events.aspx?id=72B85BEB-F56D-48F3-AA67-88C1F293C970#",
          "text": "Tennis Europe - Austrian Youth Open Kufstein - Events"
        },
        {
          "url": "https://te.tournamentsoftware.com/user?returnUrl=%2Fsport%2Fevents.aspx%3Fid%3D72B85BEB-F56D-48F3-AA67-88C1F293C970",
          "text": "Log In"
        },
        {
          "url": "https://te.tournamentsoftware.com/sport/players.aspx?id=72B85BEB-F56D-48F3-AA67-88C1F293C970",
          "text": "Players"
        },
        {
          "url": "https://te.tournamentsoftware.com/sport/draws.aspx?id=72B85BEB-F56D-48F3-AA67-88C1F293C970",
          "text": "Draws"
        },
        {
          "url": "https://te.tournamentsoftware.com/sport/events.aspx?id=72B85BEB-F56D-48F3-AA67-88C1F293C970",
          "text": "Events"
        },
        {
          "url": "https://te.tournamentsoftware.com/sport/acceptancelist.aspx?id=72B85BEB-F56D-48F3-AA67-88C1F293C970",
          "text": "Acceptance list"
        },
        {
          "url": "https://te.tournamentsoftware.com/sport/event.aspx?id=72B85BEB-F56D-48F3-AA67-88C1F293C970&event=1",
          "text": "BS12"
        },
        {
          "url": "https://te.tournamentsoftware.com/sport/event.aspx?id=72B85BEB-F56D-48F3-AA67-88C1F293C970&event=2",
          "text": "GS12"
        },
        {
          "url": "https://te.tournamentsoftware.com/sport/event.aspx?id=72B85BEB-F56D-48F3-AA67-88C1F293C970&event=3",
          "text": "BD12"
        },
        {
          "url": "https://te.tournamentsoftware.com/sport/event.aspx?id=72B85BEB-F56D-48F3-AA67-88C1F293C970&event=4",
          "text": "GD12"
        },
        {
          "url": "https://te.tournamentsoftware.com/sport/event.aspx?id=72B85BEB-F56D-48F3-AA67-88C1F293C970&event=5",
          "text": "BS14"
        },
        {
          "url": "https://te.tournamentsoftware.com/sport/event.aspx?id=72B85BEB-F56D-48F3-AA67-88C1F293C970&event=6",
          "text": "GS14"
        },
        {
          "url": "https://te.tournamentsoftware.com/sport/event.aspx?id=72B85BEB-F56D-48F3-AA67-88C1F293C970&event=7",
          "text": "BD14"
        },
        {
          "url": "https://te.tournamentsoftware.com/sport/event.aspx?id=72B85BEB-F56D-48F3-AA67-88C1F293C970&event=8",
          "text": "GD14"
        },
        {
          "url": "https://te.tournamentsoftware.com/user/Signup?ReturnUrl=%2Fsport%2Fevents.aspx%3Fid%3D72B85BEB-F56D-48F3-AA67-88C1F293C970",
          "text": "Sign up"
        },
        {
          "url": "https://te.tournamentsoftware.com/user?ReturnUrl=%2Fsport%2Fevents.aspx%3Fid%3D72B85BEB-F56D-48F3-AA67-88C1F293C970",
          "text": "Log in"
        },
        {
          "url": "https://te.tournamentsoftware.com/cookiewall?ReturnUrl=%2Fsport%2Fevents.aspx%3Fid%3D72B85BEB-F56D-48F3-AA67-88C1F293C970",
          "text": "Cookies"
        }
      ],
      "hints": [
        "/sport/tournament.aspx?id=72B85BEB-F56D-48F3-AA67-88C1F293C970",
        "/sport/matches.aspx?id=72B85BEB-F56D-48F3-AA67-88C1F293C970",
        "/sport/players.aspx?id=72B85BEB-F56D-48F3-AA67-88C1F293C970",
        "/sport/draws.aspx?id=72B85BEB-F56D-48F3-AA67-88C1F293C970",
        "/sport/events.aspx?id=72B85BEB-F56D-48F3-AA67-88C1F293C970",
        "/sport/factsheet.aspx?id=72B85BEB-F56D-48F3-AA67-88C1F293C970",
        "/sport/acceptancelist.aspx?id=72B85BEB-F56D-48F3-AA67-88C1F293C970",
        "Acceptance",
        "/sport/seeds.aspx?id=72B85BEB-F56D-48F3-AA67-88C1F293C970",
        "/sport/winners.aspx?id=72B85BEB-F56D-48F3-AA67-88C1F293C970"
      ]
    },
    {
      "url": "https://te.tournamentsoftware.com/sport/acceptancelist.aspx?id=72B85BEB-F56D-48F3-AA67-88C1F293C970",
      "status": 200,
      "title": "Tennis Europe - Austrian Youth Open Kufstein - Acceptance list",
      "length": 86035,
      "text": "Tennis Europe - Austrian Youth Open Kufstein - Acceptance list Menu Tennis Europe Back to Tennis Europe Home Tournaments Players Ranking Menu Tennis Europe Search Search Please fill in at least 3 characters Log In Menu Tennis Europe - Austrian Youth Open Kufstein - Acceptance list Log In Austrian Youth Open Kufstein TC Sparkasse Kufstein | Kufstein, Austria 18/07/2026 to 25/07/2026 Clay Category 1 Category 2 Favourite Overview Matches Players Draws Events Fact Sheet Acceptance list Seeded entries Winners More BS12 Acceptance list Select event: BS12 GS12 BS14 GS14 56 Active entries Last updated: 19/07/2026 14:18 GMT. Due to the low amount of remaining players for this event the qualifying draw has been cancelled. All remaining players have been promoted to the main draw. Draw Player Nationality Year of birth Rank Priority Main (RA: 14, OA: 46, SE: 0, Q: 0, WC: 4). Total positions: 64 1 (O",
      "links": [
        {
          "url": "https://te.tournamentsoftware.com/find/player",
          "text": "Players"
        },
        {
          "url": "https://te.tournamentsoftware.com/user?returnUrl=%2Fsport%2Facceptancelist.aspx%3Fid%3D72B85BEB-F56D-48F3-AA67-88C1F293C970",
          "text": "Log In"
        },
        {
          "url": "https://te.tournamentsoftware.com/sport/acceptancelist.aspx?id=72B85BEB-F56D-48F3-AA67-88C1F293C970#",
          "text": "Tennis Europe - Austrian Youth Open Kufstein - Acceptance list"
        },
        {
          "url": "https://te.tournamentsoftware.com/user?returnUrl=%2Fsport%2Facceptancelist.aspx%3Fid%3D72B85BEB-F56D-48F3-AA67-88C1F293C970",
          "text": "Log In"
        },
        {
          "url": "https://te.tournamentsoftware.com/sport/players.aspx?id=72B85BEB-F56D-48F3-AA67-88C1F293C970",
          "text": "Players"
        },
        {
          "url": "https://te.tournamentsoftware.com/sport/draws.aspx?id=72B85BEB-F56D-48F3-AA67-88C1F293C970",
          "text": "Draws"
        },
        {
          "url": "https://te.tournamentsoftware.com/sport/events.aspx?id=72B85BEB-F56D-48F3-AA67-88C1F293C970",
          "text": "Events"
        },
        {
          "url": "https://te.tournamentsoftware.com/sport/acceptancelist.aspx?id=72B85BEB-F56D-48F3-AA67-88C1F293C970",
          "text": "Acceptance list"
        },
        {
          "url": "https://te.tournamentsoftware.com/player-profile/46CECE3D-C202-4DB3-B399-0AAFB336938E",
          "text": ""
        },
        {
          "url": "https://te.tournamentsoftware.com/player-profile/C56BDCFB-DFC0-4D62-8283-3D90E5E4F98F",
          "text": ""
        },
        {
          "url": "https://te.tournamentsoftware.com/player-profile/941577F5-1B50-48A2-9057-52DD40E8F5FE",
          "text": ""
        },
        {
          "url": "https://te.tournamentsoftware.com/player-profile/4BBA42A1-99A6-44E0-8B9A-F7965838BCDD",
          "text": ""
        },
        {
          "url": "https://te.tournamentsoftware.com/player-profile/C1B4604A-0CC4-43EE-B076-63616CC0CDD3",
          "text": ""
        },
        {
          "url": "https://te.tournamentsoftware.com/player-profile/46B06389-8453-44F5-AE72-165B57921653",
          "text": ""
        },
        {
          "url": "https://te.tournamentsoftware.com/player-profile/4AC6D0C2-8E3C-42F3-AE3F-FEF0065B0C32",
          "text": ""
        },
        {
          "url": "https://te.tournamentsoftware.com/player-profile/0952103B-F3DF-4F7D-BB24-B737072002D6",
          "text": ""
        },
        {
          "url": "https://te.tournamentsoftware.com/player-profile/0E91B4AB-839E-4D8D-98A4-ECC06C75691E",
          "text": ""
        },
        {
          "url": "https://te.tournamentsoftware.com/player-profile/E6820BE7-711B-42F1-AFA5-FEAF471A77BF",
          "text": ""
        },
        {
          "url": "https://te.tournamentsoftware.com/player-profile/AD5EF97D-107D-472F-A7FC-531DBFBCA877",
          "text": ""
        },
        {
          "url": "https://te.tournamentsoftware.com/player-profile/E0D37E4C-2731-4349-8852-AC96EC8F5999",
          "text": ""
        },
        {
          "url": "https://te.tournamentsoftware.com/player-profile/17E74D55-3CBA-40DF-AEC5-4DB5B4CA07BA",
          "text": ""
        },
        {
          "url": "https://te.tournamentsoftware.com/player-profile/5A624999-5BEE-472F-A101-13D75986488D",
          "text": ""
        },
        {
          "url": "https://te.tournamentsoftware.com/player-profile/47A95D44-98D7-4AF6-8A35-0F73C035A526",
          "text": ""
        },
        {
          "url": "https://te.tournamentsoftware.com/player-profile/4320478E-7CB9-4C06-A72B-086699532981",
          "text": ""
        },
        {
          "url": "https://te.tournamentsoftware.com/player-profile/E5568C3F-D09A-4FFE-9865-A700480B31E4",
          "text": ""
        },
        {
          "url": "https://te.tournamentsoftware.com/player-profile/9A41B3B5-39B6-47E5-8DCD-115602AEAEFC",
          "text": ""
        },
        {
          "url": "https://te.tournamentsoftware.com/player-profile/403D8FD7-272A-43BE-A277-5D620098E8DC",
          "text": ""
        },
        {
          "url": "https://te.tournamentsoftware.com/player-profile/F8950717-E0EE-43A1-B835-A46A0928DCEF",
          "text": ""
        },
        {
          "url": "https://te.tournamentsoftware.com/player-profile/A0AC0ADB-0E22-4D13-A094-63A67C9B8C66",
          "text": ""
        },
        {
          "url": "https://te.tournamentsoftware.com/player-profile/127BFEBD-FC27-4566-AF11-656F72AD6A42",
          "text": ""
        },
        {
          "url": "https://te.tournamentsoftware.com/player-profile/0E1AAEE3-AF17-4347-B808-462C36B04695",
          "text": ""
        },
        {
          "url": "https://te.tournamentsoftware.com/player-profile/478BC9A8-FB51-47EC-9C56-9F9821F4A808",
          "text": ""
        },
        {
          "url": "https://te.tournamentsoftware.com/player-profile/A195197B-1135-461F-AA1D-770CCF69E7A8",
          "text": ""
        },
        {
          "url": "https://te.tournamentsoftware.com/player-profile/93647DFA-DFCF-4D71-A29B-995DB2F06978",
          "text": ""
        },
        {
          "url": "https://te.tournamentsoftware.com/player-profile/97328AF3-8521-4D6E-914F-08693ADF36D0",
          "text": ""
        },
        {
          "url": "https://te.tournamentsoftware.com/player-profile/4D33C91E-08A8-407E-A0B8-3AB1638BCFBC",
          "text": ""
        },
        {
          "url": "https://te.tournamentsoftware.com/player-profile/4008700B-9E80-44B3-AF3C-F30E535681AD",
          "text": ""
        },
        {
          "url": "https://te.tournamentsoftware.com/player-profile/4B8FC1A3-6C6D-478B-B8A9-87A1910A9123",
          "text": ""
        },
        {
          "url": "https://te.tournamentsoftware.com/player-profile/B4C1BB76-FC9C-4179-A0A7-5157B5855407",
          "text": ""
        },
        {
          "url": "https://te.tournamentsoftware.com/player-profile/DDEC37AC-6691-40C0-9C03-AE3BD0BBF376",
          "text": ""
        }
      ],
      "hints": [
        "Acceptance",
        "acceptance",
        "/sport/tournament.aspx?id=72B85BEB-F56D-48F3-AA67-88C1F293C970",
        "/sport/matches.aspx?id=72B85BEB-F56D-48F3-AA67-88C1F293C970",
        "/sport/players.aspx?id=72B85BEB-F56D-48F3-AA67-88C1F293C970",
        "/sport/draws.aspx?id=72B85BEB-F56D-48F3-AA67-88C1F293C970",
        "/sport/events.aspx?id=72B85BEB-F56D-48F3-AA67-88C1F293C970",
        "/sport/factsheet.aspx?id=72B85BEB-F56D-48F3-AA67-88C1F293C970",
        "/sport/acceptancelist.aspx?id=72B85BEB-F56D-48F3-AA67-88C1F293C970",
        "/sport/seeds.aspx?id=72B85BEB-F56D-48F3-AA67-88C1F293C970",
        "/sport/winners.aspx?id=72B85BEB-F56D-48F3-AA67-88C1F293C970",
        "qualifying",
        "main draw",
        "Withdraw"
      ]
    },
    {
      "url": "https://te.tournamentsoftware.com/sport/acceptance.aspx?id=72B85BEB-F56D-48F3-AA67-88C1F293C970",
      "status": 200,
      "title": "Tennis Europe",
      "length": 22829,
      "text": "Tennis Europe Menu Tennis Europe Back to Tennis Europe Home Tournaments Players Ranking Menu Tennis Europe Search Search Please fill in at least 3 characters Log In Menu Log In 404 - Page not found We can't seem to find the page you are looking for. Try one of the following links: Home Tournaments Players Ranking Partners Account Sign up Log in Contact Contact us Help Centre Social media Home See what's new Cookies",
      "links": [
        {
          "url": "https://te.tournamentsoftware.com/find/player",
          "text": "Players"
        },
        {
          "url": "https://te.tournamentsoftware.com/user?returnUrl=%2Ferror%2F404%3Fec%3D404%26404%3Bhttps%3A%2F%2Fte.tournamentsoftware.com%3A443%2Fsport%2Facceptance.aspx%3Fid%3D72B85BEB-F56D-48F3-AA67-88C1F293C970",
          "text": "Log In"
        },
        {
          "url": "https://te.tournamentsoftware.com/user?returnUrl=%2Ferror%2F404%3Fec%3D404%26404%3Bhttps%3A%2F%2Fte.tournamentsoftware.com%3A443%2Fsport%2Facceptance.aspx%3Fid%3D72B85BEB-F56D-48F3-AA67-88C1F293C970",
          "text": "Log In"
        },
        {
          "url": "https://te.tournamentsoftware.com/find/player",
          "text": "Players"
        },
        {
          "url": "https://te.tournamentsoftware.com/user/Signup?ReturnUrl=%2Ferror%2F404%3Fec%3D404%26404%3Bhttps%3A%2F%2Fte.tournamentsoftware.com%3A443%2Fsport%2Facceptance.aspx%3Fid%3D72B85BEB-F56D-48F3-AA67-88C1F293C970",
          "text": "Sign up"
        },
        {
          "url": "https://te.tournamentsoftware.com/user?ReturnUrl=%2Ferror%2F404%3Fec%3D404%26404%3Bhttps%3A%2F%2Fte.tournamentsoftware.com%3A443%2Fsport%2Facceptance.aspx%3Fid%3D72B85BEB-F56D-48F3-AA67-88C1F293C970",
          "text": "Log in"
        },
        {
          "url": "https://te.tournamentsoftware.com/cookiewall?ReturnUrl=%2Ferror%2F404%3Fec%3D404%26404%3Bhttps%3A%2F%2Fte.tournamentsoftware.com%3A443%2Fsport%2Facceptance.aspx%3Fid%3D72B85BEB-F56D-48F3-AA67-88C1F293C970",
          "text": "Cookies"
        },
        {
          "url": "https://te.tournamentsoftware.com/sport/acceptance.aspx?id=72B85BEB-F56D-48F3-AA67-88C1F293C970#0",
          "text": ""
        }
      ],
      "hints": [
        "acceptance"
      ]
    },
    {
      "url": "https://te.tournamentsoftware.com/sport/players.aspx?id=72B85BEB-F56D-48F3-AA67-88C1F293C970",
      "status": 302,
      "title": "Object moved",
      "length": 182,
      "text": "Object moved Object moved to here .",
      "links": [
        {
          "url": "https://te.tournamentsoftware.com/sport/tournament/players?id=72B85BEB-F56D-48F3-AA67-88C1F293C970",
          "text": "here"
        }
      ],
      "hints": [
        "/sport/tournament/players?id=72B85BEB-F56D-48F3-AA67-88C1F293C970"
      ]
    },
    {
      "url": "https://te.tournamentsoftware.com/sport/entrylist.aspx?id=72B85BEB-F56D-48F3-AA67-88C1F293C970",
      "status": 200,
      "title": "Tennis Europe",
      "length": 20172,
      "text": "Tennis Europe Menu Tennis Europe Back to Tennis Europe Home Tournaments Players Ranking Menu Tennis Europe Search Search Please fill in at least 3 characters Log In Menu Tennis Europe Log In Page: https://te.tournamentsoftware.com/sport/entrylist.aspx?id=72B85BEB-F56D-48F3-AA67-88C1F293C970 Message: This overview is not available for this tournament. Back Partners Account Sign up Log in Contact Contact us Help Centre Social media Home See what's new Cookies",
      "links": [
        {
          "url": "https://te.tournamentsoftware.com/find/player",
          "text": "Players"
        },
        {
          "url": "https://te.tournamentsoftware.com/user?returnUrl=%2Fsport%2Fentrylist.aspx%3Fid%3D72B85BEB-F56D-48F3-AA67-88C1F293C970",
          "text": "Log In"
        },
        {
          "url": "https://te.tournamentsoftware.com/sport/entrylist.aspx?id=72B85BEB-F56D-48F3-AA67-88C1F293C970#",
          "text": "Tennis Europe"
        },
        {
          "url": "https://te.tournamentsoftware.com/user?returnUrl=%2Fsport%2Fentrylist.aspx%3Fid%3D72B85BEB-F56D-48F3-AA67-88C1F293C970",
          "text": "Log In"
        },
        {
          "url": "https://te.tournamentsoftware.com/sport/entrylist.aspx?id=72B85BEB-F56D-48F3-AA67-88C1F293C970",
          "text": "https://te.tournamentsoftware.com/sport/entrylist.aspx?id=72B85BEB-F56D-48F3-AA67-88C1F293C970"
        },
        {
          "url": "https://te.tournamentsoftware.com/user/Signup?ReturnUrl=%2Fsport%2Fentrylist.aspx%3Fid%3D72B85BEB-F56D-48F3-AA67-88C1F293C970",
          "text": "Sign up"
        },
        {
          "url": "https://te.tournamentsoftware.com/user?ReturnUrl=%2Fsport%2Fentrylist.aspx%3Fid%3D72B85BEB-F56D-48F3-AA67-88C1F293C970",
          "text": "Log in"
        },
        {
          "url": "https://te.tournamentsoftware.com/cookiewall?ReturnUrl=%2Fsport%2Fentrylist.aspx%3Fid%3D72B85BEB-F56D-48F3-AA67-88C1F293C970",
          "text": "Cookies"
        }
      ],
      "hints": [
        "entrylist",
        "/sport/entrylist.aspx?id=72B85BEB-F56D-48F3-AA67-88C1F293C970"
      ]
    },
    {
      "url": "https://te.tournamentsoftware.com/sport/entries.aspx?id=72B85BEB-F56D-48F3-AA67-88C1F293C970",
      "status": 200,
      "title": "Tennis Europe",
      "length": 22814,
      "text": "Tennis Europe Menu Tennis Europe Back to Tennis Europe Home Tournaments Players Ranking Menu Tennis Europe Search Search Please fill in at least 3 characters Log In Menu Log In 404 - Page not found We can't seem to find the page you are looking for. Try one of the following links: Home Tournaments Players Ranking Partners Account Sign up Log in Contact Contact us Help Centre Social media Home See what's new Cookies",
      "links": [
        {
          "url": "https://te.tournamentsoftware.com/find/player",
          "text": "Players"
        },
        {
          "url": "https://te.tournamentsoftware.com/find/player",
          "text": "Players"
        }
      ],
      "hints": []
    }
  ]
}
teEntryListDiagnosticExit=0
