startedAt=2026-08-13T16:07:53Z
sourceSha=54b41172592feb4984f9f027c18608f87a85f9c2
runId=31719084142
province=10
{
  "version": "cw-v3-fitp-province-shard",
  "generatedAt": "2026-08-13T16:07:53.058Z",
  "status": "fitp_province_shard_complete",
  "provinceId": "10",
  "source": "One visible GitHub Actions shard per FITP province. Each province shard runs rotating logical windows with 21-day overlap except first historical window; saturated branches auto-split.",
  "coverageFrom": "2025-12-18",
  "coverageUntil": "2028-08-12",
  "branches": 8,
  "queries": 8,
  "tournamentsFound": 0,
  "unresolvedSaturations": 0,
  "regression": {
    "feniceBresciaLomb370": false,
    "rossoniKinderImperia": false,
    "navaKinderMilano3": false
  },
  "errors": []
}
exitCode=0
finishedAt=2026-08-13T16:07:54Z
