startedAt=2026-08-14T20:07:12Z
sourceSha=cf9de92bcf81279c47039cc588a608193d5d2fc3
runId=31836393595
province=8
{
  "version": "cw-v3-fitp-province-shard",
  "generatedAt": "2026-08-14T20:07:12.071Z",
  "status": "fitp_province_shard_with_unresolved_saturations",
  "provinceId": "8",
  "source": "One visible GitHub Actions shard per FITP province. Each province shard runs rotating logical windows with 21-day overlap except first historical window; saturated branches auto-split.",
  "coverageFrom": "2025-12-18",
  "coverageUntil": "2028-08-13",
  "branches": 48,
  "queries": 48,
  "tournamentsFound": 38,
  "unresolvedSaturations": 19,
  "regression": {
    "feniceBresciaLomb370": false,
    "rossoniKinderImperia": true,
    "navaKinderMilano3": false
  },
  "errors": []
}
exitCode=2
finishedAt=2026-08-14T20:07:17Z
