startedAt=2026-08-15T09:45:19Z
sourceSha=c23bc307df61fa2ad36c0eceecf7d23c6a798457
runId=31877752174
province=58
{
  "version": "cw-v3-fitp-province-shard",
  "generatedAt": "2026-08-15T09:45:19.063Z",
  "status": "fitp_province_shard_complete",
  "provinceId": "58",
  "source": "One visible GitHub Actions shard per FITP province. Each province shard runs rotating logical windows with 21-day overlap except first historical window; saturated branches auto-split.",
  "coverageFrom": "2025-12-18",
  "coverageUntil": "2028-08-14",
  "branches": 8,
  "queries": 8,
  "tournamentsFound": 0,
  "unresolvedSaturations": 0,
  "regression": {
    "feniceBresciaLomb370": false,
    "rossoniKinderImperia": false,
    "navaKinderMilano3": false
  },
  "errors": []
}
exitCode=0
finishedAt=2026-08-15T09:45:20Z
