startedAt=2026-08-14T22:55:14Z
sourceSha=f90333f232aa2f9103053c53074ad55fbe5528bc
runId=31848379138
province=46
{
  "version": "cw-v3-fitp-province-shard",
  "generatedAt": "2026-08-14T22:55:14.922Z",
  "status": "fitp_province_shard_with_unresolved_saturations",
  "provinceId": "46",
  "source": "One visible GitHub Actions shard per FITP province. Each province shard runs rotating logical windows with 21-day overlap except first historical window; saturated branches auto-split.",
  "coverageFrom": "2025-12-18",
  "coverageUntil": "2028-08-13",
  "branches": 62,
  "queries": 62,
  "tournamentsFound": 28,
  "unresolvedSaturations": 24,
  "regression": {
    "feniceBresciaLomb370": false,
    "rossoniKinderImperia": false,
    "navaKinderMilano3": false
  },
  "errors": []
}
exitCode=2
finishedAt=2026-08-14T22:55:33Z
