{
  "generatedAt": "2026-08-08T13:28:18.230Z",
  "status": "fitp_live_entry_endpoint_probe_complete",
  "competitionsTested": 12,
  "endpointsTested": 13,
  "calls": 780,
  "usefulResponses": 0,
  "competitionIds": [
    "DBC7D7E7-7C5E-4A2A-A003-26E33EAE21C3",
    "ECF62DBC-5BF4-41D3-9C90-129F91EFCCF3",
    "FBF882B1-C390-48F7-BFDC-3035598B1442",
    "7748C8CC-CA4C-47A0-983C-0AB6D5E83BAA",
    "D54883DD-FD55-441B-969A-B07878030F1A",
    "3877FF68-5EEB-473A-B309-5E38C8050A0F",
    "0FE452F5-3ABB-402E-9433-6C7140158E4C",
    "0A1CCD62-FFA9-4F83-9E2F-E8F4DC72F8C4",
    "B9516A9A-7BD3-4933-9CEB-AB1D77ACA93A",
    "78A9480B-5377-4131-8208-A5CA238CBB07",
    "7C9CA85A-81FC-4E05-9C63-FD3A46A635BB",
    "0F81DE2F-2DC0-4AC5-B1A3-FB44EC98EDC5"
  ],
  "useful": []
}
