{
  "generatedAt": "2026-08-10T21:20:27.660Z",
  "pages": [
    {
      "url": "https://te.tournamentsoftware.com/",
      "status": 200,
      "title": "Tennis Europe",
      "length": 14087,
      "signals": {
        "hasTournament": true,
        "hasSportTournament": false,
        "hasNextData": false,
        "hasCookie": true
      },
      "links": [
        {
          "url": "https://te.tournamentsoftware.com/support/privacy",
          "text": "Privacy Statement"
        },
        {
          "url": "https://te.tournamentsoftware.com/cookiewall/ViewAdProviders",
          "text": "View ad technology providers"
        },
        {
          "url": "https://te.tournamentsoftware.com/#removecookies-tips",
          "text": "More"
        }
      ],
      "apiHints": [
        "tournamentsoftware",
        "tournaments",
        "https://adssettings.google.com",
        "https://support.google.com/chrome/answer/95647?hl=en",
        "https://support.apple.com/kb/index?q=cookies&src=globalnav_support&type=organic&page=search&locale=en_US",
        "https://support.mozilla.org/en-US/kb/delete-cookies-remove-info-websites-stored",
        "https://support.microsoft.com/en-us/search?query=clear%20cookies"
      ]
    },
    {
      "url": "https://te.tournamentsoftware.com/tournaments",
      "status": 200,
      "title": "Tennis Europe",
      "length": 14099,
      "signals": {
        "hasTournament": true,
        "hasSportTournament": false,
        "hasNextData": false,
        "hasCookie": true
      },
      "links": [
        {
          "url": "https://te.tournamentsoftware.com/support/privacy",
          "text": "Privacy Statement"
        },
        {
          "url": "https://te.tournamentsoftware.com/cookiewall/ViewAdProviders",
          "text": "View ad technology providers"
        },
        {
          "url": "https://te.tournamentsoftware.com/tournaments#removecookies-tips",
          "text": "More"
        }
      ],
      "apiHints": [
        "tournamentsoftware",
        "tournaments",
        "https://adssettings.google.com",
        "https://support.google.com/chrome/answer/95647?hl=en",
        "https://support.apple.com/kb/index?q=cookies&src=globalnav_support&type=organic&page=search&locale=en_US",
        "https://support.mozilla.org/en-US/kb/delete-cookies-remove-info-websites-stored",
        "https://support.microsoft.com/en-us/search?query=clear%20cookies"
      ]
    },
    {
      "url": "https://te.tournamentsoftware.com/tournaments?from=2025-12-18",
      "status": 200,
      "title": "Tennis Europe",
      "length": 14115,
      "signals": {
        "hasTournament": true,
        "hasSportTournament": false,
        "hasNextData": false,
        "hasCookie": true
      },
      "links": [
        {
          "url": "https://te.tournamentsoftware.com/support/privacy",
          "text": "Privacy Statement"
        },
        {
          "url": "https://te.tournamentsoftware.com/cookiewall/ViewAdProviders",
          "text": "View ad technology providers"
        },
        {
          "url": "https://te.tournamentsoftware.com/tournaments?from=2025-12-18#removecookies-tips",
          "text": "More"
        }
      ],
      "apiHints": [
        "tournamentsoftware",
        "tournaments",
        "https://adssettings.google.com",
        "https://support.google.com/chrome/answer/95647?hl=en",
        "https://support.apple.com/kb/index?q=cookies&src=globalnav_support&type=organic&page=search&locale=en_US",
        "https://support.mozilla.org/en-US/kb/delete-cookies-remove-info-websites-stored",
        "https://support.microsoft.com/en-us/search?query=clear%20cookies"
      ]
    },
    {
      "url": "https://te.tournamentsoftware.com/sport/tournaments.aspx",
      "status": 200,
      "title": "Tennis Europe",
      "length": 14173,
      "signals": {
        "hasTournament": true,
        "hasSportTournament": true,
        "hasNextData": false,
        "hasCookie": true
      },
      "links": [
        {
          "url": "https://te.tournamentsoftware.com/support/privacy",
          "text": "Privacy Statement"
        },
        {
          "url": "https://te.tournamentsoftware.com/cookiewall/ViewAdProviders",
          "text": "View ad technology providers"
        },
        {
          "url": "https://te.tournamentsoftware.com/sport/tournaments.aspx#removecookies-tips",
          "text": "More"
        }
      ],
      "apiHints": [
        "tournamentsoftware",
        "tournaments",
        "https://te.tournamentsoftware.com:443/sport/tournaments.aspx",
        "https://adssettings.google.com",
        "https://support.google.com/chrome/answer/95647?hl=en",
        "https://support.apple.com/kb/index?q=cookies&src=globalnav_support&type=organic&page=search&locale=en_US",
        "https://support.mozilla.org/en-US/kb/delete-cookies-remove-info-websites-stored",
        "https://support.microsoft.com/en-us/search?query=clear%20cookies"
      ]
    },
    {
      "url": "https://te.tournamentsoftware.com/sport/tournaments.aspx?from=2025-12-18",
      "status": 200,
      "title": "Tennis Europe",
      "length": 14189,
      "signals": {
        "hasTournament": true,
        "hasSportTournament": true,
        "hasNextData": false,
        "hasCookie": true
      },
      "links": [
        {
          "url": "https://te.tournamentsoftware.com/support/privacy",
          "text": "Privacy Statement"
        },
        {
          "url": "https://te.tournamentsoftware.com/cookiewall/ViewAdProviders",
          "text": "View ad technology providers"
        },
        {
          "url": "https://te.tournamentsoftware.com/sport/tournaments.aspx?from=2025-12-18#removecookies-tips",
          "text": "More"
        }
      ],
      "apiHints": [
        "tournamentsoftware",
        "tournaments",
        "https://te.tournamentsoftware.com:443/sport/tournaments.aspx?from=2025-12-18",
        "https://adssettings.google.com",
        "https://support.google.com/chrome/answer/95647?hl=en",
        "https://support.apple.com/kb/index?q=cookies&src=globalnav_support&type=organic&page=search&locale=en_US",
        "https://support.mozilla.org/en-US/kb/delete-cookies-remove-info-websites-stored",
        "https://support.microsoft.com/en-us/search?query=clear%20cookies"
      ]
    },
    {
      "url": "https://te.tournamentsoftware.com/tournamentcalendar",
      "status": 200,
      "title": "Tennis Europe",
      "length": 14106,
      "signals": {
        "hasTournament": true,
        "hasSportTournament": false,
        "hasNextData": false,
        "hasCookie": true
      },
      "links": [
        {
          "url": "https://te.tournamentsoftware.com/support/privacy",
          "text": "Privacy Statement"
        },
        {
          "url": "https://te.tournamentsoftware.com/cookiewall/ViewAdProviders",
          "text": "View ad technology providers"
        },
        {
          "url": "https://te.tournamentsoftware.com/tournamentcalendar#removecookies-tips",
          "text": "More"
        }
      ],
      "apiHints": [
        "tournamentsoftware",
        "tournaments",
        "tournamentcalendar",
        "https://adssettings.google.com",
        "https://support.google.com/chrome/answer/95647?hl=en",
        "https://support.apple.com/kb/index?q=cookies&src=globalnav_support&type=organic&page=search&locale=en_US",
        "https://support.mozilla.org/en-US/kb/delete-cookies-remove-info-websites-stored",
        "https://support.microsoft.com/en-us/search?query=clear%20cookies"
      ]
    },
    {
      "url": "https://www.tenniseurope.org/page/16383/Tournament-calendar",
      "status": 200,
      "title": "Tennis Europe",
      "length": 10569,
      "signals": {
        "hasTournament": true,
        "hasSportTournament": false,
        "hasNextData": false,
        "hasCookie": true
      },
      "links": [
        {
          "url": "https://www.tenniseurope.org/page/16383/Tournament-calendar#js-removecookies-hint",
          "text": "&raquo; Read more"
        }
      ],
      "apiHints": [
        "tournamentsoftware",
        "https://www.googletagmanager.com/gtag/js?id=G-B0TEVJ6L9M",
        "calendar",
        "https://support.google.com/chrome/answer/95647?hl=en",
        "https://support.microsoft.com/en-us/search?query=clear%20cookies",
        "https://support.mozilla.org/en-US/kb/delete-cookies-remove-info-websites-stored",
        "https://windows.microsoft.com/en-us/internet-explorer/delete-manage-cookies",
        "https://www.apple.com/support/mac-apps/safari/",
        "http://www.opera.com/help/tutorials/security/privacy/"
      ]
    },
    {
      "url": "https://www.tenniseurope.org/page/16452/Tournament-calendar",
      "status": 200,
      "title": "Tennis Europe",
      "length": 10569,
      "signals": {
        "hasTournament": true,
        "hasSportTournament": false,
        "hasNextData": false,
        "hasCookie": true
      },
      "links": [
        {
          "url": "https://www.tenniseurope.org/page/16452/Tournament-calendar#js-removecookies-hint",
          "text": "&raquo; Read more"
        }
      ],
      "apiHints": [
        "tournamentsoftware",
        "https://www.googletagmanager.com/gtag/js?id=G-B0TEVJ6L9M",
        "calendar",
        "https://support.google.com/chrome/answer/95647?hl=en",
        "https://support.microsoft.com/en-us/search?query=clear%20cookies",
        "https://support.mozilla.org/en-US/kb/delete-cookies-remove-info-websites-stored",
        "https://windows.microsoft.com/en-us/internet-explorer/delete-manage-cookies",
        "https://www.apple.com/support/mac-apps/safari/",
        "http://www.opera.com/help/tutorials/security/privacy/"
      ]
    },
    {
      "url": "https://www.tenniseurope.org/page/16356/Tournaments",
      "status": 200,
      "title": "Tennis Europe",
      "length": 10561,
      "signals": {
        "hasTournament": true,
        "hasSportTournament": false,
        "hasNextData": false,
        "hasCookie": true
      },
      "links": [
        {
          "url": "https://www.tenniseurope.org/page/16356/Tournaments#js-removecookies-hint",
          "text": "&raquo; Read more"
        }
      ],
      "apiHints": [
        "tournamentsoftware",
        "https://www.googletagmanager.com/gtag/js?id=G-B0TEVJ6L9M",
        "Tournaments",
        "https://support.google.com/chrome/answer/95647?hl=en",
        "https://support.microsoft.com/en-us/search?query=clear%20cookies",
        "https://support.mozilla.org/en-US/kb/delete-cookies-remove-info-websites-stored",
        "https://windows.microsoft.com/en-us/internet-explorer/delete-manage-cookies",
        "https://www.apple.com/support/mac-apps/safari/",
        "http://www.opera.com/help/tutorials/security/privacy/"
      ]
    },
    {
      "url": "https://www.tournamentsoftware.com/",
      "status": 200,
      "title": "Tournamentsoftware.com",
      "length": 15792,
      "signals": {
        "hasTournament": true,
        "hasSportTournament": false,
        "hasNextData": false,
        "hasCookie": true
      },
      "links": [
        {
          "url": "https://www.tournamentsoftware.com/support/privacy",
          "text": "Privacy Statement"
        },
        {
          "url": "https://www.tournamentsoftware.com/cookiewall/ViewAdProviders",
          "text": "View ad technology providers"
        },
        {
          "url": "https://www.tournamentsoftware.com/#removecookies-tips",
          "text": "More"
        }
      ],
      "apiHints": [
        "Tournamentsoftware",
        "tournamentsoftware",
        "tournaments",
        "https://adssettings.google.com",
        "https://support.google.com/chrome/answer/95647?hl=en",
        "https://support.apple.com/kb/index?q=cookies&src=globalnav_support&type=organic&page=search&locale=en_US",
        "https://support.mozilla.org/en-US/kb/delete-cookies-remove-info-websites-stored",
        "https://support.microsoft.com/en-us/search?query=clear%20cookies"
      ]
    },
    {
      "url": "https://www.tournamentsoftware.com/sport/tournaments.aspx",
      "status": 200,
      "title": "Tournamentsoftware.com",
      "length": 16489,
      "signals": {
        "hasTournament": true,
        "hasSportTournament": true,
        "hasNextData": false,
        "hasCookie": true
      },
      "links": [
        {
          "url": "https://www.tournamentsoftware.com/support/privacy",
          "text": "Privacy Statement"
        },
        {
          "url": "https://www.tournamentsoftware.com/cookiewall/ViewAdProviders",
          "text": "View ad technology providers"
        },
        {
          "url": "https://www.tournamentsoftware.com/sport/tournaments.aspx#removecookies-tips",
          "text": "More"
        }
      ],
      "apiHints": [
        "Tournamentsoftware",
        "tournamentsoftware",
        "tournaments",
        "https://www.tournamentsoftware.com:443/sport/tournaments.aspx",
        "https://adssettings.google.com",
        "https://support.google.com/chrome/answer/95647?hl=en",
        "https://support.apple.com/kb/index?q=cookies&src=globalnav_support&type=organic&page=search&locale=en_US",
        "https://support.mozilla.org/en-US/kb/delete-cookies-remove-info-websites-stored",
        "https://support.microsoft.com/en-us/search?query=clear%20cookies"
      ]
    },
    {
      "url": "https://e.tournamentsoftware.com/",
      "status": 404,
      "title": "",
      "length": 0,
      "signals": {
        "hasTournament": false,
        "hasSportTournament": false,
        "hasNextData": false,
        "hasCookie": false
      },
      "links": [],
      "apiHints": []
    },
    {
      "url": "https://e.tournamentsoftware.com/tournaments",
      "status": 404,
      "title": "",
      "length": 0,
      "signals": {
        "hasTournament": false,
        "hasSportTournament": false,
        "hasNextData": false,
        "hasCookie": false
      },
      "links": [],
      "apiHints": []
    },
    {
      "url": "https://e.tournamentsoftware.com/sport/tournaments.aspx",
      "status": 404,
      "title": "",
      "length": 0,
      "signals": {
        "hasTournament": false,
        "hasSportTournament": false,
        "hasNextData": false,
        "hasCookie": false
      },
      "links": [],
      "apiHints": []
    }
  ],
  "scriptDetails": [
    {
      "url": "https://static.tournamentsoftware.com/Content/scripts/dist/jquery-bundle.js?v=20240430121200",
      "status": 200,
      "length": 120652,
      "hints": []
    },
    {
      "url": "https://static.tournamentsoftware.com/Content/scripts/dist/vendor-bundle.js?v=20240430121200",
      "status": 200,
      "length": 216716,
      "hints": [
        "calendar",
        "http://momentjs.com/guides/#/warnings/define-locale/",
        "http://momentjs.com/guides/#/warnings/js-date/",
        "http://momentjs.com/guides/#/warnings/min-max/",
        "http://momentjs.com/guides/#/warnings/add-inverted-param/",
        "http://momentjs.com/guides/#/warnings/zone/",
        "http://momentjs.com/guides/#/warnings/dst-shifted/"
      ]
    },
    {
      "url": "https://static.tournamentsoftware.com/Content/scripts/dist/functions-bundle.js?v=20260609095358",
      "status": 200,
      "length": 75812,
      "hints": [
        "http://www.w3.org/2000/svg",
        "tournamentsoftware",
        "https://platform.twitter.com/widgets.js",
        "https://pagead2.googlesyndication.com/pagead/js/adsbygoogle.js",
        "/api/UserListAPI/ToggleUserListItem",
        "https://ads.tournamentsoftware.com/api/bannerapi/html?websitezone="
      ]
    },
    {
      "url": "https://static.tournamentsoftware.com/Content/scripts/dist/jquery-bundle.js?v=20240430121200",
      "status": 200,
      "length": 120652,
      "hints": []
    },
    {
      "url": "https://static.tournamentsoftware.com/Content/scripts/dist/vendor-bundle.js?v=20240430121200",
      "status": 200,
      "length": 216716,
      "hints": [
        "calendar",
        "http://momentjs.com/guides/#/warnings/define-locale/",
        "http://momentjs.com/guides/#/warnings/js-date/",
        "http://momentjs.com/guides/#/warnings/min-max/",
        "http://momentjs.com/guides/#/warnings/add-inverted-param/",
        "http://momentjs.com/guides/#/warnings/zone/",
        "http://momentjs.com/guides/#/warnings/dst-shifted/"
      ]
    },
    {
      "url": "https://static.tournamentsoftware.com/Content/scripts/dist/functions-bundle.js?v=20260609095358",
      "status": 200,
      "length": 75812,
      "hints": [
        "http://www.w3.org/2000/svg",
        "tournamentsoftware",
        "https://platform.twitter.com/widgets.js",
        "https://pagead2.googlesyndication.com/pagead/js/adsbygoogle.js",
        "/api/UserListAPI/ToggleUserListItem",
        "https://ads.tournamentsoftware.com/api/bannerapi/html?websitezone="
      ]
    },
    {
      "url": "https://static.tournamentsoftware.com/Content/scripts/dist/jquery-bundle.js?v=20240430121200",
      "status": 200,
      "length": 120652,
      "hints": []
    },
    {
      "url": "https://static.tournamentsoftware.com/Content/scripts/dist/vendor-bundle.js?v=20240430121200",
      "status": 200,
      "length": 216716,
      "hints": [
        "calendar",
        "http://momentjs.com/guides/#/warnings/define-locale/",
        "http://momentjs.com/guides/#/warnings/js-date/",
        "http://momentjs.com/guides/#/warnings/min-max/",
        "http://momentjs.com/guides/#/warnings/add-inverted-param/",
        "http://momentjs.com/guides/#/warnings/zone/",
        "http://momentjs.com/guides/#/warnings/dst-shifted/"
      ]
    },
    {
      "url": "https://static.tournamentsoftware.com/Content/scripts/dist/functions-bundle.js?v=20260609095358",
      "status": 200,
      "length": 75812,
      "hints": [
        "http://www.w3.org/2000/svg",
        "tournamentsoftware",
        "https://platform.twitter.com/widgets.js",
        "https://pagead2.googlesyndication.com/pagead/js/adsbygoogle.js",
        "/api/UserListAPI/ToggleUserListItem",
        "https://ads.tournamentsoftware.com/api/bannerapi/html?websitezone="
      ]
    },
    {
      "url": "https://static.tournamentsoftware.com/Content/scripts/dist/jquery-bundle.js?v=20240430121200",
      "status": 200,
      "length": 120652,
      "hints": []
    },
    {
      "url": "https://static.tournamentsoftware.com/Content/scripts/dist/vendor-bundle.js?v=20240430121200",
      "status": 200,
      "length": 216716,
      "hints": [
        "calendar",
        "http://momentjs.com/guides/#/warnings/define-locale/",
        "http://momentjs.com/guides/#/warnings/js-date/",
        "http://momentjs.com/guides/#/warnings/min-max/",
        "http://momentjs.com/guides/#/warnings/add-inverted-param/",
        "http://momentjs.com/guides/#/warnings/zone/",
        "http://momentjs.com/guides/#/warnings/dst-shifted/"
      ]
    },
    {
      "url": "https://static.tournamentsoftware.com/Content/scripts/dist/functions-bundle.js?v=20260609095358",
      "status": 200,
      "length": 75812,
      "hints": [
        "http://www.w3.org/2000/svg",
        "tournamentsoftware",
        "https://platform.twitter.com/widgets.js",
        "https://pagead2.googlesyndication.com/pagead/js/adsbygoogle.js",
        "/api/UserListAPI/ToggleUserListItem",
        "https://ads.tournamentsoftware.com/api/bannerapi/html?websitezone="
      ]
    },
    {
      "url": "https://static.tournamentsoftware.com/Content/scripts/dist/jquery-bundle.js?v=20240430121200",
      "status": 200,
      "length": 120652,
      "hints": []
    },
    {
      "url": "https://static.tournamentsoftware.com/Content/scripts/dist/vendor-bundle.js?v=20240430121200",
      "status": 200,
      "length": 216716,
      "hints": [
        "calendar",
        "http://momentjs.com/guides/#/warnings/define-locale/",
        "http://momentjs.com/guides/#/warnings/js-date/",
        "http://momentjs.com/guides/#/warnings/min-max/",
        "http://momentjs.com/guides/#/warnings/add-inverted-param/",
        "http://momentjs.com/guides/#/warnings/zone/",
        "http://momentjs.com/guides/#/warnings/dst-shifted/"
      ]
    },
    {
      "url": "https://static.tournamentsoftware.com/Content/scripts/dist/functions-bundle.js?v=20260609095358",
      "status": 200,
      "length": 75812,
      "hints": [
        "http://www.w3.org/2000/svg",
        "tournamentsoftware",
        "https://platform.twitter.com/widgets.js",
        "https://pagead2.googlesyndication.com/pagead/js/adsbygoogle.js",
        "/api/UserListAPI/ToggleUserListItem",
        "https://ads.tournamentsoftware.com/api/bannerapi/html?websitezone="
      ]
    },
    {
      "url": "https://static.tournamentsoftware.com/Content/scripts/dist/jquery-bundle.js?v=20240430121200",
      "status": 200,
      "length": 120652,
      "hints": []
    },
    {
      "url": "https://static.tournamentsoftware.com/Content/scripts/dist/vendor-bundle.js?v=20240430121200",
      "status": 200,
      "length": 216716,
      "hints": [
        "calendar",
        "http://momentjs.com/guides/#/warnings/define-locale/",
        "http://momentjs.com/guides/#/warnings/js-date/",
        "http://momentjs.com/guides/#/warnings/min-max/",
        "http://momentjs.com/guides/#/warnings/add-inverted-param/",
        "http://momentjs.com/guides/#/warnings/zone/",
        "http://momentjs.com/guides/#/warnings/dst-shifted/"
      ]
    },
    {
      "url": "https://static.tournamentsoftware.com/Content/scripts/dist/functions-bundle.js?v=20260609095358",
      "status": 200,
      "length": 75812,
      "hints": [
        "http://www.w3.org/2000/svg",
        "tournamentsoftware",
        "https://platform.twitter.com/widgets.js",
        "https://pagead2.googlesyndication.com/pagead/js/adsbygoogle.js",
        "/api/UserListAPI/ToggleUserListItem",
        "https://ads.tournamentsoftware.com/api/bannerapi/html?websitezone="
      ]
    },
    {
      "url": "https://www.googletagmanager.com/gtag/js?id=G-B0TEVJ6L9M",
      "status": 200,
      "length": 468624,
      "hints": [
        "tournamentsoftware",
        "https://adservice.google.com/pagead/regclk",
        "https://cct.google/taggy/agent.js",
        "https://www.google.com",
        "https://www.googleadservices.com",
        "https://pagead2.googlesyndication.com",
        "https://ad.doubleclick.net/activity;",
        "https://ade.googlesyndication.com",
        "https://www.google.com/ccm/geo",
        "https://www.google.com/",
        "https://www.googletagmanager.com/",
        "https://pagead2.googlesyndication.com/pagead/gen_204?id=tcfe",
        "entry",
        "Entry",
        "https://www.youtube.com/iframe_api",
        "https://www.youtube.com",
        "https://m.youtube.com",
        "https://www.googletagmanager.com/static/service_worker/",
        "https://www.googletagmanager.com",
        "https://www.merchant-center-analytics.goog",
        "https://{ga4CollectionSubdomain.}google-analytics.com/g/s/collect",
        "https://{ga4CollectionSubdomain.}analytics.google.com/g/s/collect",
        "https://www.%/ads/ga-audiences?v=1&t=sr&slf_rd=1&_r=4&",
        "https://stats.g.doubleclick.net/g/collect",
        "https://stats.g.doubleclick.net/g/collect?v=2&"
      ]
    },
    {
      "url": "https://static.tournamentsoftware.com/content/scripts/dist/jquery-bundle.js?v=20240430131824",
      "status": 200,
      "length": 120652,
      "hints": []
    },
    {
      "url": "https://static.tournamentsoftware.com/content/scripts/dist/vendor-templated-bundle.js?v=20220607101121",
      "status": 200,
      "length": 27975,
      "hints": []
    },
    {
      "url": "https://www.googletagmanager.com/gtag/js?id=G-B0TEVJ6L9M",
      "status": 200,
      "length": 468624,
      "hints": [
        "tournamentsoftware",
        "https://adservice.google.com/pagead/regclk",
        "https://cct.google/taggy/agent.js",
        "https://www.google.com",
        "https://www.googleadservices.com",
        "https://pagead2.googlesyndication.com",
        "https://ad.doubleclick.net/activity;",
        "https://ade.googlesyndication.com",
        "https://www.google.com/ccm/geo",
        "https://www.google.com/",
        "https://www.googletagmanager.com/",
        "https://pagead2.googlesyndication.com/pagead/gen_204?id=tcfe",
        "entry",
        "Entry",
        "https://www.youtube.com/iframe_api",
        "https://www.youtube.com",
        "https://m.youtube.com",
        "https://www.googletagmanager.com/static/service_worker/",
        "https://www.googletagmanager.com",
        "https://www.merchant-center-analytics.goog",
        "https://{ga4CollectionSubdomain.}google-analytics.com/g/s/collect",
        "https://{ga4CollectionSubdomain.}analytics.google.com/g/s/collect",
        "https://www.%/ads/ga-audiences?v=1&t=sr&slf_rd=1&_r=4&",
        "https://stats.g.doubleclick.net/g/collect",
        "https://stats.g.doubleclick.net/g/collect?v=2&"
      ]
    },
    {
      "url": "https://static.tournamentsoftware.com/content/scripts/dist/jquery-bundle.js?v=20240430131824",
      "status": 200,
      "length": 120652,
      "hints": []
    },
    {
      "url": "https://static.tournamentsoftware.com/content/scripts/dist/vendor-templated-bundle.js?v=20220607101121",
      "status": 200,
      "length": 27975,
      "hints": []
    },
    {
      "url": "https://www.googletagmanager.com/gtag/js?id=G-B0TEVJ6L9M",
      "status": 200,
      "length": 468624,
      "hints": [
        "tournamentsoftware",
        "https://adservice.google.com/pagead/regclk",
        "https://cct.google/taggy/agent.js",
        "https://www.google.com",
        "https://www.googleadservices.com",
        "https://pagead2.googlesyndication.com",
        "https://ad.doubleclick.net/activity;",
        "https://ade.googlesyndication.com",
        "https://www.google.com/ccm/geo",
        "https://www.google.com/",
        "https://www.googletagmanager.com/",
        "https://pagead2.googlesyndication.com/pagead/gen_204?id=tcfe",
        "entry",
        "Entry",
        "https://www.youtube.com/iframe_api",
        "https://www.youtube.com",
        "https://m.youtube.com",
        "https://www.googletagmanager.com/static/service_worker/",
        "https://www.googletagmanager.com",
        "https://www.merchant-center-analytics.goog",
        "https://{ga4CollectionSubdomain.}google-analytics.com/g/s/collect",
        "https://{ga4CollectionSubdomain.}analytics.google.com/g/s/collect",
        "https://www.%/ads/ga-audiences?v=1&t=sr&slf_rd=1&_r=4&",
        "https://stats.g.doubleclick.net/g/collect",
        "https://stats.g.doubleclick.net/g/collect?v=2&"
      ]
    },
    {
      "url": "https://static.tournamentsoftware.com/content/scripts/dist/jquery-bundle.js?v=20240430131824",
      "status": 200,
      "length": 120652,
      "hints": []
    },
    {
      "url": "https://static.tournamentsoftware.com/content/scripts/dist/vendor-templated-bundle.js?v=20220607101121",
      "status": 200,
      "length": 27975,
      "hints": []
    },
    {
      "url": "https://static.tournamentsoftware.com/Content/scripts/dist/jquery-bundle.js?v=20240430121200",
      "status": 200,
      "length": 120652,
      "hints": []
    },
    {
      "url": "https://static.tournamentsoftware.com/Content/scripts/dist/vendor-bundle.js?v=20240430121200",
      "status": 200,
      "length": 216716,
      "hints": [
        "calendar",
        "http://momentjs.com/guides/#/warnings/define-locale/",
        "http://momentjs.com/guides/#/warnings/js-date/",
        "http://momentjs.com/guides/#/warnings/min-max/",
        "http://momentjs.com/guides/#/warnings/add-inverted-param/",
        "http://momentjs.com/guides/#/warnings/zone/",
        "http://momentjs.com/guides/#/warnings/dst-shifted/"
      ]
    },
    {
      "url": "https://static.tournamentsoftware.com/Content/scripts/dist/functions-bundle.js?v=20260609095358",
      "status": 200,
      "length": 75812,
      "hints": [
        "http://www.w3.org/2000/svg",
        "tournamentsoftware",
        "https://platform.twitter.com/widgets.js",
        "https://pagead2.googlesyndication.com/pagead/js/adsbygoogle.js",
        "/api/UserListAPI/ToggleUserListItem",
        "https://ads.tournamentsoftware.com/api/bannerapi/html?websitezone="
      ]
    },
    {
      "url": "https://static.tournamentsoftware.com/Content/scripts/dist/jquery-bundle.js?v=20240430121200",
      "status": 200,
      "length": 120652,
      "hints": []
    },
    {
      "url": "https://static.tournamentsoftware.com/Content/scripts/dist/vendor-bundle.js?v=20240430121200",
      "status": 200,
      "length": 216716,
      "hints": [
        "calendar",
        "http://momentjs.com/guides/#/warnings/define-locale/",
        "http://momentjs.com/guides/#/warnings/js-date/",
        "http://momentjs.com/guides/#/warnings/min-max/",
        "http://momentjs.com/guides/#/warnings/add-inverted-param/",
        "http://momentjs.com/guides/#/warnings/zone/",
        "http://momentjs.com/guides/#/warnings/dst-shifted/"
      ]
    },
    {
      "url": "https://static.tournamentsoftware.com/Content/scripts/dist/functions-bundle.js?v=20260609095358",
      "status": 200,
      "length": 75812,
      "hints": [
        "http://www.w3.org/2000/svg",
        "tournamentsoftware",
        "https://platform.twitter.com/widgets.js",
        "https://pagead2.googlesyndication.com/pagead/js/adsbygoogle.js",
        "/api/UserListAPI/ToggleUserListItem",
        "https://ads.tournamentsoftware.com/api/bannerapi/html?websitezone="
      ]
    }
  ]
}
teTournamentRouteExit=0
