{
  "generatedAt": "2026-08-08T14:26:08.140Z",
  "status": "fitp_subscription_js_logic_extracted_forced",
  "statusCode": 200,
  "bytes": 130869,
  "hitCount": 82,
  "ajaxBlocks": 15,
  "axiosBlocks": 0,
  "firstHits": [
    {
      "needle": "/api/v1/tornei/check/subscription",
      "index": 17649,
      "context": " if (competition.CompetitionDirector.Surname != null) {\r\n          $(\".spn-competition-competitiondirector\").text(\r\n            competition.CompetitionDirector.Name +\r\n              \" \" +\r\n              competition.CompetitionDirector.Surname\r\n          );\r\n        } else {\r\n          $(\".spn-competition-competitiondirector\").text(\"-\");\r\n        }\r\n      } else {\r\n        $(\".spn-competition-competitiondirector\").text(\"\");\r\n      }\r\n\r\n      if (competition.ConclusionIntermediateSection == false) {\r\n        $(\".spn-competition-intermediatesectionconclusion\").text(\"No\");\r\n      } else {\r\n        $(\".spn-competition-intermediatesectionconclusion\").text(\"Si\");\r\n      }\r\n\r\n      $(\".spn-competition-intermediatesectionprizepool\").text(\r\n        competition.IntermediateSectionPrizePool.toLocaleString(\"it\") + \" €\"\r\n      );\r\n\r\n      if (\r\n        competition.CompetitionOfficer != undefined &&\r\n        competition.CompetitionOfficer != null\r\n      ) {\r\n        if (competition.CompetitionOfficer.Surname != null) {\r\n          $(\".spn-competition-competitionofficer\").text(\r\n            competition.CompetitionOfficer.Name +\r\n              \" \" +\r\n              competition.CompetitionOfficer.Surname\r\n          );\r\n        } else {\r\n          $(\".spn-competition-competitionofficer\").text(\"-\");\r\n        }\r\n      } else {\r\n        $(\".spn-competition-competitionofficer\").text(\"\");\r\n      }\r\n\r\n      allTournaments = competition.Tournaments;\r\n      populateTournaments();\r\n      $(\"#div-tournamen"
    },
    {
      "needle": "check/subscription",
      "index": 17664,
      "context": "n.CompetitionDirector.Surname != null) {\r\n          $(\".spn-competition-competitiondirector\").text(\r\n            competition.CompetitionDirector.Name +\r\n              \" \" +\r\n              competition.CompetitionDirector.Surname\r\n          );\r\n        } else {\r\n          $(\".spn-competition-competitiondirector\").text(\"-\");\r\n        }\r\n      } else {\r\n        $(\".spn-competition-competitiondirector\").text(\"\");\r\n      }\r\n\r\n      if (competition.ConclusionIntermediateSection == false) {\r\n        $(\".spn-competition-intermediatesectionconclusion\").text(\"No\");\r\n      } else {\r\n        $(\".spn-competition-intermediatesectionconclusion\").text(\"Si\");\r\n      }\r\n\r\n      $(\".spn-competition-intermediatesectionprizepool\").text(\r\n        competition.IntermediateSectionPrizePool.toLocaleString(\"it\") + \" €\"\r\n      );\r\n\r\n      if (\r\n        competition.CompetitionOfficer != undefined &&\r\n        competition.CompetitionOfficer != null\r\n      ) {\r\n        if (competition.CompetitionOfficer.Surname != null) {\r\n          $(\".spn-competition-competitionofficer\").text(\r\n            competition.CompetitionOfficer.Name +\r\n              \" \" +\r\n              competition.CompetitionOfficer.Surname\r\n          );\r\n        } else {\r\n          $(\".spn-competition-competitionofficer\").text(\"-\");\r\n        }\r\n      } else {\r\n        $(\".spn-competition-competitionofficer\").text(\"\");\r\n      }\r\n\r\n      allTournaments = competition.Tournaments;\r\n      populateTournaments();\r\n      $(\"#div-tournament\").hide();\r\n  "
    },
    {
      "needle": "api/v2/puc/subscribe",
      "index": 35681,
      "context": "CompetitionId);\r\n\t\t\tconsole.log(localStorage.getItem(\"Guid\"));\r\n\t\t\tconsole.log(localStorage.getItem(\"Member\"));\r\n\t\t\tconsole.log(localStorage.getItem(\"Teacher\"));\r\n\t\t\tconsole.log(localStorage.getItem(\"Udg\"));\r\n\t\t\tconsole.log(localStorage.getItem(\"AcceptProfilation\"));\r\n\t\t\tconsole.log(localStorage.getItem(\"Hashkey\"));\r\n\t\t\tconsole.log(ADB2CTOKEN);\r\n\t\t\t*/\r\n\r\n      /*\r\n\t\t\t\r\n\t\t\tVECCHIA FUNCTION CHE PUNTA ALLA V3\r\n            $.ajax({\r\n                url: \"https://dp-fit-prod-function.azurewebsites.net/api/v3/myfit/tournaments/sgat/subscribe\",\r\n                type: \"POST\",\r\n                dataType: \"json\",\r\n\t\t\t\tdata: JSON.stringify({\"tournamentId\" : idTournamentSelected,\"competitionId\" : competition.competitionId,\"guid\" : String(localStorage.getItem(\"Guid\")),\"member\" : String(localStorage.getItem(\"Member\")),\"teacher\" : String(localStorage.getItem(\"Teacher\")),\"udg\" : String(localStorage.getItem(\"Udg\")),\"acceptprofilation\" : String(localStorage.getItem(\"AcceptProfilation\")),\"hashkey\" : String(localStorage.getItem(\"Hashkey\")),\"token\" : String(ADB2CTOKEN), \"tournamentYear\" : tournamentYear, \"tournamentMonth\" : tournamentMonth, \"discipline\": idDisciplina}),\r\n\t\t\t\tcontentType: \"application/json; charset=utf-8\",\r\n                success: function (res) {\r\n\t\t\t\t\tif (res.StatusCode === 200) {\r\n\t\t\t\t\t\t\r\n\t\t\t\t\t\tif(competition.EnablePreferences)\r\n\t\t\t\t\t\t\tshowPopUpSubscriptionSuccessWithPreferences(\"Complimenti!<br> ti sei iscritto al torneo<br>\");\r\n\t\t\t\t\t\telse\r\n\t\t\t\t\t\t\tshowPopUpSubscriptionSuccess("
    },
    {
      "needle": "api/v2/puc/unsubscribe",
      "index": 38901,
      "context": "= false;\r\n      fromApp = localStorage.getItem(\"loggedFromApp\");\r\n      if (\r\n        fromApp != undefined &&\r\n        fromApp != null &&\r\n        fromApp != \"\" &&\r\n        fromApp != 0\r\n      ) {\r\n        app = true;\r\n      }\r\n\r\n      $.ajax({\r\n        url: urlFunctionMyFit + \"/api/v2/puc/subscribe\",\r\n        type: \"POST\",\r\n        dataType: \"json\",\r\n        data: JSON.stringify({\r\n          tournamentId: uidTournamentSelected,\r\n          competitionUid: competition.CompetitionUid,\r\n          guid: localStorage.getItem(\"Guid\"),\r\n          member: localStorage.getItem(\"Member\"),\r\n          teacher: localStorage.getItem(\"Teacher\"),\r\n          udg: localStorage.getItem(\"Udg\"),\r\n          acceptProfilation: localStorage.getItem(\"AcceptProfilation\"),\r\n          hashKey: localStorage.getItem(\"Hashkey\"),\r\n          tournamentYear: tournamentYear,\r\n          tournamentMonth: tournamentMonth,\r\n          discipline: idDisciplina,\r\n          app: app,\r\n          UseSpecialEntry: useSpecialEntry,\r\n        }),\r\n        contentType: \"application/json; charset=utf-8\",\r\n        success: function (res) {\r\n          console.log(\"manageButtonSubscription_V2\", res);\r\n          if (res.StatusCode === 200) {\r\n            if (competition.EnablePreferences)\r\n              showPopUpSubscriptionSuccessWithPreferences(\r\n                \"Complimenti!<br> ti sei iscritto al torneo<br>\"\r\n              );\r\n            else\r\n              showPopUpSubscriptionSuccess(\r\n                \"Complimenti!<br> ti "
    },
    {
      "needle": "subscribedTournaments",
      "index": 15668,
      "context": " $(\".spn-competition-gender span\").text(\"Maschile - Femminile\");\r\n          break;\r\n        case \"M\":\r\n          $(\".spn-competition-gender\").addClass(\"cc-svg-torunament-m\");\r\n          $(\".spn-competition-gender span\").text(\"Maschile\");\r\n          break;\r\n        case \"F\":\r\n          $(\".spn-competition-gender\").addClass(\"cc-svg-torunament-f\");\r\n          $(\".spn-competition-gender span\").text(\"Femminile\");\r\n          break;\r\n      }\r\n\r\n      $(\"a.spn-competition-tennisclub\").attr(\r\n        \"href\",\r\n        \"https://www.fitp.it/Circoli-scuole-e-insegnanti/Circoli/Cerca-circolo?club=\" +\r\n          competition.TennisClub\r\n      );\r\n      $(\".spn-competition-tennisclub\").text(competition.TennisClub);\r\n\r\n      impianti = competition.impianti;\r\n\r\n      indirizzi = impianti\r\n        .map(\r\n          (imp) =>\r\n            imp.Address +\r\n            \", \" +\r\n            imp.Cap +\r\n            \" \" +\r\n            imp.Municipality +\r\n            \" (\" +\r\n            imp.Province +\r\n            \")\"\r\n        )\r\n        .join(\" | \");\r\n\r\n      $(\".spn-competition-address\").text(indirizzi);\r\n\r\n      //$(\".spn-competition-address\").text(competition.Address + \", \" + competition.Cap + \" \" + competition.Municipality + \" (\" + competition.Province + \")\");\r\n\r\n      $(\".spn-competition-datefrom\").text(\r\n        dateFrom.toISOString().replace(/T.*/, \"\").split(\"-\").reverse().join(\"/\")\r\n      );\r\n      $(\".spn-competition-dateto\").text(\r\n        dateTo.toISOString().replace(/T.*/, \"\").split(\"-\").reverse"
    },
    {
      "needle": "subscribedTournaments",
      "index": 27820,
      "context": "spn-tournament-address\").text(indirizzi);\r\n      //$(\"#spn-tournament-address\").text(selectedTournament.Address + \", \" + selectedTournament.Cap + \" \" + selectedTournament.Municipality + \" (\" + selectedTournament.Province + \")\");\r\n      $(\"#spn-tournament-category-age\").text(\r\n        getMultiValueField(selectedTournament.CategoryAge)\r\n      );\r\n      $(\"#spn-tournament-ranking\").text(\r\n        getMultiValueField(selectedTournament.AvailableRankings)\r\n      );\r\n      $(\"#spn-tournament-number-of-participants\").text(\r\n        selectedTournament.NumberOfParticipants\r\n      );\r\n      //$(\"#spn-tournament-fit-share\").text(selectedTournament.FitShare);\r\n      //$(\"#spn-tournament-tennis-club-share\").text(selectedTournament.TennisClubShare);\r\n\r\n      let tennisClubShare = selectedTournament.TennisClubShare;\r\n      let formattedTennisClubShare = tennisClubShare.replace(/\\|/g, \"<br>\");\r\n      $(\"#spn-tournament-tennis-club-share\").html(formattedTennisClubShare);\r\n\r\n      isDouble = selectedTournament.IsDoubleTournament;\r\n    }\r\n\r\n    function getTournamentType(isDouble) {\r\n      if (isDouble) {\r\n        return \"Doppio\";\r\n      }\r\n      return \"Singolare\";\r\n    }\r\n\r\n    function getDateTimeText(utcDateString) {\r\n      var year = utcDateString.substring(0, 4);\r\n      var month = utcDateString.substring(5, 7);\r\n      var day = utcDateString.substring(8, 10);\r\n      var minute = utcDateString.substring(14, 16);\r\n      var hour = utcDateString.substring(11, 13);\r\n      return hour + \":\" + "
    },
    {
      "needle": "puc-sgat-subscriptions",
      "index": 15712,
      "context": "chile - Femminile\");\r\n          break;\r\n        case \"M\":\r\n          $(\".spn-competition-gender\").addClass(\"cc-svg-torunament-m\");\r\n          $(\".spn-competition-gender span\").text(\"Maschile\");\r\n          break;\r\n        case \"F\":\r\n          $(\".spn-competition-gender\").addClass(\"cc-svg-torunament-f\");\r\n          $(\".spn-competition-gender span\").text(\"Femminile\");\r\n          break;\r\n      }\r\n\r\n      $(\"a.spn-competition-tennisclub\").attr(\r\n        \"href\",\r\n        \"https://www.fitp.it/Circoli-scuole-e-insegnanti/Circoli/Cerca-circolo?club=\" +\r\n          competition.TennisClub\r\n      );\r\n      $(\".spn-competition-tennisclub\").text(competition.TennisClub);\r\n\r\n      impianti = competition.impianti;\r\n\r\n      indirizzi = impianti\r\n        .map(\r\n          (imp) =>\r\n            imp.Address +\r\n            \", \" +\r\n            imp.Cap +\r\n            \" \" +\r\n            imp.Municipality +\r\n            \" (\" +\r\n            imp.Province +\r\n            \")\"\r\n        )\r\n        .join(\" | \");\r\n\r\n      $(\".spn-competition-address\").text(indirizzi);\r\n\r\n      //$(\".spn-competition-address\").text(competition.Address + \", \" + competition.Cap + \" \" + competition.Municipality + \" (\" + competition.Province + \")\");\r\n\r\n      $(\".spn-competition-datefrom\").text(\r\n        dateFrom.toISOString().replace(/T.*/, \"\").split(\"-\").reverse().join(\"/\")\r\n      );\r\n      $(\".spn-competition-dateto\").text(\r\n        dateTo.toISOString().replace(/T.*/, \"\").split(\"-\").reverse().join(\"/\")\r\n      );\r\n\r\n      if (competit"
    },
    {
      "needle": "token",
      "index": 5664,
      "context": "ocedere al trattamento dei Suoi dati personali.</p><p>La FIT ha nominato un Data Protection Officer, raggiungibile all'indirizzo sopra indicato e tramite pec a <a href=\\\"mailto:dpo@pec.federtennis.it\\\">dpo@pec.federtennis.it</a>.</p><p>1. <b>Finalità  e base giuridica del trattamento.</b> I dati personali trattati sono i Suoi dati di contatto ed il Suo numero di telefono che verrà  trattato ai fini della corretta iscrizione, partecipazione e svolgimento della gara a cui intende iscriversi. La base giuridica su cui si fonda questo trattamento è l'esecuzione di un contratto di cui Lei è parte.</p><p>2. <b>Periodo di conservazione.</b> Il Titolare del trattamento intende conservare i dati personali per un arco di tempo non superiore a quello necessario per il conseguimento delle finalità  per i quali sono trattati, fino al termine del torneo, fatto salvo il caso in cui sorga la necessità  di mantenerli per adempire ad obblighi di legge, oppure per accertare, esercitare o difendere un diritto in sede giudiziaria ovvero per esigenze storiche o di archivio.</p><p>3. <b>Categorie di destinatari.</b> Il suo numero di telefono ed i dati di contatto potranno essere comunicato ai tecnici di gara e/o al personale preposto al corretto svolgimento del Torneo. Inoltre, potrà  venire a conoscenza dei Suoi dati personali anche il personale dipendente della FIT, purchè precedentemente designato come soggetto che agisce sotto la autorità  del Titolare del trattamento o come amministratore di si"
    },
    {
      "needle": "token",
      "index": 5720,
      "context": " FIT ha nominato un Data Protection Officer, raggiungibile all'indirizzo sopra indicato e tramite pec a <a href=\\\"mailto:dpo@pec.federtennis.it\\\">dpo@pec.federtennis.it</a>.</p><p>1. <b>Finalità  e base giuridica del trattamento.</b> I dati personali trattati sono i Suoi dati di contatto ed il Suo numero di telefono che verrà  trattato ai fini della corretta iscrizione, partecipazione e svolgimento della gara a cui intende iscriversi. La base giuridica su cui si fonda questo trattamento è l'esecuzione di un contratto di cui Lei è parte.</p><p>2. <b>Periodo di conservazione.</b> Il Titolare del trattamento intende conservare i dati personali per un arco di tempo non superiore a quello necessario per il conseguimento delle finalità  per i quali sono trattati, fino al termine del torneo, fatto salvo il caso in cui sorga la necessità  di mantenerli per adempire ad obblighi di legge, oppure per accertare, esercitare o difendere un diritto in sede giudiziaria ovvero per esigenze storiche o di archivio.</p><p>3. <b>Categorie di destinatari.</b> Il suo numero di telefono ed i dati di contatto potranno essere comunicato ai tecnici di gara e/o al personale preposto al corretto svolgimento del Torneo. Inoltre, potrà  venire a conoscenza dei Suoi dati personali anche il personale dipendente della FIT, purchè precedentemente designato come soggetto che agisce sotto la autorità  del Titolare del trattamento o come amministratore di sistema.</p><p>4. <b>Trasferimento verso paesi terzi e Pro"
    },
    {
      "needle": "token",
      "index": 5754,
      "context": "n Officer, raggiungibile all'indirizzo sopra indicato e tramite pec a <a href=\\\"mailto:dpo@pec.federtennis.it\\\">dpo@pec.federtennis.it</a>.</p><p>1. <b>Finalità  e base giuridica del trattamento.</b> I dati personali trattati sono i Suoi dati di contatto ed il Suo numero di telefono che verrà  trattato ai fini della corretta iscrizione, partecipazione e svolgimento della gara a cui intende iscriversi. La base giuridica su cui si fonda questo trattamento è l'esecuzione di un contratto di cui Lei è parte.</p><p>2. <b>Periodo di conservazione.</b> Il Titolare del trattamento intende conservare i dati personali per un arco di tempo non superiore a quello necessario per il conseguimento delle finalità  per i quali sono trattati, fino al termine del torneo, fatto salvo il caso in cui sorga la necessità  di mantenerli per adempire ad obblighi di legge, oppure per accertare, esercitare o difendere un diritto in sede giudiziaria ovvero per esigenze storiche o di archivio.</p><p>3. <b>Categorie di destinatari.</b> Il suo numero di telefono ed i dati di contatto potranno essere comunicato ai tecnici di gara e/o al personale preposto al corretto svolgimento del Torneo. Inoltre, potrà  venire a conoscenza dei Suoi dati personali anche il personale dipendente della FIT, purchè precedentemente designato come soggetto che agisce sotto la autorità  del Titolare del trattamento o come amministratore di sistema.</p><p>4. <b>Trasferimento verso paesi terzi e Processi decisionali automatizzati.</"
    },
    {
      "needle": "token",
      "index": 5783,
      "context": "indirizzo sopra indicato e tramite pec a <a href=\\\"mailto:dpo@pec.federtennis.it\\\">dpo@pec.federtennis.it</a>.</p><p>1. <b>Finalità  e base giuridica del trattamento.</b> I dati personali trattati sono i Suoi dati di contatto ed il Suo numero di telefono che verrà  trattato ai fini della corretta iscrizione, partecipazione e svolgimento della gara a cui intende iscriversi. La base giuridica su cui si fonda questo trattamento è l'esecuzione di un contratto di cui Lei è parte.</p><p>2. <b>Periodo di conservazione.</b> Il Titolare del trattamento intende conservare i dati personali per un arco di tempo non superiore a quello necessario per il conseguimento delle finalità  per i quali sono trattati, fino al termine del torneo, fatto salvo il caso in cui sorga la necessità  di mantenerli per adempire ad obblighi di legge, oppure per accertare, esercitare o difendere un diritto in sede giudiziaria ovvero per esigenze storiche o di archivio.</p><p>3. <b>Categorie di destinatari.</b> Il suo numero di telefono ed i dati di contatto potranno essere comunicato ai tecnici di gara e/o al personale preposto al corretto svolgimento del Torneo. Inoltre, potrà  venire a conoscenza dei Suoi dati personali anche il personale dipendente della FIT, purchè precedentemente designato come soggetto che agisce sotto la autorità  del Titolare del trattamento o come amministratore di sistema.</p><p>4. <b>Trasferimento verso paesi terzi e Processi decisionali automatizzati.</b> I suoi dati non verranno t"
    },
    {
      "needle": "token",
      "index": 5838,
      "context": "to:dpo@pec.federtennis.it\\\">dpo@pec.federtennis.it</a>.</p><p>1. <b>Finalità  e base giuridica del trattamento.</b> I dati personali trattati sono i Suoi dati di contatto ed il Suo numero di telefono che verrà  trattato ai fini della corretta iscrizione, partecipazione e svolgimento della gara a cui intende iscriversi. La base giuridica su cui si fonda questo trattamento è l'esecuzione di un contratto di cui Lei è parte.</p><p>2. <b>Periodo di conservazione.</b> Il Titolare del trattamento intende conservare i dati personali per un arco di tempo non superiore a quello necessario per il conseguimento delle finalità  per i quali sono trattati, fino al termine del torneo, fatto salvo il caso in cui sorga la necessità  di mantenerli per adempire ad obblighi di legge, oppure per accertare, esercitare o difendere un diritto in sede giudiziaria ovvero per esigenze storiche o di archivio.</p><p>3. <b>Categorie di destinatari.</b> Il suo numero di telefono ed i dati di contatto potranno essere comunicato ai tecnici di gara e/o al personale preposto al corretto svolgimento del Torneo. Inoltre, potrà  venire a conoscenza dei Suoi dati personali anche il personale dipendente della FIT, purchè precedentemente designato come soggetto che agisce sotto la autorità  del Titolare del trattamento o come amministratore di sistema.</p><p>4. <b>Trasferimento verso paesi terzi e Processi decisionali automatizzati.</b> I suoi dati non verranno trasferiti fuori dallo Spazio Economico Europeo e non sa"
    }
  ],
  "ajax": [
    {
      "index": 8192,
      "block": "$.ajax({\r\n        //url: '/api/sitecore/Puc/GetSgatCompetitionDetails',\r\n        //url: '/pucsearchdemo/GetSgatCompetitionDetails.txt',\r\n        url: urlFunctionMyFit + \"/api/v3/puc/competizione/dettaglio\",\r\n        type: \"POST\",\r\n        dataType: \"json\",\r\n        async: true,\r\n        data: JSON.stringify({ competitionUid: competitionId })"
    },
    {
      "index": 17606,
      "block": "$.ajax({\r\n        url: urlFunctionMyFit + \"/api/v1/tornei/check/subscription\",\r\n        type: \"POST\",\r\n        dataType: \"json\",\r\n        async: true,\r\n        data: JSON.stringify({\r\n          tournamentUid: uidTournamentSelected,\r\n          guid: localStorage.getItem(\"Guid\"),\r\n          member: localStorage.getItem(\"Member\"),\r\n          teacher: localStorage.getItem(\"Teacher\"),\r\n          udg: localStorage.getItem(\"Udg\"),\r\n          acceptProfilation: localStorage.getItem(\"AcceptProfilation\"),\r\n          hashKey: localStorage.getItem(\"Hashkey\"),\r\n          disciplina: idDisciplina,\r\n          from_Tpra: false,\r\n        })"
    },
    {
      "index": 32604,
      "block": "$.ajax({\r\n                url: \"https://dp-fit-prod-function.azurewebsites.net/api/v3/myfit/tournaments/sgat/subscribe\",\r\n                type: \"POST\",\r\n                dataType: \"json\",\r\n\t\t\t\tdata: JSON.stringify({\"tournamentId\" : idTournamentSelected,\"competitionId\" : competition.competitionId,\"guid\" : String(localStorage.getItem(\"Guid\")),\"member\" : String(localStorage.getItem(\"Member\")),\"teacher\" : String(localStorage.getItem(\"Teacher\")),\"udg\" : String(localStorage.getItem(\"Udg\")),\"acceptprofilation\" : String(localStorage.getItem(\"AcceptProfilation\")),\"hashkey\" : String(localStorage.getItem(\"Hashkey\")),\"token\" : String(ADB2CTOKEN), \"tournamentYear\" : tournamentYear, \"tournamentMonth\" : tournamentMonth, \"discipline\": idDisciplina})"
    },
    {
      "index": 35637,
      "block": "$.ajax({\r\n        url: urlFunctionMyFit + \"/api/v2/puc/subscribe\",\r\n        type: \"POST\",\r\n        dataType: \"json\",\r\n        data: JSON.stringify({\r\n          tournamentId: uidTournamentSelected,\r\n          competitionUid: competition.CompetitionUid,\r\n          guid: localStorage.getItem(\"Guid\"),\r\n          member: localStorage.getItem(\"Member\"),\r\n          teacher: localStorage.getItem(\"Teacher\"),\r\n          udg: localStorage.getItem(\"Udg\"),\r\n          acceptProfilation: localStorage.getItem(\"AcceptProfilation\"),\r\n          hashKey: localStorage.getItem(\"Hashkey\"),\r\n          tournamentYear: tournamentYear,\r\n          tournamentMonth: tournamentMonth,\r\n          discipline: idDisciplina,\r\n          app: app,\r\n          UseSpecialEntry: useSpecialEntry,\r\n        })"
    },
    {
      "index": 38857,
      "block": "$.ajax({\r\n        url: urlFunctionMyFit + \"/api/v2/puc/unsubscribe\",\r\n        type: \"POST\",\r\n        data: JSON.stringify({\r\n          tournamentId: uidTournamentSelected,\r\n          competitionUid: competition.CompetitionUid,\r\n          guid: localStorage.getItem(\"Guid\"),\r\n          member: localStorage.getItem(\"Member\"),\r\n          teacher: localStorage.getItem(\"Teacher\"),\r\n          udg: localStorage.getItem(\"Udg\"),\r\n          acceptProfilation: localStorage.getItem(\"AcceptProfilation\"),\r\n          hashKey: localStorage.getItem(\"Hashkey\"),\r\n          isDouble: isDouble,\r\n          tournamentYear: tournamentYear,\r\n          tournamentMonth: tournamentMonth,\r\n          discipline: idDisciplina,\r\n          app: app,\r\n        })"
    },
    {
      "index": 50975,
      "block": "$.ajax({\r\n        url: urlFunctionMyFit + \"/api/v2/tornei/preferenze/set\",\r\n        type: \"POST\",\r\n        dataType: \"json\",\r\n        data: JSON.stringify({\r\n          guid: String(localStorage.getItem(\"Guid\")),\r\n          member: String(localStorage.getItem(\"Member\")),\r\n          teacher: String(localStorage.getItem(\"Teacher\")),\r\n          udg: String(localStorage.getItem(\"Udg\")),\r\n          acceptProfilation: String(localStorage.getItem(\"AcceptProfilation\")),\r\n          hashKey: String(localStorage.getItem(\"Hashkey\")),\r\n          tournamentId: uidTournamentSelected,\r\n          tournamentYear: tournamentYear,\r\n          tournamentMonth: tournamentMonth,\r\n          discipline: idDisciplina,\r\n          orariDiGioco: jsonObj,\r\n          notes: notes,\r\n        })"
    },
    {
      "index": 53860,
      "block": "$.ajax({\r\n        url: urlFunctionMyFit + \"/api/v2/tornei/preferenze/get\",\r\n        //type: \"GET\",\r\n        //dataType: \"json\",\r\n        //data: \"guid=\" + String(localStorage.getItem(\"Guid\")) + \"&member=\" + String(localStorage.getItem(\"Member\")) + \"&teacher=\" + String(localStorage.getItem(\"Teacher\")) + \"&udg=\" + String(localStorage.getItem(\"Udg\")) + \"&acceptProfilation=\" + String(localStorage.getItem(\"AcceptProfilation\")) + \"&hashKey=\" + String(localStorage.getItem(\"Hashkey\")) + \"&tournamentId=\" + uidTournamentSelected + \"&tournamentYear=\" + String(tournamentYear) + \"&tournamentMonth=\" + String(tournamentMonth) + \"&isDouble=\" + (isDouble === true ? 1 : 0) + \"&discipline=\"  + String(idDisciplina),\r\n        type: \"POST\",\r\n        dataType: \"json\",\r\n        data: JSON.stringify({\r\n          guid: String(localStorage.getItem(\"Guid\")),\r\n          member: String(localStorage.getItem(\"Member\")),\r\n          teacher: String(localStorage.getItem(\"Teacher\")),\r\n          udg: String(localStorage.getItem(\"Udg\")),\r\n          acceptProfilation: String(localStorage.getItem(\"AcceptProfilation\")),\r\n          hashKey: String(localStorage.getItem(\"Hashkey\")),\r\n          tournamentId: uidTournamentSelected,\r\n          tournamentYear: tournamentYear,\r\n          tournamentMonth: tournamentMonth,\r\n          discipline: idDisciplina,\r\n          isDouble: isDouble === true ? 1 : 0,\r\n        })"
    },
    {
      "index": 71019,
      "block": "$.ajax({\r\n          url: urlFunctionMyFit + \"/api/v3/puc/competizione/tabellone\",\r\n          type: \"POST\",\r\n          data: JSON.stringify({\r\n            guid: localStorage.getItem(\"Guid\"),\r\n            tournamentId: encodeURIComponent(section.TournamentId),\r\n            phaseId: encodeURIComponent(section.SectionCode),\r\n            isClosed: isClosed,\r\n          })"
    },
    {
      "index": 78039,
      "block": "$.ajax({\r\n        //url: \"/api/sitecore/Puc/CheckCompetitionGameOrder?competitionId=\" + competitionId,\r\n        //url: \"/Pagine-Puc/CheckCompetitionGameOrder.txt\",\r\n        url: urlFunctionMyFit + \"/api/v3/puc/competizione/ordine-di-gioco/list\",\r\n        type: \"POST\",\r\n        data: JSON.stringify({ competitionId: competitionId })"
    },
    {
      "index": 82207,
      "block": "$.ajax({\r\n        //url: \"/api/sitecore/Puc/CheckCompetitionGameOrder?competitionId=\" + competitionId,\r\n        //url: \"/Pagine-Puc/CheckCompetitionGameOrder.txt\",\r\n        url: urlFunctionMyFit + \"/api/v3/puc/competizione/documenti/list\",\r\n        type: \"POST\",\r\n        data: JSON.stringify({ competitionId: competitionId, guid: null })"
    }
  ]
}
