startedAt=2026-08-15T04:58:07Z
sourceSha=3e4bd1f22665eac24ad25a52ff9604d9f7b887f8
runId=31865707796
province=56
{
  "version": "cw-v3-fitp-province-shard",
  "generatedAt": "2026-08-15T04:58:07.134Z",
  "status": "fitp_province_shard_with_unresolved_saturations",
  "provinceId": "56",
  "source": "One visible GitHub Actions shard per FITP province. Each province shard runs rotating logical windows with 21-day overlap except first historical window; saturated branches auto-split.",
  "coverageFrom": "2025-12-18",
  "coverageUntil": "2028-08-14",
  "branches": 66,
  "queries": 66,
  "tournamentsFound": 51,
  "unresolvedSaturations": 29,
  "regression": {
    "feniceBresciaLomb370": false,
    "rossoniKinderImperia": false,
    "navaKinderMilano3": false
  },
  "errors": []
}
exitCode=2
finishedAt=2026-08-15T04:58:16Z
