startedAt=2026-08-17T02:19:46Z
sourceSha=ab869ba20d9a2599c48c7f1fdd57b0a7bf8333a9
runId=31987645873
{
  "version": "cw-v3-agenda-first",
  "generatedAt": "2026-08-17T02:19:46.497Z",
  "status": "entries_engine_merged_ex_novo_discoveries_with_validated_te_acceptance_lists",
  "coverageFrom": "2025-12-18",
  "checks": {
    "players": 26,
    "tournamentEntries": 438,
    "tournaments": 438,
    "byCircuit": {
      "fitp": 392,
      "tennis-europe": 45,
      "itf": 1
    },
    "warnings": 0,
    "tennisEuropeVisible": 45,
    "tennisEuropeAcceptanceConfirmed": 43,
    "diagnostics": "yellow"
  },
  "engines": {
    "discoverFitp": {
      "status": "fitp_entries_complete_from_versioned_participant_cache"
    },
    "discoverTennisEurope": {
      "status": "tennis_europe_acceptance_complete_draw_parser_v2_applied",
      "calendarMerge": "enabled_for_dated_official_acceptance_list_entries"
    },
    "discoverItf": {
      "status": "complete"
    },
    "entries": {
      "status": "built",
      "file": "src/v3/entries-engine.mjs",
      "method": "merge FITP + validated dated TE acceptance list/profile entries + ITF; no v1/v2/data.json"
    },
    "ordersOfPlay": {
      "status": "active"
    },
    "results": {
      "status": "active"
    }
  },
  "warnings": []
}
entriesMergeOnlyExit=0
finishedAt=2026-08-17T02:19:46Z
