{
  "version": "cw-v3-agenda-first",
  "generatedAt": "2026-08-07T22:38:29.314Z",
  "status": "complete_no_keyword_entry_list_draw_only",
  "source": "ex novo FITP P.U.C. discovery: no keyword search; entries confirmed only by official entry/draw lists; results never used",
  "coverageFrom": "2025-12-18",
  "queries": 247,
  "competitionsListed": 75,
  "competitionsChecked": 75,
  "entriesFound": 1,
  "byPlayer": {
    "camilla-lingeri": 1
  },
  "errors": []
}
fitpExit=0
{
  "version": "cw-v3-agenda-first",
  "generatedAt": "2026-08-07T22:38:36.117Z",
  "status": "seeded_pending_live_tournamentsoftware_scan",
  "source": "ex novo Tennis Europe discovery; no v1/v2/data.json; official profile/tournament seeds only until live scanner is expanded",
  "coverageFrom": "2025-12-18",
  "profiles": 17,
  "entriesFound": 17,
  "errors": []
}
teExit=0
{
  "version": "cw-v3-agenda-first",
  "generatedAt": "2026-08-07T22:38:36.147Z",
  "status": "seeded_pending_live_itf_scan",
  "source": "ex novo ITF discovery; no v1/v2/data.json; official ITF seeds only until live scanner is expanded",
  "coverageFrom": "2025-12-18",
  "profiles": 1,
  "entriesFound": 2,
  "errors": []
}
itfExit=0
{
  "version": "cw-v3-agenda-first",
  "generatedAt": "2026-08-07T22:38:36.175Z",
  "status": "entries_engine_merged_ex_novo_discoveries",
  "coverageFrom": "2025-12-18",
  "checks": {
    "players": 19,
    "tournamentEntries": 19,
    "tournaments": 19,
    "byCircuit": {
      "fitp": 1,
      "tennis-europe": 17,
      "itf": 1
    },
    "warnings": 0
  },
  "engines": {
    "discoverFitp": {
      "status": "complete_no_keyword_entry_list_draw_only"
    },
    "discoverTennisEurope": {
      "status": "seeded_pending_live_tournamentsoftware_scan"
    },
    "discoverItf": {
      "status": "seeded_pending_live_itf_scan"
    },
    "entries": {
      "status": "built",
      "file": "src/v3/entries-engine.mjs",
      "method": "merge dist/v3/source_*_entries.json only; no v1/v2/data.json"
    },
    "ordersOfPlay": {
      "status": "pending"
    },
    "results": {
      "status": "pending"
    }
  },
  "warnings": []
}
entriesExit=0
