startedAt=2026-08-15T11:41:12Z
sourceSha=52c2f3c10509b6cfb7ce188b82565f75ee5c531c
runId=31882666442
{
  "version": "cw-v3-agenda-first",
  "generatedAt": "2026-08-15T11:41:12.471Z",
  "status": "tennis_europe_tournament_discovery_complete",
  "coverageFrom": "2025-12-18",
  "tournamentsFound": 0,
  "tournaments": [],
  "errors": []
}
tennisEuropeTournamentsExit=0
finishedAt=2026-08-15T11:41:18Z
startedAt=2026-08-15T11:41:47Z
sourceSha=52c2f3c10509b6cfb7ce188b82565f75ee5c531c
runId=31882666442
mode=tennis-europe-source-only-no-global-calendar-merge
{
  "version": "cw-v3-agenda-first",
  "generatedAt": "2026-08-15T11:41:47.881Z",
  "status": "tennis_europe_acceptance_complete",
  "source": "Acceptance-list-first engine with strict section tracking from Main/Qualifying/Alternates headers; tracked players in MD/Q/A with live labels; Withdrawn excluded.",
  "coverageFrom": "2025-12-18",
  "tournamentsChecked": 0,
  "entriesFound": 0,
  "byPlayer": {},
  "byAcceptance": {},
  "entries": [],
  "errors": []
}
tennisEuropeAcceptanceExit=0
finishedAt=2026-08-15T11:41:49Z
