{
  "version": "cw-v3-agenda-first",
  "generatedAt": "2026-08-15T15:09:05.548Z",
  "status": "fitp_player_driven_discovery_audit_complete",
  "source": "audit only: tests whether PUC freetext with membership card/name/aliases can discover more candidate tournaments; entries still confirmed only by official detail participants",
  "coverageFrom": "2025-12-18",
  "players": 26,
  "confirmedEntries": 1,
  "playersWithConfirmedEntries": 1,
  "confirmed": [
    {
      "playerId": "manuel-natale",
      "playerName": "Manuel Natale",
      "membershipCard": "9994221422",
      "competitionId": "F6B5B084-E0C0-46F1-B87C-8AB4F591FBC9",
      "tournamentName": "LOMB. 1444  TENNIS CESANO MADERNO - RODEO DI NATALE ATC - Singolare Maschile Under 14",
      "startDate": "2025-12-20",
      "endDate": "2025-12-21",
      "source": "TORNEI FITP",
      "cod_fonte": 1,
      "method": "membership_card",
      "draw": "Singolare Maschile Under 14",
      "participant": "MANUEL NATALE",
      "sourceUrl": "https://www.fitp.it/Tornei/Dettaglio-Competizione?competitionId=F6B5B084-E0C0-46F1-B87C-8AB4F591FBC9"
    }
  ]
}
exitCode=0
