startedAt=2026-08-14T05:13:06Z
sourceSha=69a0e7fb0e7397149f94c6938386dd15b1f3c822
runId=31772281715
province=21
{
  "version": "cw-v3-fitp-province-shard",
  "generatedAt": "2026-08-14T05:13:06.784Z",
  "status": "fitp_province_shard_with_unresolved_saturations",
  "provinceId": "21",
  "source": "One visible GitHub Actions shard per FITP province. Each province shard runs rotating logical windows with 21-day overlap except first historical window; saturated branches auto-split.",
  "coverageFrom": "2025-12-18",
  "coverageUntil": "2028-08-13",
  "branches": 52,
  "queries": 52,
  "tournamentsFound": 84,
  "unresolvedSaturations": 20,
  "regression": {
    "feniceBresciaLomb370": false,
    "rossoniKinderImperia": false,
    "navaKinderMilano3": false
  },
  "errors": []
}
exitCode=2
finishedAt=2026-08-14T05:13:17Z
