startedAt=2026-08-14T21:45:24Z
sourceSha=bf82c0aa10809f1b4139404266b32030c372c0f6
runId=31843684702
province=86
{
  "version": "cw-v3-fitp-province-shard",
  "generatedAt": "2026-08-14T21:45:24.564Z",
  "status": "fitp_province_shard_with_unresolved_saturations",
  "provinceId": "86",
  "source": "One visible GitHub Actions shard per FITP province. Each province shard runs rotating logical windows with 21-day overlap except first historical window; saturated branches auto-split.",
  "coverageFrom": "2025-12-18",
  "coverageUntil": "2028-08-13",
  "branches": 26,
  "queries": 26,
  "tournamentsFound": 9,
  "unresolvedSaturations": 2,
  "regression": {
    "feniceBresciaLomb370": false,
    "rossoniKinderImperia": false,
    "navaKinderMilano3": false
  },
  "errors": []
}
exitCode=2
finishedAt=2026-08-14T21:45:30Z
