startedAt=2026-08-14T23:51:57Z
sourceSha=3ead8bcc47e068e2c855a669496ded018916d05f
runId=31851709712
province=87
{
  "version": "cw-v3-fitp-province-shard",
  "generatedAt": "2026-08-14T23:51:57.724Z",
  "status": "fitp_province_shard_complete",
  "provinceId": "87",
  "source": "One visible GitHub Actions shard per FITP province. Each province shard runs rotating logical windows with 21-day overlap except first historical window; saturated branches auto-split.",
  "coverageFrom": "2025-12-18",
  "coverageUntil": "2028-08-13",
  "branches": 8,
  "queries": 8,
  "tournamentsFound": 0,
  "unresolvedSaturations": 0,
  "regression": {
    "feniceBresciaLomb370": false,
    "rossoniKinderImperia": false,
    "navaKinderMilano3": false
  },
  "errors": []
}
exitCode=0
finishedAt=2026-08-14T23:51:59Z
