startedAt=2026-08-15T13:39:25Z
sourceSha=1df8c6e3277d42a749940177ece1612b45e54883
runId=31887750924
province=53
{
  "version": "cw-v3-fitp-province-shard",
  "generatedAt": "2026-08-15T13:39:25.643Z",
  "status": "fitp_province_shard_with_unresolved_saturations",
  "provinceId": "53",
  "source": "One visible GitHub Actions shard per FITP province. Each province shard runs rotating logical windows with 21-day overlap except first historical window; saturated branches auto-split.",
  "coverageFrom": "2025-12-18",
  "coverageUntil": "2028-08-14",
  "branches": 48,
  "queries": 48,
  "tournamentsFound": 29,
  "unresolvedSaturations": 18,
  "regression": {
    "feniceBresciaLomb370": false,
    "rossoniKinderImperia": false,
    "navaKinderMilano3": false
  },
  "errors": []
}
exitCode=2
finishedAt=2026-08-15T13:39:34Z
