startedAt=2026-08-14T20:07:53Z
sourceSha=cf9de92bcf81279c47039cc588a608193d5d2fc3
runId=31836393595
province=45
{
  "version": "cw-v3-fitp-province-shard",
  "generatedAt": "2026-08-14T20:07:53.390Z",
  "status": "fitp_province_shard_with_unresolved_saturations",
  "provinceId": "45",
  "source": "One visible GitHub Actions shard per FITP province. Each province shard runs rotating logical windows with 21-day overlap except first historical window; saturated branches auto-split.",
  "coverageFrom": "2025-12-18",
  "coverageUntil": "2028-08-13",
  "branches": 60,
  "queries": 60,
  "tournamentsFound": 83,
  "unresolvedSaturations": 26,
  "regression": {
    "feniceBresciaLomb370": false,
    "rossoniKinderImperia": false,
    "navaKinderMilano3": false
  },
  "errors": []
}
exitCode=2
finishedAt=2026-08-14T20:08:02Z
