startedAt=2026-08-15T11:40:28Z
sourceSha=a004ffa1c4efcc1cf781efee4d33eedf9230a7d4
runId=31882606721
province=33
{
  "version": "cw-v3-fitp-province-shard",
  "generatedAt": "2026-08-15T11:40:28.246Z",
  "status": "fitp_province_shard_with_unresolved_saturations",
  "provinceId": "33",
  "source": "One visible GitHub Actions shard per FITP province. Each province shard runs rotating logical windows with 21-day overlap except first historical window; saturated branches auto-split.",
  "coverageFrom": "2025-12-18",
  "coverageUntil": "2028-08-14",
  "branches": 62,
  "queries": 62,
  "tournamentsFound": 45,
  "unresolvedSaturations": 23,
  "regression": {
    "feniceBresciaLomb370": false,
    "rossoniKinderImperia": false,
    "navaKinderMilano3": false
  },
  "errors": []
}
exitCode=2
finishedAt=2026-08-15T11:40:49Z
