startedAt=2026-08-15T07:21:06Z
sourceSha=b42be0b53d271cfd5660feb6ab5ca03057542e05
runId=31871630681
province=94
{
  "version": "cw-v3-fitp-province-shard",
  "generatedAt": "2026-08-15T07:21:06.754Z",
  "status": "fitp_province_shard_complete",
  "provinceId": "94",
  "source": "One visible GitHub Actions shard per FITP province. Each province shard runs rotating logical windows with 21-day overlap except first historical window; saturated branches auto-split.",
  "coverageFrom": "2025-12-18",
  "coverageUntil": "2028-08-14",
  "branches": 8,
  "queries": 8,
  "tournamentsFound": 2,
  "unresolvedSaturations": 0,
  "regression": {
    "feniceBresciaLomb370": false,
    "rossoniKinderImperia": false,
    "navaKinderMilano3": false
  },
  "errors": []
}
exitCode=0
finishedAt=2026-08-15T07:21:09Z
