startedAt=2026-08-15T08:04:56Z
sourceSha=ce08970e3b62529b84c47dbf3e43e6e8d2c5a1ce
runId=31873478335
province=102
{
  "version": "cw-v3-fitp-province-shard",
  "generatedAt": "2026-08-15T08:04:56.802Z",
  "status": "fitp_province_shard_with_unresolved_saturations",
  "provinceId": "102",
  "source": "One visible GitHub Actions shard per FITP province. Each province shard runs rotating logical windows with 21-day overlap except first historical window; saturated branches auto-split.",
  "coverageFrom": "2025-12-18",
  "coverageUntil": "2028-08-14",
  "branches": 28,
  "queries": 28,
  "tournamentsFound": 6,
  "unresolvedSaturations": 4,
  "regression": {
    "feniceBresciaLomb370": false,
    "rossoniKinderImperia": false,
    "navaKinderMilano3": false
  },
  "errors": []
}
exitCode=2
finishedAt=2026-08-15T08:05:02Z
