{
  "generatedAt": "2026-08-12T01:44:58.217Z",
  "players": [
    {
      "player": {
        "id": "anna-gambarini",
        "name": "Anna Gambarini",
        "card": "3876473411"
      },
      "results": [
        {
          "method": "GET",
          "url": "https://dp-fit-prod-function.azurewebsites.net/api/v3/player/sheet/simple?cardNumber=3876473411",
          "status": 404,
          "contentType": null,
          "text": "",
          "json": null
        },
        {
          "method": "GET",
          "url": "https://dp-fit-prod-function.azurewebsites.net/api/v3/player/sheet/simple?cardNumber=Mzg3NjQ3MzQxMQ%3D%3D",
          "status": 404,
          "contentType": null,
          "text": "",
          "json": null
        },
        {
          "method": "POST",
          "url": "https://dp-fit-prod-function.azurewebsites.net/api/v3/player/sheet/simple",
          "body": {
            "cardNumber": "3876473411"
          },
          "status": 200,
          "contentType": "text/plain; charset=utf-8",
          "text": "",
          "json": null
        },
        {
          "method": "POST",
          "url": "https://dp-fit-prod-function.azurewebsites.net/api/v3/player/sheet/simple",
          "body": {
            "cardnumber": "3876473411"
          },
          "status": 200,
          "contentType": "text/plain; charset=utf-8",
          "text": "",
          "json": null
        },
        {
          "method": "POST",
          "url": "https://dp-fit-prod-function.azurewebsites.net/api/v3/player/sheet/simple",
          "body": {
            "membershipCard": "3876473411"
          },
          "status": 200,
          "contentType": "text/plain; charset=utf-8",
          "text": "",
          "json": null
        },
        {
          "method": "POST",
          "url": "https://dp-fit-prod-function.azurewebsites.net/api/v3/player/sheet/simple",
          "body": {
            "MembershipCard": "3876473411"
          },
          "status": 200,
          "contentType": "text/plain; charset=utf-8",
          "text": "",
          "json": null
        },
        {
          "method": "POST",
          "url": "https://dp-fit-prod-function.azurewebsites.net/api/v3/player/sheet/simple",
          "body": {
            "numeroTessera": "3876473411"
          },
          "status": 200,
          "contentType": "text/plain; charset=utf-8",
          "text": "",
          "json": null
        },
        {
          "method": "POST",
          "url": "https://dp-fit-prod-function.azurewebsites.net/api/v3/player/sheet/simple",
          "body": {
            "tessera": "3876473411"
          },
          "status": 200,
          "contentType": "text/plain; charset=utf-8",
          "text": "",
          "json": null
        },
        {
          "method": "POST",
          "url": "https://dp-fit-prod-function.azurewebsites.net/api/v3/player/sheet/simple",
          "body": {
            "cardNumber": "Mzg3NjQ3MzQxMQ=="
          },
          "status": 200,
          "contentType": "application/json; charset=utf-8",
          "text": "{\"activeYears\":[{\"year\":2023},{\"year\":2024},{\"year\":2025},{\"year\":2026}],\"player\":{\"Name\":\"ANNA\",\"Surname\":\"GAMBARINI\",\"tennis_club_name\":\"ASSOCIAZIONE SPORTIVA DILETTANTISTICA TENNIS CLUB LECCO\",\"tennis_club_municipality\":\"\",\"tennis_club_province\":\"Lecco\",\"tennis_club_id\":\"03130478\",\"MembershipCard\":\"*******411\",\"Category\":\"3° Categoria\",\"Ranking\":\"3.4\",\"max_rank\":\"3.4\",\"max_rank_stagione\":2026},\"discipline\":[{\"idDiscipline\":4332,\"discipline\":\"Tennis\",\"membershipCard\":\"Mzg3NjQ3MzQxMQ==\"}],\"baseStat\":null,\"avatar\":\"bf2f67db-0bf2-4242-92e3-091017ff73ae\"}",
          "json": {
            "activeYears": [
              {
                "year": 2023
              },
              {
                "year": 2024
              },
              {
                "year": 2025
              },
              {
                "year": 2026
              }
            ],
            "player": {
              "Name": "ANNA",
              "Surname": "GAMBARINI",
              "tennis_club_name": "ASSOCIAZIONE SPORTIVA DILETTANTISTICA TENNIS CLUB LECCO",
              "tennis_club_municipality": "",
              "tennis_club_province": "Lecco",
              "tennis_club_id": "03130478",
              "MembershipCard": "*******411",
              "Category": "3° Categoria",
              "Ranking": "3.4",
              "max_rank": "3.4",
              "max_rank_stagione": 2026
            },
            "discipline": [
              {
                "idDiscipline": 4332,
                "discipline": "Tennis",
                "membershipCard": "Mzg3NjQ3MzQxMQ=="
              }
            ],
            "baseStat": null,
            "avatar": "bf2f67db-0bf2-4242-92e3-091017ff73ae"
          }
        },
        {
          "method": "POST",
          "url": "https://dp-fit-prod-function.azurewebsites.net/api/v3/player/sheet/simple",
          "body": {
            "cardnumber": "Mzg3NjQ3MzQxMQ=="
          },
          "status": 200,
          "contentType": "application/json; charset=utf-8",
          "text": "{\"activeYears\":[{\"year\":2023},{\"year\":2024},{\"year\":2025},{\"year\":2026}],\"player\":{\"Name\":\"ANNA\",\"Surname\":\"GAMBARINI\",\"tennis_club_name\":\"ASSOCIAZIONE SPORTIVA DILETTANTISTICA TENNIS CLUB LECCO\",\"tennis_club_municipality\":\"\",\"tennis_club_province\":\"Lecco\",\"tennis_club_id\":\"03130478\",\"MembershipCard\":\"*******411\",\"Category\":\"3° Categoria\",\"Ranking\":\"3.4\",\"max_rank\":\"3.4\",\"max_rank_stagione\":2026},\"discipline\":[{\"idDiscipline\":4332,\"discipline\":\"Tennis\",\"membershipCard\":\"Mzg3NjQ3MzQxMQ==\"}],\"baseStat\":null,\"avatar\":\"bf2f67db-0bf2-4242-92e3-091017ff73ae\"}",
          "json": {
            "activeYears": [
              {
                "year": 2023
              },
              {
                "year": 2024
              },
              {
                "year": 2025
              },
              {
                "year": 2026
              }
            ],
            "player": {
              "Name": "ANNA",
              "Surname": "GAMBARINI",
              "tennis_club_name": "ASSOCIAZIONE SPORTIVA DILETTANTISTICA TENNIS CLUB LECCO",
              "tennis_club_municipality": "",
              "tennis_club_province": "Lecco",
              "tennis_club_id": "03130478",
              "MembershipCard": "*******411",
              "Category": "3° Categoria",
              "Ranking": "3.4",
              "max_rank": "3.4",
              "max_rank_stagione": 2026
            },
            "discipline": [
              {
                "idDiscipline": 4332,
                "discipline": "Tennis",
                "membershipCard": "Mzg3NjQ3MzQxMQ=="
              }
            ],
            "baseStat": null,
            "avatar": "bf2f67db-0bf2-4242-92e3-091017ff73ae"
          }
        },
        {
          "method": "POST",
          "url": "https://dp-fit-prod-function.azurewebsites.net/api/v3/player/sheet/simple",
          "body": {
            "CardNumber": "Mzg3NjQ3MzQxMQ=="
          },
          "status": 200,
          "contentType": "application/json; charset=utf-8",
          "text": "{\"activeYears\":[{\"year\":2023},{\"year\":2024},{\"year\":2025},{\"year\":2026}],\"player\":{\"Name\":\"ANNA\",\"Surname\":\"GAMBARINI\",\"tennis_club_name\":\"ASSOCIAZIONE SPORTIVA DILETTANTISTICA TENNIS CLUB LECCO\",\"tennis_club_municipality\":\"\",\"tennis_club_province\":\"Lecco\",\"tennis_club_id\":\"03130478\",\"MembershipCard\":\"*******411\",\"Category\":\"3° Categoria\",\"Ranking\":\"3.4\",\"max_rank\":\"3.4\",\"max_rank_stagione\":2026},\"discipline\":[{\"idDiscipline\":4332,\"discipline\":\"Tennis\",\"membershipCard\":\"Mzg3NjQ3MzQxMQ==\"}],\"baseStat\":null,\"avatar\":\"bf2f67db-0bf2-4242-92e3-091017ff73ae\"}",
          "json": {
            "activeYears": [
              {
                "year": 2023
              },
              {
                "year": 2024
              },
              {
                "year": 2025
              },
              {
                "year": 2026
              }
            ],
            "player": {
              "Name": "ANNA",
              "Surname": "GAMBARINI",
              "tennis_club_name": "ASSOCIAZIONE SPORTIVA DILETTANTISTICA TENNIS CLUB LECCO",
              "tennis_club_municipality": "",
              "tennis_club_province": "Lecco",
              "tennis_club_id": "03130478",
              "MembershipCard": "*******411",
              "Category": "3° Categoria",
              "Ranking": "3.4",
              "max_rank": "3.4",
              "max_rank_stagione": 2026
            },
            "discipline": [
              {
                "idDiscipline": 4332,
                "discipline": "Tennis",
                "membershipCard": "Mzg3NjQ3MzQxMQ=="
              }
            ],
            "baseStat": null,
            "avatar": "bf2f67db-0bf2-4242-92e3-091017ff73ae"
          }
        },
        {
          "method": "POST",
          "url": "https://dp-fit-prod-function.azurewebsites.net/api/v3/player/sheet/simple",
          "body": {
            "numeroTessera": "Mzg3NjQ3MzQxMQ=="
          },
          "status": 200,
          "contentType": "text/plain; charset=utf-8",
          "text": "",
          "json": null
        },
        {
          "method": "GET",
          "url": "https://dp-fit-prod-function.azurewebsites.net/api/v6/player/sheet/simple?cardNumber=3876473411",
          "status": 404,
          "contentType": null,
          "text": "",
          "json": null
        },
        {
          "method": "GET",
          "url": "https://dp-fit-prod-function.azurewebsites.net/api/v6/player/sheet/simple?cardNumber=Mzg3NjQ3MzQxMQ%3D%3D",
          "status": 404,
          "contentType": null,
          "text": "",
          "json": null
        },
        {
          "method": "POST",
          "url": "https://dp-fit-prod-function.azurewebsites.net/api/v6/player/sheet/simple",
          "body": {
            "cardNumber": "3876473411"
          },
          "status": 200,
          "contentType": "text/plain; charset=utf-8",
          "text": "",
          "json": null
        },
        {
          "method": "POST",
          "url": "https://dp-fit-prod-function.azurewebsites.net/api/v6/player/sheet/simple",
          "body": {
            "cardnumber": "3876473411"
          },
          "status": 200,
          "contentType": "text/plain; charset=utf-8",
          "text": "",
          "json": null
        },
        {
          "method": "POST",
          "url": "https://dp-fit-prod-function.azurewebsites.net/api/v6/player/sheet/simple",
          "body": {
            "membershipCard": "3876473411"
          },
          "status": 200,
          "contentType": "text/plain; charset=utf-8",
          "text": "",
          "json": null
        },
        {
          "method": "POST",
          "url": "https://dp-fit-prod-function.azurewebsites.net/api/v6/player/sheet/simple",
          "body": {
            "MembershipCard": "3876473411"
          },
          "status": 200,
          "contentType": "text/plain; charset=utf-8",
          "text": "",
          "json": null
        },
        {
          "method": "POST",
          "url": "https://dp-fit-prod-function.azurewebsites.net/api/v6/player/sheet/simple",
          "body": {
            "numeroTessera": "3876473411"
          },
          "status": 200,
          "contentType": "text/plain; charset=utf-8",
          "text": "",
          "json": null
        },
        {
          "method": "POST",
          "url": "https://dp-fit-prod-function.azurewebsites.net/api/v6/player/sheet/simple",
          "body": {
            "tessera": "3876473411"
          },
          "status": 200,
          "contentType": "text/plain; charset=utf-8",
          "text": "",
          "json": null
        },
        {
          "method": "POST",
          "url": "https://dp-fit-prod-function.azurewebsites.net/api/v6/player/sheet/simple",
          "body": {
            "cardNumber": "Mzg3NjQ3MzQxMQ=="
          },
          "status": 200,
          "contentType": "application/json; charset=utf-8",
          "text": "{\"activeYears\":[{\"year\":2023},{\"year\":2024},{\"year\":2025},{\"year\":2026}],\"player\":{\"Name\":\"ANNA\",\"Surname\":\"GAMBARINI\",\"tennis_club_name\":\"ASSOCIAZIONE SPORTIVA DILETTANTISTICA TENNIS CLUB LECCO\",\"tennis_club_municipality\":\"\",\"tennis_club_province\":\"Lecco\",\"tennis_club_id\":\"03130478\",\"MembershipCard\":\"*******411\",\"Category\":\"3° Categoria\",\"Ranking\":\"3.4\",\"max_rank\":\"3.4\",\"max_rank_stagione\":2026},\"discipline\":[{\"idDiscipline\":4332,\"discipline\":\"Tennis\",\"membershipCard\":\"Mzg3NjQ3MzQxMQ==\"}],\"baseStat\":null,\"avatar\":\"bf2f67db-0bf2-4242-92e3-091017ff73ae\"}",
          "json": {
            "activeYears": [
              {
                "year": 2023
              },
              {
                "year": 2024
              },
              {
                "year": 2025
              },
              {
                "year": 2026
              }
            ],
            "player": {
              "Name": "ANNA",
              "Surname": "GAMBARINI",
              "tennis_club_name": "ASSOCIAZIONE SPORTIVA DILETTANTISTICA TENNIS CLUB LECCO",
              "tennis_club_municipality": "",
              "tennis_club_province": "Lecco",
              "tennis_club_id": "03130478",
              "MembershipCard": "*******411",
              "Category": "3° Categoria",
              "Ranking": "3.4",
              "max_rank": "3.4",
              "max_rank_stagione": 2026
            },
            "discipline": [
              {
                "idDiscipline": 4332,
                "discipline": "Tennis",
                "membershipCard": "Mzg3NjQ3MzQxMQ=="
              }
            ],
            "baseStat": null,
            "avatar": "bf2f67db-0bf2-4242-92e3-091017ff73ae"
          }
        },
        {
          "method": "POST",
          "url": "https://dp-fit-prod-function.azurewebsites.net/api/v6/player/sheet/simple",
          "body": {
            "cardnumber": "Mzg3NjQ3MzQxMQ=="
          },
          "status": 200,
          "contentType": "application/json; charset=utf-8",
          "text": "{\"activeYears\":[{\"year\":2023},{\"year\":2024},{\"year\":2025},{\"year\":2026}],\"player\":{\"Name\":\"ANNA\",\"Surname\":\"GAMBARINI\",\"tennis_club_name\":\"ASSOCIAZIONE SPORTIVA DILETTANTISTICA TENNIS CLUB LECCO\",\"tennis_club_municipality\":\"\",\"tennis_club_province\":\"Lecco\",\"tennis_club_id\":\"03130478\",\"MembershipCard\":\"*******411\",\"Category\":\"3° Categoria\",\"Ranking\":\"3.4\",\"max_rank\":\"3.4\",\"max_rank_stagione\":2026},\"discipline\":[{\"idDiscipline\":4332,\"discipline\":\"Tennis\",\"membershipCard\":\"Mzg3NjQ3MzQxMQ==\"}],\"baseStat\":null,\"avatar\":\"bf2f67db-0bf2-4242-92e3-091017ff73ae\"}",
          "json": {
            "activeYears": [
              {
                "year": 2023
              },
              {
                "year": 2024
              },
              {
                "year": 2025
              },
              {
                "year": 2026
              }
            ],
            "player": {
              "Name": "ANNA",
              "Surname": "GAMBARINI",
              "tennis_club_name": "ASSOCIAZIONE SPORTIVA DILETTANTISTICA TENNIS CLUB LECCO",
              "tennis_club_municipality": "",
              "tennis_club_province": "Lecco",
              "tennis_club_id": "03130478",
              "MembershipCard": "*******411",
              "Category": "3° Categoria",
              "Ranking": "3.4",
              "max_rank": "3.4",
              "max_rank_stagione": 2026
            },
            "discipline": [
              {
                "idDiscipline": 4332,
                "discipline": "Tennis",
                "membershipCard": "Mzg3NjQ3MzQxMQ=="
              }
            ],
            "baseStat": null,
            "avatar": "bf2f67db-0bf2-4242-92e3-091017ff73ae"
          }
        },
        {
          "method": "POST",
          "url": "https://dp-fit-prod-function.azurewebsites.net/api/v6/player/sheet/simple",
          "body": {
            "CardNumber": "Mzg3NjQ3MzQxMQ=="
          },
          "status": 200,
          "contentType": "application/json; charset=utf-8",
          "text": "{\"activeYears\":[{\"year\":2023},{\"year\":2024},{\"year\":2025},{\"year\":2026}],\"player\":{\"Name\":\"ANNA\",\"Surname\":\"GAMBARINI\",\"tennis_club_name\":\"ASSOCIAZIONE SPORTIVA DILETTANTISTICA TENNIS CLUB LECCO\",\"tennis_club_municipality\":\"\",\"tennis_club_province\":\"Lecco\",\"tennis_club_id\":\"03130478\",\"MembershipCard\":\"*******411\",\"Category\":\"3° Categoria\",\"Ranking\":\"3.4\",\"max_rank\":\"3.4\",\"max_rank_stagione\":2026},\"discipline\":[{\"idDiscipline\":4332,\"discipline\":\"Tennis\",\"membershipCard\":\"Mzg3NjQ3MzQxMQ==\"}],\"baseStat\":null,\"avatar\":\"bf2f67db-0bf2-4242-92e3-091017ff73ae\"}",
          "json": {
            "activeYears": [
              {
                "year": 2023
              },
              {
                "year": 2024
              },
              {
                "year": 2025
              },
              {
                "year": 2026
              }
            ],
            "player": {
              "Name": "ANNA",
              "Surname": "GAMBARINI",
              "tennis_club_name": "ASSOCIAZIONE SPORTIVA DILETTANTISTICA TENNIS CLUB LECCO",
              "tennis_club_municipality": "",
              "tennis_club_province": "Lecco",
              "tennis_club_id": "03130478",
              "MembershipCard": "*******411",
              "Category": "3° Categoria",
              "Ranking": "3.4",
              "max_rank": "3.4",
              "max_rank_stagione": 2026
            },
            "discipline": [
              {
                "idDiscipline": 4332,
                "discipline": "Tennis",
                "membershipCard": "Mzg3NjQ3MzQxMQ=="
              }
            ],
            "baseStat": null,
            "avatar": "bf2f67db-0bf2-4242-92e3-091017ff73ae"
          }
        },
        {
          "method": "POST",
          "url": "https://dp-fit-prod-function.azurewebsites.net/api/v6/player/sheet/simple",
          "body": {
            "numeroTessera": "Mzg3NjQ3MzQxMQ=="
          },
          "status": 200,
          "contentType": "text/plain; charset=utf-8",
          "text": "",
          "json": null
        },
        {
          "method": "GET",
          "url": "https://dp-fit-prod-function.azurewebsites.net/api/v1/tesserati/dettaglio/semplice?cardNumber=3876473411",
          "status": 404,
          "contentType": null,
          "text": "",
          "json": null
        },
        {
          "method": "GET",
          "url": "https://dp-fit-prod-function.azurewebsites.net/api/v1/tesserati/dettaglio/semplice?cardNumber=Mzg3NjQ3MzQxMQ%3D%3D",
          "status": 404,
          "contentType": null,
          "text": "",
          "json": null
        },
        {
          "method": "POST",
          "url": "https://dp-fit-prod-function.azurewebsites.net/api/v1/tesserati/dettaglio/semplice",
          "body": {
            "cardNumber": "3876473411"
          },
          "status": 404,
          "contentType": null,
          "text": "",
          "json": null
        },
        {
          "method": "POST",
          "url": "https://dp-fit-prod-function.azurewebsites.net/api/v1/tesserati/dettaglio/semplice",
          "body": {
            "cardnumber": "3876473411"
          },
          "status": 404,
          "contentType": null,
          "text": "",
          "json": null
        },
        {
          "method": "POST",
          "url": "https://dp-fit-prod-function.azurewebsites.net/api/v1/tesserati/dettaglio/semplice",
          "body": {
            "membershipCard": "3876473411"
          },
          "status": 404,
          "contentType": null,
          "text": "",
          "json": null
        },
        {
          "method": "POST",
          "url": "https://dp-fit-prod-function.azurewebsites.net/api/v1/tesserati/dettaglio/semplice",
          "body": {
            "MembershipCard": "3876473411"
          },
          "status": 404,
          "contentType": null,
          "text": "",
          "json": null
        },
        {
          "method": "POST",
          "url": "https://dp-fit-prod-function.azurewebsites.net/api/v1/tesserati/dettaglio/semplice",
          "body": {
            "numeroTessera": "3876473411"
          },
          "status": 404,
          "contentType": null,
          "text": "",
          "json": null
        },
        {
          "method": "POST",
          "url": "https://dp-fit-prod-function.azurewebsites.net/api/v1/tesserati/dettaglio/semplice",
          "body": {
            "tessera": "3876473411"
          },
          "status": 404,
          "contentType": null,
          "text": "",
          "json": null
        },
        {
          "method": "POST",
          "url": "https://dp-fit-prod-function.azurewebsites.net/api/v1/tesserati/dettaglio/semplice",
          "body": {
            "cardNumber": "Mzg3NjQ3MzQxMQ=="
          },
          "status": 404,
          "contentType": null,
          "text": "",
          "json": null
        },
        {
          "method": "POST",
          "url": "https://dp-fit-prod-function.azurewebsites.net/api/v1/tesserati/dettaglio/semplice",
          "body": {
            "cardnumber": "Mzg3NjQ3MzQxMQ=="
          },
          "status": 404,
          "contentType": null,
          "text": "",
          "json": null
        },
        {
          "method": "POST",
          "url": "https://dp-fit-prod-function.azurewebsites.net/api/v1/tesserati/dettaglio/semplice",
          "body": {
            "CardNumber": "Mzg3NjQ3MzQxMQ=="
          },
          "status": 404,
          "contentType": null,
          "text": "",
          "json": null
        },
        {
          "method": "POST",
          "url": "https://dp-fit-prod-function.azurewebsites.net/api/v1/tesserati/dettaglio/semplice",
          "body": {
            "numeroTessera": "Mzg3NjQ3MzQxMQ=="
          },
          "status": 404,
          "contentType": null,
          "text": "",
          "json": null
        },
        {
          "method": "GET",
          "url": "https://dp-myfit-test-function-v2.azurewebsites.net/api/v3/player/sheet/simple?cardNumber=3876473411",
          "status": 404,
          "contentType": null,
          "text": "",
          "json": null
        },
        {
          "method": "GET",
          "url": "https://dp-myfit-test-function-v2.azurewebsites.net/api/v3/player/sheet/simple?cardNumber=Mzg3NjQ3MzQxMQ%3D%3D",
          "status": 404,
          "contentType": null,
          "text": "",
          "json": null
        },
        {
          "method": "POST",
          "url": "https://dp-myfit-test-function-v2.azurewebsites.net/api/v3/player/sheet/simple",
          "body": {
            "cardNumber": "3876473411"
          },
          "status": 404,
          "contentType": null,
          "text": "",
          "json": null
        },
        {
          "method": "POST",
          "url": "https://dp-myfit-test-function-v2.azurewebsites.net/api/v3/player/sheet/simple",
          "body": {
            "cardnumber": "3876473411"
          },
          "status": 404,
          "contentType": null,
          "text": "",
          "json": null
        },
        {
          "method": "POST",
          "url": "https://dp-myfit-test-function-v2.azurewebsites.net/api/v3/player/sheet/simple",
          "body": {
            "membershipCard": "3876473411"
          },
          "status": 404,
          "contentType": null,
          "text": "",
          "json": null
        },
        {
          "method": "POST",
          "url": "https://dp-myfit-test-function-v2.azurewebsites.net/api/v3/player/sheet/simple",
          "body": {
            "MembershipCard": "3876473411"
          },
          "status": 404,
          "contentType": null,
          "text": "",
          "json": null
        },
        {
          "method": "POST",
          "url": "https://dp-myfit-test-function-v2.azurewebsites.net/api/v3/player/sheet/simple",
          "body": {
            "numeroTessera": "3876473411"
          },
          "status": 404,
          "contentType": null,
          "text": "",
          "json": null
        },
        {
          "method": "POST",
          "url": "https://dp-myfit-test-function-v2.azurewebsites.net/api/v3/player/sheet/simple",
          "body": {
            "tessera": "3876473411"
          },
          "status": 404,
          "contentType": null,
          "text": "",
          "json": null
        },
        {
          "method": "POST",
          "url": "https://dp-myfit-test-function-v2.azurewebsites.net/api/v3/player/sheet/simple",
          "body": {
            "cardNumber": "Mzg3NjQ3MzQxMQ=="
          },
          "status": 404,
          "contentType": null,
          "text": "",
          "json": null
        },
        {
          "method": "POST",
          "url": "https://dp-myfit-test-function-v2.azurewebsites.net/api/v3/player/sheet/simple",
          "body": {
            "cardnumber": "Mzg3NjQ3MzQxMQ=="
          },
          "status": 404,
          "contentType": null,
          "text": "",
          "json": null
        },
        {
          "method": "POST",
          "url": "https://dp-myfit-test-function-v2.azurewebsites.net/api/v3/player/sheet/simple",
          "body": {
            "CardNumber": "Mzg3NjQ3MzQxMQ=="
          },
          "status": 404,
          "contentType": null,
          "text": "",
          "json": null
        },
        {
          "method": "POST",
          "url": "https://dp-myfit-test-function-v2.azurewebsites.net/api/v3/player/sheet/simple",
          "body": {
            "numeroTessera": "Mzg3NjQ3MzQxMQ=="
          },
          "status": 404,
          "contentType": null,
          "text": "",
          "json": null
        },
        {
          "method": "GET",
          "url": "https://dp-myfit-test-function-v2.azurewebsites.net/api/v6/player/sheet/simple?cardNumber=3876473411",
          "status": 404,
          "contentType": null,
          "text": "",
          "json": null
        },
        {
          "method": "GET",
          "url": "https://dp-myfit-test-function-v2.azurewebsites.net/api/v6/player/sheet/simple?cardNumber=Mzg3NjQ3MzQxMQ%3D%3D",
          "status": 404,
          "contentType": null,
          "text": "",
          "json": null
        },
        {
          "method": "POST",
          "url": "https://dp-myfit-test-function-v2.azurewebsites.net/api/v6/player/sheet/simple",
          "body": {
            "cardNumber": "3876473411"
          },
          "status": 404,
          "contentType": null,
          "text": "",
          "json": null
        },
        {
          "method": "POST",
          "url": "https://dp-myfit-test-function-v2.azurewebsites.net/api/v6/player/sheet/simple",
          "body": {
            "cardnumber": "3876473411"
          },
          "status": 404,
          "contentType": null,
          "text": "",
          "json": null
        },
        {
          "method": "POST",
          "url": "https://dp-myfit-test-function-v2.azurewebsites.net/api/v6/player/sheet/simple",
          "body": {
            "membershipCard": "3876473411"
          },
          "status": 404,
          "contentType": null,
          "text": "",
          "json": null
        },
        {
          "method": "POST",
          "url": "https://dp-myfit-test-function-v2.azurewebsites.net/api/v6/player/sheet/simple",
          "body": {
            "MembershipCard": "3876473411"
          },
          "status": 404,
          "contentType": null,
          "text": "",
          "json": null
        },
        {
          "method": "POST",
          "url": "https://dp-myfit-test-function-v2.azurewebsites.net/api/v6/player/sheet/simple",
          "body": {
            "numeroTessera": "3876473411"
          },
          "status": 404,
          "contentType": null,
          "text": "",
          "json": null
        },
        {
          "method": "POST",
          "url": "https://dp-myfit-test-function-v2.azurewebsites.net/api/v6/player/sheet/simple",
          "body": {
            "tessera": "3876473411"
          },
          "status": 404,
          "contentType": null,
          "text": "",
          "json": null
        },
        {
          "method": "POST",
          "url": "https://dp-myfit-test-function-v2.azurewebsites.net/api/v6/player/sheet/simple",
          "body": {
            "cardNumber": "Mzg3NjQ3MzQxMQ=="
          },
          "status": 404,
          "contentType": null,
          "text": "",
          "json": null
        },
        {
          "method": "POST",
          "url": "https://dp-myfit-test-function-v2.azurewebsites.net/api/v6/player/sheet/simple",
          "body": {
            "cardnumber": "Mzg3NjQ3MzQxMQ=="
          },
          "status": 404,
          "contentType": null,
          "text": "",
          "json": null
        },
        {
          "method": "POST",
          "url": "https://dp-myfit-test-function-v2.azurewebsites.net/api/v6/player/sheet/simple",
          "body": {
            "CardNumber": "Mzg3NjQ3MzQxMQ=="
          },
          "status": 404,
          "contentType": null,
          "text": "",
          "json": null
        },
        {
          "method": "POST",
          "url": "https://dp-myfit-test-function-v2.azurewebsites.net/api/v6/player/sheet/simple",
          "body": {
            "numeroTessera": "Mzg3NjQ3MzQxMQ=="
          },
          "status": 404,
          "contentType": null,
          "text": "",
          "json": null
        },
        {
          "method": "GET",
          "url": "https://dp-myfit-test-function-v2.azurewebsites.net/api/v1/tesserati/dettaglio/semplice?cardNumber=3876473411",
          "status": 404,
          "contentType": null,
          "text": "",
          "json": null
        },
        {
          "method": "GET",
          "url": "https://dp-myfit-test-function-v2.azurewebsites.net/api/v1/tesserati/dettaglio/semplice?cardNumber=Mzg3NjQ3MzQxMQ%3D%3D",
          "status": 404,
          "contentType": null,
          "text": "",
          "json": null
        },
        {
          "method": "POST",
          "url": "https://dp-myfit-test-function-v2.azurewebsites.net/api/v1/tesserati/dettaglio/semplice",
          "body": {
            "cardNumber": "3876473411"
          },
          "status": 200,
          "contentType": "text/plain; charset=utf-8",
          "text": "",
          "json": null
        },
        {
          "method": "POST",
          "url": "https://dp-myfit-test-function-v2.azurewebsites.net/api/v1/tesserati/dettaglio/semplice",
          "body": {
            "cardnumber": "3876473411"
          },
          "status": 200,
          "contentType": "text/plain; charset=utf-8",
          "text": "",
          "json": null
        },
        {
          "method": "POST",
          "url": "https://dp-myfit-test-function-v2.azurewebsites.net/api/v1/tesserati/dettaglio/semplice",
          "body": {
            "membershipCard": "3876473411"
          },
          "status": 200,
          "contentType": "text/plain; charset=utf-8",
          "text": "",
          "json": null
        },
        {
          "method": "POST",
          "url": "https://dp-myfit-test-function-v2.azurewebsites.net/api/v1/tesserati/dettaglio/semplice",
          "body": {
            "MembershipCard": "3876473411"
          },
          "status": 200,
          "contentType": "text/plain; charset=utf-8",
          "text": "",
          "json": null
        },
        {
          "method": "POST",
          "url": "https://dp-myfit-test-function-v2.azurewebsites.net/api/v1/tesserati/dettaglio/semplice",
          "body": {
            "numeroTessera": "3876473411"
          },
          "status": 200,
          "contentType": "text/plain; charset=utf-8",
          "text": "",
          "json": null
        },
        {
          "method": "POST",
          "url": "https://dp-myfit-test-function-v2.azurewebsites.net/api/v1/tesserati/dettaglio/semplice",
          "body": {
            "tessera": "3876473411"
          },
          "status": 200,
          "contentType": "text/plain; charset=utf-8",
          "text": "",
          "json": null
        },
        {
          "method": "POST",
          "url": "https://dp-myfit-test-function-v2.azurewebsites.net/api/v1/tesserati/dettaglio/semplice",
          "body": {
            "cardNumber": "Mzg3NjQ3MzQxMQ=="
          },
          "status": 200,
          "contentType": "application/json; charset=utf-8",
          "text": "{\"activeYears\":[{\"year\":2023},{\"year\":2024},{\"year\":2025},{\"year\":2026}],\"player\":{\"name\":\"ANNA\",\"surname\":\"GAMBARINI\",\"tennis_club_name\":\"ASSOCIAZIONE SPORTIVA DILETTANTISTICA TENNIS CLUB LECCO\",\"tennis_club_municipality\":\"\",\"tennis_club_province\":\"Lecco\",\"tennis_club_id\":\"03130478\",\"membershipCard\":\"*******411\",\"category\":\"3° Categoria\",\"ranking\":\"3.4\",\"max_rank\":\"3.4\",\"max_rank_stagione\":2026,\"guid\":\"3950EF4D-F7FC-4983-A4DE-1920F721EAA9\"},\"discipline\":[{\"idDiscipline\":4332,\"discipline\":\"Tennis\",\"membershipCard\":\"Mzg3NjQ3MzQxMQ==\"}],\"baseStat\":[],\"avatar\":\"bf2f67db-0bf2-4242-92e3-091017ff73ae\"}",
          "json": {
            "activeYears": [
              {
                "year": 2023
              },
              {
                "year": 2024
              },
              {
                "year": 2025
              },
              {
                "year": 2026
              }
            ],
            "player": {
              "name": "ANNA",
              "surname": "GAMBARINI",
              "tennis_club_name": "ASSOCIAZIONE SPORTIVA DILETTANTISTICA TENNIS CLUB LECCO",
              "tennis_club_municipality": "",
              "tennis_club_province": "Lecco",
              "tennis_club_id": "03130478",
              "membershipCard": "*******411",
              "category": "3° Categoria",
              "ranking": "3.4",
              "max_rank": "3.4",
              "max_rank_stagione": 2026,
              "guid": "3950EF4D-F7FC-4983-A4DE-1920F721EAA9"
            },
            "discipline": [
              {
                "idDiscipline": 4332,
                "discipline": "Tennis",
                "membershipCard": "Mzg3NjQ3MzQxMQ=="
              }
            ],
            "baseStat": [],
            "avatar": "bf2f67db-0bf2-4242-92e3-091017ff73ae"
          }
        },
        {
          "method": "POST",
          "url": "https://dp-myfit-test-function-v2.azurewebsites.net/api/v1/tesserati/dettaglio/semplice",
          "body": {
            "cardnumber": "Mzg3NjQ3MzQxMQ=="
          },
          "status": 200,
          "contentType": "application/json; charset=utf-8",
          "text": "{\"activeYears\":[{\"year\":2023},{\"year\":2024},{\"year\":2025},{\"year\":2026}],\"player\":{\"name\":\"ANNA\",\"surname\":\"GAMBARINI\",\"tennis_club_name\":\"ASSOCIAZIONE SPORTIVA DILETTANTISTICA TENNIS CLUB LECCO\",\"tennis_club_municipality\":\"\",\"tennis_club_province\":\"Lecco\",\"tennis_club_id\":\"03130478\",\"membershipCard\":\"*******411\",\"category\":\"3° Categoria\",\"ranking\":\"3.4\",\"max_rank\":\"3.4\",\"max_rank_stagione\":2026,\"guid\":\"3950EF4D-F7FC-4983-A4DE-1920F721EAA9\"},\"discipline\":[{\"idDiscipline\":4332,\"discipline\":\"Tennis\",\"membershipCard\":\"Mzg3NjQ3MzQxMQ==\"}],\"baseStat\":[],\"avatar\":\"bf2f67db-0bf2-4242-92e3-091017ff73ae\"}",
          "json": {
            "activeYears": [
              {
                "year": 2023
              },
              {
                "year": 2024
              },
              {
                "year": 2025
              },
              {
                "year": 2026
              }
            ],
            "player": {
              "name": "ANNA",
              "surname": "GAMBARINI",
              "tennis_club_name": "ASSOCIAZIONE SPORTIVA DILETTANTISTICA TENNIS CLUB LECCO",
              "tennis_club_municipality": "",
              "tennis_club_province": "Lecco",
              "tennis_club_id": "03130478",
              "membershipCard": "*******411",
              "category": "3° Categoria",
              "ranking": "3.4",
              "max_rank": "3.4",
              "max_rank_stagione": 2026,
              "guid": "3950EF4D-F7FC-4983-A4DE-1920F721EAA9"
            },
            "discipline": [
              {
                "idDiscipline": 4332,
                "discipline": "Tennis",
                "membershipCard": "Mzg3NjQ3MzQxMQ=="
              }
            ],
            "baseStat": [],
            "avatar": "bf2f67db-0bf2-4242-92e3-091017ff73ae"
          }
        },
        {
          "method": "POST",
          "url": "https://dp-myfit-test-function-v2.azurewebsites.net/api/v1/tesserati/dettaglio/semplice",
          "body": {
            "CardNumber": "Mzg3NjQ3MzQxMQ=="
          },
          "status": 200,
          "contentType": "application/json; charset=utf-8",
          "text": "{\"activeYears\":[{\"year\":2023},{\"year\":2024},{\"year\":2025},{\"year\":2026}],\"player\":{\"name\":\"ANNA\",\"surname\":\"GAMBARINI\",\"tennis_club_name\":\"ASSOCIAZIONE SPORTIVA DILETTANTISTICA TENNIS CLUB LECCO\",\"tennis_club_municipality\":\"\",\"tennis_club_province\":\"Lecco\",\"tennis_club_id\":\"03130478\",\"membershipCard\":\"*******411\",\"category\":\"3° Categoria\",\"ranking\":\"3.4\",\"max_rank\":\"3.4\",\"max_rank_stagione\":2026,\"guid\":\"3950EF4D-F7FC-4983-A4DE-1920F721EAA9\"},\"discipline\":[{\"idDiscipline\":4332,\"discipline\":\"Tennis\",\"membershipCard\":\"Mzg3NjQ3MzQxMQ==\"}],\"baseStat\":[],\"avatar\":\"bf2f67db-0bf2-4242-92e3-091017ff73ae\"}",
          "json": {
            "activeYears": [
              {
                "year": 2023
              },
              {
                "year": 2024
              },
              {
                "year": 2025
              },
              {
                "year": 2026
              }
            ],
            "player": {
              "name": "ANNA",
              "surname": "GAMBARINI",
              "tennis_club_name": "ASSOCIAZIONE SPORTIVA DILETTANTISTICA TENNIS CLUB LECCO",
              "tennis_club_municipality": "",
              "tennis_club_province": "Lecco",
              "tennis_club_id": "03130478",
              "membershipCard": "*******411",
              "category": "3° Categoria",
              "ranking": "3.4",
              "max_rank": "3.4",
              "max_rank_stagione": 2026,
              "guid": "3950EF4D-F7FC-4983-A4DE-1920F721EAA9"
            },
            "discipline": [
              {
                "idDiscipline": 4332,
                "discipline": "Tennis",
                "membershipCard": "Mzg3NjQ3MzQxMQ=="
              }
            ],
            "baseStat": [],
            "avatar": "bf2f67db-0bf2-4242-92e3-091017ff73ae"
          }
        },
        {
          "method": "POST",
          "url": "https://dp-myfit-test-function-v2.azurewebsites.net/api/v1/tesserati/dettaglio/semplice",
          "body": {
            "numeroTessera": "Mzg3NjQ3MzQxMQ=="
          },
          "status": 200,
          "contentType": "text/plain; charset=utf-8",
          "text": "",
          "json": null
        }
      ]
    },
    {
      "player": {
        "id": "nikola-kerkenyakov",
        "name": "Nikola Nikolaev Kerkenyakov",
        "card": "7578095942"
      },
      "results": [
        {
          "method": "GET",
          "url": "https://dp-fit-prod-function.azurewebsites.net/api/v3/player/sheet/simple?cardNumber=7578095942",
          "status": 404,
          "contentType": null,
          "text": "",
          "json": null
        },
        {
          "method": "GET",
          "url": "https://dp-fit-prod-function.azurewebsites.net/api/v3/player/sheet/simple?cardNumber=NzU3ODA5NTk0Mg%3D%3D",
          "status": 404,
          "contentType": null,
          "text": "",
          "json": null
        },
        {
          "method": "POST",
          "url": "https://dp-fit-prod-function.azurewebsites.net/api/v3/player/sheet/simple",
          "body": {
            "cardNumber": "7578095942"
          },
          "status": 200,
          "contentType": "text/plain; charset=utf-8",
          "text": "",
          "json": null
        },
        {
          "method": "POST",
          "url": "https://dp-fit-prod-function.azurewebsites.net/api/v3/player/sheet/simple",
          "body": {
            "cardnumber": "7578095942"
          },
          "status": 200,
          "contentType": "text/plain; charset=utf-8",
          "text": "",
          "json": null
        },
        {
          "method": "POST",
          "url": "https://dp-fit-prod-function.azurewebsites.net/api/v3/player/sheet/simple",
          "body": {
            "membershipCard": "7578095942"
          },
          "status": 200,
          "contentType": "text/plain; charset=utf-8",
          "text": "",
          "json": null
        },
        {
          "method": "POST",
          "url": "https://dp-fit-prod-function.azurewebsites.net/api/v3/player/sheet/simple",
          "body": {
            "MembershipCard": "7578095942"
          },
          "status": 200,
          "contentType": "text/plain; charset=utf-8",
          "text": "",
          "json": null
        },
        {
          "method": "POST",
          "url": "https://dp-fit-prod-function.azurewebsites.net/api/v3/player/sheet/simple",
          "body": {
            "numeroTessera": "7578095942"
          },
          "status": 200,
          "contentType": "text/plain; charset=utf-8",
          "text": "",
          "json": null
        },
        {
          "method": "POST",
          "url": "https://dp-fit-prod-function.azurewebsites.net/api/v3/player/sheet/simple",
          "body": {
            "tessera": "7578095942"
          },
          "status": 200,
          "contentType": "text/plain; charset=utf-8",
          "text": "",
          "json": null
        },
        {
          "method": "POST",
          "url": "https://dp-fit-prod-function.azurewebsites.net/api/v3/player/sheet/simple",
          "body": {
            "cardNumber": "NzU3ODA5NTk0Mg=="
          },
          "status": 200,
          "contentType": "application/json; charset=utf-8",
          "text": "{\"activeYears\":[{\"year\":2021},{\"year\":2022},{\"year\":2023},{\"year\":2024},{\"year\":2025},{\"year\":2026}],\"player\":{\"Name\":\"NIKOLA NIKOLAEV\",\"Surname\":\"KERKENYAKOV\",\"tennis_club_name\":\"ASSOCIAZIONE SPORTIVA DILETTANTISTICA TENNIS CLUB LECCO\",\"tennis_club_municipality\":\"\",\"tennis_club_province\":\"Lecco\",\"tennis_club_id\":\"03130478\",\"MembershipCard\":\"*******942\",\"Category\":\"3° Categoria\",\"Ranking\":\"3.1\",\"max_rank\":\"3.1\",\"max_rank_stagione\":2026,\"guid\":\"DBB15F53-9922-4A89-BCE1-27ED6BCAB5EE\"},\"discipline\":[{\"idDiscipline\":4332,\"discipline\":\"Tennis\",\"membershipCard\":\"NzU3ODA5NTk0Mg==\"}],\"baseStat\":null}",
          "json": {
            "activeYears": [
              {
                "year": 2021
              },
              {
                "year": 2022
              },
              {
                "year": 2023
              },
              {
                "year": 2024
              },
              {
                "year": 2025
              },
              {
                "year": 2026
              }
            ],
            "player": {
              "Name": "NIKOLA NIKOLAEV",
              "Surname": "KERKENYAKOV",
              "tennis_club_name": "ASSOCIAZIONE SPORTIVA DILETTANTISTICA TENNIS CLUB LECCO",
              "tennis_club_municipality": "",
              "tennis_club_province": "Lecco",
              "tennis_club_id": "03130478",
              "MembershipCard": "*******942",
              "Category": "3° Categoria",
              "Ranking": "3.1",
              "max_rank": "3.1",
              "max_rank_stagione": 2026,
              "guid": "DBB15F53-9922-4A89-BCE1-27ED6BCAB5EE"
            },
            "discipline": [
              {
                "idDiscipline": 4332,
                "discipline": "Tennis",
                "membershipCard": "NzU3ODA5NTk0Mg=="
              }
            ],
            "baseStat": null
          }
        },
        {
          "method": "POST",
          "url": "https://dp-fit-prod-function.azurewebsites.net/api/v3/player/sheet/simple",
          "body": {
            "cardnumber": "NzU3ODA5NTk0Mg=="
          },
          "status": 200,
          "contentType": "application/json; charset=utf-8",
          "text": "{\"activeYears\":[{\"year\":2021},{\"year\":2022},{\"year\":2023},{\"year\":2024},{\"year\":2025},{\"year\":2026}],\"player\":{\"Name\":\"NIKOLA NIKOLAEV\",\"Surname\":\"KERKENYAKOV\",\"tennis_club_name\":\"ASSOCIAZIONE SPORTIVA DILETTANTISTICA TENNIS CLUB LECCO\",\"tennis_club_municipality\":\"\",\"tennis_club_province\":\"Lecco\",\"tennis_club_id\":\"03130478\",\"MembershipCard\":\"*******942\",\"Category\":\"3° Categoria\",\"Ranking\":\"3.1\",\"max_rank\":\"3.1\",\"max_rank_stagione\":2026,\"guid\":\"DBB15F53-9922-4A89-BCE1-27ED6BCAB5EE\"},\"discipline\":[{\"idDiscipline\":4332,\"discipline\":\"Tennis\",\"membershipCard\":\"NzU3ODA5NTk0Mg==\"}],\"baseStat\":null}",
          "json": {
            "activeYears": [
              {
                "year": 2021
              },
              {
                "year": 2022
              },
              {
                "year": 2023
              },
              {
                "year": 2024
              },
              {
                "year": 2025
              },
              {
                "year": 2026
              }
            ],
            "player": {
              "Name": "NIKOLA NIKOLAEV",
              "Surname": "KERKENYAKOV",
              "tennis_club_name": "ASSOCIAZIONE SPORTIVA DILETTANTISTICA TENNIS CLUB LECCO",
              "tennis_club_municipality": "",
              "tennis_club_province": "Lecco",
              "tennis_club_id": "03130478",
              "MembershipCard": "*******942",
              "Category": "3° Categoria",
              "Ranking": "3.1",
              "max_rank": "3.1",
              "max_rank_stagione": 2026,
              "guid": "DBB15F53-9922-4A89-BCE1-27ED6BCAB5EE"
            },
            "discipline": [
              {
                "idDiscipline": 4332,
                "discipline": "Tennis",
                "membershipCard": "NzU3ODA5NTk0Mg=="
              }
            ],
            "baseStat": null
          }
        },
        {
          "method": "POST",
          "url": "https://dp-fit-prod-function.azurewebsites.net/api/v3/player/sheet/simple",
          "body": {
            "CardNumber": "NzU3ODA5NTk0Mg=="
          },
          "status": 200,
          "contentType": "application/json; charset=utf-8",
          "text": "{\"activeYears\":[{\"year\":2021},{\"year\":2022},{\"year\":2023},{\"year\":2024},{\"year\":2025},{\"year\":2026}],\"player\":{\"Name\":\"NIKOLA NIKOLAEV\",\"Surname\":\"KERKENYAKOV\",\"tennis_club_name\":\"ASSOCIAZIONE SPORTIVA DILETTANTISTICA TENNIS CLUB LECCO\",\"tennis_club_municipality\":\"\",\"tennis_club_province\":\"Lecco\",\"tennis_club_id\":\"03130478\",\"MembershipCard\":\"*******942\",\"Category\":\"3° Categoria\",\"Ranking\":\"3.1\",\"max_rank\":\"3.1\",\"max_rank_stagione\":2026,\"guid\":\"DBB15F53-9922-4A89-BCE1-27ED6BCAB5EE\"},\"discipline\":[{\"idDiscipline\":4332,\"discipline\":\"Tennis\",\"membershipCard\":\"NzU3ODA5NTk0Mg==\"}],\"baseStat\":null}",
          "json": {
            "activeYears": [
              {
                "year": 2021
              },
              {
                "year": 2022
              },
              {
                "year": 2023
              },
              {
                "year": 2024
              },
              {
                "year": 2025
              },
              {
                "year": 2026
              }
            ],
            "player": {
              "Name": "NIKOLA NIKOLAEV",
              "Surname": "KERKENYAKOV",
              "tennis_club_name": "ASSOCIAZIONE SPORTIVA DILETTANTISTICA TENNIS CLUB LECCO",
              "tennis_club_municipality": "",
              "tennis_club_province": "Lecco",
              "tennis_club_id": "03130478",
              "MembershipCard": "*******942",
              "Category": "3° Categoria",
              "Ranking": "3.1",
              "max_rank": "3.1",
              "max_rank_stagione": 2026,
              "guid": "DBB15F53-9922-4A89-BCE1-27ED6BCAB5EE"
            },
            "discipline": [
              {
                "idDiscipline": 4332,
                "discipline": "Tennis",
                "membershipCard": "NzU3ODA5NTk0Mg=="
              }
            ],
            "baseStat": null
          }
        },
        {
          "method": "POST",
          "url": "https://dp-fit-prod-function.azurewebsites.net/api/v3/player/sheet/simple",
          "body": {
            "numeroTessera": "NzU3ODA5NTk0Mg=="
          },
          "status": 200,
          "contentType": "text/plain; charset=utf-8",
          "text": "",
          "json": null
        },
        {
          "method": "GET",
          "url": "https://dp-fit-prod-function.azurewebsites.net/api/v6/player/sheet/simple?cardNumber=7578095942",
          "status": 404,
          "contentType": null,
          "text": "",
          "json": null
        },
        {
          "method": "GET",
          "url": "https://dp-fit-prod-function.azurewebsites.net/api/v6/player/sheet/simple?cardNumber=NzU3ODA5NTk0Mg%3D%3D",
          "status": 404,
          "contentType": null,
          "text": "",
          "json": null
        },
        {
          "method": "POST",
          "url": "https://dp-fit-prod-function.azurewebsites.net/api/v6/player/sheet/simple",
          "body": {
            "cardNumber": "7578095942"
          },
          "status": 200,
          "contentType": "text/plain; charset=utf-8",
          "text": "",
          "json": null
        },
        {
          "method": "POST",
          "url": "https://dp-fit-prod-function.azurewebsites.net/api/v6/player/sheet/simple",
          "body": {
            "cardnumber": "7578095942"
          },
          "status": 200,
          "contentType": "text/plain; charset=utf-8",
          "text": "",
          "json": null
        },
        {
          "method": "POST",
          "url": "https://dp-fit-prod-function.azurewebsites.net/api/v6/player/sheet/simple",
          "body": {
            "membershipCard": "7578095942"
          },
          "status": 200,
          "contentType": "text/plain; charset=utf-8",
          "text": "",
          "json": null
        },
        {
          "method": "POST",
          "url": "https://dp-fit-prod-function.azurewebsites.net/api/v6/player/sheet/simple",
          "body": {
            "MembershipCard": "7578095942"
          },
          "status": 200,
          "contentType": "text/plain; charset=utf-8",
          "text": "",
          "json": null
        },
        {
          "method": "POST",
          "url": "https://dp-fit-prod-function.azurewebsites.net/api/v6/player/sheet/simple",
          "body": {
            "numeroTessera": "7578095942"
          },
          "status": 200,
          "contentType": "text/plain; charset=utf-8",
          "text": "",
          "json": null
        },
        {
          "method": "POST",
          "url": "https://dp-fit-prod-function.azurewebsites.net/api/v6/player/sheet/simple",
          "body": {
            "tessera": "7578095942"
          },
          "status": 200,
          "contentType": "text/plain; charset=utf-8",
          "text": "",
          "json": null
        },
        {
          "method": "POST",
          "url": "https://dp-fit-prod-function.azurewebsites.net/api/v6/player/sheet/simple",
          "body": {
            "cardNumber": "NzU3ODA5NTk0Mg=="
          },
          "status": 200,
          "contentType": "application/json; charset=utf-8",
          "text": "{\"activeYears\":[{\"year\":2021},{\"year\":2022},{\"year\":2023},{\"year\":2024},{\"year\":2025},{\"year\":2026}],\"player\":{\"Name\":\"NIKOLA NIKOLAEV\",\"Surname\":\"KERKENYAKOV\",\"tennis_club_name\":\"ASSOCIAZIONE SPORTIVA DILETTANTISTICA TENNIS CLUB LECCO\",\"tennis_club_municipality\":\"\",\"tennis_club_province\":\"Lecco\",\"tennis_club_id\":\"03130478\",\"MembershipCard\":\"*******942\",\"Category\":\"3° Categoria\",\"Ranking\":\"3.1\",\"max_rank\":\"3.1\",\"max_rank_stagione\":2026},\"discipline\":[{\"idDiscipline\":4332,\"discipline\":\"Tennis\",\"membershipCard\":\"NzU3ODA5NTk0Mg==\"}],\"baseStat\":null,\"avatar\":\"00000000-0000-0000-0000-000000000000\"}",
          "json": {
            "activeYears": [
              {
                "year": 2021
              },
              {
                "year": 2022
              },
              {
                "year": 2023
              },
              {
                "year": 2024
              },
              {
                "year": 2025
              },
              {
                "year": 2026
              }
            ],
            "player": {
              "Name": "NIKOLA NIKOLAEV",
              "Surname": "KERKENYAKOV",
              "tennis_club_name": "ASSOCIAZIONE SPORTIVA DILETTANTISTICA TENNIS CLUB LECCO",
              "tennis_club_municipality": "",
              "tennis_club_province": "Lecco",
              "tennis_club_id": "03130478",
              "MembershipCard": "*******942",
              "Category": "3° Categoria",
              "Ranking": "3.1",
              "max_rank": "3.1",
              "max_rank_stagione": 2026
            },
            "discipline": [
              {
                "idDiscipline": 4332,
                "discipline": "Tennis",
                "membershipCard": "NzU3ODA5NTk0Mg=="
              }
            ],
            "baseStat": null,
            "avatar": "00000000-0000-0000-0000-000000000000"
          }
        },
        {
          "method": "POST",
          "url": "https://dp-fit-prod-function.azurewebsites.net/api/v6/player/sheet/simple",
          "body": {
            "cardnumber": "NzU3ODA5NTk0Mg=="
          },
          "status": 200,
          "contentType": "application/json; charset=utf-8",
          "text": "{\"activeYears\":[{\"year\":2021},{\"year\":2022},{\"year\":2023},{\"year\":2024},{\"year\":2025},{\"year\":2026}],\"player\":{\"Name\":\"NIKOLA NIKOLAEV\",\"Surname\":\"KERKENYAKOV\",\"tennis_club_name\":\"ASSOCIAZIONE SPORTIVA DILETTANTISTICA TENNIS CLUB LECCO\",\"tennis_club_municipality\":\"\",\"tennis_club_province\":\"Lecco\",\"tennis_club_id\":\"03130478\",\"MembershipCard\":\"*******942\",\"Category\":\"3° Categoria\",\"Ranking\":\"3.1\",\"max_rank\":\"3.1\",\"max_rank_stagione\":2026},\"discipline\":[{\"idDiscipline\":4332,\"discipline\":\"Tennis\",\"membershipCard\":\"NzU3ODA5NTk0Mg==\"}],\"baseStat\":null,\"avatar\":\"00000000-0000-0000-0000-000000000000\"}",
          "json": {
            "activeYears": [
              {
                "year": 2021
              },
              {
                "year": 2022
              },
              {
                "year": 2023
              },
              {
                "year": 2024
              },
              {
                "year": 2025
              },
              {
                "year": 2026
              }
            ],
            "player": {
              "Name": "NIKOLA NIKOLAEV",
              "Surname": "KERKENYAKOV",
              "tennis_club_name": "ASSOCIAZIONE SPORTIVA DILETTANTISTICA TENNIS CLUB LECCO",
              "tennis_club_municipality": "",
              "tennis_club_province": "Lecco",
              "tennis_club_id": "03130478",
              "MembershipCard": "*******942",
              "Category": "3° Categoria",
              "Ranking": "3.1",
              "max_rank": "3.1",
              "max_rank_stagione": 2026
            },
            "discipline": [
              {
                "idDiscipline": 4332,
                "discipline": "Tennis",
                "membershipCard": "NzU3ODA5NTk0Mg=="
              }
            ],
            "baseStat": null,
            "avatar": "00000000-0000-0000-0000-000000000000"
          }
        },
        {
          "method": "POST",
          "url": "https://dp-fit-prod-function.azurewebsites.net/api/v6/player/sheet/simple",
          "body": {
            "CardNumber": "NzU3ODA5NTk0Mg=="
          },
          "status": 200,
          "contentType": "application/json; charset=utf-8",
          "text": "{\"activeYears\":[{\"year\":2021},{\"year\":2022},{\"year\":2023},{\"year\":2024},{\"year\":2025},{\"year\":2026}],\"player\":{\"Name\":\"NIKOLA NIKOLAEV\",\"Surname\":\"KERKENYAKOV\",\"tennis_club_name\":\"ASSOCIAZIONE SPORTIVA DILETTANTISTICA TENNIS CLUB LECCO\",\"tennis_club_municipality\":\"\",\"tennis_club_province\":\"Lecco\",\"tennis_club_id\":\"03130478\",\"MembershipCard\":\"*******942\",\"Category\":\"3° Categoria\",\"Ranking\":\"3.1\",\"max_rank\":\"3.1\",\"max_rank_stagione\":2026},\"discipline\":[{\"idDiscipline\":4332,\"discipline\":\"Tennis\",\"membershipCard\":\"NzU3ODA5NTk0Mg==\"}],\"baseStat\":null,\"avatar\":\"00000000-0000-0000-0000-000000000000\"}",
          "json": {
            "activeYears": [
              {
                "year": 2021
              },
              {
                "year": 2022
              },
              {
                "year": 2023
              },
              {
                "year": 2024
              },
              {
                "year": 2025
              },
              {
                "year": 2026
              }
            ],
            "player": {
              "Name": "NIKOLA NIKOLAEV",
              "Surname": "KERKENYAKOV",
              "tennis_club_name": "ASSOCIAZIONE SPORTIVA DILETTANTISTICA TENNIS CLUB LECCO",
              "tennis_club_municipality": "",
              "tennis_club_province": "Lecco",
              "tennis_club_id": "03130478",
              "MembershipCard": "*******942",
              "Category": "3° Categoria",
              "Ranking": "3.1",
              "max_rank": "3.1",
              "max_rank_stagione": 2026
            },
            "discipline": [
              {
                "idDiscipline": 4332,
                "discipline": "Tennis",
                "membershipCard": "NzU3ODA5NTk0Mg=="
              }
            ],
            "baseStat": null,
            "avatar": "00000000-0000-0000-0000-000000000000"
          }
        },
        {
          "method": "POST",
          "url": "https://dp-fit-prod-function.azurewebsites.net/api/v6/player/sheet/simple",
          "body": {
            "numeroTessera": "NzU3ODA5NTk0Mg=="
          },
          "status": 200,
          "contentType": "text/plain; charset=utf-8",
          "text": "",
          "json": null
        },
        {
          "method": "GET",
          "url": "https://dp-fit-prod-function.azurewebsites.net/api/v1/tesserati/dettaglio/semplice?cardNumber=7578095942",
          "status": 404,
          "contentType": null,
          "text": "",
          "json": null
        },
        {
          "method": "GET",
          "url": "https://dp-fit-prod-function.azurewebsites.net/api/v1/tesserati/dettaglio/semplice?cardNumber=NzU3ODA5NTk0Mg%3D%3D",
          "status": 404,
          "contentType": null,
          "text": "",
          "json": null
        },
        {
          "method": "POST",
          "url": "https://dp-fit-prod-function.azurewebsites.net/api/v1/tesserati/dettaglio/semplice",
          "body": {
            "cardNumber": "7578095942"
          },
          "status": 404,
          "contentType": null,
          "text": "",
          "json": null
        },
        {
          "method": "POST",
          "url": "https://dp-fit-prod-function.azurewebsites.net/api/v1/tesserati/dettaglio/semplice",
          "body": {
            "cardnumber": "7578095942"
          },
          "status": 404,
          "contentType": null,
          "text": "",
          "json": null
        },
        {
          "method": "POST",
          "url": "https://dp-fit-prod-function.azurewebsites.net/api/v1/tesserati/dettaglio/semplice",
          "body": {
            "membershipCard": "7578095942"
          },
          "status": 404,
          "contentType": null,
          "text": "",
          "json": null
        },
        {
          "method": "POST",
          "url": "https://dp-fit-prod-function.azurewebsites.net/api/v1/tesserati/dettaglio/semplice",
          "body": {
            "MembershipCard": "7578095942"
          },
          "status": 404,
          "contentType": null,
          "text": "",
          "json": null
        },
        {
          "method": "POST",
          "url": "https://dp-fit-prod-function.azurewebsites.net/api/v1/tesserati/dettaglio/semplice",
          "body": {
            "numeroTessera": "7578095942"
          },
          "status": 404,
          "contentType": null,
          "text": "",
          "json": null
        },
        {
          "method": "POST",
          "url": "https://dp-fit-prod-function.azurewebsites.net/api/v1/tesserati/dettaglio/semplice",
          "body": {
            "tessera": "7578095942"
          },
          "status": 404,
          "contentType": null,
          "text": "",
          "json": null
        },
        {
          "method": "POST",
          "url": "https://dp-fit-prod-function.azurewebsites.net/api/v1/tesserati/dettaglio/semplice",
          "body": {
            "cardNumber": "NzU3ODA5NTk0Mg=="
          },
          "status": 404,
          "contentType": null,
          "text": "",
          "json": null
        },
        {
          "method": "POST",
          "url": "https://dp-fit-prod-function.azurewebsites.net/api/v1/tesserati/dettaglio/semplice",
          "body": {
            "cardnumber": "NzU3ODA5NTk0Mg=="
          },
          "status": 404,
          "contentType": null,
          "text": "",
          "json": null
        },
        {
          "method": "POST",
          "url": "https://dp-fit-prod-function.azurewebsites.net/api/v1/tesserati/dettaglio/semplice",
          "body": {
            "CardNumber": "NzU3ODA5NTk0Mg=="
          },
          "status": 404,
          "contentType": null,
          "text": "",
          "json": null
        },
        {
          "method": "POST",
          "url": "https://dp-fit-prod-function.azurewebsites.net/api/v1/tesserati/dettaglio/semplice",
          "body": {
            "numeroTessera": "NzU3ODA5NTk0Mg=="
          },
          "status": 404,
          "contentType": null,
          "text": "",
          "json": null
        },
        {
          "method": "GET",
          "url": "https://dp-myfit-test-function-v2.azurewebsites.net/api/v3/player/sheet/simple?cardNumber=7578095942",
          "status": 404,
          "contentType": null,
          "text": "",
          "json": null
        },
        {
          "method": "GET",
          "url": "https://dp-myfit-test-function-v2.azurewebsites.net/api/v3/player/sheet/simple?cardNumber=NzU3ODA5NTk0Mg%3D%3D",
          "status": 404,
          "contentType": null,
          "text": "",
          "json": null
        },
        {
          "method": "POST",
          "url": "https://dp-myfit-test-function-v2.azurewebsites.net/api/v3/player/sheet/simple",
          "body": {
            "cardNumber": "7578095942"
          },
          "status": 404,
          "contentType": null,
          "text": "",
          "json": null
        },
        {
          "method": "POST",
          "url": "https://dp-myfit-test-function-v2.azurewebsites.net/api/v3/player/sheet/simple",
          "body": {
            "cardnumber": "7578095942"
          },
          "status": 404,
          "contentType": null,
          "text": "",
          "json": null
        },
        {
          "method": "POST",
          "url": "https://dp-myfit-test-function-v2.azurewebsites.net/api/v3/player/sheet/simple",
          "body": {
            "membershipCard": "7578095942"
          },
          "status": 404,
          "contentType": null,
          "text": "",
          "json": null
        },
        {
          "method": "POST",
          "url": "https://dp-myfit-test-function-v2.azurewebsites.net/api/v3/player/sheet/simple",
          "body": {
            "MembershipCard": "7578095942"
          },
          "status": 404,
          "contentType": null,
          "text": "",
          "json": null
        },
        {
          "method": "POST",
          "url": "https://dp-myfit-test-function-v2.azurewebsites.net/api/v3/player/sheet/simple",
          "body": {
            "numeroTessera": "7578095942"
          },
          "status": 404,
          "contentType": null,
          "text": "",
          "json": null
        },
        {
          "method": "POST",
          "url": "https://dp-myfit-test-function-v2.azurewebsites.net/api/v3/player/sheet/simple",
          "body": {
            "tessera": "7578095942"
          },
          "status": 404,
          "contentType": null,
          "text": "",
          "json": null
        },
        {
          "method": "POST",
          "url": "https://dp-myfit-test-function-v2.azurewebsites.net/api/v3/player/sheet/simple",
          "body": {
            "cardNumber": "NzU3ODA5NTk0Mg=="
          },
          "status": 404,
          "contentType": null,
          "text": "",
          "json": null
        },
        {
          "method": "POST",
          "url": "https://dp-myfit-test-function-v2.azurewebsites.net/api/v3/player/sheet/simple",
          "body": {
            "cardnumber": "NzU3ODA5NTk0Mg=="
          },
          "status": 404,
          "contentType": null,
          "text": "",
          "json": null
        },
        {
          "method": "POST",
          "url": "https://dp-myfit-test-function-v2.azurewebsites.net/api/v3/player/sheet/simple",
          "body": {
            "CardNumber": "NzU3ODA5NTk0Mg=="
          },
          "status": 404,
          "contentType": null,
          "text": "",
          "json": null
        },
        {
          "method": "POST",
          "url": "https://dp-myfit-test-function-v2.azurewebsites.net/api/v3/player/sheet/simple",
          "body": {
            "numeroTessera": "NzU3ODA5NTk0Mg=="
          },
          "status": 404,
          "contentType": null,
          "text": "",
          "json": null
        },
        {
          "method": "GET",
          "url": "https://dp-myfit-test-function-v2.azurewebsites.net/api/v6/player/sheet/simple?cardNumber=7578095942",
          "status": 404,
          "contentType": null,
          "text": "",
          "json": null
        },
        {
          "method": "GET",
          "url": "https://dp-myfit-test-function-v2.azurewebsites.net/api/v6/player/sheet/simple?cardNumber=NzU3ODA5NTk0Mg%3D%3D",
          "status": 404,
          "contentType": null,
          "text": "",
          "json": null
        },
        {
          "method": "POST",
          "url": "https://dp-myfit-test-function-v2.azurewebsites.net/api/v6/player/sheet/simple",
          "body": {
            "cardNumber": "7578095942"
          },
          "status": 404,
          "contentType": null,
          "text": "",
          "json": null
        },
        {
          "method": "POST",
          "url": "https://dp-myfit-test-function-v2.azurewebsites.net/api/v6/player/sheet/simple",
          "body": {
            "cardnumber": "7578095942"
          },
          "status": 404,
          "contentType": null,
          "text": "",
          "json": null
        },
        {
          "method": "POST",
          "url": "https://dp-myfit-test-function-v2.azurewebsites.net/api/v6/player/sheet/simple",
          "body": {
            "membershipCard": "7578095942"
          },
          "status": 404,
          "contentType": null,
          "text": "",
          "json": null
        },
        {
          "method": "POST",
          "url": "https://dp-myfit-test-function-v2.azurewebsites.net/api/v6/player/sheet/simple",
          "body": {
            "MembershipCard": "7578095942"
          },
          "status": 404,
          "contentType": null,
          "text": "",
          "json": null
        },
        {
          "method": "POST",
          "url": "https://dp-myfit-test-function-v2.azurewebsites.net/api/v6/player/sheet/simple",
          "body": {
            "numeroTessera": "7578095942"
          },
          "status": 404,
          "contentType": null,
          "text": "",
          "json": null
        },
        {
          "method": "POST",
          "url": "https://dp-myfit-test-function-v2.azurewebsites.net/api/v6/player/sheet/simple",
          "body": {
            "tessera": "7578095942"
          },
          "status": 404,
          "contentType": null,
          "text": "",
          "json": null
        },
        {
          "method": "POST",
          "url": "https://dp-myfit-test-function-v2.azurewebsites.net/api/v6/player/sheet/simple",
          "body": {
            "cardNumber": "NzU3ODA5NTk0Mg=="
          },
          "status": 404,
          "contentType": null,
          "text": "",
          "json": null
        },
        {
          "method": "POST",
          "url": "https://dp-myfit-test-function-v2.azurewebsites.net/api/v6/player/sheet/simple",
          "body": {
            "cardnumber": "NzU3ODA5NTk0Mg=="
          },
          "status": 404,
          "contentType": null,
          "text": "",
          "json": null
        },
        {
          "method": "POST",
          "url": "https://dp-myfit-test-function-v2.azurewebsites.net/api/v6/player/sheet/simple",
          "body": {
            "CardNumber": "NzU3ODA5NTk0Mg=="
          },
          "status": 404,
          "contentType": null,
          "text": "",
          "json": null
        },
        {
          "method": "POST",
          "url": "https://dp-myfit-test-function-v2.azurewebsites.net/api/v6/player/sheet/simple",
          "body": {
            "numeroTessera": "NzU3ODA5NTk0Mg=="
          },
          "status": 404,
          "contentType": null,
          "text": "",
          "json": null
        },
        {
          "method": "GET",
          "url": "https://dp-myfit-test-function-v2.azurewebsites.net/api/v1/tesserati/dettaglio/semplice?cardNumber=7578095942",
          "status": 404,
          "contentType": null,
          "text": "",
          "json": null
        },
        {
          "method": "GET",
          "url": "https://dp-myfit-test-function-v2.azurewebsites.net/api/v1/tesserati/dettaglio/semplice?cardNumber=NzU3ODA5NTk0Mg%3D%3D",
          "status": 404,
          "contentType": null,
          "text": "",
          "json": null
        },
        {
          "method": "POST",
          "url": "https://dp-myfit-test-function-v2.azurewebsites.net/api/v1/tesserati/dettaglio/semplice",
          "body": {
            "cardNumber": "7578095942"
          },
          "status": 200,
          "contentType": "text/plain; charset=utf-8",
          "text": "",
          "json": null
        },
        {
          "method": "POST",
          "url": "https://dp-myfit-test-function-v2.azurewebsites.net/api/v1/tesserati/dettaglio/semplice",
          "body": {
            "cardnumber": "7578095942"
          },
          "status": 200,
          "contentType": "text/plain; charset=utf-8",
          "text": "",
          "json": null
        },
        {
          "method": "POST",
          "url": "https://dp-myfit-test-function-v2.azurewebsites.net/api/v1/tesserati/dettaglio/semplice",
          "body": {
            "membershipCard": "7578095942"
          },
          "status": 200,
          "contentType": "text/plain; charset=utf-8",
          "text": "",
          "json": null
        },
        {
          "method": "POST",
          "url": "https://dp-myfit-test-function-v2.azurewebsites.net/api/v1/tesserati/dettaglio/semplice",
          "body": {
            "MembershipCard": "7578095942"
          },
          "status": 200,
          "contentType": "text/plain; charset=utf-8",
          "text": "",
          "json": null
        },
        {
          "method": "POST",
          "url": "https://dp-myfit-test-function-v2.azurewebsites.net/api/v1/tesserati/dettaglio/semplice",
          "body": {
            "numeroTessera": "7578095942"
          },
          "status": 200,
          "contentType": "text/plain; charset=utf-8",
          "text": "",
          "json": null
        },
        {
          "method": "POST",
          "url": "https://dp-myfit-test-function-v2.azurewebsites.net/api/v1/tesserati/dettaglio/semplice",
          "body": {
            "tessera": "7578095942"
          },
          "status": 200,
          "contentType": "text/plain; charset=utf-8",
          "text": "",
          "json": null
        },
        {
          "method": "POST",
          "url": "https://dp-myfit-test-function-v2.azurewebsites.net/api/v1/tesserati/dettaglio/semplice",
          "body": {
            "cardNumber": "NzU3ODA5NTk0Mg=="
          },
          "status": 200,
          "contentType": "application/json; charset=utf-8",
          "text": "{\"activeYears\":[{\"year\":2021},{\"year\":2022},{\"year\":2023},{\"year\":2024},{\"year\":2025},{\"year\":2026}],\"player\":{\"name\":\"NIKOLA NIKOLAEV\",\"surname\":\"KERKENYAKOV\",\"tennis_club_name\":\"ASSOCIAZIONE SPORTIVA DILETTANTISTICA TENNIS CLUB LECCO\",\"tennis_club_municipality\":\"\",\"tennis_club_province\":\"Lecco\",\"tennis_club_id\":\"03130478\",\"membershipCard\":\"*******942\",\"category\":\"3° Categoria\",\"ranking\":\"3.1\",\"max_rank\":\"3.1\",\"max_rank_stagione\":2026,\"guid\":\"DBB15F53-9922-4A89-BCE1-27ED6BCAB5EE\"},\"discipline\":[{\"idDiscipline\":4332,\"discipline\":\"Tennis\",\"membershipCard\":\"NzU3ODA5NTk0Mg==\"}],\"baseStat\":[],\"avatar\":\"00000000-0000-0000-0000-000000000000\"}",
          "json": {
            "activeYears": [
              {
                "year": 2021
              },
              {
                "year": 2022
              },
              {
                "year": 2023
              },
              {
                "year": 2024
              },
              {
                "year": 2025
              },
              {
                "year": 2026
              }
            ],
            "player": {
              "name": "NIKOLA NIKOLAEV",
              "surname": "KERKENYAKOV",
              "tennis_club_name": "ASSOCIAZIONE SPORTIVA DILETTANTISTICA TENNIS CLUB LECCO",
              "tennis_club_municipality": "",
              "tennis_club_province": "Lecco",
              "tennis_club_id": "03130478",
              "membershipCard": "*******942",
              "category": "3° Categoria",
              "ranking": "3.1",
              "max_rank": "3.1",
              "max_rank_stagione": 2026,
              "guid": "DBB15F53-9922-4A89-BCE1-27ED6BCAB5EE"
            },
            "discipline": [
              {
                "idDiscipline": 4332,
                "discipline": "Tennis",
                "membershipCard": "NzU3ODA5NTk0Mg=="
              }
            ],
            "baseStat": [],
            "avatar": "00000000-0000-0000-0000-000000000000"
          }
        },
        {
          "method": "POST",
          "url": "https://dp-myfit-test-function-v2.azurewebsites.net/api/v1/tesserati/dettaglio/semplice",
          "body": {
            "cardnumber": "NzU3ODA5NTk0Mg=="
          },
          "status": 200,
          "contentType": "application/json; charset=utf-8",
          "text": "{\"activeYears\":[{\"year\":2021},{\"year\":2022},{\"year\":2023},{\"year\":2024},{\"year\":2025},{\"year\":2026}],\"player\":{\"name\":\"NIKOLA NIKOLAEV\",\"surname\":\"KERKENYAKOV\",\"tennis_club_name\":\"ASSOCIAZIONE SPORTIVA DILETTANTISTICA TENNIS CLUB LECCO\",\"tennis_club_municipality\":\"\",\"tennis_club_province\":\"Lecco\",\"tennis_club_id\":\"03130478\",\"membershipCard\":\"*******942\",\"category\":\"3° Categoria\",\"ranking\":\"3.1\",\"max_rank\":\"3.1\",\"max_rank_stagione\":2026,\"guid\":\"DBB15F53-9922-4A89-BCE1-27ED6BCAB5EE\"},\"discipline\":[{\"idDiscipline\":4332,\"discipline\":\"Tennis\",\"membershipCard\":\"NzU3ODA5NTk0Mg==\"}],\"baseStat\":[],\"avatar\":\"00000000-0000-0000-0000-000000000000\"}",
          "json": {
            "activeYears": [
              {
                "year": 2021
              },
              {
                "year": 2022
              },
              {
                "year": 2023
              },
              {
                "year": 2024
              },
              {
                "year": 2025
              },
              {
                "year": 2026
              }
            ],
            "player": {
              "name": "NIKOLA NIKOLAEV",
              "surname": "KERKENYAKOV",
              "tennis_club_name": "ASSOCIAZIONE SPORTIVA DILETTANTISTICA TENNIS CLUB LECCO",
              "tennis_club_municipality": "",
              "tennis_club_province": "Lecco",
              "tennis_club_id": "03130478",
              "membershipCard": "*******942",
              "category": "3° Categoria",
              "ranking": "3.1",
              "max_rank": "3.1",
              "max_rank_stagione": 2026,
              "guid": "DBB15F53-9922-4A89-BCE1-27ED6BCAB5EE"
            },
            "discipline": [
              {
                "idDiscipline": 4332,
                "discipline": "Tennis",
                "membershipCard": "NzU3ODA5NTk0Mg=="
              }
            ],
            "baseStat": [],
            "avatar": "00000000-0000-0000-0000-000000000000"
          }
        },
        {
          "method": "POST",
          "url": "https://dp-myfit-test-function-v2.azurewebsites.net/api/v1/tesserati/dettaglio/semplice",
          "body": {
            "CardNumber": "NzU3ODA5NTk0Mg=="
          },
          "status": 200,
          "contentType": "application/json; charset=utf-8",
          "text": "{\"activeYears\":[{\"year\":2021},{\"year\":2022},{\"year\":2023},{\"year\":2024},{\"year\":2025},{\"year\":2026}],\"player\":{\"name\":\"NIKOLA NIKOLAEV\",\"surname\":\"KERKENYAKOV\",\"tennis_club_name\":\"ASSOCIAZIONE SPORTIVA DILETTANTISTICA TENNIS CLUB LECCO\",\"tennis_club_municipality\":\"\",\"tennis_club_province\":\"Lecco\",\"tennis_club_id\":\"03130478\",\"membershipCard\":\"*******942\",\"category\":\"3° Categoria\",\"ranking\":\"3.1\",\"max_rank\":\"3.1\",\"max_rank_stagione\":2026,\"guid\":\"DBB15F53-9922-4A89-BCE1-27ED6BCAB5EE\"},\"discipline\":[{\"idDiscipline\":4332,\"discipline\":\"Tennis\",\"membershipCard\":\"NzU3ODA5NTk0Mg==\"}],\"baseStat\":[],\"avatar\":\"00000000-0000-0000-0000-000000000000\"}",
          "json": {
            "activeYears": [
              {
                "year": 2021
              },
              {
                "year": 2022
              },
              {
                "year": 2023
              },
              {
                "year": 2024
              },
              {
                "year": 2025
              },
              {
                "year": 2026
              }
            ],
            "player": {
              "name": "NIKOLA NIKOLAEV",
              "surname": "KERKENYAKOV",
              "tennis_club_name": "ASSOCIAZIONE SPORTIVA DILETTANTISTICA TENNIS CLUB LECCO",
              "tennis_club_municipality": "",
              "tennis_club_province": "Lecco",
              "tennis_club_id": "03130478",
              "membershipCard": "*******942",
              "category": "3° Categoria",
              "ranking": "3.1",
              "max_rank": "3.1",
              "max_rank_stagione": 2026,
              "guid": "DBB15F53-9922-4A89-BCE1-27ED6BCAB5EE"
            },
            "discipline": [
              {
                "idDiscipline": 4332,
                "discipline": "Tennis",
                "membershipCard": "NzU3ODA5NTk0Mg=="
              }
            ],
            "baseStat": [],
            "avatar": "00000000-0000-0000-0000-000000000000"
          }
        },
        {
          "method": "POST",
          "url": "https://dp-myfit-test-function-v2.azurewebsites.net/api/v1/tesserati/dettaglio/semplice",
          "body": {
            "numeroTessera": "NzU3ODA5NTk0Mg=="
          },
          "status": 200,
          "contentType": "text/plain; charset=utf-8",
          "text": "",
          "json": null
        }
      ]
    }
  ]
}
sheetApiExit=0
