startedAt=2026-08-14T22:56:12Z
sourceSha=f90333f232aa2f9103053c53074ad55fbe5528bc
runId=31848379138
province=82
{
  "version": "cw-v3-fitp-province-shard",
  "generatedAt": "2026-08-14T22:56:12.625Z",
  "status": "fitp_province_shard_complete",
  "provinceId": "82",
  "source": "One visible GitHub Actions shard per FITP province. Each province shard runs rotating logical windows with 21-day overlap except first historical window; saturated branches auto-split.",
  "coverageFrom": "2025-12-18",
  "coverageUntil": "2028-08-13",
  "branches": 8,
  "queries": 8,
  "tournamentsFound": 0,
  "unresolvedSaturations": 0,
  "regression": {
    "feniceBresciaLomb370": false,
    "rossoniKinderImperia": false,
    "navaKinderMilano3": false
  },
  "errors": []
}
exitCode=0
finishedAt=2026-08-14T22:56:16Z
