{
  "version": "cw-v3-agenda-first",
  "generatedAt": "2026-08-07T21:10:21.352Z",
  "status": "results_engine_ex_novo_waiting_official_results",
  "checks": {
    "agenda": 40,
    "results": 40,
    "completed": 25,
    "losses": 0,
    "opponents": 40,
    "opponentsWithClub": 0,
    "opponentsWithNationality": 0
  },
  "engines": {
    "entries": {
      "status": "built"
    },
    "ordersOfPlay": {
      "status": "built"
    },
    "results": {
      "status": "built",
      "file": "src/v3/results-engine.mjs",
      "method": "starts only from v3 agenda and official result targets; no data.json and no v2"
    }
  }
}
exitCode=0
