startedAt=2026-08-13T03:16:29Z
sourceSha=d9b3d689a9edb0a253f0e3a413276c7c950d69d1
{
  "version": "cw-v3-agenda-first",
  "generatedAt": "2026-08-13T03:16:29.419Z",
  "status": "fitp_individual_entries_complete_from_puc_any_list_card_strict_with_player_driven_candidate_rescue",
  "source": "FITP INDIVIDUAL TOURNAMENTS ONLY: cod_fonte=1. Reliable tournament map first, plus general player-driven P.U.C. candidate rescue for every tracked FITP player using card/name/aliases, then official P.U.C. detail participant confirmation. A tournament is valid only if the player appears in at least one Participants list. Matching uses membership card first; exact full name only when no P.U.C. card is available, preventing homonym/card-mismatch false positives. Team championships/cod_fonte=3 excluded for a future independent engine. TE/ITF excluded; no OOP; no results.",
  "coverageFrom": "2025-12-18",
  "tournamentsInput": 5557,
  "baseTournamentsInput": 5557,
  "allFitpTournamentsInput": 5557,
  "excludedTeamChampionships": 0,
  "playerDrivenCandidateTournaments": 0,
  "detailsChecked": 5557,
  "detailsWithDraws": 5554,
  "detailsWithParticipants": 15308,
  "participantsScanned": 387530,
  "participantsWithCard": 387530,
  "entriesFound": 374,
  "playersWithEntries": 25,
  "homonymRejected": 12,
  "verifiedCompetitionIds": [
    "25C6CC33-AE3A-447E-A55B-FBE66FBAFC80",
    "B3110C9E-C6E4-4DE6-A9A3-BAB9B1341D47"
  ],
  "verifiedCompetitionEntryRescues": 0,
  "playerDrivenCandidateRescues": 0,
  "playerDrivenCandidatesConfirmed": 0,
  "byPlayer": {
    "francesco-renzulli": 18,
    "nikola-kerkenyakov": 11,
    "carlo-ghislotti": 13,
    "manuel-natale": 29,
    "niccolo-zanaga": 13,
    "matilde-mainetti": 9,
    "aila-zennaro": 11,
    "virginia-cereghini": 7,
    "martina-danesi": 10,
    "filippo-vitali": 18,
    "mattia-garibaldi": 20,
    "nicholas-scappa": 8,
    "pietro-sala": 3,
    "noemi-paganini": 11,
    "camilla-lingeri": 34,
    "martina-busa": 10,
    "daniele-gelli": 17,
    "francesco-bocchio": 25,
    "gregorio-puccio": 23,
    "virginia-rossoni": 15,
    "matteo-bocchio": 22,
    "giulia-scozzafava": 6,
    "edoardo-grimoldi": 12,
    "anna-gambarini": 17,
    "alessio-nava": 12
  },
  "byMatchMethod": {
    "membership_card": 374
  },
  "byDiscoveryMethod": {
    "fitp_individual_tournament_map_then_official_detail_any_list_card_strict_confirmation": 374
  },
  "errors": []
}
fitpExit=0
{
  "version": "cw-v3-agenda-first",
  "generatedAt": "2026-08-13T03:29:55.130Z",
  "status": "entries_engine_merged_ex_novo_discoveries_with_validated_te_acceptance_lists",
  "coverageFrom": "2025-12-18",
  "checks": {
    "players": 29,
    "tournamentEntries": 406,
    "tournaments": 406,
    "byCircuit": {
      "fitp": 374,
      "tennis-europe": 30,
      "itf": 2
    },
    "warnings": 0,
    "tennisEuropeVisible": 30,
    "tennisEuropeAcceptanceConfirmed": 1,
    "diagnostics": "yellow"
  },
  "engines": {
    "discoverFitp": {
      "status": "fitp_individual_entries_complete_from_puc_any_list_card_strict_with_player_driven_candidate_rescue"
    },
    "discoverTennisEurope": {
      "status": "tennis_europe_acceptance_list_engine_complete_multievent_acceptance_applied_started_draw_rules_applied_same_rule_all_events",
      "calendarMerge": "enabled_for_dated_official_acceptance_list_entries"
    },
    "discoverItf": {
      "status": "seeded_pending_live_itf_scan"
    },
    "entries": {
      "status": "built",
      "file": "src/v3/entries-engine.mjs",
      "method": "merge FITP + validated dated TE acceptance list/profile entries + ITF; no v1/v2/data.json"
    },
    "ordersOfPlay": {
      "status": "active"
    },
    "results": {
      "status": "active"
    }
  },
  "warnings": []
}
entriesMergeExit=0
finishedAt=2026-08-13T03:29:55Z
