{
  "version": "cw-v3-agenda-first",
  "generatedAt": "2026-08-08T10:57:25.481Z",
  "status": "fitp_filter_audit",
  "purpose": "identify official PUC filter values for discipline tennis and competition tornei FITP/campionati a squadre without keyword search",
  "coverageFrom": "2025-12-18",
  "windows": 24,
  "fieldValues": [
    "id_disciplina",
    "cod_fonte",
    "id_fonte",
    "guid",
    "id_torneo_digital",
    "data_inizio",
    "data_fine",
    "nome_torneo",
    "id_statoPUC",
    "tipo_torneo",
    "id_settore",
    "citta",
    "provincia",
    "sigla_provincia",
    "tennisclub",
    "iscrizione_online",
    "cat_class",
    "cat_eta",
    "torneo_autorizzato"
  ],
  "errors": []
}
exitCode=0
