startedAt=2026-08-13T00:10:26Z
sourceSha=ccbb04231d4ec0e7bc4fbaa0cb813647ca781df2
runId=31653490077
province=27
{
  "version": "cw-v3-fitp-province-shard",
  "generatedAt": "2026-08-13T00:10:26.763Z",
  "status": "fitp_province_shard_complete",
  "provinceId": "27",
  "source": "One visible GitHub Actions shard per FITP province. Each province shard runs rotating logical windows with 21-day overlap except first historical window; saturated branches auto-split.",
  "coverageFrom": "2025-12-18",
  "coverageUntil": "2028-08-12",
  "branches": 8,
  "queries": 8,
  "tournamentsFound": 0,
  "unresolvedSaturations": 0,
  "regression": {
    "feniceBresciaLomb370": false,
    "rossoniKinderImperia": false,
    "navaKinderMilano3": false
  },
  "errors": []
}
exitCode=0
finishedAt=2026-08-13T00:10:28Z
