{
  "version": "cw-v3-agenda-first",
  "generatedAt": "2026-08-12T13:17:15.521Z",
  "status": "fitp_discovery_audit_complete",
  "source": "audit only: structured PUC filters id_disciplina=4332, cod_fonte=1/3, no keyword; explains why entries are/are not found",
  "coverageFrom": "2025-12-18",
  "players": 0,
  "listQueries": 356,
  "competitionsListed": 230,
  "detailsOpened": 85,
  "detailsWithDraws": 85,
  "detailsWithParticipants": 79,
  "totalDraws": 272,
  "totalParticipants": 2980,
  "participantsWithCard": 2980,
  "confirmedEntries": 0,
  "playersWithConfirmedEntries": 0,
  "errors": []
}
exitCode=0
