{
  "generatedAt": "2026-08-13T00:58:39.264Z",
  "target": "GARIBALDI MATTIA",
  "terms": [
    "GARIBALDI MATTIA",
    "MATTIA GARIBALDI",
    "GARIBALDI"
  ],
  "listHits": [],
  "candidateIds": [],
  "detailsChecked": 550,
  "hits": [
    {
      "competitionId": "8A01485F-5583-4B23-9175-920DABE056A6",
      "tournamentName": "LOMB. 1454 CIRCOLO TENNIS GIUSSANO -  TORNEO SARANNO FAMOSI MEMORIAL GIUSEPPE BALLABIO - U.10/12/14/16 SM/SF",
      "location": "Giussano MB",
      "startDate": "2025-12-22T00:00:00Z",
      "endDate": "2026-01-06T00:00:00Z",
      "participant": {
        "full1": "MATTIA GARIBALDI",
        "full2": "GARIBALDI MATTIA",
        "membershipCard": "1291969465",
        "ranking": "4.NC",
        "raw": {
          "Code": 111111,
          "MembershipCard": "1291969465",
          "Name": "MATTIA",
          "Surname": "GARIBALDI",
          "Ranking": "4.NC",
          "SubscriptionDate": "2025-11-18T18:27:25.617"
        }
      }
    },
    {
      "competitionId": "C9E7ABA0-017D-4320-B195-251225668C5E",
      "tournamentName": "RODEO U 10 12 14 - 1° tappa Circuito del Levante",
      "location": "Lerici SP",
      "startDate": "2026-01-16T00:00:00Z",
      "endDate": "2026-01-18T00:00:00Z",
      "participant": {
        "full1": "MATTIA GARIBALDI",
        "full2": "GARIBALDI MATTIA",
        "membershipCard": "1291969465",
        "ranking": "4.NC",
        "raw": {
          "Code": 111111,
          "MembershipCard": "1291969465",
          "Name": "MATTIA",
          "Surname": "GARIBALDI",
          "Ranking": "4.NC",
          "SubscriptionDate": "2026-01-05T22:28:39.667"
        }
      }
    },
    {
      "competitionId": "CBB3F40E-9022-4E96-9C52-ABF3B7B5122B",
      "tournamentName": "LOMB. 109 MERATE TENNIS & PADEL CENTER - RODEO - U.12/14 LIM. 4.NC - 3.1 SM",
      "location": "Merate LC",
      "startDate": "2026-01-24T00:00:00Z",
      "endDate": "2026-01-25T00:00:00Z",
      "participant": {
        "full1": "MATTIA GARIBALDI",
        "full2": "GARIBALDI MATTIA",
        "membershipCard": "1291969465",
        "ranking": "4.NC",
        "raw": {
          "Code": 111111,
          "MembershipCard": "1291969465",
          "Name": "MATTIA",
          "Surname": "GARIBALDI",
          "Ranking": "4.NC",
          "SubscriptionDate": "2026-01-12T23:14:02.61"
        }
      }
    },
    {
      "competitionId": "C7C02669-0D98-4613-B76C-DB050A2C6D6D",
      "tournamentName": "LOMB. 102 TENNIS CLUB MORBEGNO - 1^ TAPPA CIRCUITO RODEI GIOVANILI VALTELLINA 2026 - U.10/16 SM/SF / U.12/14 SM",
      "location": "Morbegno SO",
      "startDate": "2026-02-07T00:00:00Z",
      "endDate": "2026-02-08T00:00:00Z",
      "participant": {
        "full1": "MATTIA GARIBALDI",
        "full2": "GARIBALDI MATTIA",
        "membershipCard": "1291969465",
        "ranking": "4.NC",
        "raw": {
          "Code": 111111,
          "MembershipCard": "1291969465",
          "Name": "MATTIA",
          "Surname": "GARIBALDI",
          "Ranking": "4.NC",
          "SubscriptionDate": "2026-01-14T16:02:29.673"
        }
      }
    },
    {
      "competitionId": "63C4A85B-241B-4F71-B744-D11805500D7D",
      "tournamentName": "LOMB. 107 COME ON - RODEO - U.12/14/16 SM",
      "location": "Albavilla CO",
      "startDate": "2026-02-13T00:00:00Z",
      "endDate": "2026-02-15T00:00:00Z",
      "participant": {
        "full1": "MATTIA GARIBALDI",
        "full2": "GARIBALDI MATTIA",
        "membershipCard": "1291969465",
        "ranking": "4.NC",
        "raw": {
          "Code": 111111,
          "MembershipCard": "1291969465",
          "Name": "MATTIA",
          "Surname": "GARIBALDI",
          "Ranking": "4.NC",
          "SubscriptionDate": "2026-01-13T18:09:22.73"
        }
      }
    }
  ],
  "cards": [
    "1291969465"
  ],
  "errors": []
}
probeExit=0
