startedAt=2026-08-15T04:03:37Z
sourceSha=6febbe8eea392162bb23521bcc2dd0960491dc4e
runId=31860789797
province=78
{
  "version": "cw-v3-fitp-province-shard",
  "generatedAt": "2026-08-15T04:03:37.314Z",
  "status": "fitp_province_shard_with_unresolved_saturations",
  "provinceId": "78",
  "source": "One visible GitHub Actions shard per FITP province. Each province shard runs rotating logical windows with 21-day overlap except first historical window; saturated branches auto-split.",
  "coverageFrom": "2025-12-18",
  "coverageUntil": "2028-08-14",
  "branches": 56,
  "queries": 56,
  "tournamentsFound": 46,
  "unresolvedSaturations": 18,
  "regression": {
    "feniceBresciaLomb370": false,
    "rossoniKinderImperia": false,
    "navaKinderMilano3": false
  },
  "errors": []
}
exitCode=2
finishedAt=2026-08-15T04:03:44Z
