startedAt=2026-08-13T00:19:49Z
sourceSha=220ae786b39cded09dc3fec6d5eeaf3842bddc91
runId=31654029672
province=13
{
  "version": "cw-v3-fitp-province-shard",
  "generatedAt": "2026-08-13T00:19:49.405Z",
  "status": "fitp_province_shard_complete",
  "provinceId": "13",
  "source": "One visible GitHub Actions shard per FITP province. Each province shard runs rotating logical windows with 21-day overlap except first historical window; saturated branches auto-split.",
  "coverageFrom": "2025-12-18",
  "coverageUntil": "2028-08-12",
  "branches": 8,
  "queries": 10,
  "tournamentsFound": 101,
  "unresolvedSaturations": 0,
  "regression": {
    "feniceBresciaLomb370": false,
    "rossoniKinderImperia": false,
    "navaKinderMilano3": false
  },
  "errors": []
}
exitCode=0
finishedAt=2026-08-13T00:19:51Z
