startedAt=2026-08-16T08:56:34Z
sourceSha=f00bf1cf2966ef53083a9c50319fcdb7d496c860
runId=31937730301
{
  "version": "cw-v3-agenda-first",
  "generatedAt": "2026-08-16T08:56:34.364Z",
  "status": "isolated_engine_merge_guarded_fitp_te_itf",
  "coverageFrom": "2025-12-18",
  "checks": {
    "players": 26,
    "tournamentEntries": 440,
    "tournaments": 440,
    "byCircuit": {
      "fitp": 393,
      "tennis-europe": 45,
      "itf": 2
    },
    "warnings": 0,
    "tennisEuropeVisible": 45,
    "tennisEuropeAcceptanceConfirmed": 45,
    "diagnostics": "green"
  },
  "sourceRefs": {
    "fitp": "main",
    "tennisEurope": "main",
    "itf": "main"
  },
  "warnings": []
}
mergeExit=0
finishedAt=2026-08-16T08:56:35Z
