{
  "generatedAt": "2026-08-08T18:01:18.968Z",
  "status": "fitp_detail_bracket_source_audit_complete",
  "competitions": 4,
  "details": [
    {
      "competitionId": "7A37ABFA-E5E5-4067-ADBE-69ADA41A644A",
      "detailStatus": 200,
      "detailBytes": 20746,
      "tournamentCount": 4,
      "detailPlayerArrays": 7,
      "bracketUseful": 0,
      "bracketCalls": 0
    },
    {
      "competitionId": "B9516A9A-7BD3-4933-9CEB-AB1D77ACA93A",
      "detailStatus": 200,
      "detailBytes": 40130,
      "tournamentCount": 2,
      "detailPlayerArrays": 5,
      "bracketUseful": 0,
      "bracketCalls": 0
    },
    {
      "competitionId": "ECF62DBC-5BF4-41D3-9C90-129F91EFCCF3",
      "detailStatus": 200,
      "detailBytes": 19714,
      "tournamentCount": 4,
      "detailPlayerArrays": 10,
      "bracketUseful": 0,
      "bracketCalls": 0
    },
    {
      "competitionId": "8E872D3D-3E4E-4014-9606-ACADE6000B3F",
      "detailStatus": 200,
      "detailBytes": 77485,
      "tournamentCount": 12,
      "detailPlayerArrays": 10,
      "bracketUseful": 0,
      "bracketCalls": 0
    }
  ]
}
