startedAt=2026-08-10T02:23:24Z
sourceSha=79b7c0bfc6c0322d08d779241d6d557327db9b51
runId=31349653275
{
  "generatedAt": "2026-08-10T02:23:24.357Z",
  "mapGeneratedAt": "2026-08-09T21:17:53.418Z",
  "tournamentsFound": 5316,
  "mapCandidates": 236,
  "inspectedCount": 157,
  "terms": [
    "IMPERIA",
    "MILANO 3",
    "MILANO3",
    "MILANO TRE",
    "TENNIS CLUB MILANO 3",
    "TC MILANO 3",
    "SPORTING MILANO 3",
    "SPORTING MI3",
    "BASIGLIO",
    "TENNIS CLUB IMPERIA",
    "TC IMPERIA",
    "KINDER",
    "KINDER JOY",
    "KINDER JOY OF MOVING"
  ],
  "rawTerms": [
    "IMPERIA KINDER",
    "KINDER IMPERIA",
    "TENNIS TROPHY IMPERIA",
    "TENNIS CLUB IMPERIA KINDER",
    "MILANO 3 KINDER",
    "KINDER MILANO 3",
    "MILANO3 KINDER",
    "BASIGLIO KINDER",
    "SPORTING MILANO 3 KINDER",
    "SPORTING MI3 KINDER",
    "TENNIS TROPHY MILANO 3",
    "TENNIS TROPHY BASIGLIO",
    "IMPERIA",
    "MILANO 3",
    "MILANO3",
    "MILANO TRE",
    "TENNIS CLUB MILANO 3",
    "TC MILANO 3",
    "SPORTING MILANO 3",
    "SPORTING MI3",
    "BASIGLIO",
    "TENNIS CLUB IMPERIA",
    "TC IMPERIA",
    "KINDER",
    "KINDER JOY",
    "KINDER JOY OF MOVING"
  ],
  "cards": {
    "virginia_rossoni": "6701107987",
    "alessio_nava": "9076909095"
  },
  "rawSearch": [
    {
      "term": "IMPERIA KINDER",
      "total": 1,
      "rows": 1,
      "notInMap": 1
    },
    {
      "term": "KINDER IMPERIA",
      "total": 1,
      "rows": 1,
      "notInMap": 1
    },
    {
      "term": "TENNIS TROPHY IMPERIA",
      "total": 1,
      "rows": 1,
      "notInMap": 1
    },
    {
      "term": "TENNIS CLUB IMPERIA KINDER",
      "total": 0,
      "rows": 0,
      "notInMap": 0
    },
    {
      "term": "MILANO 3 KINDER",
      "total": 1,
      "rows": 1,
      "notInMap": 1
    },
    {
      "term": "KINDER MILANO 3",
      "total": 1,
      "rows": 1,
      "notInMap": 1
    },
    {
      "term": "MILANO3 KINDER",
      "total": 0,
      "rows": 0,
      "notInMap": 0
    },
    {
      "term": "BASIGLIO KINDER",
      "total": 1,
      "rows": 1,
      "notInMap": 1
    },
    {
      "term": "SPORTING MILANO 3 KINDER",
      "total": 1,
      "rows": 1,
      "notInMap": 1
    },
    {
      "term": "SPORTING MI3 KINDER",
      "total": 1,
      "rows": 1,
      "notInMap": 1
    },
    {
      "term": "TENNIS TROPHY MILANO 3",
      "total": 1,
      "rows": 1,
      "notInMap": 1
    },
    {
      "term": "TENNIS TROPHY BASIGLIO",
      "total": 1,
      "rows": 1,
      "notInMap": 1
    },
    {
      "term": "IMPERIA",
      "total": 49,
      "rows": 49,
      "notInMap": 13
    },
    {
      "term": "MILANO 3",
      "total": 245,
      "rows": 100,
      "notInMap": 28
    },
    {
      "term": "MILANO3",
      "total": 0,
      "rows": 0,
      "notInMap": 0
    },
    {
      "term": "MILANO TRE",
      "total": 1,
      "rows": 1,
      "notInMap": 0
    },
    {
      "term": "TENNIS CLUB MILANO 3",
      "total": 47,
      "rows": 47,
      "notInMap": 13
    },
    {
      "term": "TC MILANO 3",
      "total": 26,
      "rows": 26,
      "notInMap": 2
    },
    {
      "term": "SPORTING MILANO 3",
      "total": 18,
      "rows": 18,
      "notInMap": 6
    },
    {
      "term": "SPORTING MI3",
      "total": 25,
      "rows": 25,
      "notInMap": 23
    },
    {
      "term": "BASIGLIO",
      "total": 3,
      "rows": 3,
      "notInMap": 1
    },
    {
      "term": "TENNIS CLUB IMPERIA",
      "total": 26,
      "rows": 26,
      "notInMap": 5
    },
    {
      "term": "TC IMPERIA",
      "total": 2,
      "rows": 2,
      "notInMap": 0
    },
    {
      "term": "KINDER",
      "total": 121,
      "rows": 100,
      "notInMap": 10
    },
    {
      "term": "KINDER JOY",
      "total": 116,
      "rows": 100,
      "notInMap": 10
    },
    {
      "term": "KINDER JOY OF MOVING",
      "total": 0,
      "rows": 0,
      "notInMap": 0
    }
  ],
  "inspected": [
    {
      "competitionId": "08879EB8-042D-49A7-B574-F14BB71BF063",
      "tournamentName": "PRE QUALIFICAZIONI BNL 2026 DI 4^ CAT. - PROVINCIA DI IMPERIA - MASCHILE & FEMMINILE",
      "location": "Imperia IM",
      "club": "CIRCOLO DEL TENNIS IMPERIA AS DILETTANTISTICA",
      "inMap": true,
      "matchedTerms": [
        "IMPERIA"
      ],
      "participantsCount": 102,
      "cardHits": {
        "virginia_rossoni": [],
        "alessio_nava": []
      },
      "nearNameHits": []
    },
    {
      "competitionId": "2524A56C-B568-47EA-B620-F24514EF36C6",
      "tournamentName": "TENNIS TROPHY FITP KINDER JOY OF MOVING 2026 - LUNI MARE TC ASD",
      "location": "Luni SP",
      "club": "LUNI MARE TENNIS CLUB AS DILETTANTISTICA",
      "inMap": true,
      "matchedTerms": [
        "KINDER",
        "KINDER JOY",
        "KINDER JOY OF MOVING"
      ],
      "participantsCount": 163,
      "cardHits": {
        "virginia_rossoni": [
          {
            "draw": "Singolare Femminile Under 10",
            "full1": "VIRGINIA ROSSONI",
            "full2": "ROSSONI VIRGINIA",
            "ranking": "4.NC",
            "subscriptionDate": "2026-03-17T08:07:48.423"
          }
        ],
        "alessio_nava": []
      },
      "nearNameHits": [
        {
          "full1": "VIRGINIA ROSSONI",
          "full2": "ROSSONI VIRGINIA",
          "membershipCard": "6701107987",
          "ranking": "4.NC",
          "subscriptionDate": "2026-03-17T08:07:48.423",
          "draw": "Singolare Femminile Under 10"
        }
      ]
    },
    {
      "competitionId": "C8E3E5FE-9A7D-4453-B792-8C5931621266",
      "tournamentName": "Kia Open Sporting Milano 3 - MONTEPREMI 8000€",
      "location": "Basiglio MI",
      "club": "SPORTING MI3 SOCIETÀ SPORTIVA DILETTANTISTICA A.R.L.",
      "inMap": true,
      "matchedTerms": [
        "MILANO 3",
        "SPORTING MILANO 3",
        "SPORTING MI3",
        "BASIGLIO"
      ],
      "participantsCount": 128,
      "cardHits": {
        "virginia_rossoni": [],
        "alessio_nava": []
      },
      "nearNameHits": []
    },
    {
      "competitionId": "E3E4FB21-818D-4643-B98B-5968AEB7A9A8",
      "tournamentName": "CANOTTIERI MINCIO - TENNIS TROPHY FITP KINDER JOY OF MOVING - 2026",
      "location": "Mantova MN",
      "club": "SOCIETA' CANOTTIERI MINCIO GRUPPI SPORTIVI S.S.D. S.R.L.",
      "inMap": true,
      "matchedTerms": [
        "KINDER",
        "KINDER JOY",
        "KINDER JOY OF MOVING"
      ],
      "participantsCount": 263,
      "cardHits": {
        "virginia_rossoni": [
          {
            "draw": "Singolare Femminile Under 10",
            "full1": "VIRGINIA ROSSONI",
            "full2": "ROSSONI VIRGINIA",
            "ranking": "4.NC",
            "subscriptionDate": "2026-05-06T07:52:38.67"
          }
        ],
        "alessio_nava": []
      },
      "nearNameHits": [
        {
          "full1": "VIRGINIA ROSSONI",
          "full2": "ROSSONI VIRGINIA",
          "membershipCard": "6701107987",
          "ranking": "4.NC",
          "subscriptionDate": "2026-05-06T07:52:38.67",
          "draw": "Singolare Femminile Under 10"
        }
      ]
    },
    {
      "competitionId": "39EFA6ED-6636-429C-AB81-491777274134",
      "tournamentName": "Torneo wheelchair a gironi Sporting club MI3",
      "location": "Basiglio MI",
      "club": "SPORTING MI3 SOCIETÀ SPORTIVA DILETTANTISTICA A.R.L.",
      "inMap": true,
      "matchedTerms": [
        "SPORTING MI3",
        "BASIGLIO"
      ],
      "participantsCount": 19,
      "cardHits": {
        "virginia_rossoni": [],
        "alessio_nava": []
      },
      "nearNameHits": []
    },
    {
      "competitionId": "764BE2B6-3350-453F-92D0-59F726EB3A56",
      "tournamentName": "TORNEO LIM 2.6 CIRCOLO TENNIS IMPERIA",
      "location": "Imperia IM",
      "club": "CIRCOLO DEL TENNIS IMPERIA AS DILETTANTISTICA",
      "inMap": true,
      "matchedTerms": [
        "IMPERIA"
      ],
      "participantsCount": 78,
      "cardHits": {
        "virginia_rossoni": [],
        "alessio_nava": []
      },
      "nearNameHits": []
    },
    {
      "competitionId": "E17FA73B-2E6D-4038-A0B3-41FADD97367B",
      "tournamentName": "TENNIS TROPHY FITP KINDER JOY OF MOVING 2026",
      "location": "Mondovì CN",
      "club": "MONDOVI' SPORTING CLUB SOCIETA' SPORTIVA DILETTANTISTICA",
      "inMap": true,
      "matchedTerms": [
        "KINDER",
        "KINDER JOY",
        "KINDER JOY OF MOVING"
      ],
      "participantsCount": 101,
      "cardHits": {
        "virginia_rossoni": [
          {
            "draw": "Singolare Femminile Under 10",
            "full1": "VIRGINIA ROSSONI",
            "full2": "ROSSONI VIRGINIA",
            "ranking": "4.NC",
            "subscriptionDate": "2026-05-18T19:09:50.303"
          }
        ],
        "alessio_nava": []
      },
      "nearNameHits": [
        {
          "full1": "VIRGINIA ROSSONI",
          "full2": "ROSSONI VIRGINIA",
          "membershipCard": "6701107987",
          "ranking": "4.NC",
          "subscriptionDate": "2026-05-18T19:09:50.303",
          "draw": "Singolare Femminile Under 10"
        }
      ]
    },
    {
      "competitionId": "08677D93-F2B3-4449-AA89-C8FCB4100DA9",
      "tournamentName": "TENNISPORTING CLUB SONDRIO - TENNIS TROPHY FITP KINDER JOY OF MOVING - 2026",
      "location": "Sondrio SO",
      "club": "TENNISPORTING CLUB SONDRIO SSD ARL",
      "inMap": true,
      "matchedTerms": [
        "KINDER",
        "KINDER JOY",
        "KINDER JOY OF MOVING"
      ],
      "participantsCount": 106,
      "cardHits": {
        "virginia_rossoni": [],
        "alessio_nava": [
          {
            "draw": "Singolare Maschile Under 10",
            "full1": "ALESSIO NAVA",
            "full2": "NAVA ALESSIO",
            "ranking": "4.NC",
            "subscriptionDate": "2026-04-07T11:00:48.63"
          }
        ]
      },
      "nearNameHits": [
        {
          "full1": "ALESSIO NAVA",
          "full2": "NAVA ALESSIO",
          "membershipCard": "9076909095",
          "ranking": "4.NC",
          "subscriptionDate": "2026-04-07T11:00:48.63",
          "draw": "Singolare Maschile Under 10"
        }
      ]
    },
    {
      "competitionId": "CEA99A08-113C-4D53-950B-697A257FD3E9",
      "tournamentName": " 4^ Ed. Torneo Nazionale Open “Memorial Rosina Ruggiero”",
      "location": "Imperia IM",
      "club": "CIRCOLO DEL TENNIS IMPERIA AS DILETTANTISTICA",
      "inMap": true,
      "matchedTerms": [
        "IMPERIA"
      ],
      "participantsCount": 119,
      "cardHits": {
        "virginia_rossoni": [],
        "alessio_nava": []
      },
      "nearNameHits": []
    },
    {
      "competitionId": "FBC44DC9-348A-4005-B8F9-54721F7EFA03",
      "tournamentName": "Tennis Trophy FITP Kinder Joy of moving - Master finale - presso VILLATTE SSD SRL (ex Oasi di Pace) e ASD NEW APPIO CLAUDIO TENNIS TEAM",
      "location": "Roma RM",
      "club": "Federazione Italiana Tennis e Padel",
      "inMap": true,
      "matchedTerms": [
        "KINDER",
        "KINDER JOY",
        "KINDER JOY OF MOVING"
      ],
      "participantsCount": 822,
      "cardHits": {
        "virginia_rossoni": [
          {
            "draw": "Singolare Femminile Under 10",
            "full1": "VIRGINIA ROSSONI",
            "full2": "ROSSONI VIRGINIA",
            "ranking": "4.NC",
            "subscriptionDate": "2026-06-13T07:36:53.07"
          }
        ],
        "alessio_nava": []
      },
      "nearNameHits": [
        {
          "full1": "VIRGINIA ROSSONI",
          "full2": "ROSSONI VIRGINIA",
          "membershipCard": "6701107987",
          "ranking": "4.NC",
          "subscriptionDate": "2026-06-13T07:36:53.07",
          "draw": "Singolare Femminile Under 10"
        },
        {
          "full1": "DAVID JUAN NAVARRO SOLANO",
          "full2": "NAVARRO SOLANO DAVID JUAN",
          "membershipCard": "4977464871",
          "ranking": "3.2",
          "subscriptionDate": "2026-06-19T09:49:26.867",
          "draw": "Singolare Maschile Under 16"
        }
      ]
    },
    {
      "competitionId": "25C6CC33-AE3A-447E-A55B-FBE66FBAFC80",
      "tournamentName": "TENNIS TROPHY FITP KINDER JOY OF MOVING 2026 - CT IMPERIA",
      "location": "Imperia IM",
      "club": "CIRCOLO DEL TENNIS IMPERIA AS DILETTANTISTICA",
      "inMap": false,
      "matchedTerms": [
        "IMPERIA",
        "KINDER",
        "KINDER JOY",
        "KINDER JOY OF MOVING"
      ],
      "participantsCount": 66,
      "cardHits": {
        "virginia_rossoni": [
          {
            "draw": "Singolare Femminile Under 10",
            "full1": "VIRGINIA ROSSONI",
            "full2": "ROSSONI VIRGINIA",
            "ranking": "4.NC",
            "subscriptionDate": "2026-03-27T18:24:16.66"
          }
        ],
        "alessio_nava": []
      },
      "nearNameHits": [
        {
          "full1": "VIRGINIA ROSSONI",
          "full2": "ROSSONI VIRGINIA",
          "membershipCard": "6701107987",
          "ranking": "4.NC",
          "subscriptionDate": "2026-03-27T18:24:16.66",
          "draw": "Singolare Femminile Under 10"
        }
      ]
    },
    {
      "competitionId": "B3110C9E-C6E4-4DE6-A9A3-BAB9B1341D47",
      "tournamentName": "SPORTING MI3 - TENNIS TROPHY FITP KINDER JOY OF MOVING - 2026",
      "location": "Basiglio MI",
      "club": "SPORTING MI3 SOCIETÀ SPORTIVA DILETTANTISTICA A.R.L.",
      "inMap": false,
      "matchedTerms": [
        "SPORTING MI3",
        "BASIGLIO",
        "KINDER",
        "KINDER JOY",
        "KINDER JOY OF MOVING"
      ],
      "participantsCount": 446,
      "cardHits": {
        "virginia_rossoni": [],
        "alessio_nava": [
          {
            "draw": "Singolare Maschile Under 10",
            "full1": "ALESSIO NAVA",
            "full2": "NAVA ALESSIO",
            "ranking": "4.NC",
            "subscriptionDate": "2026-04-16T08:59:49.137"
          }
        ]
      },
      "nearNameHits": [
        {
          "full1": "ALESSIO NAVA",
          "full2": "NAVA ALESSIO",
          "membershipCard": "9076909095",
          "ranking": "4.NC",
          "subscriptionDate": "2026-04-16T08:59:49.137",
          "draw": "Singolare Maschile Under 10"
        },
        {
          "full1": "SAMUELE NAVA",
          "full2": "NAVA SAMUELE",
          "membershipCard": "8549194310",
          "ranking": "4.3",
          "subscriptionDate": "2026-04-16T06:51:28.65",
          "draw": "Singolare Maschile Under 13 LIM. 4.NC - 3.3"
        }
      ]
    },
    {
      "competitionId": "426562BE-AB7F-4609-9684-2DFB442836BF",
      "tournamentName": "TORNEO \" Spring \" SOLARO Lim. 4.1",
      "location": "Sanremo IM",
      "club": "AS DILETTANTISTICA TENNIS CLUB SOLARO",
      "inMap": false,
      "matchedTerms": [],
      "participantsCount": 85,
      "cardHits": {
        "virginia_rossoni": [],
        "alessio_nava": []
      },
      "nearNameHits": []
    },
    {
      "competitionId": "11111111-1111-1111-1111-111111111111",
      "tournamentName": "2A TAPPA CIRCUITO IMPERIA UNDER 18 EXPERT LEVEL SINGOLARE MASCHILE",
      "location": "CERVO IM",
      "club": "TENNIS CLUB CERVO SS DILETTANTISTICA  A.R.L.",
      "inMap": false,
      "matchedTerms": [
        "IMPERIA"
      ],
      "participantsCount": 0,
      "cardHits": {
        "virginia_rossoni": [],
        "alessio_nava": []
      },
      "nearNameHits": []
    },
    {
      "competitionId": "0E9133D7-F5F4-4C2B-A99F-54481BAF6D83",
      "tournamentName": "LIG - SERIE D4 FEMMINILE 2026 - SAVONA/IMPERIA",
      "location": "",
      "club": "",
      "inMap": false,
      "matchedTerms": [
        "IMPERIA"
      ],
      "participantsCount": 0,
      "cardHits": {
        "virginia_rossoni": [],
        "alessio_nava": []
      },
      "nearNameHits": []
    },
    {
      "competitionId": "D633DF7C-4AE5-4B0D-98BA-CD8D60CB40D3",
      "tournamentName": "LIG - SERIE D4 MASCHILE 2026 - IMPERIA",
      "location": "",
      "club": "",
      "inMap": false,
      "matchedTerms": [
        "IMPERIA"
      ],
      "participantsCount": 0,
      "cardHits": {
        "virginia_rossoni": [],
        "alessio_nava": []
      },
      "nearNameHits": []
    },
    {
      "competitionId": "1EC7F631-CB54-4BCF-9115-30F6DE8F4BE3",
      "tournamentName": "LOMB. 199 TENNIS CLUB OPERA - TORNEO WEEKEND TCO - U.12 SM/SF",
      "location": "Opera MI",
      "club": "TENNIS CLUB OPERA ASD",
      "inMap": false,
      "matchedTerms": [],
      "participantsCount": 40,
      "cardHits": {
        "virginia_rossoni": [],
        "alessio_nava": []
      },
      "nearNameHits": []
    },
    {
      "competitionId": "36DAC1D4-D5DB-471C-AFCA-200DD1DEC168",
      "tournamentName": "LOMB. 348 TENNIS CENTER ABBIATEGRASSO - TORNEO DI APRILE -  LIM. 4.NC - 3.1 SF / LIM. 4.NC - 3.4 SM",
      "location": "Abbiategrasso MI",
      "club": "ASSOCIAZIONE SPORTIVA DILETTANTISTICA TENNIS CENTER ABBIATEGRASSO",
      "inMap": false,
      "matchedTerms": [],
      "participantsCount": 40,
      "cardHits": {
        "virginia_rossoni": [],
        "alessio_nava": []
      },
      "nearNameHits": []
    },
    {
      "competitionId": "894CD00C-858E-447A-A871-5A4458F44917",
      "tournamentName": "LOMB. 423 SPORTING BORGO BAGNOLO - TORNEO BORGO BAGNOLO - LIM. 4.4 - 3.4 SM / LIM. 4.NC - 3.4 SF",
      "location": "San Donato Milanese MI",
      "club": "SPORTING BORGO BAGNOLO ASD",
      "inMap": false,
      "matchedTerms": [],
      "participantsCount": 80,
      "cardHits": {
        "virginia_rossoni": [],
        "alessio_nava": []
      },
      "nearNameHits": []
    },
    {
      "competitionId": "917A9368-E962-44E3-B73D-40469B443434",
      "tournamentName": "LOMB. 606 SPORTING CLUB GIOCAMI - TORNEO PAUSA PRANZO - Singolare Maschile LIM. 4.NC - 3.1",
      "location": "Cerro al Lambro MI",
      "club": "SPORTING CLUB GIOCAMI ASD",
      "inMap": false,
      "matchedTerms": [],
      "participantsCount": 0,
      "cardHits": {
        "virginia_rossoni": [],
        "alessio_nava": []
      },
      "nearNameHits": []
    },
    {
      "competitionId": "A9502086-7BF3-44E8-9CF6-27E52DA1CB50",
      "tournamentName": "MOLINETTO COUNTRY CLUB – TORNEO 4ª CAT - PROVA PROVINCIALE DI PREQUALIFICAZIONE BNL 2027 – MILANO/MONZA BRIANZA/LODI – SM/SF/DM/DF",
      "location": "Cernusco sul Naviglio MI",
      "club": "MOLINETTO COUNTRY CLUB ASSOCIAZIONE SPORTIVA DILETTANTISTICA",
      "inMap": false,
      "matchedTerms": [],
      "participantsCount": 234,
      "cardHits": {
        "virginia_rossoni": [],
        "alessio_nava": []
      },
      "nearNameHits": [
        {
          "full1": "OTTAVIO NAVA",
          "full2": "NAVA OTTAVIO",
          "membershipCard": "5810072698",
          "ranking": "4.NC",
          "subscriptionDate": "2026-04-27T17:22:59.407",
          "draw": "Singolare Maschile LIM. 4.NC - 4.1"
        }
      ]
    },
    {
      "competitionId": "C4FB87D5-8FE1-4219-9E9D-3098A4DCAA25",
      "tournamentName": "LOMB. 834 TENNIS NERVIANO - TORNEO PAUSA PRANZO - LIM. 4.NC - 4.1 SM",
      "location": "Nerviano MI",
      "club": "ASSOCIAZIONE SPORTIVA DILETTANTISTICA TENNIS NERVIANO",
      "inMap": false,
      "matchedTerms": [],
      "participantsCount": 30,
      "cardHits": {
        "virginia_rossoni": [],
        "alessio_nava": []
      },
      "nearNameHits": []
    },
    {
      "competitionId": "CD8F9DBB-BE7E-44F1-BECE-5426EBEF5AF0",
      "tournamentName": "LOMB. 903 TENNIS CLUB LAINATE - TORNEO - LIM. 4.NC - 4.1 SM",
      "location": "Lainate MI",
      "club": "ASSOCIAZIONE SPORTIVA DILETTANTISTICA TENNIS CLUB LAINATE",
      "inMap": false,
      "matchedTerms": [],
      "participantsCount": 49,
      "cardHits": {
        "virginia_rossoni": [],
        "alessio_nava": []
      },
      "nearNameHits": []
    },
    {
      "competitionId": "E0374B20-B6C8-41C9-A80D-5BCCD258BB4D",
      "tournamentName": "LOMB. 347 SPORT TIME LACCHIARELLA - TORNEO WEEKEND DI APRILE - LIM. 4.2 - 3.3 SM",
      "location": "Lacchiarella MI",
      "club": "ASSOCIAZIONE SPORTIVA DILETTANTISTICA SPORT TIME LACCHIARELLA",
      "inMap": false,
      "matchedTerms": [],
      "participantsCount": 56,
      "cardHits": {
        "virginia_rossoni": [],
        "alessio_nava": []
      },
      "nearNameHits": []
    },
    {
      "competitionId": "F13A8E8E-1706-4F98-9E25-1B90BFC05BD1",
      "tournamentName": "LOMB. 229 TENNIS CENTER ABBIATEGRASSO - TORNEO DI MARZO - Singolare Maschile LIM. 4.NC - 3.1",
      "location": "Abbiategrasso MI",
      "club": "ASSOCIAZIONE SPORTIVA DILETTANTISTICA TENNIS CENTER ABBIATEGRASSO",
      "inMap": false,
      "matchedTerms": [],
      "participantsCount": 40,
      "cardHits": {
        "virginia_rossoni": [],
        "alessio_nava": []
      },
      "nearNameHits": []
    },
    {
      "competitionId": "F2720D76-9267-4BF5-AAD3-419224972B7D",
      "tournamentName": "LOMB. 715 SAN COLOMBANO SEZ. TENNIS - 1° TORNEO DEI COLLI BANINI - LIM. 4.NC - 3.1 SM/SF",
      "location": "San Colombano al Lambro MI",
      "club": "ASSOCIAZIONE SPORTIVA DILETTANTISTICA SAN COLOMBANO SEZ. TENNIS",
      "inMap": false,
      "matchedTerms": [],
      "participantsCount": 43,
      "cardHits": {
        "virginia_rossoni": [],
        "alessio_nava": []
      },
      "nearNameHits": []
    },
    {
      "competitionId": "4FAB09B2-2272-4169-9245-31B26BC8E3EB",
      "tournamentName": "2026 LOMB. - FASCIA A FEMMINILE - CAMP. REGIONALE INDOOR - MACRO 1 - VARESE/MILANO/MONZA BRIANZA",
      "location": "",
      "club": "",
      "inMap": false,
      "matchedTerms": [],
      "participantsCount": 0,
      "cardHits": {
        "virginia_rossoni": [],
        "alessio_nava": []
      },
      "nearNameHits": []
    },
    {
      "competitionId": "531C526C-DFB9-4132-9AB4-4A1E630FAE6A",
      "tournamentName": "2026 LOMB. - SERIE D4 MILANO/LODI/MONZA BRIANZA",
      "location": "",
      "club": "",
      "inMap": false,
      "matchedTerms": [],
      "participantsCount": 0,
      "cardHits": {
        "virginia_rossoni": [],
        "alessio_nava": []
      },
      "nearNameHits": []
    },
    {
      "competitionId": "C209B8EF-FC88-4081-B0BC-1C5BC6577BC8",
      "tournamentName": "2026 LOMB. - FASCIA A MASCHILE - CAMP. REGIONALE INDOOR - MACRO 1 - VARESE/MILANO/MONZA BRIANZA",
      "location": "",
      "club": "",
      "inMap": false,
      "matchedTerms": [],
      "participantsCount": 0,
      "cardHits": {
        "virginia_rossoni": [],
        "alessio_nava": []
      },
      "nearNameHits": []
    },
    {
      "competitionId": "EE4B978F-F92A-4B07-88C1-46EF292057C9",
      "tournamentName": "2026 LOMB. - FASCIA C MASCHILE - CAMP. REGIONALE INDOOR - MACRO 1 - VARESE/MILANO/MONZA BRIANZA",
      "location": "",
      "club": "",
      "inMap": false,
      "matchedTerms": [],
      "participantsCount": 0,
      "cardHits": {
        "virginia_rossoni": [],
        "alessio_nava": []
      },
      "nearNameHits": []
    },
    {
      "competitionId": "03245C3C-C6F5-4950-A788-666C14E31607",
      "tournamentName": "LOMB. 730 TENNIS CLUB OPERA - TORNEO UNDER 12 TCO SM/SF",
      "location": "Opera MI",
      "club": "TENNIS CLUB OPERA ASD",
      "inMap": false,
      "matchedTerms": [],
      "participantsCount": 13,
      "cardHits": {
        "virginia_rossoni": [],
        "alessio_nava": []
      },
      "nearNameHits": []
    },
    {
      "competitionId": "1DA78080-9D1B-42D9-B2F9-BBDEF2CD5859",
      "tournamentName": "LOMB. 358 TENNIS CLUB TOSI - TORNEO TENNIS TEAM DEDE - LIM. 4.NC - 3.1 SM/SF",
      "location": "Legnano MI",
      "club": "TENNIS CLUB TOSI ASSOCIAZIONE SPORTIVA DILETTANTISTICA",
      "inMap": false,
      "matchedTerms": [],
      "participantsCount": 150,
      "cardHits": {
        "virginia_rossoni": [],
        "alessio_nava": []
      },
      "nearNameHits": []
    },
    {
      "competitionId": "4B9CB5CF-1444-494D-AD37-E4B83D243352",
      "tournamentName": "CIRCUITO REGIONALE LOMBARDO DI QUARTA CATEGORIA 2026 - PRIMA FASE - SECONDA TAPPA ",
      "location": "Legnano MI",
      "club": "TENNIS CLUB TOSI ASSOCIAZIONE SPORTIVA DILETTANTISTICA",
      "inMap": false,
      "matchedTerms": [],
      "participantsCount": 161,
      "cardHits": {
        "virginia_rossoni": [],
        "alessio_nava": []
      },
      "nearNameHits": [
        {
          "full1": "EMANUELE NAVA",
          "full2": "NAVA EMANUELE",
          "membershipCard": "0440429938",
          "ranking": "4.2",
          "subscriptionDate": "2026-02-07T16:53:32.923",
          "draw": "Singolare Maschile LIM. 4.NC - 4.1"
        }
      ]
    },
    {
      "competitionId": "70F45923-6363-45D8-9D37-B43D0E60B095",
      "tournamentName": "LOMB. 36 TENNIS CLUB BOSCHETTO - TORNEO BOSCHETTO VILLAGE 2026 - Singolare Maschile LIM. 4.NC - 4.1",
      "location": "Abbiategrasso MI",
      "club": "TENNIS CLUB BOSCHETTO ASS.SPORT. DILETTANTISTICA",
      "inMap": false,
      "matchedTerms": [],
      "participantsCount": 64,
      "cardHits": {
        "virginia_rossoni": [],
        "alessio_nava": []
      },
      "nearNameHits": []
    },
    {
      "competitionId": "7D6AF3E3-0500-4B86-BC8F-78EBE88B6D0B",
      "tournamentName": "LOMB. 794 TENNIS CLUB TOSI - TORNEO TENNIS TEAM DEDE - LIM. 4.NC - 3.2 SM",
      "location": "Legnano MI",
      "club": "TENNIS CLUB TOSI ASSOCIAZIONE SPORTIVA DILETTANTISTICA",
      "inMap": false,
      "matchedTerms": [],
      "participantsCount": 78,
      "cardHits": {
        "virginia_rossoni": [],
        "alessio_nava": []
      },
      "nearNameHits": []
    },
    {
      "competitionId": "948B648C-8D5B-4A7C-9912-B1C6FCC5221A",
      "tournamentName": "TE U14 MILANO",
      "location": "Milano MI",
      "club": "TENNIS CLUB AMBROSIANO SOCIETA' SPORTIVA DILETTANTISTICA A R.L.",
      "inMap": false,
      "matchedTerms": [],
      "participantsCount": 227,
      "cardHits": {
        "virginia_rossoni": [],
        "alessio_nava": []
      },
      "nearNameHits": []
    },
    {
      "competitionId": "CD88F2F2-42A1-44AD-8326-7219EE793362",
      "tournamentName": "LOMB. 447 TENNIS CLUB LAINATE - TORNEO - Singolare Maschile LIM. 4.NC - 3.1",
      "location": "Lainate MI",
      "club": "ASSOCIAZIONE SPORTIVA DILETTANTISTICA TENNIS CLUB LAINATE",
      "inMap": false,
      "matchedTerms": [],
      "participantsCount": 60,
      "cardHits": {
        "virginia_rossoni": [],
        "alessio_nava": []
      },
      "nearNameHits": []
    },
    {
      "competitionId": "E09596FB-7F86-438E-ABC2-856B6B2548FA",
      "tournamentName": "LOMB. 275 TENNIS CLUB BOSCHETTO - TORNEO BOSCHETTO VILLAGE - Singolare Maschile LIM. 4.NC - 4.1",
      "location": "Abbiategrasso MI",
      "club": "TENNIS CLUB BOSCHETTO ASS.SPORT. DILETTANTISTICA",
      "inMap": false,
      "matchedTerms": [],
      "participantsCount": 64,
      "cardHits": {
        "virginia_rossoni": [],
        "alessio_nava": []
      },
      "nearNameHits": []
    },
    {
      "competitionId": "EC5C7C20-0414-46B1-8EAC-D3C709040251",
      "tournamentName": "LOMB. 483 TENNIS CLUB POZZUOLO - TORNEO 2° MEMORIAL \"STEFANO MORLOTTI\" - LIM. 4.NC - 3.1 SM/SF",
      "location": "Pozzuolo Martesana MI",
      "club": "TENNIS CLUB POZZUOLO A.S.DILETTANTISTICA",
      "inMap": false,
      "matchedTerms": [],
      "participantsCount": 79,
      "cardHits": {
        "virginia_rossoni": [],
        "alessio_nava": []
      },
      "nearNameHits": []
    },
    {
      "competitionId": "FA4DE5A5-C5A2-45FF-8C37-DC62718E2CEA",
      "tournamentName": "LOMB. 687 TENNIS CLUB TOSI - TORNEO TENNIS TEAM DEDE -  LIM. 4.NC - 3.1 SM",
      "location": "Legnano MI",
      "club": "TENNIS CLUB TOSI ASSOCIAZIONE SPORTIVA DILETTANTISTICA",
      "inMap": false,
      "matchedTerms": [],
      "participantsCount": 129,
      "cardHits": {
        "virginia_rossoni": [],
        "alessio_nava": []
      },
      "nearNameHits": []
    },
    {
      "competitionId": "0D447E7B-EE08-4BF9-9560-86204EA06534",
      "tournamentName": "LOMB. 637 SPORTING CLUB GIOCAMI - 2° TORNEO \"LA RAMPINA\" - Singolare Maschile LIM. 4.NC - 3.1",
      "location": "Cerro al Lambro MI",
      "club": "SPORTING CLUB GIOCAMI ASD",
      "inMap": false,
      "matchedTerms": [],
      "participantsCount": 41,
      "cardHits": {
        "virginia_rossoni": [],
        "alessio_nava": []
      },
      "nearNameHits": []
    },
    {
      "competitionId": "A429F0C9-607B-487C-A02E-A8652D43D8CA",
      "tournamentName": "LOMB. 122 SPORTING BORGO BAGNOLO - TORNEO MATTINA-PAUSA PRANZO-SERA E WEEKEND -  LIM. 4.NC - 3.3 SM/SF",
      "location": "San Donato Milanese MI",
      "club": "SPORTING BORGO BAGNOLO ASD",
      "inMap": false,
      "matchedTerms": [],
      "participantsCount": 36,
      "cardHits": {
        "virginia_rossoni": [],
        "alessio_nava": []
      },
      "nearNameHits": []
    },
    {
      "competitionId": "F92C37F2-592E-45A7-A4F3-958AB734DCB0",
      "tournamentName": "LOMB. 829  SPORTING BORGO BAGNOLO - TORNEO TROFEO SAN DONATO MILANESE - LIM. 4.NC - 3.3 SM/SF",
      "location": "San Donato Milanese MI",
      "club": "SPORTING BORGO BAGNOLO ASD",
      "inMap": false,
      "matchedTerms": [],
      "participantsCount": 38,
      "cardHits": {
        "virginia_rossoni": [],
        "alessio_nava": []
      },
      "nearNameHits": []
    },
    {
      "competitionId": "31608A34-7C07-4494-A72C-A8129A32EAF9",
      "tournamentName": "SAR26 - T040 - TROPHY FITP KINDER JOY OF MOVING 2026",
      "location": "Ghilarza OR",
      "club": "AT DILETTANTISTICA TENNIS CLUB GHILARZA",
      "inMap": false,
      "matchedTerms": [
        "KINDER",
        "KINDER JOY",
        "KINDER JOY OF MOVING"
      ],
      "participantsCount": 122,
      "cardHits": {
        "virginia_rossoni": [],
        "alessio_nava": []
      },
      "nearNameHits": []
    },
    {
      "competitionId": "3860F260-FE3B-48E7-ADAA-71EB0800F663",
      "tournamentName": "TENNIS TROPHY FITP KINDER JOY OF MOVING tappa G SPORT VILLAGE 2026",
      "location": "Roma RM",
      "club": "G SPORT VILLAGE SS DILETTANTISTICA ARL",
      "inMap": false,
      "matchedTerms": [
        "KINDER",
        "KINDER JOY",
        "KINDER JOY OF MOVING"
      ],
      "participantsCount": 225,
      "cardHits": {
        "virginia_rossoni": [],
        "alessio_nava": []
      },
      "nearNameHits": []
    },
    {
      "competitionId": "43FA4AD3-D6C0-4464-9C7B-4A7B851A3343",
      "tournamentName": "TENNIS TROPHY FITP KINDER JOY OF MOVING 2026 - Tappa Le Palme",
      "location": "Roma RM",
      "club": "LE PALME",
      "inMap": false,
      "matchedTerms": [
        "KINDER",
        "KINDER JOY",
        "KINDER JOY OF MOVING"
      ],
      "participantsCount": 263,
      "cardHits": {
        "virginia_rossoni": [],
        "alessio_nava": []
      },
      "nearNameHits": []
    },
    {
      "competitionId": "4698A91B-4233-48E1-8E6C-40FB472BF77B",
      "tournamentName": "VENETO 167 -TENNIS TROPHY FITP KINDER JOY OF MOVING 2026",
      "location": "Portogruaro VE",
      "club": "ASSOCIAZIONE SPORTIVA DILETTANTISTICA TENNIS CLUB PORTOGRUARO",
      "inMap": false,
      "matchedTerms": [
        "KINDER",
        "KINDER JOY",
        "KINDER JOY OF MOVING"
      ],
      "participantsCount": 154,
      "cardHits": {
        "virginia_rossoni": [],
        "alessio_nava": []
      },
      "nearNameHits": []
    },
    {
      "competitionId": "79B15285-4183-4F0A-BE59-247655C31D67",
      "tournamentName": "ABRUZZO - TENNIS TROPHY FITP KINDER JOY OF MOVING 2026",
      "location": "Francavilla al Mare CH",
      "club": "TENNIS CLUB LA CAMPAGNA SS DILETTANTISTICA ARL",
      "inMap": false,
      "matchedTerms": [
        "KINDER",
        "KINDER JOY",
        "KINDER JOY OF MOVING"
      ],
      "participantsCount": 207,
      "cardHits": {
        "virginia_rossoni": [],
        "alessio_nava": []
      },
      "nearNameHits": []
    },
    {
      "competitionId": "8DCB5796-3E0F-48A3-BDBD-3540ECE05ECD",
      "tournamentName": "TENNIS TROPHY FITP KINDER JOY OF MOVING 2026 - T.C. POZZUOLI",
      "location": "Pozzuoli NA",
      "club": "ASD TENNIS CLUB POZZUOLI",
      "inMap": false,
      "matchedTerms": [
        "KINDER",
        "KINDER JOY",
        "KINDER JOY OF MOVING"
      ],
      "participantsCount": 491,
      "cardHits": {
        "virginia_rossoni": [],
        "alessio_nava": []
      },
      "nearNameHits": []
    },
    {
      "competitionId": "97E9138A-F040-4710-B9D1-83D58872C8A7",
      "tournamentName": "TENNIS TROPHY FITP KINDER JOY OF MOVING",
      "location": "Torino TO",
      "club": "ASSOCIAZIONE SPORTIVA DILETTANTISTICA C.U.S. TORINO",
      "inMap": false,
      "matchedTerms": [
        "KINDER",
        "KINDER JOY",
        "KINDER JOY OF MOVING"
      ],
      "participantsCount": 111,
      "cardHits": {
        "virginia_rossoni": [],
        "alessio_nava": []
      },
      "nearNameHits": []
    },
    {
      "competitionId": "9C21B5D0-FB8E-4503-B6CD-7F4D9B4F34CC",
      "tournamentName": "TENNIS TROPHY FITP KINDER JOY OF MOVING 2026 -POSEIDON CLUB-",
      "location": "Ercolano NA",
      "club": "SSD ARL POSEIDON CLUB",
      "inMap": false,
      "matchedTerms": [
        "KINDER",
        "KINDER JOY",
        "KINDER JOY OF MOVING"
      ],
      "participantsCount": 243,
      "cardHits": {
        "virginia_rossoni": [],
        "alessio_nava": []
      },
      "nearNameHits": []
    },
    {
      "competitionId": "B4D8B3FE-8F99-4A74-B2EB-5264C919D326",
      "tournamentName": "TOS - T.   162   TENNIS TROPHY FITP KINDER JOY OF MOVING 2026 - T.C. RONCHI MARE",
      "location": "Massa MS",
      "club": "A.S.DILETTANTISTICA TENNIS CLUB RONCHI MARE",
      "inMap": false,
      "matchedTerms": [
        "KINDER",
        "KINDER JOY",
        "KINDER JOY OF MOVING"
      ],
      "participantsCount": 207,
      "cardHits": {
        "virginia_rossoni": [],
        "alessio_nava": []
      },
      "nearNameHits": []
    }
  ]
}
diagnosticExit=0
finishedAt=2026-08-10T02:24:03Z
