startedAt=2026-08-14T12:29:34Z
sourceSha=c6a8f34f08968426f021cc80d44f3ff9f36d3a5b
runId=31800545595
province=16
{
  "version": "cw-v3-fitp-province-shard",
  "generatedAt": "2026-08-14T12:29:34.494Z",
  "status": "fitp_province_shard_with_unresolved_saturations",
  "provinceId": "16",
  "source": "One visible GitHub Actions shard per FITP province. Each province shard runs rotating logical windows with 21-day overlap except first historical window; saturated branches auto-split.",
  "coverageFrom": "2025-12-18",
  "coverageUntil": "2028-08-13",
  "branches": 60,
  "queries": 60,
  "tournamentsFound": 108,
  "unresolvedSaturations": 24,
  "regression": {
    "feniceBresciaLomb370": false,
    "rossoniKinderImperia": false,
    "navaKinderMilano3": false
  },
  "errors": []
}
exitCode=2
finishedAt=2026-08-14T12:29:48Z
