{
  "status": "complete",
  "coverageFrom": "2025-12-18",
  "coverageUntil": "2027-04-03",
  "queries": 1150,
  "successfulQueries": 1150,
  "competitionsChecked": 3265,
  "found": 191,
  "errors": 0
}
{
  "lastRun": "2026-08-06T09:54:13.023Z",
  "status": "complete",
  "competitionId": "8E872D3D-3E4E-4014-9606-ACADE6000B3F",
  "sectionsChecked": 17,
  "matchesCreatedOrUpdated": 38,
  "matchesWithTime": 0,
  "matchesWithOpponentClub": 0,
  "errors": []
}
{
  "lastRun": "2026-08-06T09:54:15.449Z",
  "status": "complete",
  "competitionId": "8E872D3D-3E4E-4014-9606-ACADE6000B3F",
  "date": "2026-08-06",
  "files": [
    "oraridigioco_20260803.pdf",
    "oraridigioco_20260804.pdf",
    "oraridigioco_20260805.pdf",
    "oraridigioco_20260806.pdf",
    "orariodigioco_20260802.pdf"
  ],
  "processed": [
    "oraridigioco_20260806.pdf"
  ],
  "downloaded": 1,
  "parsed": 1,
  "updated": 6,
  "withTime": 6,
  "withCourt": 0,
  "occurrences": 24,
  "removedNonToday": 0,
  "bralloToday": 6,
  "bralloTodayWithTime": 6,
  "hits": [
    {
      "player": "Niccolò Zanaga",
      "time": "12:00",
      "court": null,
      "double": false,
      "matchOpponent": "Matti Tommaso Nicholas / Del Giudice Filippo",
      "line": "TOSO MARGHERITA CABIBEL LOUIS TOMMASO o SARTORI RICCARDO GABRIELE 4 vs vs vs vs vs ZANAGA NICCOLO' o ROCCA CECCHI ALESSANDRO o DEL MORETTI DAVIDE o CALANDRA 12:00 MATTI TOMMASO PANIZZI GRETA"
    },
    {
      "player": "Aila Zennaro",
      "time": "13:00",
      "court": null,
      "double": true,
      "matchOpponent": "Amich Matilde",
      "line": "GABRIELE 5 vs vs vs vs vs vs vs BOZZI PIETRA - POZZI RAPETTI RICCARDO - PAGANELLI SARA o CEREGHINI RICCARDO o ZAMPINO PIZZI DOMITILLA o MANNARI ROCCATAGLIATA JACOPO o ROSSONI VIRGINIA - CANONICO LANZA ANNA o AMIGO ZENNARO AILA o TAGLIAFERRI"
    },
    {
      "player": "Aila Zennaro",
      "time": "13:00",
      "court": null,
      "double": true,
      "matchOpponent": "Tagliaferri Dalila / Widmer D'Autilia Isabella",
      "line": "5 vs vs vs vs vs vs vs BOZZI PIETRA - POZZI RAPETTI RICCARDO - PAGANELLI SARA o CEREGHINI RICCARDO o ZAMPINO PIZZI DOMITILLA o MANNARI ROCCATAGLIATA JACOPO o ROSSONI VIRGINIA - CANONICO LANZA ANNA o AMIGO ZENNARO AILA o TAGLIAFERRI 13:00 VI"
    },
    {
      "player": "Virginia Rossoni",
      "time": "13:00",
      "court": null,
      "double": true,
      "matchOpponent": "Moretti Flavia / Conte Ludovica",
      "line": "GABRIELE 5 vs vs vs vs vs vs vs BOZZI PIETRA - POZZI RAPETTI RICCARDO - PAGANELLI SARA o CEREGHINI RICCARDO o ZAMPINO PIZZI DOMITILLA o MANNARI ROCCATAGLIATA JACOPO o ROSSONI VIRGINIA - CANONICO LANZA ANNA o AMIGO ZENNARO AILA o TAGLIAFERRI"
    },
    {
      "player": "Virginia Rossoni",
      "time": "13:00",
      "court": null,
      "double": true,
      "matchOpponent": "Fantino Benedetta",
      "line": "5 vs vs vs vs vs vs vs BOZZI PIETRA - POZZI RAPETTI RICCARDO - PAGANELLI SARA o CEREGHINI RICCARDO o ZAMPINO PIZZI DOMITILLA o MANNARI ROCCATAGLIATA JACOPO o ROSSONI VIRGINIA - CANONICO LANZA ANNA o AMIGO ZENNARO AILA o TAGLIAFERRI 13:00 VI"
    },
    {
      "player": "Carlo Ghislotti",
      "time": "13:30",
      "court": null,
      "double": true,
      "matchOpponent": "Saccenti Giulio / Saccenti Giovanni",
      "line": "vs vs vs vs vs CORBETTA GREGORIO - AVEZZANO BIANCA - SANNINO MONCADA GIUDITTA - CASTELLANA AMERIGO - PORZIO BODOLO GIULIA - CORBETTA FILIPPO o 13:30 LUDOVICA o PANIZZI GRETA - CASTRACANI GIULIA o ZULIAN GHISLOTTI CARLO o FERRARI ZAMBENETTI "
    }
  ],
  "errors": [],
  "note": "Conservative mode: only official today rows; never overwrites opponents from PDF text."
}
{
  "lastRun": "2026-08-06T09:54:16.542Z",
  "status": "complete",
  "coverageFrom": "2025-12-18",
  "competitionsChecked": 86,
  "sectionsChecked": 538,
  "sectionsWithMatches": 534,
  "monitoredMatches": 410,
  "createdOrUpdatedMatches": 410,
  "newMatches": 38,
  "updatedResults": 376,
  "opponentClubsApplied": 0,
  "errors": []
}
{
  "lastRun": "2026-08-06T09:56:25.147Z",
  "enriched": 1133,
  "errors": []
}
{
  "lastRun": "2026-08-06T09:56:25.263Z",
  "tournamentDuplicatesRemoved": 0,
  "matchDuplicatesRemoved": 0,
  "matches": 414,
  "tournaments": 217
}
{
  "lastRun": "2026-08-06T09:56:25.381Z",
  "date": "2026-08-06",
  "competitionId": "8E872D3D-3E4E-4014-9606-ACADE6000B3F",
  "officialTodayMatches": 6,
  "removedNonOfficialTodayRows": 0,
  "status": "complete"
}
{
  "generatedAt": "2026-08-06T09:56:25.498Z",
  "today": "2026-08-06",
  "currentPlayers": 19,
  "formerPlayers": 4,
  "duplicateFormerPlayers": 0,
  "currentFormerOverlap": [],
  "mainTabPlayers": 19,
  "formerTabPlayers": 4,
  "tournaments": 217,
  "tournamentsBySource": {
    "fitp-puc": 195,
    "itf": 2,
    "tennis-europe": 20
  },
  "matches": 414,
  "matchesSinceCoverage": 414,
  "todayMatches": 7,
  "todayCurrentMatches": 6,
  "todayFormerMatches": 1,
  "matchesWithTime": 4,
  "matchesWithOpponentClub": 0,
  "losses": 132,
  "bralloMatches": 39,
  "bralloTodayMatches": 6,
  "bralloTimedMatches": 1,
  "te": {
    "lastRun": "2026-08-06T08:01:50.566Z",
    "status": "complete",
    "source": "official Tennis Europe only: player profiles and confirmed official TE tournament URLs",
    "coverageFrom": "2025-12-18",
    "profilesChecked": 21,
    "pagesChecked": 0,
    "entriesFound": 18,
    "errors": []
  },
  "fitp": {
    "lastRun": "2026-08-06T09:54:16.542Z",
    "status": "complete",
    "coverageFrom": "2025-12-18",
    "competitionsChecked": 86,
    "sectionsChecked": 538,
    "sectionsWithMatches": 534,
    "monitoredMatches": 410,
    "createdOrUpdatedMatches": 410,
    "newMatches": 38,
    "updatedResults": 376,
    "opponentClubsApplied": 0,
    "errors": []
  },
  "todayAgenda": {
    "lastRun": "2026-08-06T09:56:25.381Z",
    "date": "2026-08-06",
    "competitionId": "8E872D3D-3E4E-4014-9606-ACADE6000B3F",
    "officialTodayMatches": 6,
    "removedNonOfficialTodayRows": 0,
    "status": "complete"
  },
  "duplicateTournamentRows": 0
}
