node:internal/modules/run_main:123
    triggerUncaughtException(
    ^

browserType.launch: Executable doesn't exist at /home/runner/.cache/ms-playwright/chromium_headless_shell-1181/chrome-linux/headless_shell
╔═════════════════════════════════════════════════════════════════════════╗
║ Looks like Playwright Test or Playwright was just installed or updated. ║
║ Please run the following command to download new browsers:              ║
║                                                                         ║
║     npx playwright install                                              ║
║                                                                         ║
║ <3 Playwright Team                                                      ║
╚═════════════════════════════════════════════════════════════════════════╝
    at /home/runner/work/png8nftp9y-alt.github.io/png8nftp9y-alt.github.io/itf-entries.mjs?run=1785932918976:10:30 {
  name: 'Error'
}

Node.js v22.23.1
{
  "lastRun": "2026-08-05T12:28:39.378Z",
  "tournamentDuplicatesRemoved": 0,
  "matchDuplicatesRemoved": 0,
  "matches": 406,
  "tournaments": 213
}
