{
  "at": "2026-08-04T11:31:48.706Z",
  "removed": [],
  "danesi": {
    "status": "Main Draw",
    "position": 9,
    "positionField": "positionDisplay",
    "matchingObjects": 4,
    "fields": [
      "playerTypeDesc",
      "isJuniorRegional",
      "entryClassifications",
      "tournamentYear",
      "entryClassification",
      "entryClassificationCode",
      "entries",
      "positionDisplay",
      "juniorReservedPosition",
      "players",
      "priority",
      "information",
      "isExemption",
      "isAvailableSlot",
      "combinedPoints",
      "combinedRankings",
      "nationalityCode",
      "points",
      "birthYear",
      "atpWtaRank",
      "protectedFlag",
      "itfWorldTennisRanking",
      "nationalRanking",
      "regionalRanking",
      "juniorRanking",
      "itfBTRank",
      "worldRating",
      "shouldDisplayWtn",
      "playerId",
      "nationality",
      "givenName",
      "familyName",
      "profileLink",
      "hiddenPlayer"
    ]
  }
}
{
  "lastRun": "2026-08-04T11:31:48.917Z",
  "status": "complete",
  "competitionsChecked": 23,
  "sectionsChecked": 103,
  "sectionsWithMatches": 100,
  "monitoredMatches": 76,
  "updatedMatches": 0,
  "errors": []
}
{
  "lastRun": "2026-08-04T11:32:07.308Z",
  "changes": [
    {
      "player": "Matilde Mainetti",
      "date": "2026-08-02",
      "result": "6-0",
      "advances": true
    }
  ]
}
{
  "lastRun": "2026-08-04T11:32:07.372Z",
  "conditionalRemoved": 0,
  "tournamentDuplicatesRemoved": 0,
  "matchDuplicatesRemoved": 0
}
