{
  "lastRun": "2026-08-05T01:53:38.239Z",
  "status": "complete",
  "removedBralloRows": 52,
  "restoredBralloRows": 52,
  "puccioRemoved": 2,
  "ghislotti": 1,
  "cereghini": 1,
  "zennaro": 1,
  "vitali": 1,
  "gelli": 1,
  "paganini": 1,
  "bralloToday": 6,
  "bralloTodayWithTime": 6,
  "todayRows": [
    {
      "playerId": "carlo-ghislotti",
      "playerName": "Carlo Ghislotti",
      "time": "08:00",
      "opponent": "Saccenti Giovanni",
      "partner": "Ghislotti Carlo",
      "result": "",
      "status": "scheduled",
      "isDouble": false,
      "source": "manual-user-confirmed-aug5-precise"
    },
    {
      "playerId": "noemi-paganini",
      "playerName": "Noemi Paganini",
      "time": "11:30",
      "opponent": "Panizzi Greta",
      "partner": "Paganini Noemi",
      "result": "",
      "status": "scheduled",
      "isDouble": false,
      "source": "manual-user-confirmed-aug5-precise"
    },
    {
      "playerId": "daniele-gelli",
      "playerName": "Daniele Gelli",
      "time": "12:30",
      "opponent": "Greco Giovanni",
      "partner": "Gelli Daniele",
      "result": "",
      "status": "scheduled",
      "isDouble": false,
      "source": "manual-user-confirmed-aug5-precise"
    },
    {
      "playerId": "aila-zennaro",
      "playerName": "Aila Zennaro",
      "time": "13:00",
      "opponent": "Tagliaferri Dalila",
      "partner": "Zennaro Aila",
      "result": "",
      "status": "scheduled",
      "isDouble": false,
      "source": "manual-user-confirmed-aug5-precise"
    },
    {
      "playerId": "virginia-cereghini",
      "playerName": "Virginia Cereghini",
      "time": "13:00",
      "opponent": "Paganelli Sara",
      "partner": "Cereghini Virginia",
      "result": "",
      "status": "scheduled",
      "isDouble": false,
      "source": "manual-user-confirmed-aug5-precise"
    },
    {
      "playerId": "filippo-vitali",
      "playerName": "Filippo Vitali",
      "time": "16:00",
      "opponent": "Russomando Leonardo",
      "partner": "Vitali Filippo",
      "result": "",
      "status": "scheduled",
      "isDouble": false,
      "source": "manual-user-confirmed-aug5-precise"
    }
  ]
}
{
  "generatedAt": "2026-08-05T01:53:38.969Z",
  "today": "2026-08-05",
  "currentPlayers": 18,
  "formerPlayers": 4,
  "duplicateFormerPlayers": 0,
  "currentFormerOverlap": [],
  "mainTabPlayers": 18,
  "formerTabPlayers": 4,
  "tournaments": 198,
  "tournamentsBySource": {
    "fitp-puc": 176,
    "itf": 2,
    "tennis-europe": 20
  },
  "matches": 369,
  "matchesSinceCoverage": 369,
  "todayMatches": 6,
  "todayCurrentMatches": 6,
  "todayFormerMatches": 0,
  "matchesWithTime": 9,
  "matchesWithOpponentClub": 0,
  "losses": 120,
  "bralloMatches": 27,
  "bralloTodayMatches": 6,
  "bralloTimedMatches": 6,
  "te": {
    "lastRun": "2026-08-05T00:11:33.368Z",
    "status": "complete",
    "source": "official Tennis Europe only: player profiles and confirmed official TE tournament URLs",
    "coverageFrom": "2025-12-18",
    "profilesChecked": 21,
    "pagesChecked": 0,
    "entriesFound": 18,
    "errors": []
  },
  "fitp": {
    "lastRun": "2026-08-05T00:19:14.526Z",
    "status": "complete",
    "coverageFrom": "2025-12-18",
    "competitionsChecked": 81,
    "sectionsChecked": 513,
    "sectionsWithMatches": 509,
    "monitoredMatches": 366,
    "createdOrUpdatedMatches": 366,
    "newMatches": 28,
    "updatedResults": 329,
    "opponentClubsApplied": 0,
    "errors": []
  },
  "todayAgenda": {
    "lastRun": "2026-08-05T00:21:37.628Z",
    "date": "2026-08-05",
    "competitionId": "8E872D3D-3E4E-4014-9606-ACADE6000B3F",
    "matchesMovedToToday": 13,
    "status": "complete"
  },
  "duplicateTournamentRows": 0
}
