{
  "queries": [
    {
      "query": "BRALLO",
      "record": 1,
      "matched": 1
    },
    {
      "query": "SANREMO",
      "record": 6,
      "matched": 3
    },
    {
      "query": "CAMPIONATI ITALIANI INDIVIDUALI UNDER 11 MASCHILI 2026 BY ITALGAS",
      "record": 0,
      "matched": 0
    },
    {
      "query": "MILANO",
      "record": 49,
      "matched": 19
    },
    {
      "query": "CAMPIONATI ITALIANI INDIVIDUALI UNDER 12 MASCHILI E FEMMINILI 2026 BY ITALGAS",
      "record": 0,
      "matched": 0
    },
    {
      "query": "QUALIFICAZIONE AI CAMPIONATI ITALIANI UNDER 12 MASCHILI E FEMMINILI BY ITALGAS",
      "record": 0,
      "matched": 0
    },
    {
      "query": "FORTE DEI MARMI",
      "record": 3,
      "matched": 3
    },
    {
      "query": "TOS T 468 TORNEO UNDER 10 12 14 M F T C ITALIA CIRCUITO MEMORIAL MAURO SABATINI 2026",
      "record": 0,
      "matched": 0
    },
    {
      "query": "TERRE ROVERESCHE",
      "record": 2,
      "matched": 2
    },
    {
      "query": "17 TAPPA YOUNG CITY TOUR",
      "record": 1,
      "matched": 1
    },
    {
      "query": "BARI",
      "record": 13,
      "matched": 4
    },
    {
      "query": "QUALIFICAZIONE AI CAMPIONATI ITALIANI UNDER 11 FEMMINILI BY ITALGAS",
      "record": 0,
      "matched": 0
    },
    {
      "query": "ROMA ROMA",
      "record": 80,
      "matched": 19
    },
    {
      "query": "TENNIS TROPHY FITP KINDER JOY OF MOVING MASTER FINALE PRESSO VILLATTE SSD SRL EX OASI DI PACE E ASD NEW APPIO CLAUDIO TENNIS TEAM",
      "record": 0,
      "matched": 0
    },
    {
      "query": "VENEZIA",
      "record": 24,
      "matched": 6
    },
    {
      "query": "CAMPIONATI ITALIANI INDIVIDUALI UNDER 14 FEMMINILI 2026 BY ITALGAS",
      "record": 0,
      "matched": 0
    },
    {
      "query": "ALBAVILLA",
      "record": 1,
      "matched": 1
    },
    {
      "query": "LOMB 1035 COME ON RODEO U 12 14 SM",
      "record": 0,
      "matched": 0
    },
    {
      "query": "BARLETTA",
      "record": 7,
      "matched": 3
    },
    {
      "query": "CAMPIONATI ITALIANI INDIVIDUALI UNDER 13 FEMMINILI 2026 BY ITALGAS",
      "record": 0,
      "matched": 0
    },
    {
      "query": "AREZZO",
      "record": 16,
      "matched": 4
    },
    {
      "query": "QUALIFICAZIONE AI CAMPIONATI ITALIANI UNDER 14 MASCHILI BY ITALGAS",
      "record": 0,
      "matched": 0
    },
    {
      "query": "CAMPIONATI ITALIANI INDIVIDUALI UNDER 14 MASCHILI 2026 BY ITALGAS",
      "record": 0,
      "matched": 0
    }
  ],
  "competitions": 62,
  "downloads": 95,
  "errors": []
}
{
  "importedFiles": 3,
  "changedMatches": 4,
  "reports": [
    {
      "file": "143EF5AE-orariodigioco_20260724.pdf",
      "status": "ignored",
      "reason": "Non è un ordine di gioco P.U.C."
    },
    {
      "file": "143EF5AE-orariodigioco_20260725.pdf",
      "status": "ignored",
      "reason": "Non è un ordine di gioco P.U.C."
    },
    {
      "file": "143EF5AE-orariodigioco_20260726.pdf",
      "status": "ignored",
      "reason": "Non è un ordine di gioco P.U.C."
    },
    {
      "file": "143EF5AE-orariodigioco_20260727.pdf",
      "status": "ignored",
      "reason": "Non è un ordine di gioco P.U.C."
    },
    {
      "file": "143EF5AE-orariodigioco_20260728.pdf",
      "status": "ignored",
      "reason": "Non è un ordine di gioco P.U.C."
    },
    {
      "file": "143EF5AE-orariodigioco_20260729.pdf",
      "status": "ignored",
      "reason": "Non è un ordine di gioco P.U.C."
    },
    {
      "file": "143EF5AE-orariodigioco_20260730.pdf",
      "status": "ignored",
      "reason": "Non è un ordine di gioco P.U.C."
    },
    {
      "file": "143EF5AE-orariodigioco_20260731.pdf",
      "status": "ignored",
      "reason": "Non è un ordine di gioco P.U.C."
    },
    {
      "file": "143EF5AE-orariodigioco_20260801.pdf",
      "status": "ignored",
      "reason": "Non è un ordine di gioco P.U.C."
    },
    {
      "file": "143EF5AE-orariodigioco_20260802.pdf",
      "status": "ignored",
      "reason": "Non è un ordine di gioco P.U.C."
    },
    {
      "file": "143EF5AE-orariodigioco_20260803.pdf",
      "status": "ignored",
      "reason": "Non è un ordine di gioco P.U.C."
    },
    {
      "file": "143EF5AE-orariodigioco_20260804.pdf",
      "status": "ignored",
      "reason": "Non è un ordine di gioco P.U.C."
    },
    {
      "file": "19624507-orariodigioco_20260724.pdf",
      "status": "ignored",
      "reason": "Non è un ordine di gioco P.U.C."
    },
    {
      "file": "19624507-orariodigioco_20260725.pdf",
      "status": "ignored",
      "reason": "Non è un ordine di gioco P.U.C."
    },
    {
      "file": "19624507-orariodigioco_20260726.pdf",
      "status": "ignored",
      "reason": "Non è un ordine di gioco P.U.C."
    },
    {
      "file": "26EA4FDF-orariodigioco_20260731.pdf",
      "status": "ignored",
      "reason": "Non è un ordine di gioco P.U.C."
    },
    {
      "file": "26EA4FDF-orariodigioco_20260801.pdf",
      "status": "ignored",
      "reason": "Non è un ordine di gioco P.U.C."
    },
    {
      "file": "26EA4FDF-orariodigioco_20260802.pdf",
      "status": "ignored",
      "reason": "Non è un ordine di gioco P.U.C."
    },
    {
      "file": "26EA4FDF-orariodigioco_20260803.pdf",
      "status": "ignored",
      "reason": "Non è un ordine di gioco P.U.C."
    },
    {
      "file": "26EA4FDF-orariodigioco_20260804.pdf",
      "status": "ignored",
      "reason": "Non è un ordine di gioco P.U.C."
    },
    {
      "file": "318E98B6-orariodigioco_20260725.pdf",
      "status": "ignored",
      "reason": "Non è un ordine di gioco P.U.C."
    },
    {
      "file": "318E98B6-orariodigioco_20260726.pdf",
      "status": "ignored",
      "reason": "Non è un ordine di gioco P.U.C."
    },
    {
      "file": "318E98B6-orariodigioco_20260727.pdf",
      "status": "ignored",
      "reason": "Non è un ordine di gioco P.U.C."
    },
    {
      "file": "318E98B6-orariodigioco_20260728.pdf",
      "status": "ignored",
      "reason": "Non è un ordine di gioco P.U.C."
    },
    {
      "file": "318E98B6-orariodigioco_20260729.pdf",
      "status": "ignored",
      "reason": "Non è un ordine di gioco P.U.C."
    },
    {
      "file": "318E98B6-orariodigioco_20260730.pdf",
      "status": "ignored",
      "reason": "Non è un ordine di gioco P.U.C."
    },
    {
      "file": "318E98B6-orariodigioco_20260731.pdf",
      "status": "ignored",
      "reason": "Non è un ordine di gioco P.U.C."
    },
    {
      "file": "318E98B6-orariodigioco_20260801.pdf",
      "status": "ignored",
      "reason": "Non è un ordine di gioco P.U.C."
    },
    {
      "file": "318E98B6-orariodigioco_20260802.pdf",
      "status": "ignored",
      "reason": "Non è un ordine di gioco P.U.C."
    },
    {
      "file": "659352F1-oraridigioco_20260725.pdf",
      "status": "ignored",
      "reason": "Non è un ordine di gioco P.U.C."
    },
    {
      "file": "659352F1-orariodigioco_20260724.pdf",
      "status": "ignored",
      "reason": "Non è un ordine di gioco P.U.C."
    },
    {
      "file": "659352F1-orariodigioco_20260726.pdf",
      "status": "ignored",
      "reason": "Non è un ordine di gioco P.U.C."
    },
    {
      "file": "659352F1-orariodigioco_20260727.pdf",
      "status": "ignored",
      "reason": "Non è un ordine di gioco P.U.C."
    },
    {
      "file": "659352F1-orariodigioco_20260728.pdf",
      "status": "ignored",
      "reason": "Non è un ordine di gioco P.U.C."
    },
    {
      "file": "659352F1-orariodigioco_20260729.pdf",
      "status": "ignored",
      "reason": "Non è un ordine di gioco P.U.C."
    },
    {
      "file": "659352F1-orariodigioco_20260730.pdf",
      "status": "ignored",
      "reason": "Non è un ordine di gioco P.U.C."
    },
    {
      "file": "659352F1-orariodigioco_20260731.pdf",
      "status": "ignored",
      "reason": "Non è un ordine di gioco P.U.C."
    },
    {
      "file": "659352F1-orariodigioco_20260801.pdf",
      "status": "ignored",
      "reason": "Non è un ordine di gioco P.U.C."
    },
    {
      "file": "6839823E-orariodigioco_20260724.pdf",
      "status": "ignored",
      "reason": "Non è un ordine di gioco P.U.C."
    },
    {
      "file": "6839823E-orariodigioco_20260725.pdf",
      "status": "ignored",
      "reason": "Non è un ordine di gioco P.U.C."
    },
    {
      "file": "6839823E-orariodigioco_20260726.pdf",
      "status": "ignored",
      "reason": "Non è un ordine di gioco P.U.C."
    },
    {
      "file": "6839823E-orariodigioco_20260727.pdf",
      "status": "ignored",
      "reason": "Non è un ordine di gioco P.U.C."
    },
    {
      "file": "6839823E-orariodigioco_20260728.pdf",
      "status": "ignored",
      "reason": "Non è un ordine di gioco P.U.C."
    },
    {
      "file": "6839823E-orariodigioco_20260729.pdf",
      "status": "ignored",
      "reason": "Non è un ordine di gioco P.U.C."
    },
    {
      "file": "6839823E-orariodigioco_20260730.pdf",
      "status": "ignored",
      "reason": "Non è un ordine di gioco P.U.C."
    },
    {
      "file": "6839823E-orariodigioco_20260731.pdf",
      "status": "ignored",
      "reason": "Non è un ordine di gioco P.U.C."
    },
    {
      "file": "6839823E-orariodigioco_20260801.pdf",
      "status": "ignored",
      "reason": "Non è un ordine di gioco P.U.C."
    },
    {
      "file": "6839823E-orariodigioco_20260802.pdf",
      "status": "ignored",
      "reason": "Non è un ordine di gioco P.U.C."
    },
    {
      "file": "7AE747A5-orariodigioco_20260725.pdf",
      "status": "ignored",
      "reason": "Non è un ordine di gioco P.U.C."
    },
    {
      "file": "7B48F101-orariodigioco_20260727.pdf",
      "status": "ignored",
      "reason": "Non è un ordine di gioco P.U.C."
    },
    {
      "file": "7B48F101-orariodigioco_20260728.pdf",
      "status": "ignored",
      "reason": "Non è un ordine di gioco P.U.C."
    },
    {
      "file": "7B48F101-orariodigioco_20260729.pdf",
      "status": "ignored",
      "reason": "Non è un ordine di gioco P.U.C."
    },
    {
      "file": "7B48F101-orariodigioco_20260730.pdf",
      "status": "ignored",
      "reason": "Non è un ordine di gioco P.U.C."
    },
    {
      "file": "7B48F101-orariodigioco_20260731.pdf",
      "status": "ignored",
      "reason": "Non è un ordine di gioco P.U.C."
    },
    {
      "file": "7B48F101-orariodigioco_20260801.pdf",
      "status": "ignored",
      "reason": "Non è un ordine di gioco P.U.C."
    },
    {
      "file": "7B48F101-orariodigioco_20260802.pdf",
      "status": "ignored",
      "reason": "Non è un ordine di gioco P.U.C."
    },
    {
      "file": "7B48F101-orariodigioco_20260803.pdf",
      "status": "ignored",
      "reason": "Non è un ordine di gioco P.U.C."
    },
    {
      "file": "7B48F101-orariodigioco_20260804.pdf",
      "status": "ignored",
      "reason": "Non è un ordine di gioco P.U.C."
    },
    {
      "file": "87777B3E-orariodigioco_20260725.pdf",
      "status": "ignored",
      "reason": "Non è un ordine di gioco P.U.C."
    },
    {
      "file": "87777B3E-orariodigioco_20260726.pdf",
      "status": "ignored",
      "reason": "Non è un ordine di gioco P.U.C."
    },
    {
      "file": "8B2DB26F-orariodigioco_20260719.pdf",
      "status": "ignored",
      "reason": "Non è un ordine di gioco P.U.C."
    },
    {
      "file": "8B2DB26F-orariodigioco_20260724.pdf",
      "status": "ignored",
      "reason": "Non è un ordine di gioco P.U.C."
    },
    {
      "file": "8B2DB26F-orariodigioco_20260725.pdf",
      "status": "ignored",
      "reason": "Non è un ordine di gioco P.U.C."
    },
    {
      "file": "8E872D3D-oraridigioco_20260803.pdf",
      "status": "imported",
      "date": "2026-08-03",
      "competition": "TORNEO JUNIOR NEXT GEN presso CENTRO ESTIVO FITP BRALLO Gi udi ce Arbi tro",
      "players": [
        {
          "name": "Carlo Ghislotti",
          "time": "13:00",
          "court": "11",
          "opponent": null
        },
        {
          "name": "Filippo Vitali",
          "time": "13:00",
          "court": "6",
          "opponent": null
        },
        {
          "name": "Gregorio Puccio",
          "time": "13:00",
          "court": "6",
          "opponent": null
        },
        {
          "name": "Matilde Mainetti",
          "time": "19:00",
          "court": "5",
          "opponent": null
        }
      ]
    },
    {
      "file": "8E872D3D-oraridigioco_20260804.pdf",
      "status": "imported",
      "date": "2026-08-04",
      "competition": "TORNEO JUNIOR NEXT GEN presso CENTRO ESTIVO FITP BRALLO",
      "players": [
        {
          "name": "Carlo Ghislotti",
          "time": "09:00",
          "court": "1",
          "opponent": null
        },
        {
          "name": "Daniele Gelli",
          "time": "18:30",
          "court": "3",
          "opponent": "Q2 — vincente tra Dede', Dalli, Zamborlini, America"
        },
        {
          "name": "Gregorio Puccio",
          "time": "16:00",
          "court": "15",
          "opponent": "Q5 — vincente tra Bonora, Marzi, Ferrato, Marengo"
        },
        {
          "name": "Matilde Mainetti",
          "time": "19:00",
          "court": "6",
          "opponent": null
        },
        {
          "name": "Noemi Paganini",
          "time": "14:30",
          "court": "16",
          "opponent": "Q6 Pozzi, Figoli"
        }
      ]
    },
    {
      "file": "8E872D3D-orariodigioco_20260802.pdf",
      "status": "ignored",
      "reason": "Non è un ordine di gioco P.U.C."
    },
    {
      "file": "90E5DC36-orariodigioco_20260801.pdf",
      "status": "ignored",
      "reason": "Non è un ordine di gioco P.U.C."
    },
    {
      "file": "90E5DC36-orariodigioco_20260802.pdf",
      "status": "ignored",
      "reason": "Non è un ordine di gioco P.U.C."
    },
    {
      "file": "94C7E886-oraridigioco_20260801.pdf",
      "status": "ignored",
      "reason": "Non è un ordine di gioco P.U.C."
    },
    {
      "file": "94C7E886-oraridigioco_20260802.pdf",
      "status": "ignored",
      "reason": "Non è un ordine di gioco P.U.C."
    },
    {
      "file": "94C7E886-oraridigioco_20260803.pdf",
      "status": "ignored",
      "reason": "Non è un ordine di gioco P.U.C."
    },
    {
      "file": "D3F8BE2D-orariodigioco_20260802.pdf",
      "status": "ignored",
      "reason": "Non è un ordine di gioco P.U.C."
    },
    {
      "file": "D3F8BE2D-orariodigioco_20260803.pdf",
      "status": "ignored",
      "reason": "Non è un ordine di gioco P.U.C."
    },
    {
      "file": "F3616CBC-orariodigioco_20260719.pdf",
      "status": "ignored",
      "reason": "Non è un ordine di gioco P.U.C."
    },
    {
      "file": "F3616CBC-orariodigioco_20260720.pdf",
      "status": "imported",
      "date": "2026-07-20",
      "competition": "TORNEO JUNIOR NEXT GEN presso CENTRO ESTIVO FITP PADERNO DEL GRAPPA",
      "players": []
    },
    {
      "file": "F3616CBC-orariodigioco_20260721.pdf",
      "status": "ignored",
      "reason": "Non è un ordine di gioco P.U.C."
    },
    {
      "file": "F3616CBC-orariodigioco_20260722.pdf",
      "status": "ignored",
      "reason": "Non è un ordine di gioco P.U.C."
    },
    {
      "file": "F3616CBC-orariodigioco_20260723.pdf",
      "status": "ignored",
      "reason": "Non è un ordine di gioco P.U.C."
    },
    {
      "file": "F3616CBC-orariodigioco_20260724.pdf",
      "status": "ignored",
      "reason": "Non è un ordine di gioco P.U.C."
    },
    {
      "file": "F3616CBC-orariodigioco_20260725.pdf",
      "status": "ignored",
      "reason": "Non è un ordine di gioco P.U.C."
    },
    {
      "file": "F8CBED98-orariodigioco_20260722.pdf",
      "status": "ignored",
      "reason": "Non è un ordine di gioco P.U.C."
    },
    {
      "file": "F8CBED98-orariodigioco_20260723.pdf",
      "status": "ignored",
      "reason": "Non è un ordine di gioco P.U.C."
    },
    {
      "file": "F8CBED98-orariodigioco_20260724.pdf",
      "status": "ignored",
      "reason": "Non è un ordine di gioco P.U.C."
    },
    {
      "file": "F8CBED98-orariodigioco_20260725.pdf",
      "status": "ignored",
      "reason": "Non è un ordine di gioco P.U.C."
    },
    {
      "file": "F8CBED98-orariodigioco_20260726.pdf",
      "status": "ignored",
      "reason": "Non è un ordine di gioco P.U.C."
    },
    {
      "file": "F8CBED98-orariodigioco_20260727.pdf",
      "status": "ignored",
      "reason": "Non è un ordine di gioco P.U.C."
    },
    {
      "file": "F8CBED98-orariodigioco_20260728.pdf",
      "status": "ignored",
      "reason": "Non è un ordine di gioco P.U.C."
    },
    {
      "file": "F8CBED98-orariodigioco_20260729.pdf",
      "status": "ignored",
      "reason": "Non è un ordine di gioco P.U.C."
    },
    {
      "file": "F8CBED98-orariodigioco_20260730.pdf",
      "status": "ignored",
      "reason": "Non è un ordine di gioco P.U.C."
    },
    {
      "file": "F8CBED98-orariodigioco_20260731.pdf",
      "status": "ignored",
      "reason": "Non è un ordine di gioco P.U.C."
    },
    {
      "file": "F8CBED98-orariodigioco_20260801.pdf",
      "status": "ignored",
      "reason": "Non è un ordine di gioco P.U.C."
    },
    {
      "file": "F8CBED98-orariodigioco_20260802.pdf",
      "status": "ignored",
      "reason": "Non è un ordine di gioco P.U.C."
    },
    {
      "file": "F8CBED98-orariodigioco_20260803.pdf",
      "status": "ignored",
      "reason": "Non è un ordine di gioco P.U.C."
    },
    {
      "file": "FBC44DC9-oraridigioco_20260819.pdf",
      "status": "ignored",
      "reason": "Non è un ordine di gioco P.U.C."
    },
    {
      "file": "FBC44DC9-oraridigioco_20260820.pdf",
      "status": "ignored",
      "reason": "Non è un ordine di gioco P.U.C."
    }
  ]
}
