<anonymous_script>:1
PLACEHOLDER
^

SyntaxError: Unexpected token 'P', "PLACEHOLDER" is not valid JSON
    at JSON.parse (<anonymous>)
    at file:///home/runner/work/png8nftp9y-alt.github.io/png8nftp9y-alt.github.io/run-with-former.mjs:1:174

Node.js v22.23.2
<anonymous_script>:1
PLACEHOLDER
^

SyntaxError: Unexpected token 'P', "PLACEHOLDER" is not valid JSON
    at JSON.parse (<anonymous>)
    at file:///home/runner/work/png8nftp9y-alt.github.io/png8nftp9y-alt.github.io/run-with-former.mjs:1:174

Node.js v22.23.2
<anonymous_script>:1
PLACEHOLDER
^

SyntaxError: Unexpected token 'P', "PLACEHOLDER" is not valid JSON
    at JSON.parse (<anonymous>)
    at file:///home/runner/work/png8nftp9y-alt.github.io/png8nftp9y-alt.github.io/courtwatch-audit.mjs:3:20

Node.js v22.23.2
