<anonymous_script>:1
PLACEHOLDER
^

SyntaxError: Unexpected token 'P', "PLACEHOLDER" is not valid JSON
    at JSON.parse (<anonymous>)
    at file:///home/runner/work/png8nftp9y-alt.github.io/png8nftp9y-alt.github.io/run-with-former.mjs:1:174

Node.js v22.23.1
<anonymous_script>:1
PLACEHOLDER
^

SyntaxError: Unexpected token 'P', "PLACEHOLDER" is not valid JSON
    at JSON.parse (<anonymous>)
    at file:///home/runner/work/png8nftp9y-alt.github.io/png8nftp9y-alt.github.io/courtwatch-audit.mjs:3:20

Node.js v22.23.1
{
  "version": "cw-rewrite-v1",
  "generatedAt": "2026-08-13T12:27:56.902Z",
  "counts": {
    "currentPlayers": 0,
    "formerPlayers": 4,
    "tournaments": 223,
    "matches": 423,
    "agenda": 423
  },
  "checks": {
    "currentFormerOverlap": [],
    "agendaWithoutMatch": 0,
    "duplicatePlayers": 0
  },
  "note": "Bootstrap della nuova architettura: file separati generati in parallelo, vecchia app non modificata."
}
{
  "at": "2026-08-13T12:27:56.970Z",
  "status": "ok",
  "errors": [],
  "counts": {
    "currentPlayers": 0,
    "formerPlayers": 4,
    "tournaments": 223,
    "matches": 423,
    "agenda": 423
  }
}
