{
  "lastRun": "2026-08-05T22:45:02.538Z",
  "status": "complete_needs_puc_id_backfill",
  "finalCount": 8,
  "expectedCountUsed": false
}
{
  "lastRun": "2026-08-05T22:45:02.649Z",
  "tournamentDuplicatesRemoved": 0,
  "matchDuplicatesRemoved": 0,
  "matches": 409,
  "tournaments": 217
}
{
  "generatedAt": "2026-08-05T22:45:02.775Z",
  "today": "2026-08-06",
  "currentPlayers": 19,
  "formerPlayers": 4,
  "duplicateFormerPlayers": 0,
  "currentFormerOverlap": [],
  "mainTabPlayers": 19,
  "formerTabPlayers": 4,
  "tournaments": 217,
  "tournamentsBySource": {
    "fitp-puc": 195,
    "itf": 2,
    "tennis-europe": 20
  },
  "matches": 409,
  "matchesSinceCoverage": 409,
  "todayMatches": 1,
  "todayCurrentMatches": 1,
  "todayFormerMatches": 0,
  "matchesWithTime": 4,
  "matchesWithOpponentClub": 0,
  "losses": 130,
  "bralloMatches": 34,
  "bralloTodayMatches": 0,
  "bralloTimedMatches": 1,
  "te": {
    "lastRun": "2026-08-05T22:20:00.058Z",
    "status": "complete",
    "source": "official Tennis Europe only: player profiles and confirmed official TE tournament URLs",
    "coverageFrom": "2025-12-18",
    "profilesChecked": 21,
    "pagesChecked": 0,
    "entriesFound": 18,
    "errors": []
  },
  "fitp": {
    "lastRun": "2026-08-05T16:24:29.341Z",
    "status": "complete",
    "coverageFrom": "2025-12-18",
    "competitionsChecked": 86,
    "sectionsChecked": 538,
    "sectionsWithMatches": 534,
    "monitoredMatches": 405,
    "createdOrUpdatedMatches": 405,
    "newMatches": 33,
    "updatedResults": 369,
    "opponentClubsApplied": 0,
    "errors": []
  },
  "todayAgenda": {
    "lastRun": "2026-08-05T16:28:16.814Z",
    "date": "2026-08-05",
    "competitionId": "8E872D3D-3E4E-4014-9606-ACADE6000B3F",
    "officialTodayMatches": 10,
    "removedNonOfficialTodayRows": 0,
    "status": "complete"
  },
  "duplicateTournamentRows": 0
}
{
  "version": "cw-rewrite-v1",
  "generatedAt": "2026-08-05T22:45:02.838Z",
  "counts": {
    "currentPlayers": 19,
    "formerPlayers": 4,
    "tournaments": 217,
    "matches": 409,
    "agenda": 409
  },
  "checks": {
    "currentFormerOverlap": [],
    "agendaWithoutMatch": 0,
    "duplicatePlayers": 0
  },
  "note": "Bootstrap della nuova architettura: file separati generati in parallelo, vecchia app non modificata."
}
{
  "at": "2026-08-05T22:45:02.901Z",
  "status": "ok",
  "errors": [],
  "counts": {
    "currentPlayers": 19,
    "formerPlayers": 4,
    "tournaments": 217,
    "matches": 409,
    "agenda": 409
  }
}
