{
  "lastRun": "2026-08-05T22:23:29.972Z",
  "status": "incomplete",
  "expected": 8,
  "found": 4,
  "fromEntries": 2,
  "fromMatches": 3,
  "tournaments": [
    {
      "name": "LOMB. 90 TENNIS CLUB LECCO - RODEO - U.10/14 SM/SF",
      "competitionId": "B7430513-9A90-44E4-BAD1-7ACA1597DC92",
      "startDate": "2026-01-24",
      "endDate": "2026-01-25",
      "draws": [
        "Singolare Femminile Under 14"
      ],
      "from": "match"
    },
    {
      "name": "TE U14 PESCARA",
      "competitionId": "56954E2F-8BE8-4229-8586-12D4B8616ED5",
      "startDate": "2026-05-25",
      "endDate": "2026-05-31",
      "draws": [
        "Singolare Femminile Under 14"
      ],
      "from": "entry+match"
    },
    {
      "name": "TORNEO JUNIOR NEXT GEN presso CENTRO ESTIVO FITP BRALLO",
      "competitionId": "8E872D3D-3E4E-4014-9606-ACADE6000B3F",
      "startDate": "2026-08-02",
      "endDate": "2026-08-08",
      "draws": [
        "Singolare Femminile Under 14",
        "Doppio Femminile Under 14"
      ],
      "from": "match"
    },
    {
      "name": "CAMPIONATI ITALIANI INDIVIDUALI UNDER 13 FEMMINILI 2026 by Italgas",
      "competitionId": "57878D0C-7730-4BBF-A682-FF805D5128BD",
      "startDate": "2026-08-31",
      "endDate": "2026-09-05",
      "draws": [
        "Singolare Femminile Under 13"
      ],
      "from": "entry"
    }
  ],
  "note": "Unisce tornei FITP Virginia da iscrizioni P.U.C. e partite già verificate nel dataset."
}
{
  "lastRun": "2026-08-05T22:23:30.314Z",
  "tournamentDuplicatesRemoved": 0,
  "matchDuplicatesRemoved": 0,
  "matches": 409,
  "tournaments": 213
}
{
  "generatedAt": "2026-08-05T22:23:30.800Z",
  "today": "2026-08-06",
  "currentPlayers": 19,
  "formerPlayers": 4,
  "duplicateFormerPlayers": 0,
  "currentFormerOverlap": [],
  "mainTabPlayers": 19,
  "formerTabPlayers": 4,
  "tournaments": 213,
  "tournamentsBySource": {
    "fitp-puc": 191,
    "itf": 2,
    "tennis-europe": 20
  },
  "matches": 409,
  "matchesSinceCoverage": 409,
  "todayMatches": 1,
  "todayCurrentMatches": 1,
  "todayFormerMatches": 0,
  "matchesWithTime": 4,
  "matchesWithOpponentClub": 0,
  "losses": 130,
  "bralloMatches": 34,
  "bralloTodayMatches": 0,
  "bralloTimedMatches": 1,
  "te": {
    "lastRun": "2026-08-05T22:20:00.058Z",
    "status": "complete",
    "source": "official Tennis Europe only: player profiles and confirmed official TE tournament URLs",
    "coverageFrom": "2025-12-18",
    "profilesChecked": 21,
    "pagesChecked": 0,
    "entriesFound": 18,
    "errors": []
  },
  "fitp": {
    "lastRun": "2026-08-05T16:24:29.341Z",
    "status": "complete",
    "coverageFrom": "2025-12-18",
    "competitionsChecked": 86,
    "sectionsChecked": 538,
    "sectionsWithMatches": 534,
    "monitoredMatches": 405,
    "createdOrUpdatedMatches": 405,
    "newMatches": 33,
    "updatedResults": 369,
    "opponentClubsApplied": 0,
    "errors": []
  },
  "todayAgenda": {
    "lastRun": "2026-08-05T16:28:16.814Z",
    "date": "2026-08-05",
    "competitionId": "8E872D3D-3E4E-4014-9606-ACADE6000B3F",
    "officialTodayMatches": 10,
    "removedNonOfficialTodayRows": 0,
    "status": "complete"
  },
  "duplicateTournamentRows": 0
}
{
  "version": "cw-rewrite-v1",
  "generatedAt": "2026-08-05T22:23:30.870Z",
  "counts": {
    "currentPlayers": 19,
    "formerPlayers": 4,
    "tournaments": 213,
    "matches": 409,
    "agenda": 409
  },
  "checks": {
    "currentFormerOverlap": [],
    "agendaWithoutMatch": 0,
    "duplicatePlayers": 0
  },
  "note": "Bootstrap della nuova architettura: file separati generati in parallelo, vecchia app non modificata."
}
{
  "at": "2026-08-05T22:23:30.940Z",
  "status": "ok",
  "errors": [],
  "counts": {
    "currentPlayers": 19,
    "formerPlayers": 4,
    "tournaments": 213,
    "matches": 409,
    "agenda": 409
  }
}
